Archive member included to satisfy reference by file (symbol)

c:/program files/microchip/xc32/v3.01/bin/bin/../../lib/gcc/pic32c/8.3.1/../../../../pic32c/lib/thumb/v7e-m+dp/hard\libpic32c.a(data_init.o)
                              build/sam_e70_xult/debug/_ext/1728594169/startup_xc32.o (__pic32c_data_initialization)
c:/program files/microchip/xc32/v3.01/bin/bin/../../lib/gcc/pic32c/8.3.1/thumb/v7e-m+dp/hard\libgcc.a(_aeabi_uldivmod.o)
                              build/sam_e70_xult/debug/_ext/327803284/sys_time.o (__aeabi_uldivmod)
c:/program files/microchip/xc32/v3.01/bin/bin/../../lib/gcc/pic32c/8.3.1/thumb/v7e-m+dp/hard\libgcc.a(_udivmoddi4.o)
                              c:/program files/microchip/xc32/v3.01/bin/bin/../../lib/gcc/pic32c/8.3.1/thumb/v7e-m+dp/hard\libgcc.a(_aeabi_uldivmod.o) (__udivmoddi4)
c:/program files/microchip/xc32/v3.01/bin/bin/../../lib/gcc/pic32c/8.3.1/thumb/v7e-m+dp/hard\libgcc.a(_dvmd_tls.o)
                              c:/program files/microchip/xc32/v3.01/bin/bin/../../lib/gcc/pic32c/8.3.1/thumb/v7e-m+dp/hard\libgcc.a(_aeabi_uldivmod.o) (__aeabi_ldiv0)
c:/program files/microchip/xc32/v3.01/bin/bin/../../lib/gcc/pic32c/8.3.1/../../../../pic32c/lib/thumb/v7e-m+dp/hard\libg_nano.a(_lib_a-sprintf.cdfFgGnopuxX.o)
                              (_sprintf_cdfFgGnopuxX)
c:/program files/microchip/xc32/v3.01/bin/bin/../../lib/gcc/pic32c/8.3.1/../../../../pic32c/lib/thumb/v7e-m+dp/hard\libg_nano.a(lib_a-atof.o)
                              build/sam_e70_xult/debug/_ext/1360937237/app_gps.o (atof)
c:/program files/microchip/xc32/v3.01/bin/bin/../../lib/gcc/pic32c/8.3.1/../../../../pic32c/lib/thumb/v7e-m+dp/hard\libg_nano.a(lib_a-atoi.o)
                              build/sam_e70_xult/debug/_ext/1360937237/app_communication.o (atoi)
c:/program files/microchip/xc32/v3.01/bin/bin/../../lib/gcc/pic32c/8.3.1/../../../../pic32c/lib/thumb/v7e-m+dp/hard\libg_nano.a(lib_a-ctype_.o)
                              build/sam_e70_xult/debug/_ext/1360937237/app_anemometer.o (_ctype_)
c:/program files/microchip/xc32/v3.01/bin/bin/../../lib/gcc/pic32c/8.3.1/../../../../pic32c/lib/thumb/v7e-m+dp/hard\libg_nano.a(lib_a-init.o)
                              build/sam_e70_xult/debug/_ext/1728594169/startup_xc32.o (__libc_init_array)
c:/program files/microchip/xc32/v3.01/bin/bin/../../lib/gcc/pic32c/8.3.1/../../../../pic32c/lib/thumb/v7e-m+dp/hard\libg_nano.a(lib_a-itoa.o)
                              build/sam_e70_xult/debug/_ext/1360937237/app_rudder_control.o (itoa)
c:/program files/microchip/xc32/v3.01/bin/bin/../../lib/gcc/pic32c/8.3.1/../../../../pic32c/lib/thumb/v7e-m+dp/hard\libg_nano.a(lib_a-malloc.o)
                              build/sam_e70_xult/debug/_ext/1360937237/app_gps.o (malloc)
c:/program files/microchip/xc32/v3.01/bin/bin/../../lib/gcc/pic32c/8.3.1/../../../../pic32c/lib/thumb/v7e-m+dp/hard\libg_nano.a(lib_a-memcpy-stub.o)
                              build/sam_e70_xult/debug/_ext/1055499099/plib_efc.o (memcpy)
c:/program files/microchip/xc32/v3.01/bin/bin/../../lib/gcc/pic32c/8.3.1/../../../../pic32c/lib/thumb/v7e-m+dp/hard\libg_nano.a(lib_a-memmove.o)
                              build/sam_e70_xult/debug/_ext/719181653/plib_hsmci.o (memmove)
c:/program files/microchip/xc32/v3.01/bin/bin/../../lib/gcc/pic32c/8.3.1/../../../../pic32c/lib/thumb/v7e-m+dp/hard\libg_nano.a(lib_a-memset.o)
                              build/sam_e70_xult/debug/_ext/1565510230/drv_sdmmc.o (memset)
c:/program files/microchip/xc32/v3.01/bin/bin/../../lib/gcc/pic32c/8.3.1/../../../../pic32c/lib/thumb/v7e-m+dp/hard\libg_nano.a(lib_a-nano-freer.o)
                              c:/program files/microchip/xc32/v3.01/bin/bin/../../lib/gcc/pic32c/8.3.1/../../../../pic32c/lib/thumb/v7e-m+dp/hard\libg_nano.a(lib_a-malloc.o) (_free_r)
c:/program files/microchip/xc32/v3.01/bin/bin/../../lib/gcc/pic32c/8.3.1/../../../../pic32c/lib/thumb/v7e-m+dp/hard\libg_nano.a(lib_a-nano-mallocr.o)
                              c:/program files/microchip/xc32/v3.01/bin/bin/../../lib/gcc/pic32c/8.3.1/../../../../pic32c/lib/thumb/v7e-m+dp/hard\libg_nano.a(lib_a-malloc.o) (_malloc_r)
c:/program files/microchip/xc32/v3.01/bin/bin/../../lib/gcc/pic32c/8.3.1/../../../../pic32c/lib/thumb/v7e-m+dp/hard\libg_nano.a(lib_a-sbrkr.o)
                              c:/program files/microchip/xc32/v3.01/bin/bin/../../lib/gcc/pic32c/8.3.1/../../../../pic32c/lib/thumb/v7e-m+dp/hard\libg_nano.a(lib_a-nano-mallocr.o) (_sbrk_r)
c:/program files/microchip/xc32/v3.01/bin/bin/../../lib/gcc/pic32c/8.3.1/../../../../pic32c/lib/thumb/v7e-m+dp/hard\libg_nano.a(lib_a-strchr.o)
                              build/sam_e70_xult/debug/_ext/1360937237/app_gps.o (strchr)
c:/program files/microchip/xc32/v3.01/bin/bin/../../lib/gcc/pic32c/8.3.1/../../../../pic32c/lib/thumb/v7e-m+dp/hard\libg_nano.a(lib_a-strcmp.o)
                              build/sam_e70_xult/debug/_ext/1305476372/sys_fs_media_manager.o (strcmp)
[...]
Memory Configuration

Name             Origin             Length             Attributes
rom              0x00400000         0x00200000         xrl
ram              0x20400000         0x00060000         xw !r
itcm             0x00000000         0x00000000         xw
dtcm             0x20000000         0x00000000         xw !r
config_D0000000  0xd0000000         0x00000004
config_D0000008  0xd0000008         0x00000004
config_D0000004  0xd0000004         0x00000004
config_D000000C  0xd000000c         0x00000004
config_D0000010  0xd0000010         0x00000004
*default*        0x00000000         0xffffffff

Linker script and memory map

LOAD c:/program files/microchip/xc32/v3.01/bin/bin/../../lib/gcc/pic32c/8.3.1/thumb/v7e-m+dp/hard/crti.o
LOAD c:/program files/microchip/xc32/v3.01/bin/bin/../../lib/gcc/pic32c/8.3.1/thumb/v7e-m+dp/hard/crtbegin.o
LOAD build/sam_e70_xult/debug/_ext/957281314/drv_i2c.o
LOAD build/sam_e70_xult/debug/_ext/1565510230/drv_sdmmc_file_system.o
LOAD build/sam_e70_xult/debug/_ext/1565510230/drv_sdmmc.o
LOAD build/sam_e70_xult/debug/_ext/716655881/drv_usart.o
LOAD build/sam_e70_xult/debug/_ext/1613695899/osal_freertos.o
LOAD build/sam_e70_xult/debug/_ext/1055500827/plib_clk.o
LOAD build/sam_e70_xult/debug/_ext/1055499099/plib_efc.o
LOAD build/sam_e70_xult/debug/_ext/719181653/plib_hsmci.o
LOAD build/sam_e70_xult/debug/_ext/1639550079/plib_nvic.o
LOAD build/sam_e70_xult/debug/_ext/1055488423/plib_pio.o
LOAD build/sam_e70_xult/debug/_ext/1055487991/plib_pwm0.o
LOAD build/sam_e70_xult/debug/_ext/865331892/plib_tc3.o
LOAD build/sam_e70_xult/debug/_ext/1539215101/plib_twihs0_master.o
LOAD build/sam_e70_xult/debug/_ext/707186936/plib_usart1.o
LOAD build/sam_e70_xult/debug/_ext/707186936/plib_usart0.o
LOAD build/sam_e70_xult/debug/_ext/707186936/plib_usart2.o
LOAD build/sam_e70_xult/debug/_ext/704852250/plib_xdmac.o
LOAD build/sam_e70_xult/debug/_ext/1518761459/xc32_monitor.o
LOAD build/sam_e70_xult/debug/_ext/876653320/sys_cache.o
LOAD build/sam_e70_xult/debug/_ext/984150034/sys_dma.o
LOAD build/sam_e70_xult/debug/_ext/1043829778/ff.o
LOAD build/sam_e70_xult/debug/_ext/1043829778/ffunicode.o
LOAD build/sam_e70_xult/debug/_ext/1893760823/diskio.o
LOAD build/sam_e70_xult/debug/_ext/1305476372/sys_fs.o
LOAD build/sam_e70_xult/debug/_ext/1305476372/sys_fs_media_manager.o
LOAD build/sam_e70_xult/debug/_ext/1305476372/sys_fs_fat_interface.o
LOAD build/sam_e70_xult/debug/_ext/766002106/sys_int.o
LOAD build/sam_e70_xult/debug/_ext/327803284/sys_time.o
LOAD build/sam_e70_xult/debug/_ext/1728594169/initialization.o
LOAD build/sam_e70_xult/debug/_ext/1728594169/interrupts.o
LOAD build/sam_e70_xult/debug/_ext/1728594169/exceptions.o
LOAD build/sam_e70_xult/debug/_ext/1728594169/startup_xc32.o
LOAD build/sam_e70_xult/debug/_ext/1728594169/libc_syscalls.o
LOAD build/sam_e70_xult/debug/_ext/1728594169/freertos_hooks.o
LOAD build/sam_e70_xult/debug/_ext/1728594169/tasks.o
LOAD build/sam_e70_xult/debug/_ext/977623654/port.o
LOAD build/sam_e70_xult/debug/_ext/1665200909/heap_1.o
LOAD build/sam_e70_xult/debug/_ext/404212886/croutine.o
LOAD build/sam_e70_xult/debug/_ext/404212886/list.o
LOAD build/sam_e70_xult/debug/_ext/404212886/queue.o
LOAD build/sam_e70_xult/debug/_ext/404212886/FreeRTOS_tasks.o
LOAD build/sam_e70_xult/debug/_ext/404212886/timers.o
LOAD build/sam_e70_xult/debug/_ext/404212886/event_groups.o
LOAD build/sam_e70_xult/debug/_ext/404212886/stream_buffer.o
LOAD build/sam_e70_xult/debug/_ext/1360937237/main.o
LOAD build/sam_e70_xult/debug/_ext/1360937237/app_communication.o
LOAD build/sam_e70_xult/debug/_ext/1360937237/app_mast_control.o
LOAD build/sam_e70_xult/debug/_ext/1360937237/app_rudder_control.o
LOAD build/sam_e70_xult/debug/_ext/1360937237/app_anemometer.o
LOAD build/sam_e70_xult/debug/_ext/1360937237/app_gps.o
LOAD build/sam_e70_xult/debug/_ext/1360937237/app_imu.o
LOAD build/sam_e70_xult/debug/_ext/1360937237/app_test_wind.o
                0x00000001                __MPLAB_BUILD = 0x1
                0x00600000                __rom_end = (ORIGIN (rom) + LENGTH (rom))
                0x20460000                __ram_end = (ORIGIN (ram) + LENGTH (ram))

.config_D0000000
                0xd0000000        0x4
 *(.config_D0000000)
 .config_D0000000
                0xd0000000        0x4 build/sam_e70_xult/debug/_ext/1728594169/initialization.o
                0xd0000000                __config_D0000000

.config_D0000008
 *(.config_D0000008)

.config_D0000004
 *(.config_D0000004)

.config_D000000C
 *(.config_D000000C)

.config_D0000010
 *(.config_D0000010)

.vectors        0x00400000      0x168
                0x00400000                . = ALIGN (0x4)
                0x00400000                _sfixed = .
 *(.vectors .vectors.* .vectors_default .vectors_default.*)
 .vectors       0x00400000      0x168 build/sam_e70_xult/debug/_ext/1728594169/interrupts.o
                0x00400000                exception_table
 *(.isr_vector)
 *(.reset*)
 *(.after_vectors)

.text           0x00400168       0x20
                0x00400168                . = ALIGN (0x4)
 *(.glue_7t)
 .glue_7t       0x00400168        0x0 linker stubs
 *(.glue_7)
 .glue_7        0x00400168        0x0 linker stubs
 *(.gnu.linkonce.r.*)
 *(.ARM.extab* .gnu.linkonce.armextab.*)
                0x00400168                . = ALIGN (0x4)
 *(.init)
 .init          0x00400168        0x4 c:/program files/microchip/xc32/v3.01/bin/bin/../../lib/gcc/pic32c/8.3.1/thumb/v7e-m+dp/hard/crti.o
                0x00400168                _init
 .init          0x0040016c        0x8 c:/program files/microchip/xc32/v3.01/bin/bin/../../lib/gcc/pic32c/8.3.1/thumb/v7e-m+dp/hard/crtn.o
                0x00400174                . = ALIGN (0x4)
                0x00400174                __preinit_array_start = .
 *(.preinit_array)
                0x00400174                __preinit_array_end = .
                0x00400174                . = ALIGN (0x4)
                0x00400174                __init_array_start = .
 *(SORT_BY_NAME(.init_array.*))
 *(.init_array)
 .init_array    0x00400174        0x4 c:/program files/microchip/xc32/v3.01/bin/bin/../../lib/gcc/pic32c/8.3.1/thumb/v7e-m+dp/hard/crtbegin.o
                0x00400178                __init_array_end = .
                0x00400178                . = ALIGN (0x4)
 *crtbegin.o(.ctors)
 *(EXCLUDE_FILE(*crtend.o) .ctors)
 *(SORT_BY_NAME(.ctors.*))
 *crtend.o(.ctors)
                0x00400178                . = ALIGN (0x4)
 *(.fini)
 .fini          0x00400178        0x4 c:/program files/microchip/xc32/v3.01/bin/bin/../../lib/gcc/pic32c/8.3.1/thumb/v7e-m+dp/hard/crti.o
                0x00400178                _fini
 .fini          0x0040017c        0x8 c:/program files/microchip/xc32/v3.01/bin/bin/../../lib/gcc/pic32c/8.3.1/thumb/v7e-m+dp/hard/crtn.o
                0x00400184                . = ALIGN (0x4)
                0x00400184                __fini_array_start = .
 *(.fini_array)
 .fini_array    0x00400184        0x4 c:/program files/microchip/xc32/v3.01/bin/bin/../../lib/gcc/pic32c/8.3.1/thumb/v7e-m+dp/hard/crtbegin.o
 *(SORT_BY_NAME(.fini_array.*))
                0x00400188                __fini_array_end = .
 *crtbegin.o(.dtors)
 *(EXCLUDE_FILE(*crtend.o) .dtors)
 *(SORT_BY_NAME(.dtors.*))
 *crtend.o(.dtors)
                0x00400188                . = ALIGN (0x4)
                0x00400188                _efixed = .
                [!provide]                PROVIDE (__exidx_start = .)

.ARM.exidx      0x00400188        0x8
 *(.ARM.exidx* .gnu.linkonce.armexidx.*)
 .ARM.exidx     0x00400188        0x8 c:/program files/microchip/xc32/v3.01/bin/bin/../../lib/gcc/pic32c/8.3.1/thumb/v7e-m+dp/hard\libgcc.a(_udivmoddi4.o)
                [!provide]                PROVIDE (__exidx_end = .)
                0x00400190                . = ALIGN (0x4)
                0x00400190                _etext = .

.bss            0x20400000      0x870
                0x20400000                . = ALIGN (0x4)
                0x20400000                __bss_start__ = .
                0x20400000                _sbss = .
                0x20400000                _szero = .
 *(COMMON)
 COMMON         0x20400000       0x30 build/sam_e70_xult/debug/_ext/1055488423/plib_pio.o
                0x20400000                portPinCbObj
 COMMON         0x20400030        0x8 build/sam_e70_xult/debug/_ext/1055487991/plib_pwm0.o
                0x20400030                PWM0_CallbackObj
 COMMON         0x20400038        0x8 build/sam_e70_xult/debug/_ext/865331892/plib_tc3.o
                0x20400038                TC3_CH0_CallbackObj
 COMMON         0x20400040       0x30 build/sam_e70_xult/debug/_ext/707186936/plib_usart1.o
                0x20400040                usart1Obj
 COMMON         0x20400070       0x30 build/sam_e70_xult/debug/_ext/707186936/plib_usart0.o
                0x20400070                usart0Obj
 COMMON         0x204000a0       0x30 build/sam_e70_xult/debug/_ext/707186936/plib_usart2.o
                0x204000a0                usart2Obj
 COMMON         0x204000d0       0x10 build/sam_e70_xult/debug/_ext/704852250/plib_xdmac.o
                0x204000d0                xdmacChannelObj
 COMMON         0x204000e0      0x178 build/sam_e70_xult/debug/_ext/1305476372/sys_fs.o
                0x204000e0                gSysFsMutex
                0x20400100                gSYSFSFileObj
                0x20400220                gSYSFSDirObj
                0x20400230                gSYSFSCurrentMountPoint
                0x20400238                gSYSFSObj
                0x20400240                errorValue
                0x20400244                gSYSFSMountPoint
 *fill*         0x20400258        0x8 
 COMMON         0x20400260      0x25c build/sam_e70_xult/debug/_ext/1305476372/sys_fs_media_manager.o
                0x20400260                gSYSFSMediaObject
                0x20400288                VolToPart
                0x204002a0                gSYSFSMediaBuffer
                0x204004a0                gSYSFSVolumeObject
 COMMON         0x204004bc       0x18 build/sam_e70_xult/debug/_ext/1728594169/initialization.o
                0x204004bc                sysObj
 COMMON         0x204004d4       0x1c build/sam_e70_xult/debug/_ext/1728594169/tasks.o
                0x204004d4                xAPP_RUDDER_CONTROL_Tasks
                0x204004d8                xAPP_ANEMOMETER_Tasks
                0x204004dc                xAPP_MAST_CONTROL_Tasks
                0x204004e0                xAPP_TEST_WIND_Tasks
                0x204004e4                xAPP_COMMUNICATION_Tasks
                0x204004e8                xAPP_GPS_Tasks
                0x204004ec                xAPP_IMU_Tasks
 COMMON         0x204004f0       0x3c build/sam_e70_xult/debug/_ext/1360937237/app_communication.o
                0x204004f0                message_ptr
                0x204004f4                app_communicationData
 COMMON         0x2040052c        0x1 build/sam_e70_xult/debug/_ext/1360937237/app_mast_control.o
                0x2040052c                app_mast_controlData
 *fill*         0x2040052d        0x3 
 COMMON         0x20400530       0x3c build/sam_e70_xult/debug/_ext/1360937237/app_rudder_control.o
                0x20400530                angles
                0x20400538                app_rudder_controlData
 COMMON         0x2040056c       0xd0 build/sam_e70_xult/debug/_ext/1360937237/app_anemometer.o
                0x2040056c                su_vector
                0x20400574                sdir
                0x2040057c                Anemometer_values
                0x204005fc                Anemometer_info
                0x20400600                delay
                0x20400604                app_anemometerData
 COMMON         0x2040063c       0xbc build/sam_e70_xult/debug/_ext/1360937237/app_gps.o
                0x2040063c                GPS_info
                0x20400640                app_gpsData
                0x20400678                buf
 COMMON         0x204006f8       0xc0 build/sam_e70_xult/debug/_ext/1360937237/app_imu.o
                0x204006f8                IMU_info
                0x204006fc                IMU_values
                0x20400778                sheading
                0x20400780                app_imuData
 COMMON         0x204007b8       0xb4 build/sam_e70_xult/debug/_ext/1360937237/app_test_wind.o
                0x204007b8                app_test_windData
                0x204007c4                receive
                0x204007cc                sendvalues
 COMMON         0x2040086c        0x4 c:/program files/microchip/xc32/v3.01/bin/bin/../../lib/gcc/pic32c/8.3.1/../../../../pic32c/lib/thumb/v7e-m+dp/hard\libg_nano.a(lib_a-reent.o)
                0x2040086c                errno
                0x20400870                . = ALIGN (0x4)
                0x20400870                __bss_end__ = .
                0x20400870                _ebss = .
                0x20400870                _ezero = .
                0x20400870                . = ALIGN (0x4)
                0x20400870                _end = .
                0x2045ffff                _ram_end_ = ((ORIGIN (ram) + LENGTH (ram)) - 0x1)
                0x00000001                __ICD2RAM = 0x1
                0x00000001                __MPLAB_DEBUG = 0x1
                0x00000001                __DEBUG = 0x1
                0x00000200                _min_heap_size = 0x200
START GROUP
LOAD c:/program files/microchip/xc32/v3.01/bin/bin/../../lib/gcc/pic32c/8.3.1/../../../../pic32c/lib/thumb/v7e-m+dp/hard\libpic32c.a
LOAD c:/program files/microchip/xc32/v3.01/bin/bin/../../lib/gcc/pic32c/8.3.1/thumb/v7e-m+dp/hard\libgcc.a
LOAD c:/program files/microchip/xc32/v3.01/bin/bin/../../lib/gcc/pic32c/8.3.1/../../../../pic32c/lib/thumb/v7e-m+dp/hard\libg_nano.a
LOAD c:/program files/microchip/xc32/v3.01/bin/bin/../../lib/gcc/pic32c/8.3.1/../../../../pic32c/lib/thumb/v7e-m+dp/hard\libm_nano.a
LOAD c:/program files/microchip/xc32/v3.01/bin/bin/../../lib/gcc/pic32c/8.3.1/../../../../pic32c/lib/thumb/v7e-m+dp/hard\libc_nano.a
END GROUP
LOAD c:/program files/microchip/xc32/v3.01/bin/bin/../../lib/gcc/pic32c/8.3.1/thumb/v7e-m+dp/hard/crtend.o
LOAD c:/program files/microchip/xc32/v3.01/bin/bin/../../lib/gcc/pic32c/8.3.1/thumb/v7e-m+dp/hard/crtn.o
OUTPUT(dist/sam_e70_xult/debug/TestingWindEquation.X.debug.elf elf32-littlearm)
LOAD stack
LOAD data_init

.ARM.attributes
                0x00000000       0x2e
 .ARM.attributes
                0x00000000       0x1e c:/program files/microchip/xc32/v3.01/bin/bin/../../lib/gcc/pic32c/8.3.1/thumb/v7e-m+dp/hard/crti.o
 .ARM.attributes
                0x0000001e       0x32 c:/program files/microchip/xc32/v3.01/bin/bin/../../lib/gcc/pic32c/8.3.1/thumb/v7e-m+dp/hard/crtbegin.o
 .ARM.attributes
                0x00000050       0x32 build/sam_e70_xult/debug/_ext/957281314/drv_i2c.o
 .ARM.attributes
                0x00000082       0x32 build/sam_e70_xult/debug/_ext/1565510230/drv_sdmmc_file_system.o
 .ARM.attributes
                0x000000b4       0x32 build/sam_e70_xult/debug/_ext/1565510230/drv_sdmmc.o
 .ARM.attributes
                0x000000e6       0x32 build/sam_e70_xult/debug/_ext/716655881/drv_usart.o
 .ARM.attributes
                0x00000118       0x32 build/sam_e70_xult/debug/_ext/1613695899/osal_freertos.o
 .ARM.attributes
                0x0000014a       0x32 build/sam_e70_xult/debug/_ext/1055500827/plib_clk.o
 .ARM.attributes
                0x0000017c       0x32 build/sam_e70_xult/debug/_ext/1055499099/plib_efc.o
 .ARM.attributes
                0x000001ae       0x32 build/sam_e70_xult/debug/_ext/719181653/plib_hsmci.o
 .ARM.attributes
                0x000001e0       0x32 build/sam_e70_xult/debug/_ext/1639550079/plib_nvic.o
 .ARM.attributes
                0x00000212       0x32 build/sam_e70_xult/debug/_ext/1055488423/plib_pio.o
 .ARM.attributes
                0x00000244       0x32 build/sam_e70_xult/debug/_ext/1055487991/plib_pwm0.o
 .ARM.attributes
                0x00000276       0x32 build/sam_e70_xult/debug/_ext/865331892/plib_tc3.o
 .ARM.attributes
                0x000002a8       0x32 build/sam_e70_xult/debug/_ext/1539215101/plib_twihs0_master.o
 .ARM.attributes
                0x000002da       0x32 build/sam_e70_xult/debug/_ext/707186936/plib_usart1.o
 .ARM.attributes
                0x0000030c       0x32 build/sam_e70_xult/debug/_ext/707186936/plib_usart0.o
 .ARM.attributes
                0x0000033e       0x32 build/sam_e70_xult/debug/_ext/707186936/plib_usart2.o
 .ARM.attributes
                0x00000370       0x32 build/sam_e70_xult/debug/_ext/704852250/plib_xdmac.o
 .ARM.attributes
                0x000003a2       0x32 build/sam_e70_xult/debug/_ext/1518761459/xc32_monitor.o
 .ARM.attributes
                0x000003d4       0x32 build/sam_e70_xult/debug/_ext/876653320/sys_cache.o
 .ARM.attributes
                0x00000406       0x32 build/sam_e70_xult/debug/_ext/1043829778/ff.o
 .ARM.attributes
                0x00000438       0x32 build/sam_e70_xult/debug/_ext/1043829778/ffunicode.o
 .ARM.attributes
                0x0000046a       0x32 build/sam_e70_xult/debug/_ext/1893760823/diskio.o
 .ARM.attributes
                0x0000049c       0x32 build/sam_e70_xult/debug/_ext/1305476372/sys_fs.o
 .ARM.attributes
                0x000004ce       0x32 build/sam_e70_xult/debug/_ext/1305476372/sys_fs_media_manager.o
 .ARM.attributes
                0x00000500       0x32 build/sam_e70_xult/debug/_ext/1305476372/sys_fs_fat_interface.o
 .ARM.attributes
                0x00000532       0x32 build/sam_e70_xult/debug/_ext/766002106/sys_int.o
 .ARM.attributes
                0x00000564       0x32 build/sam_e70_xult/debug/_ext/327803284/sys_time.o
 .ARM.attributes
                0x00000596       0x32 build/sam_e70_xult/debug/_ext/1728594169/initialization.o
 .ARM.attributes
                0x000005c8       0x32 build/sam_e70_xult/debug/_ext/1728594169/interrupts.o
 .ARM.attributes
                0x000005fa       0x32 build/sam_e70_xult/debug/_ext/1728594169/exceptions.o
 .ARM.attributes
                0x0000062c       0x32 build/sam_e70_xult/debug/_ext/1728594169/startup_xc32.o
 .ARM.attributes
                0x0000065e       0x32 build/sam_e70_xult/debug/_ext/1728594169/freertos_hooks.o
 .ARM.attributes
                0x00000690       0x32 build/sam_e70_xult/debug/_ext/1728594169/tasks.o
 .ARM.attributes
                0x000006c2       0x32 build/sam_e70_xult/debug/_ext/977623654/port.o
 .ARM.attributes
                0x000006f4       0x32 build/sam_e70_xult/debug/_ext/1665200909/heap_1.o
 .ARM.attributes
                0x00000726       0x32 build/sam_e70_xult/debug/_ext/404212886/list.o
 .ARM.attributes
                0x00000758       0x32 build/sam_e70_xult/debug/_ext/404212886/queue.o
 .ARM.attributes
                0x0000078a       0x32 build/sam_e70_xult/debug/_ext/404212886/FreeRTOS_tasks.o
 .ARM.attributes
                0x000007bc       0x32 build/sam_e70_xult/debug/_ext/1360937237/main.o
 .ARM.attributes
                0x000007ee       0x32 build/sam_e70_xult/debug/_ext/1360937237/app_communication.o
 .ARM.attributes
                0x00000820       0x32 build/sam_e70_xult/debug/_ext/1360937237/app_mast_control.o
 .ARM.attributes
                0x00000852       0x32 build/sam_e70_xult/debug/_ext/1360937237/app_rudder_control.o
 .ARM.attributes
                0x00000884       0x32 build/sam_e70_xult/debug/_ext/1360937237/app_anemometer.o
 .ARM.attributes
                0x000008b6       0x32 build/sam_e70_xult/debug/_ext/1360937237/app_gps.o
 .ARM.attributes
                0x000008e8       0x32 build/sam_e70_xult/debug/_ext/1360937237/app_imu.o
 .ARM.attributes
                0x0000091a       0x32 build/sam_e70_xult/debug/_ext/1360937237/app_test_wind.o
 .ARM.attributes
                0x0000094c       0x32 c:/program files/microchip/xc32/v3.01/bin/bin/../../lib/gcc/pic32c/8.3.1/../../../../pic32c/lib/thumb/v7e-m+dp/hard\libpic32c.a(data_init.o)
 .ARM.attributes
                0x0000097e       0x1e c:/program files/microchip/xc32/v3.01/bin/bin/../../lib/gcc/pic32c/8.3.1/thumb/v7e-m+dp/hard\libgcc.a(_aeabi_uldivmod.o)
 .ARM.attributes
                0x0000099c       0x32 c:/program files/microchip/xc32/v3.01/bin/bin/../../lib/gcc/pic32c/8.3.1/thumb/v7e-m+dp/hard\libgcc.a(_udivmoddi4.o)
 .ARM.attributes
                0x000009ce       0x1e c:/program files/microchip/xc32/v3.01/bin/bin/../../lib/gcc/pic32c/8.3.1/thumb/v7e-m+dp/hard\libgcc.a(_dvmd_tls.o)
 .ARM.attributes
                0x000009ec       0x32 c:/program files/microchip/xc32/v3.01/bin/bin/../../lib/gcc/pic32c/8.3.1/../../../../pic32c/lib/thumb/v7e-m+dp/hard\libg_nano.a(_lib_a-sprintf.cdfFgGnopuxX.o)
 .ARM.attributes
                0x00000a1e       0x32 c:/program files/microchip/xc32/v3.01/bin/bin/../../lib/gcc/pic32c/8.3.1/../../../../pic32c/lib/thumb/v7e-m+dp/hard\libg_nano.a(lib_a-atof.o)
 .ARM.attributes
                0x00000a50       0x32 c:/program files/microchip/xc32/v3.01/bin/bin/../../lib/gcc/pic32c/8.3.1/../../../../pic32c/lib/thumb/v7e-m+dp/hard\libg_nano.a(lib_a-atoi.o)
 .ARM.attributes
                0x00000a82       0x30 c:/program files/microchip/xc32/v3.01/bin/bin/../../lib/gcc/pic32c/8.3.1/../../../../pic32c/lib/thumb/v7e-m+dp/hard\libg_nano.a(lib_a-ctype_.o)
 .ARM.attributes
                0x00000ab2       0x32 c:/program files/microchip/xc32/v3.01/bin/bin/../../lib/gcc/pic32c/8.3.1/../../../../pic32c/lib/thumb/v7e-m+dp/hard\libg_nano.a(lib_a-init.o)
 .ARM.attributes
                0x00000ae4       0x32 c:/program files/microchip/xc32/v3.01/bin/bin/../../lib/gcc/pic32c/8.3.1/../../../../pic32c/lib/thumb/v7e-m+dp/hard\libg_nano.a(lib_a-itoa.o)
 .ARM.attributes
                0x00000b16       0x32 c:/program files/microchip/xc32/v3.01/bin/bin/../../lib/gcc/pic32c/8.3.1/../../../../pic32c/lib/thumb/v7e-m+dp/hard\libg_nano.a(lib_a-malloc.o)
 .ARM.attributes
                0x00000b48       0x32 c:/program files/microchip/xc32/v3.01/bin/bin/../../lib/gcc/pic32c/8.3.1/../../../../pic32c/lib/thumb/v7e-m+dp/hard\libg_nano.a(lib_a-memcpy-stub.o)
 .ARM.attributes
                0x00000b7a       0x32 c:/program files/microchip/xc32/v3.01/bin/bin/../../lib/gcc/pic32c/8.3.1/../../../../pic32c/lib/thumb/v7e-m+dp/hard\libg_nano.a(lib_a-memmove.o)
 .ARM.attributes
                0x00000bac       0x32 c:/program files/microchip/xc32/v3.01/bin/bin/../../lib/gcc/pic32c/8.3.1/../../../../pic32c/lib/thumb/v7e-m+dp/hard\libg_nano.a(lib_a-memset.o)
 .ARM.attributes
                0x00000bde       0x32 c:/program files/microchip/xc32/v3.01/bin/bin/../../lib/gcc/pic32c/8.3.1/../../../../pic32c/lib/thumb/v7e-m+dp/hard\libg_nano.a(lib_a-nano-freer.o)
 .ARM.attributes
                0x00000c10       0x32 c:/program files/microchip/xc32/v3.01/bin/bin/../../lib/gcc/pic32c/8.3.1/../../../../pic32c/lib/thumb/v7e-m+dp/hard\libg_nano.a(lib_a-nano-mallocr.o)
 .ARM.attributes
                0x00000c42       0x32 c:/program files/microchip/xc32/v3.01/bin/bin/../../lib/gcc/pic32c/8.3.1/../../../../pic32c/lib/thumb/v7e-m+dp/hard\libg_nano.a(lib_a-sbrkr.o)
 .ARM.attributes
                0x00000c74       0x32 c:/program files/microchip/xc32/v3.01/bin/bin/../../lib/gcc/pic32c/8.3.1/../../../../pic32c/lib/thumb/v7e-m+dp/hard\libg_nano.a(lib_a-strchr.o)
 .ARM.attributes
                0x00000ca6       0x32 c:/program files/microchip/xc32/v3.01/bin/bin/../../lib/gcc/pic32c/8.3.1/../../../../pic32c/lib/thumb/v7e-m+dp/hard\libg_nano.a(lib_a-strcpy.o)
 .ARM.attributes
                0x00000cd8       0x17 c:/program files/microchip/xc32/v3.01/bin/bin/../../lib/gcc/pic32c/8.3.1/../../../../pic32c/lib/thumb/v7e-m+dp/hard\libg_nano.a(lib_a-strlen.o)
 .ARM.attributes
                0x00000cef       0x32 c:/program files/microchip/xc32/v3.01/bin/bin/../../lib/gcc/pic32c/8.3.1/../../../../pic32c/lib/thumb/v7e-m+dp/hard\libg_nano.a(lib_a-strncmp.o)
 .ARM.attributes
                0x00000d21       0x32 c:/program files/microchip/xc32/v3.01/bin/bin/../../lib/gcc/pic32c/8.3.1/../../../../pic32c/lib/thumb/v7e-m+dp/hard\libg_nano.a(lib_a-strncpy.o)
 .ARM.attributes
                0x00000d53       0x32 c:/program files/microchip/xc32/v3.01/bin/bin/../../lib/gcc/pic32c/8.3.1/../../../../pic32c/lib/thumb/v7e-m+dp/hard\libg_nano.a(lib_a-strtod.o)
 .ARM.attributes
                0x00000d85       0x32 c:/program files/microchip/xc32/v3.01/bin/bin/../../lib/gcc/pic32c/8.3.1/../../../../pic32c/lib/thumb/v7e-m+dp/hard\libg_nano.a(lib_a-strtol.o)
 .ARM.attributes
                0x00000db7       0x32 c:/program files/microchip/xc32/v3.01/bin/bin/../../lib/gcc/pic32c/8.3.1/../../../../pic32c/lib/thumb/v7e-m+dp/hard\libg_nano.a(lib_a-utoa.o)
 .ARM.attributes
                0x00000de9       0x32 c:/program files/microchip/xc32/v3.01/bin/bin/../../lib/gcc/pic32c/8.3.1/../../../../pic32c/lib/thumb/v7e-m+dp/hard\libg_nano.a(_lib_a-nano-vfprintf.cdfFgGnopuxX.o)
 .ARM.attributes
                0x00000e1b       0x32 c:/program files/microchip/xc32/v3.01/bin/bin/../../lib/gcc/pic32c/8.3.1/../../../../pic32c/lib/thumb/v7e-m+dp/hard\libg_nano.a(lib_a-__ssfputs.o)
 .ARM.attributes
                0x00000e4d       0x32 c:/program files/microchip/xc32/v3.01/bin/bin/../../lib/gcc/pic32c/8.3.1/../../../../pic32c/lib/thumb/v7e-m+dp/hard\libg_nano.a(lib_a-dtoa.o)
 .ARM.attributes
                0x00000e7f       0x32 c:/program files/microchip/xc32/v3.01/bin/bin/../../lib/gcc/pic32c/8.3.1/../../../../pic32c/lib/thumb/v7e-m+dp/hard\libg_nano.a(lib_a-findfp.o)
 .ARM.attributes
                0x00000eb1       0x32 c:/program files/microchip/xc32/v3.01/bin/bin/../../lib/gcc/pic32c/8.3.1/../../../../pic32c/lib/thumb/v7e-m+dp/hard\libg_nano.a(lib_a-fputwc.o)
 .ARM.attributes
                0x00000ee3       0x32 c:/program files/microchip/xc32/v3.01/bin/bin/../../lib/gcc/pic32c/8.3.1/../../../../pic32c/lib/thumb/v7e-m+dp/hard\libg_nano.a(lib_a-fwalk.o)
 .ARM.attributes
                0x00000f15       0x32 c:/program files/microchip/xc32/v3.01/bin/bin/../../lib/gcc/pic32c/8.3.1/../../../../pic32c/lib/thumb/v7e-m+dp/hard\libg_nano.a(lib_a-gdtoa-gethex.o)
 .ARM.attributes
                0x00000f47       0x32 c:/program files/microchip/xc32/v3.01/bin/bin/../../lib/gcc/pic32c/8.3.1/../../../../pic32c/lib/thumb/v7e-m+dp/hard\libg_nano.a(lib_a-gdtoa-hexnan.o)
 .ARM.attributes
                0x00000f79       0x30 c:/program files/microchip/xc32/v3.01/bin/bin/../../lib/gcc/pic32c/8.3.1/../../../../pic32c/lib/thumb/v7e-m+dp/hard\libg_nano.a(lib_a-impure.o)
 .ARM.attributes
                0x00000fa9       0x32 c:/program files/microchip/xc32/v3.01/bin/bin/../../lib/gcc/pic32c/8.3.1/../../../../pic32c/lib/thumb/v7e-m+dp/hard\libg_nano.a(lib_a-lnumeric.o)
 .ARM.attributes
                0x00000fdb       0x32 c:/program files/microchip/xc32/v3.01/bin/bin/../../lib/gcc/pic32c/8.3.1/../../../../pic32c/lib/thumb/v7e-m+dp/hard\libg_nano.a(lib_a-locale.o)
 .ARM.attributes
                0x0000100d       0x32 c:/program files/microchip/xc32/v3.01/bin/bin/../../lib/gcc/pic32c/8.3.1/../../../../pic32c/lib/thumb/v7e-m+dp/hard\libg_nano.a(lib_a-localeconv.o)
 .ARM.attributes
                0x0000103f       0x32 c:/program files/microchip/xc32/v3.01/bin/bin/../../lib/gcc/pic32c/8.3.1/../../../../pic32c/lib/thumb/v7e-m+dp/hard\libg_nano.a(lib_a-mbtowc_r.o)
 .ARM.attributes
                0x00001071       0x1c c:/program files/microchip/xc32/v3.01/bin/bin/../../lib/gcc/pic32c/8.3.1/../../../../pic32c/lib/thumb/v7e-m+dp/hard\libg_nano.a(lib_a-memchr.o)
 .ARM.attributes
                0x0000108d       0x32 c:/program files/microchip/xc32/v3.01/bin/bin/../../lib/gcc/pic32c/8.3.1/../../../../pic32c/lib/thumb/v7e-m+dp/hard\libg_nano.a(lib_a-mlock.o)
 .ARM.attributes
                0x000010bf       0x32 c:/program files/microchip/xc32/v3.01/bin/bin/../../lib/gcc/pic32c/8.3.1/../../../../pic32c/lib/thumb/v7e-m+dp/hard\libg_nano.a(lib_a-mprec.o)
 .ARM.attributes
                0x000010f1       0x32 c:/program files/microchip/xc32/v3.01/bin/bin/../../lib/gcc/pic32c/8.3.1/../../../../pic32c/lib/thumb/v7e-m+dp/hard\libg_nano.a(lib_a-nano-callocr.o)
 .ARM.attributes
                0x00001123       0x32 c:/program files/microchip/xc32/v3.01/bin/bin/../../lib/gcc/pic32c/8.3.1/../../../../pic32c/lib/thumb/v7e-m+dp/hard\libg_nano.a(lib_a-nano-vfprintf_i.o)
 .ARM.attributes
                0x00001155       0x32 c:/program files/microchip/xc32/v3.01/bin/bin/../../lib/gcc/pic32c/8.3.1/../../../../pic32c/lib/thumb/v7e-m+dp/hard\libg_nano.a(lib_a-reent.o)
 .ARM.attributes
                0x00001187       0x32 c:/program files/microchip/xc32/v3.01/bin/bin/../../lib/gcc/pic32c/8.3.1/../../../../pic32c/lib/thumb/v7e-m+dp/hard\libg_nano.a(lib_a-s_nan.o)
 .ARM.attributes
                0x000011b9       0x32 c:/program files/microchip/xc32/v3.01/bin/bin/../../lib/gcc/pic32c/8.3.1/../../../../pic32c/lib/thumb/v7e-m+dp/hard\libg_nano.a(lib_a-stdio.o)
 .ARM.attributes
                0x000011eb       0x32 c:/program files/microchip/xc32/v3.01/bin/bin/../../lib/gcc/pic32c/8.3.1/../../../../pic32c/lib/thumb/v7e-m+dp/hard\libg_nano.a(lib_a-wbuf.o)
 .ARM.attributes
                0x0000121d       0x32 c:/program files/microchip/xc32/v3.01/bin/bin/../../lib/gcc/pic32c/8.3.1/../../../../pic32c/lib/thumb/v7e-m+dp/hard\libg_nano.a(lib_a-wcrtomb.o)
 .ARM.attributes
                0x0000124f       0x32 c:/program files/microchip/xc32/v3.01/bin/bin/../../lib/gcc/pic32c/8.3.1/../../../../pic32c/lib/thumb/v7e-m+dp/hard\libg_nano.a(lib_a-wctomb_r.o)
 .ARM.attributes
                0x00001281       0x32 c:/program files/microchip/xc32/v3.01/bin/bin/../../lib/gcc/pic32c/8.3.1/../../../../pic32c/lib/thumb/v7e-m+dp/hard\libg_nano.a(lib_a-writer.o)
 .ARM.attributes
                0x000012b3       0x32 c:/program files/microchip/xc32/v3.01/bin/bin/../../lib/gcc/pic32c/8.3.1/../../../../pic32c/lib/thumb/v7e-m+dp/hard\libg_nano.a(lib_a-wsetup.o)
 .ARM.attributes
                0x000012e5       0x32 c:/program files/microchip/xc32/v3.01/bin/bin/../../lib/gcc/pic32c/8.3.1/../../../../pic32c/lib/thumb/v7e-m+dp/hard\libg_nano.a(lib_a-closer.o)
 .ARM.attributes
                0x00001317       0x32 c:/program files/microchip/xc32/v3.01/bin/bin/../../lib/gcc/pic32c/8.3.1/../../../../pic32c/lib/thumb/v7e-m+dp/hard\libg_nano.a(lib_a-fflush.o)
 .ARM.attributes
                0x00001349       0x32 c:/program files/microchip/xc32/v3.01/bin/bin/../../lib/gcc/pic32c/8.3.1/../../../../pic32c/lib/thumb/v7e-m+dp/hard\libg_nano.a(lib_a-lseekr.o)
 .ARM.attributes
                0x0000137b       0x32 c:/program files/microchip/xc32/v3.01/bin/bin/../../lib/gcc/pic32c/8.3.1/../../../../pic32c/lib/thumb/v7e-m+dp/hard\libg_nano.a(lib_a-makebuf.o)
 .ARM.attributes
                0x000013ad       0x32 c:/program files/microchip/xc32/v3.01/bin/bin/../../lib/gcc/pic32c/8.3.1/../../../../pic32c/lib/thumb/v7e-m+dp/hard\libg_nano.a(lib_a-readr.o)
 .ARM.attributes
                0x000013df       0x32 c:/program files/microchip/xc32/v3.01/bin/bin/../../lib/gcc/pic32c/8.3.1/../../../../pic32c/lib/thumb/v7e-m+dp/hard\libg_nano.a(lib_a-fstatr.o)
 .ARM.attributes
                0x00001411       0x32 c:/program files/microchip/xc32/v3.01/bin/bin/../../lib/gcc/pic32c/8.3.1/../../../../pic32c/lib/thumb/v7e-m+dp/hard\libg_nano.a(lib_a-isattyr.o)
 .ARM.attributes
                0x00001443       0x32 c:/program files/microchip/xc32/v3.01/bin/bin/../../lib/gcc/pic32c/8.3.1/../../../../pic32c/lib/thumb/v7e-m+dp/hard\libm_nano.a(lib_a-w_atan2.o)
 .ARM.attributes
                0x00001475       0x32 c:/program files/microchip/xc32/v3.01/bin/bin/../../lib/gcc/pic32c/8.3.1/../../../../pic32c/lib/thumb/v7e-m+dp/hard\libm_nano.a(lib_a-e_atan2.o)
 .ARM.attributes
                0x000014a7       0x32 c:/program files/microchip/xc32/v3.01/bin/bin/../../lib/gcc/pic32c/8.3.1/../../../../pic32c/lib/thumb/v7e-m+dp/hard\libm_nano.a(lib_a-s_atan.o)
 .ARM.attributes
                0x000014d9       0x32 c:/program files/microchip/xc32/v3.01/bin/bin/../../lib/gcc/pic32c/8.3.1/../../../../pic32c/lib/thumb/v7e-m+dp/hard\libm_nano.a(lib_a-s_fabs.o)
 .ARM.attributes
                0x0000150b       0x32 c:/program files/microchip/xc32/v3.01/bin/bin/../../lib/gcc/pic32c/8.3.1/../../../../pic32c/lib/thumb/v7e-m+dp/hard\libpic32c.a(_close.o)
 .ARM.attributes
                0x0000153d       0x32 c:/program files/microchip/xc32/v3.01/bin/bin/../../lib/gcc/pic32c/8.3.1/../../../../pic32c/lib/thumb/v7e-m+dp/hard\libpic32c.a(_fstat.o)
 .ARM.attributes
                0x0000156f       0x32 c:/program files/microchip/xc32/v3.01/bin/bin/../../lib/gcc/pic32c/8.3.1/../../../../pic32c/lib/thumb/v7e-m+dp/hard\libpic32c.a(_isatty.o)
 .ARM.attributes
                0x000015a1       0x32 c:/program files/microchip/xc32/v3.01/bin/bin/../../lib/gcc/pic32c/8.3.1/../../../../pic32c/lib/thumb/v7e-m+dp/hard\libpic32c.a(_lseek.o)
 .ARM.attributes
                0x000015d3       0x32 c:/program files/microchip/xc32/v3.01/bin/bin/../../lib/gcc/pic32c/8.3.1/../../../../pic32c/lib/thumb/v7e-m+dp/hard\libpic32c.a(_read.o)
 .ARM.attributes
                0x00001605       0x32 c:/program files/microchip/xc32/v3.01/bin/bin/../../lib/gcc/pic32c/8.3.1/../../../../pic32c/lib/thumb/v7e-m+dp/hard\libpic32c.a(sbrk.o)
 .ARM.attributes
                0x00001637       0x32 c:/program files/microchip/xc32/v3.01/bin/bin/../../lib/gcc/pic32c/8.3.1/../../../../pic32c/lib/thumb/v7e-m+dp/hard\libpic32c.a(_write.o)
 .ARM.attributes
                0x00001669       0x32 c:/program files/microchip/xc32/v3.01/bin/bin/../../lib/gcc/pic32c/8.3.1/../../../../pic32c/lib/thumb/v7e-m+dp/hard\libpic32c.a(close.o)
 .ARM.attributes
                0x0000169b       0x32 c:/program files/microchip/xc32/v3.01/bin/bin/../../lib/gcc/pic32c/8.3.1/../../../../pic32c/lib/thumb/v7e-m+dp/hard\libpic32c.a(fstat.o)
 .ARM.attributes
                0x000016cd       0x32 c:/program files/microchip/xc32/v3.01/bin/bin/../../lib/gcc/pic32c/8.3.1/../../../../pic32c/lib/thumb/v7e-m+dp/hard\libpic32c.a(isatty.o)
 .ARM.attributes
                0x000016ff       0x32 c:/program files/microchip/xc32/v3.01/bin/bin/../../lib/gcc/pic32c/8.3.1/../../../../pic32c/lib/thumb/v7e-m+dp/hard\libpic32c.a(lseek.o)
 .ARM.attributes
                0x00001731       0x32 c:/program files/microchip/xc32/v3.01/bin/bin/../../lib/gcc/pic32c/8.3.1/../../../../pic32c/lib/thumb/v7e-m+dp/hard\libpic32c.a(read.o)
 .ARM.attributes
                0x00001763       0x32 c:/program files/microchip/xc32/v3.01/bin/bin/../../lib/gcc/pic32c/8.3.1/../../../../pic32c/lib/thumb/v7e-m+dp/hard\libpic32c.a(write.o)
 .ARM.attributes
                0x00001795       0x1e c:/program files/microchip/xc32/v3.01/bin/bin/../../lib/gcc/pic32c/8.3.1/thumb/v7e-m+dp/hard\libgcc.a(_arm_addsubdf3.o)
 .ARM.attributes
                0x000017b3       0x32 c:/program files/microchip/xc32/v3.01/bin/bin/../../lib/gcc/pic32c/8.3.1/thumb/v7e-m+dp/hard\libgcc.a(_fixdfdi.o)
 .ARM.attributes
                0x000017e5       0x32 c:/program files/microchip/xc32/v3.01/bin/bin/../../lib/gcc/pic32c/8.3.1/thumb/v7e-m+dp/hard\libgcc.a(_fixunsdfdi.o)
 .ARM.attributes
                0x00001817       0x1e c:/program files/microchip/xc32/v3.01/bin/bin/../../lib/gcc/pic32c/8.3.1/thumb/v7e-m+dp/hard/crtn.o

.comment        0x00000000       0x53
 .comment       0x00000000       0x53 c:/program files/microchip/xc32/v3.01/bin/bin/../../lib/gcc/pic32c/8.3.1/thumb/v7e-m+dp/hard/crtbegin.o
                                 0x54 (size before relaxing)
 .comment       0x00000053       0x54 build/sam_e70_xult/debug/_ext/957281314/drv_i2c.o
 .comment       0x00000053       0x54 build/sam_e70_xult/debug/_ext/1565510230/drv_sdmmc_file_system.o
 .comment       0x00000053       0x54 build/sam_e70_xult/debug/_ext/1565510230/drv_sdmmc.o
 .comment       0x00000053       0x54 build/sam_e70_xult/debug/_ext/716655881/drv_usart.o
 .comment       0x00000053       0x54 build/sam_e70_xult/debug/_ext/1613695899/osal_freertos.o
 .comment       0x00000053       0x54 build/sam_e70_xult/debug/_ext/1055500827/plib_clk.o
 .comment       0x00000053       0x54 build/sam_e70_xult/debug/_ext/1055499099/plib_efc.o
 .comment       0x00000053       0x54 build/sam_e70_xult/debug/_ext/719181653/plib_hsmci.o
 .comment       0x00000053       0x54 build/sam_e70_xult/debug/_ext/1639550079/plib_nvic.o
 .comment       0x00000053       0x54 build/sam_e70_xult/debug/_ext/1055488423/plib_pio.o
 .comment       0x00000053       0x54 build/sam_e70_xult/debug/_ext/1055487991/plib_pwm0.o
 .comment       0x00000053       0x54 build/sam_e70_xult/debug/_ext/865331892/plib_tc3.o
 .comment       0x00000053       0x54 build/sam_e70_xult/debug/_ext/1539215101/plib_twihs0_master.o
 .comment       0x00000053       0x54 build/sam_e70_xult/debug/_ext/707186936/plib_usart1.o
 .comment       0x00000053       0x54 build/sam_e70_xult/debug/_ext/707186936/plib_usart0.o
 .comment       0x00000053       0x54 build/sam_e70_xult/debug/_ext/707186936/plib_usart2.o
 .comment       0x00000053       0x54 build/sam_e70_xult/debug/_ext/704852250/plib_xdmac.o
 .comment       0x00000053       0x54 build/sam_e70_xult/debug/_ext/1518761459/xc32_monitor.o
 .comment       0x00000053       0x54 build/sam_e70_xult/debug/_ext/876653320/sys_cache.o
 .comment       0x00000053       0x54 build/sam_e70_xult/debug/_ext/1043829778/ff.o
 .comment       0x00000053       0x54 build/sam_e70_xult/debug/_ext/1043829778/ffunicode.o
 .comment       0x00000053       0x54 build/sam_e70_xult/debug/_ext/1893760823/diskio.o
 .comment       0x00000053       0x54 build/sam_e70_xult/debug/_ext/1305476372/sys_fs.o
 .comment       0x00000053       0x54 build/sam_e70_xult/debug/_ext/1305476372/sys_fs_media_manager.o
 .comment       0x00000053       0x54 build/sam_e70_xult/debug/_ext/1305476372/sys_fs_fat_interface.o
 .comment       0x00000053       0x54 build/sam_e70_xult/debug/_ext/766002106/sys_int.o
 .comment       0x00000053       0x54 build/sam_e70_xult/debug/_ext/327803284/sys_time.o
 .comment       0x00000053       0x54 build/sam_e70_xult/debug/_ext/1728594169/initialization.o
 .comment       0x00000053       0x54 build/sam_e70_xult/debug/_ext/1728594169/interrupts.o
 .comment       0x00000053       0x54 build/sam_e70_xult/debug/_ext/1728594169/exceptions.o
 .comment       0x00000053       0x54 build/sam_e70_xult/debug/_ext/1728594169/startup_xc32.o
 .comment       0x00000053       0x54 build/sam_e70_xult/debug/_ext/1728594169/freertos_hooks.o
 .comment       0x00000053       0x54 build/sam_e70_xult/debug/_ext/1728594169/tasks.o
 .comment       0x00000053       0x54 build/sam_e70_xult/debug/_ext/977623654/port.o
 .comment       0x00000053       0x54 build/sam_e70_xult/debug/_ext/1665200909/heap_1.o
 .comment       0x00000053       0x54 build/sam_e70_xult/debug/_ext/404212886/list.o
 .comment       0x00000053       0x54 build/sam_e70_xult/debug/_ext/404212886/queue.o
 .comment       0x00000053       0x54 build/sam_e70_xult/debug/_ext/404212886/FreeRTOS_tasks.o
 .comment       0x00000053       0x54 build/sam_e70_xult/debug/_ext/1360937237/main.o
 .comment       0x00000053       0x54 build/sam_e70_xult/debug/_ext/1360937237/app_communication.o
 .comment       0x00000053       0x54 build/sam_e70_xult/debug/_ext/1360937237/app_mast_control.o
 .comment       0x00000053       0x54 build/sam_e70_xult/debug/_ext/1360937237/app_rudder_control.o
 .comment       0x00000053       0x54 build/sam_e70_xult/debug/_ext/1360937237/app_anemometer.o
 .comment       0x00000053       0x54 build/sam_e70_xult/debug/_ext/1360937237/app_gps.o
 .comment       0x00000053       0x54 build/sam_e70_xult/debug/_ext/1360937237/app_imu.o
 .comment       0x00000053       0x54 build/sam_e70_xult/debug/_ext/1360937237/app_test_wind.o
 .comment       0x00000053       0x54 c:/program files/microchip/xc32/v3.01/bin/bin/../../lib/gcc/pic32c/8.3.1/../../../../pic32c/lib/thumb/v7e-m+dp/hard\libpic32c.a(data_init.o)
 .comment       0x00000053       0x54 c:/program files/microchip/xc32/v3.01/bin/bin/../../lib/gcc/pic32c/8.3.1/thumb/v7e-m+dp/hard\libgcc.a(_udivmoddi4.o)
 .comment       0x00000053       0x54 c:/program files/microchip/xc32/v3.01/bin/bin/../../lib/gcc/pic32c/8.3.1/../../../../pic32c/lib/thumb/v7e-m+dp/hard\libg_nano.a(_lib_a-sprintf.cdfFgGnopuxX.o)
 .comment       0x00000053       0x54 c:/program files/microchip/xc32/v3.01/bin/bin/../../lib/gcc/pic32c/8.3.1/../../../../pic32c/lib/thumb/v7e-m+dp/hard\libg_nano.a(lib_a-atof.o)
 .comment       0x00000053       0x54 c:/program files/microchip/xc32/v3.01/bin/bin/../../lib/gcc/pic32c/8.3.1/../../../../pic32c/lib/thumb/v7e-m+dp/hard\libg_nano.a(lib_a-atoi.o)
 .comment       0x00000053       0x54 c:/program files/microchip/xc32/v3.01/bin/bin/../../lib/gcc/pic32c/8.3.1/../../../../pic32c/lib/thumb/v7e-m+dp/hard\libg_nano.a(lib_a-ctype_.o)
 .comment       0x00000053       0x54 c:/program files/microchip/xc32/v3.01/bin/bin/../../lib/gcc/pic32c/8.3.1/../../../../pic32c/lib/thumb/v7e-m+dp/hard\libg_nano.a(lib_a-init.o)
 .comment       0x00000053       0x54 c:/program files/microchip/xc32/v3.01/bin/bin/../../lib/gcc/pic32c/8.3.1/../../../../pic32c/lib/thumb/v7e-m+dp/hard\libg_nano.a(lib_a-itoa.o)
 .comment       0x00000053       0x54 c:/program files/microchip/xc32/v3.01/bin/bin/../../lib/gcc/pic32c/8.3.1/../../../../pic32c/lib/thumb/v7e-m+dp/hard\libg_nano.a(lib_a-malloc.o)
 .comment       0x00000053       0x54 c:/program files/microchip/xc32/v3.01/bin/bin/../../lib/gcc/pic32c/8.3.1/../../../../pic32c/lib/thumb/v7e-m+dp/hard\libg_nano.a(lib_a-memcpy-stub.o)
 .comment       0x00000053       0x54 c:/program files/microchip/xc32/v3.01/bin/bin/../../lib/gcc/pic32c/8.3.1/../../../../pic32c/lib/thumb/v7e-m+dp/hard\libg_nano.a(lib_a-memmove.o)
 .comment       0x00000053       0x54 c:/program files/microchip/xc32/v3.01/bin/bin/../../lib/gcc/pic32c/8.3.1/../../../../pic32c/lib/thumb/v7e-m+dp/hard\libg_nano.a(lib_a-memset.o)
 .comment       0x00000053       0x54 c:/program files/microchip/xc32/v3.01/bin/bin/../../lib/gcc/pic32c/8.3.1/../../../../pic32c/lib/thumb/v7e-m+dp/hard\libg_nano.a(lib_a-nano-freer.o)
 .comment       0x00000053       0x54 c:/program files/microchip/xc32/v3.01/bin/bin/../../lib/gcc/pic32c/8.3.1/../../../../pic32c/lib/thumb/v7e-m+dp/hard\libg_nano.a(lib_a-nano-mallocr.o)
 .comment       0x00000053       0x54 c:/program files/microchip/xc32/v3.01/bin/bin/../../lib/gcc/pic32c/8.3.1/../../../../pic32c/lib/thumb/v7e-m+dp/hard\libg_nano.a(lib_a-sbrkr.o)
 .comment       0x00000053       0x54 c:/program files/microchip/xc32/v3.01/bin/bin/../../lib/gcc/pic32c/8.3.1/../../../../pic32c/lib/thumb/v7e-m+dp/hard\libg_nano.a(lib_a-strchr.o)
 .comment       0x00000053       0x54 c:/program files/microchip/xc32/v3.01/bin/bin/../../lib/gcc/pic32c/8.3.1/../../../../pic32c/lib/thumb/v7e-m+dp/hard\libg_nano.a(lib_a-strcpy.o)
 .comment       0x00000053       0x54 c:/program files/microchip/xc32/v3.01/bin/bin/../../lib/gcc/pic32c/8.3.1/../../../../pic32c/lib/thumb/v7e-m+dp/hard\libg_nano.a(lib_a-strncmp.o)
 .comment       0x00000053       0x54 c:/program files/microchip/xc32/v3.01/bin/bin/../../lib/gcc/pic32c/8.3.1/../../../../pic32c/lib/thumb/v7e-m+dp/hard\libg_nano.a(lib_a-strncpy.o)
 .comment       0x00000053       0x54 c:/program files/microchip/xc32/v3.01/bin/bin/../../lib/gcc/pic32c/8.3.1/../../../../pic32c/lib/thumb/v7e-m+dp/hard\libg_nano.a(lib_a-strtod.o)
 .comment       0x00000053       0x54 c:/program files/microchip/xc32/v3.01/bin/bin/../../lib/gcc/pic32c/8.3.1/../../../../pic32c/lib/thumb/v7e-m+dp/hard\libg_nano.a(lib_a-strtol.o)
 .comment       0x00000053       0x54 c:/program files/microchip/xc32/v3.01/bin/bin/../../lib/gcc/pic32c/8.3.1/../../../../pic32c/lib/thumb/v7e-m+dp/hard\libg_nano.a(lib_a-utoa.o)
 .comment       0x00000053       0x54 c:/program files/microchip/xc32/v3.01/bin/bin/../../lib/gcc/pic32c/8.3.1/../../../../pic32c/lib/thumb/v7e-m+dp/hard\libg_nano.a(_lib_a-nano-vfprintf.cdfFgGnopuxX.o)
 .comment       0x00000053       0x54 c:/program files/microchip/xc32/v3.01/bin/bin/../../lib/gcc/pic32c/8.3.1/../../../../pic32c/lib/thumb/v7e-m+dp/hard\libg_nano.a(lib_a-__ssfputs.o)
 .comment       0x00000053       0x54 c:/program files/microchip/xc32/v3.01/bin/bin/../../lib/gcc/pic32c/8.3.1/../../../../pic32c/lib/thumb/v7e-m+dp/hard\libg_nano.a(lib_a-dtoa.o)
 .comment       0x00000053       0x54 c:/program files/microchip/xc32/v3.01/bin/bin/../../lib/gcc/pic32c/8.3.1/../../../../pic32c/lib/thumb/v7e-m+dp/hard\libg_nano.a(lib_a-findfp.o)
 .comment       0x00000053       0x54 c:/program files/microchip/xc32/v3.01/bin/bin/../../lib/gcc/pic32c/8.3.1/../../../../pic32c/lib/thumb/v7e-m+dp/hard\libg_nano.a(lib_a-fputwc.o)
 .comment       0x00000053       0x54 c:/program files/microchip/xc32/v3.01/bin/bin/../../lib/gcc/pic32c/8.3.1/../../../../pic32c/lib/thumb/v7e-m+dp/hard\libg_nano.a(lib_a-fwalk.o)
 .comment       0x00000053       0x54 c:/program files/microchip/xc32/v3.01/bin/bin/../../lib/gcc/pic32c/8.3.1/../../../../pic32c/lib/thumb/v7e-m+dp/hard\libg_nano.a(lib_a-gdtoa-gethex.o)
 .comment       0x00000053       0x54 c:/program files/microchip/xc32/v3.01/bin/bin/../../lib/gcc/pic32c/8.3.1/../../../../pic32c/lib/thumb/v7e-m+dp/hard\libg_nano.a(lib_a-gdtoa-hexnan.o)
 .comment       0x00000053       0x54 c:/program files/microchip/xc32/v3.01/bin/bin/../../lib/gcc/pic32c/8.3.1/../../../../pic32c/lib/thumb/v7e-m+dp/hard\libg_nano.a(lib_a-impure.o)
 .comment       0x00000053       0x54 c:/program files/microchip/xc32/v3.01/bin/bin/../../lib/gcc/pic32c/8.3.1/../../../../pic32c/lib/thumb/v7e-m+dp/hard\libg_nano.a(lib_a-lnumeric.o)
 .comment       0x00000053       0x54 c:/program files/microchip/xc32/v3.01/bin/bin/../../lib/gcc/pic32c/8.3.1/../../../../pic32c/lib/thumb/v7e-m+dp/hard\libg_nano.a(lib_a-locale.o)
 .comment       0x00000053       0x54 c:/program files/microchip/xc32/v3.01/bin/bin/../../lib/gcc/pic32c/8.3.1/../../../../pic32c/lib/thumb/v7e-m+dp/hard\libg_nano.a(lib_a-localeconv.o)
 .comment       0x00000053       0x54 c:/program files/microchip/xc32/v3.01/bin/bin/../../lib/gcc/pic32c/8.3.1/../../../../pic32c/lib/thumb/v7e-m+dp/hard\libg_nano.a(lib_a-mbtowc_r.o)
 .comment       0x00000053       0x54 c:/program files/microchip/xc32/v3.01/bin/bin/../../lib/gcc/pic32c/8.3.1/../../../../pic32c/lib/thumb/v7e-m+dp/hard\libg_nano.a(lib_a-mlock.o)
 .comment       0x00000053       0x54 c:/program files/microchip/xc32/v3.01/bin/bin/../../lib/gcc/pic32c/8.3.1/../../../../pic32c/lib/thumb/v7e-m+dp/hard\libg_nano.a(lib_a-mprec.o)
 .comment       0x00000053       0x54 c:/program files/microchip/xc32/v3.01/bin/bin/../../lib/gcc/pic32c/8.3.1/../../../../pic32c/lib/thumb/v7e-m+dp/hard\libg_nano.a(lib_a-nano-callocr.o)
 .comment       0x00000053       0x54 c:/program files/microchip/xc32/v3.01/bin/bin/../../lib/gcc/pic32c/8.3.1/../../../../pic32c/lib/thumb/v7e-m+dp/hard\libg_nano.a(lib_a-nano-vfprintf_i.o)
 .comment       0x00000053       0x54 c:/program files/microchip/xc32/v3.01/bin/bin/../../lib/gcc/pic32c/8.3.1/../../../../pic32c/lib/thumb/v7e-m+dp/hard\libg_nano.a(lib_a-reent.o)
 .comment       0x00000053       0x54 c:/program files/microchip/xc32/v3.01/bin/bin/../../lib/gcc/pic32c/8.3.1/../../../../pic32c/lib/thumb/v7e-m+dp/hard\libg_nano.a(lib_a-s_nan.o)
 .comment       0x00000053       0x54 c:/program files/microchip/xc32/v3.01/bin/bin/../../lib/gcc/pic32c/8.3.1/../../../../pic32c/lib/thumb/v7e-m+dp/hard\libg_nano.a(lib_a-stdio.o)
 .comment       0x00000053       0x54 c:/program files/microchip/xc32/v3.01/bin/bin/../../lib/gcc/pic32c/8.3.1/../../../../pic32c/lib/thumb/v7e-m+dp/hard\libg_nano.a(lib_a-wbuf.o)
 .comment       0x00000053       0x54 c:/program files/microchip/xc32/v3.01/bin/bin/../../lib/gcc/pic32c/8.3.1/../../../../pic32c/lib/thumb/v7e-m+dp/hard\libg_nano.a(lib_a-wcrtomb.o)
 .comment       0x00000053       0x54 c:/program files/microchip/xc32/v3.01/bin/bin/../../lib/gcc/pic32c/8.3.1/../../../../pic32c/lib/thumb/v7e-m+dp/hard\libg_nano.a(lib_a-wctomb_r.o)
 .comment       0x00000053       0x54 c:/program files/microchip/xc32/v3.01/bin/bin/../../lib/gcc/pic32c/8.3.1/../../../../pic32c/lib/thumb/v7e-m+dp/hard\libg_nano.a(lib_a-writer.o)
 .comment       0x00000053       0x54 c:/program files/microchip/xc32/v3.01/bin/bin/../../lib/gcc/pic32c/8.3.1/../../../../pic32c/lib/thumb/v7e-m+dp/hard\libg_nano.a(lib_a-wsetup.o)
 .comment       0x00000053       0x54 c:/program files/microchip/xc32/v3.01/bin/bin/../../lib/gcc/pic32c/8.3.1/../../../../pic32c/lib/thumb/v7e-m+dp/hard\libg_nano.a(lib_a-closer.o)
 .comment       0x00000053       0x54 c:/program files/microchip/xc32/v3.01/bin/bin/../../lib/gcc/pic32c/8.3.1/../../../../pic32c/lib/thumb/v7e-m+dp/hard\libg_nano.a(lib_a-fflush.o)
 .comment       0x00000053       0x54 c:/program files/microchip/xc32/v3.01/bin/bin/../../lib/gcc/pic32c/8.3.1/../../../../pic32c/lib/thumb/v7e-m+dp/hard\libg_nano.a(lib_a-lseekr.o)
 .comment       0x00000053       0x54 c:/program files/microchip/xc32/v3.01/bin/bin/../../lib/gcc/pic32c/8.3.1/../../../../pic32c/lib/thumb/v7e-m+dp/hard\libg_nano.a(lib_a-makebuf.o)
 .comment       0x00000053       0x54 c:/program files/microchip/xc32/v3.01/bin/bin/../../lib/gcc/pic32c/8.3.1/../../../../pic32c/lib/thumb/v7e-m+dp/hard\libg_nano.a(lib_a-readr.o)
 .comment       0x00000053       0x54 c:/program files/microchip/xc32/v3.01/bin/bin/../../lib/gcc/pic32c/8.3.1/../../../../pic32c/lib/thumb/v7e-m+dp/hard\libg_nano.a(lib_a-fstatr.o)
 .comment       0x00000053       0x54 c:/program files/microchip/xc32/v3.01/bin/bin/../../lib/gcc/pic32c/8.3.1/../../../../pic32c/lib/thumb/v7e-m+dp/hard\libg_nano.a(lib_a-isattyr.o)
 .comment       0x00000053       0x54 c:/program files/microchip/xc32/v3.01/bin/bin/../../lib/gcc/pic32c/8.3.1/../../../../pic32c/lib/thumb/v7e-m+dp/hard\libm_nano.a(lib_a-w_atan2.o)
 .comment       0x00000053       0x54 c:/program files/microchip/xc32/v3.01/bin/bin/../../lib/gcc/pic32c/8.3.1/../../../../pic32c/lib/thumb/v7e-m+dp/hard\libm_nano.a(lib_a-e_atan2.o)
 .comment       0x00000053       0x54 c:/program files/microchip/xc32/v3.01/bin/bin/../../lib/gcc/pic32c/8.3.1/../../../../pic32c/lib/thumb/v7e-m+dp/hard\libm_nano.a(lib_a-s_atan.o)
 .comment       0x00000053       0x54 c:/program files/microchip/xc32/v3.01/bin/bin/../../lib/gcc/pic32c/8.3.1/../../../../pic32c/lib/thumb/v7e-m+dp/hard\libm_nano.a(lib_a-s_fabs.o)
 .comment       0x00000053       0x54 c:/program files/microchip/xc32/v3.01/bin/bin/../../lib/gcc/pic32c/8.3.1/../../../../pic32c/lib/thumb/v7e-m+dp/hard\libpic32c.a(_close.o)
 .comment       0x00000053       0x54 c:/program files/microchip/xc32/v3.01/bin/bin/../../lib/gcc/pic32c/8.3.1/../../../../pic32c/lib/thumb/v7e-m+dp/hard\libpic32c.a(_fstat.o)
 .comment       0x00000053       0x54 c:/program files/microchip/xc32/v3.01/bin/bin/../../lib/gcc/pic32c/8.3.1/../../../../pic32c/lib/thumb/v7e-m+dp/hard\libpic32c.a(_isatty.o)
 .comment       0x00000053       0x54 c:/program files/microchip/xc32/v3.01/bin/bin/../../lib/gcc/pic32c/8.3.1/../../../../pic32c/lib/thumb/v7e-m+dp/hard\libpic32c.a(_lseek.o)
 .comment       0x00000053       0x54 c:/program files/microchip/xc32/v3.01/bin/bin/../../lib/gcc/pic32c/8.3.1/../../../../pic32c/lib/thumb/v7e-m+dp/hard\libpic32c.a(_read.o)
 .comment       0x00000053       0x54 c:/program files/microchip/xc32/v3.01/bin/bin/../../lib/gcc/pic32c/8.3.1/../../../../pic32c/lib/thumb/v7e-m+dp/hard\libpic32c.a(sbrk.o)
 .comment       0x00000053       0x54 c:/program files/microchip/xc32/v3.01/bin/bin/../../lib/gcc/pic32c/8.3.1/../../../../pic32c/lib/thumb/v7e-m+dp/hard\libpic32c.a(_write.o)
 .comment       0x00000053       0x54 c:/program files/microchip/xc32/v3.01/bin/bin/../../lib/gcc/pic32c/8.3.1/../../../../pic32c/lib/thumb/v7e-m+dp/hard\libpic32c.a(close.o)
 .comment       0x00000053       0x54 c:/program files/microchip/xc32/v3.01/bin/bin/../../lib/gcc/pic32c/8.3.1/../../../../pic32c/lib/thumb/v7e-m+dp/hard\libpic32c.a(fstat.o)
 .comment       0x00000053       0x54 c:/program files/microchip/xc32/v3.01/bin/bin/../../lib/gcc/pic32c/8.3.1/../../../../pic32c/lib/thumb/v7e-m+dp/hard\libpic32c.a(isatty.o)
 .comment       0x00000053       0x54 c:/program files/microchip/xc32/v3.01/bin/bin/../../lib/gcc/pic32c/8.3.1/../../../../pic32c/lib/thumb/v7e-m+dp/hard\libpic32c.a(lseek.o)
 .comment       0x00000053       0x54 c:/program files/microchip/xc32/v3.01/bin/bin/../../lib/gcc/pic32c/8.3.1/../../../../pic32c/lib/thumb/v7e-m+dp/hard\libpic32c.a(read.o)
 .comment       0x00000053       0x54 c:/program files/microchip/xc32/v3.01/bin/bin/../../lib/gcc/pic32c/8.3.1/../../../../pic32c/lib/thumb/v7e-m+dp/hard\libpic32c.a(write.o)
 .comment       0x00000053       0x54 c:/program files/microchip/xc32/v3.01/bin/bin/../../lib/gcc/pic32c/8.3.1/thumb/v7e-m+dp/hard\libgcc.a(_fixdfdi.o)
 .comment       0x00000053       0x54 c:/program files/microchip/xc32/v3.01/bin/bin/../../lib/gcc/pic32c/8.3.1/thumb/v7e-m+dp/hard\libgcc.a(_fixunsdfdi.o)

.debug_info     0x00000000    0x6066f
 .debug_info    0x00000000     0x1997 build/sam_e70_xult/debug/_ext/957281314/drv_i2c.o
 .debug_info    0x00001997      0xd14 build/sam_e70_xult/debug/_ext/1565510230/drv_sdmmc_file_system.o
 .debug_info    0x000026ab     0x5950 build/sam_e70_xult/debug/_ext/1565510230/drv_sdmmc.o
 .debug_info    0x00007ffb     0x1ce3 build/sam_e70_xult/debug/_ext/716655881/drv_usart.o
 .debug_info    0x00009cde      0xc9b build/sam_e70_xult/debug/_ext/1613695899/osal_freertos.o
 .debug_info    0x0000a979      0x937 build/sam_e70_xult/debug/_ext/1055500827/plib_clk.o
 .debug_info    0x0000b2b0     0x15a5 build/sam_e70_xult/debug/_ext/1055499099/plib_efc.o
 .debug_info    0x0000c855     0x1edd build/sam_e70_xult/debug/_ext/719181653/plib_hsmci.o
 .debug_info    0x0000e732     0x15f3 build/sam_e70_xult/debug/_ext/1639550079/plib_nvic.o
 .debug_info    0x0000fd25     0x1a71 build/sam_e70_xult/debug/_ext/1055488423/plib_pio.o
 .debug_info    0x00011796     0x12b5 build/sam_e70_xult/debug/_ext/1055487991/plib_pwm0.o
 .debug_info    0x00012a4b      0xa29 build/sam_e70_xult/debug/_ext/865331892/plib_tc3.o
 .debug_info    0x00013474      0xe11 build/sam_e70_xult/debug/_ext/1539215101/plib_twihs0_master.o
 .debug_info    0x00014285     0x10e7 build/sam_e70_xult/debug/_ext/707186936/plib_usart1.o
 .debug_info    0x0001536c     0x10e7 build/sam_e70_xult/debug/_ext/707186936/plib_usart0.o
 .debug_info    0x00016453     0x10e7 build/sam_e70_xult/debug/_ext/707186936/plib_usart2.o
 .debug_info    0x0001753a      0xe4a build/sam_e70_xult/debug/_ext/704852250/plib_xdmac.o
 .debug_info    0x00018384      0x333 build/sam_e70_xult/debug/_ext/1518761459/xc32_monitor.o
 .debug_info    0x000186b7     0x16ce build/sam_e70_xult/debug/_ext/876653320/sys_cache.o
 .debug_info    0x00019d85     0x6aba build/sam_e70_xult/debug/_ext/1043829778/ff.o
 .debug_info    0x0002083f      0x6b2 build/sam_e70_xult/debug/_ext/1043829778/ffunicode.o
 .debug_info    0x00020ef1     0x1eb0 build/sam_e70_xult/debug/_ext/1893760823/diskio.o
 .debug_info    0x00022da1     0x4edb build/sam_e70_xult/debug/_ext/1305476372/sys_fs.o
 .debug_info    0x00027c7c     0x3166 build/sam_e70_xult/debug/_ext/1305476372/sys_fs_media_manager.o
 .debug_info    0x0002ade2     0x25a5 build/sam_e70_xult/debug/_ext/1305476372/sys_fs_fat_interface.o
 .debug_info    0x0002d387      0xd72 build/sam_e70_xult/debug/_ext/766002106/sys_int.o
 .debug_info    0x0002e0f9     0x39c8 build/sam_e70_xult/debug/_ext/327803284/sys_time.o
 .debug_info    0x00031ac1     0x56c6 build/sam_e70_xult/debug/_ext/1728594169/initialization.o
 .debug_info    0x00037187     0x2709 build/sam_e70_xult/debug/_ext/1728594169/interrupts.o
 .debug_info    0x00039890     0x1b2c build/sam_e70_xult/debug/_ext/1728594169/exceptions.o
 .debug_info    0x0003b3bc      0xebf build/sam_e70_xult/debug/_ext/1728594169/startup_xc32.o
 .debug_info    0x0003c27b      0x5c6 build/sam_e70_xult/debug/_ext/1728594169/freertos_hooks.o
 .debug_info    0x0003c841     0x2331 build/sam_e70_xult/debug/_ext/1728594169/tasks.o
 .debug_info    0x0003eb72      0x816 build/sam_e70_xult/debug/_ext/977623654/port.o
 .debug_info    0x0003f388     0x115b build/sam_e70_xult/debug/_ext/1665200909/heap_1.o
 .debug_info    0x000404e3     0x127e build/sam_e70_xult/debug/_ext/404212886/list.o
 .debug_info    0x00041761     0x2dab build/sam_e70_xult/debug/_ext/404212886/queue.o
 .debug_info    0x0004450c     0x3ac3 build/sam_e70_xult/debug/_ext/404212886/FreeRTOS_tasks.o
 .debug_info    0x00047fcf     0x1a7e build/sam_e70_xult/debug/_ext/1360937237/main.o
 .debug_info    0x00049a4d     0x162c build/sam_e70_xult/debug/_ext/1360937237/app_communication.o
 .debug_info    0x0004b079     0x368e build/sam_e70_xult/debug/_ext/1360937237/app_mast_control.o
 .debug_info    0x0004e707     0x37ae build/sam_e70_xult/debug/_ext/1360937237/app_rudder_control.o
 .debug_info    0x00051eb5     0x1bfe build/sam_e70_xult/debug/_ext/1360937237/app_anemometer.o
 .debug_info    0x00053ab3     0x1ccf build/sam_e70_xult/debug/_ext/1360937237/app_gps.o
 .debug_info    0x00055782     0x1805 build/sam_e70_xult/debug/_ext/1360937237/app_imu.o
 .debug_info    0x00056f87     0x1935 build/sam_e70_xult/debug/_ext/1360937237/app_test_wind.o
 .debug_info    0x000588bc      0x2d3 c:/program files/microchip/xc32/v3.01/bin/bin/../../lib/gcc/pic32c/8.3.1/../../../../pic32c/lib/thumb/v7e-m+dp/hard\libpic32c.a(data_init.o)
 .debug_info    0x00058b8f       0x26 c:/program files/microchip/xc32/v3.01/bin/bin/../../lib/gcc/pic32c/8.3.1/thumb/v7e-m+dp/hard\libgcc.a(_aeabi_uldivmod.o)
 .debug_info    0x00058bb5     0x1fe2 c:/program files/microchip/xc32/v3.01/bin/bin/../../lib/gcc/pic32c/8.3.1/thumb/v7e-m+dp/hard\libgcc.a(_udivmoddi4.o)
 .debug_info    0x0005ab97       0x26 c:/program files/microchip/xc32/v3.01/bin/bin/../../lib/gcc/pic32c/8.3.1/thumb/v7e-m+dp/hard\libgcc.a(_dvmd_tls.o)
 .debug_info    0x0005abbd      0x2b8 c:/program files/microchip/xc32/v3.01/bin/bin/../../lib/gcc/pic32c/8.3.1/../../../../pic32c/lib/thumb/v7e-m+dp/hard\libpic32c.a(_close.o)
 .debug_info    0x0005ae75      0x2b8 c:/program files/microchip/xc32/v3.01/bin/bin/../../lib/gcc/pic32c/8.3.1/../../../../pic32c/lib/thumb/v7e-m+dp/hard\libpic32c.a(_fstat.o)
 .debug_info    0x0005b12d      0x2ba c:/program files/microchip/xc32/v3.01/bin/bin/../../lib/gcc/pic32c/8.3.1/../../../../pic32c/lib/thumb/v7e-m+dp/hard\libpic32c.a(_isatty.o)
 .debug_info    0x0005b3e7      0x2b8 c:/program files/microchip/xc32/v3.01/bin/bin/../../lib/gcc/pic32c/8.3.1/../../../../pic32c/lib/thumb/v7e-m+dp/hard\libpic32c.a(_lseek.o)
 .debug_info    0x0005b69f      0x2b6 c:/program files/microchip/xc32/v3.01/bin/bin/../../lib/gcc/pic32c/8.3.1/../../../../pic32c/lib/thumb/v7e-m+dp/hard\libpic32c.a(_read.o)
 .debug_info    0x0005b955      0x2b6 c:/program files/microchip/xc32/v3.01/bin/bin/../../lib/gcc/pic32c/8.3.1/../../../../pic32c/lib/thumb/v7e-m+dp/hard\libpic32c.a(sbrk.o)
 .debug_info    0x0005bc0b      0x2b8 c:/program files/microchip/xc32/v3.01/bin/bin/../../lib/gcc/pic32c/8.3.1/../../../../pic32c/lib/thumb/v7e-m+dp/hard\libpic32c.a(_write.o)
 .debug_info    0x0005bec3      0x2b7 c:/program files/microchip/xc32/v3.01/bin/bin/../../lib/gcc/pic32c/8.3.1/../../../../pic32c/lib/thumb/v7e-m+dp/hard\libpic32c.a(close.o)
 .debug_info    0x0005c17a      0x2b7 c:/program files/microchip/xc32/v3.01/bin/bin/../../lib/gcc/pic32c/8.3.1/../../../../pic32c/lib/thumb/v7e-m+dp/hard\libpic32c.a(fstat.o)
 .debug_info    0x0005c431      0x2b9 c:/program files/microchip/xc32/v3.01/bin/bin/../../lib/gcc/pic32c/8.3.1/../../../../pic32c/lib/thumb/v7e-m+dp/hard\libpic32c.a(isatty.o)
 .debug_info    0x0005c6ea      0x2b7 c:/program files/microchip/xc32/v3.01/bin/bin/../../lib/gcc/pic32c/8.3.1/../../../../pic32c/lib/thumb/v7e-m+dp/hard\libpic32c.a(lseek.o)
 .debug_info    0x0005c9a1      0x2b6 c:/program files/microchip/xc32/v3.01/bin/bin/../../lib/gcc/pic32c/8.3.1/../../../../pic32c/lib/thumb/v7e-m+dp/hard\libpic32c.a(read.o)
 .debug_info    0x0005cc57      0x2b8 c:/program files/microchip/xc32/v3.01/bin/bin/../../lib/gcc/pic32c/8.3.1/../../../../pic32c/lib/thumb/v7e-m+dp/hard\libpic32c.a(write.o)
 .debug_info    0x0005cf0f       0x26 c:/program files/microchip/xc32/v3.01/bin/bin/../../lib/gcc/pic32c/8.3.1/thumb/v7e-m+dp/hard\libgcc.a(_arm_addsubdf3.o)
 .debug_info    0x0005cf35     0x1ba7 c:/program files/microchip/xc32/v3.01/bin/bin/../../lib/gcc/pic32c/8.3.1/thumb/v7e-m+dp/hard\libgcc.a(_fixdfdi.o)
 .debug_info    0x0005eadc     0x1b93 c:/program files/microchip/xc32/v3.01/bin/bin/../../lib/gcc/pic32c/8.3.1/thumb/v7e-m+dp/hard\libgcc.a(_fixunsdfdi.o)

.debug_abbrev   0x00000000     0x9084
 .debug_abbrev  0x00000000      0x3ac build/sam_e70_xult/debug/_ext/957281314/drv_i2c.o
 .debug_abbrev  0x000003ac      0x176 build/sam_e70_xult/debug/_ext/1565510230/drv_sdmmc_file_system.o
 .debug_abbrev  0x00000522      0x680 build/sam_e70_xult/debug/_ext/1565510230/drv_sdmmc.o
 .debug_abbrev  0x00000ba2      0x3ec build/sam_e70_xult/debug/_ext/716655881/drv_usart.o
 .debug_abbrev  0x00000f8e      0x1f5 build/sam_e70_xult/debug/_ext/1613695899/osal_freertos.o
 .debug_abbrev  0x00001183       0xd5 build/sam_e70_xult/debug/_ext/1055500827/plib_clk.o
 .debug_abbrev  0x00001258      0x30e build/sam_e70_xult/debug/_ext/1055499099/plib_efc.o
 .debug_abbrev  0x00001566      0x3ac build/sam_e70_xult/debug/_ext/719181653/plib_hsmci.o
 .debug_abbrev  0x00001912      0x1f7 build/sam_e70_xult/debug/_ext/1639550079/plib_nvic.o
 .debug_abbrev  0x00001b09      0x285 build/sam_e70_xult/debug/_ext/1055488423/plib_pio.o
 .debug_abbrev  0x00001d8e      0x216 build/sam_e70_xult/debug/_ext/1055487991/plib_pwm0.o
 .debug_abbrev  0x00001fa4      0x1a7 build/sam_e70_xult/debug/_ext/865331892/plib_tc3.o
 .debug_abbrev  0x0000214b      0x2ec build/sam_e70_xult/debug/_ext/1539215101/plib_twihs0_master.o
 .debug_abbrev  0x00002437      0x31f build/sam_e70_xult/debug/_ext/707186936/plib_usart1.o
 .debug_abbrev  0x00002756      0x31f build/sam_e70_xult/debug/_ext/707186936/plib_usart0.o
 .debug_abbrev  0x00002a75      0x31f build/sam_e70_xult/debug/_ext/707186936/plib_usart2.o
 .debug_abbrev  0x00002d94      0x29e build/sam_e70_xult/debug/_ext/704852250/plib_xdmac.o
 .debug_abbrev  0x00003032       0x80 build/sam_e70_xult/debug/_ext/1518761459/xc32_monitor.o
 .debug_abbrev  0x000030b2      0x248 build/sam_e70_xult/debug/_ext/876653320/sys_cache.o
 .debug_abbrev  0x000032fa      0x3f3 build/sam_e70_xult/debug/_ext/1043829778/ff.o
 .debug_abbrev  0x000036ed      0x146 build/sam_e70_xult/debug/_ext/1043829778/ffunicode.o
 .debug_abbrev  0x00003833      0x445 build/sam_e70_xult/debug/_ext/1893760823/diskio.o
 .debug_abbrev  0x00003c78      0x554 build/sam_e70_xult/debug/_ext/1305476372/sys_fs.o
 .debug_abbrev  0x000041cc      0x57f build/sam_e70_xult/debug/_ext/1305476372/sys_fs_media_manager.o
 .debug_abbrev  0x0000474b      0x335 build/sam_e70_xult/debug/_ext/1305476372/sys_fs_fat_interface.o
 .debug_abbrev  0x00004a80      0x267 build/sam_e70_xult/debug/_ext/766002106/sys_int.o
 .debug_abbrev  0x00004ce7      0x664 build/sam_e70_xult/debug/_ext/327803284/sys_time.o
 .debug_abbrev  0x0000534b      0x377 build/sam_e70_xult/debug/_ext/1728594169/initialization.o
 .debug_abbrev  0x000056c2      0x20b build/sam_e70_xult/debug/_ext/1728594169/interrupts.o
 .debug_abbrev  0x000058cd      0x1fe build/sam_e70_xult/debug/_ext/1728594169/exceptions.o
 .debug_abbrev  0x00005acb      0x24f build/sam_e70_xult/debug/_ext/1728594169/startup_xc32.o
 .debug_abbrev  0x00005d1a      0x13f build/sam_e70_xult/debug/_ext/1728594169/freertos_hooks.o
 .debug_abbrev  0x00005e59      0x27b build/sam_e70_xult/debug/_ext/1728594169/tasks.o
 .debug_abbrev  0x000060d4      0x22f build/sam_e70_xult/debug/_ext/977623654/port.o
 .debug_abbrev  0x00006303      0x2af build/sam_e70_xult/debug/_ext/1665200909/heap_1.o
 .debug_abbrev  0x000065b2      0x270 build/sam_e70_xult/debug/_ext/404212886/list.o
 .debug_abbrev  0x00006822      0x484 build/sam_e70_xult/debug/_ext/404212886/queue.o
 .debug_abbrev  0x00006ca6      0x545 build/sam_e70_xult/debug/_ext/404212886/FreeRTOS_tasks.o
 .debug_abbrev  0x000071eb      0x237 build/sam_e70_xult/debug/_ext/1360937237/main.o
 .debug_abbrev  0x00007422      0x2cb build/sam_e70_xult/debug/_ext/1360937237/app_communication.o
 .debug_abbrev  0x000076ed      0x372 build/sam_e70_xult/debug/_ext/1360937237/app_mast_control.o
 .debug_abbrev  0x00007a5f      0x35c build/sam_e70_xult/debug/_ext/1360937237/app_rudder_control.o
 .debug_abbrev  0x00007dbb      0x30c build/sam_e70_xult/debug/_ext/1360937237/app_anemometer.o
 .debug_abbrev  0x000080c7      0x311 build/sam_e70_xult/debug/_ext/1360937237/app_gps.o
 .debug_abbrev  0x000083d8      0x30e build/sam_e70_xult/debug/_ext/1360937237/app_imu.o
 .debug_abbrev  0x000086e6      0x29e build/sam_e70_xult/debug/_ext/1360937237/app_test_wind.o
 .debug_abbrev  0x00008984       0x2e c:/program files/microchip/xc32/v3.01/bin/bin/../../lib/gcc/pic32c/8.3.1/../../../../pic32c/lib/thumb/v7e-m+dp/hard\libpic32c.a(data_init.o)
 .debug_abbrev  0x000089b2       0x14 c:/program files/microchip/xc32/v3.01/bin/bin/../../lib/gcc/pic32c/8.3.1/thumb/v7e-m+dp/hard\libgcc.a(_aeabi_uldivmod.o)
 .debug_abbrev  0x000089c6      0x192 c:/program files/microchip/xc32/v3.01/bin/bin/../../lib/gcc/pic32c/8.3.1/thumb/v7e-m+dp/hard\libgcc.a(_udivmoddi4.o)
 .debug_abbrev  0x00008b58       0x14 c:/program files/microchip/xc32/v3.01/bin/bin/../../lib/gcc/pic32c/8.3.1/thumb/v7e-m+dp/hard\libgcc.a(_dvmd_tls.o)
 .debug_abbrev  0x00008b6c       0x2b c:/program files/microchip/xc32/v3.01/bin/bin/../../lib/gcc/pic32c/8.3.1/../../../../pic32c/lib/thumb/v7e-m+dp/hard\libpic32c.a(_close.o)
 .debug_abbrev  0x00008b97       0x2b c:/program files/microchip/xc32/v3.01/bin/bin/../../lib/gcc/pic32c/8.3.1/../../../../pic32c/lib/thumb/v7e-m+dp/hard\libpic32c.a(_fstat.o)
 .debug_abbrev  0x00008bc2       0x2b c:/program files/microchip/xc32/v3.01/bin/bin/../../lib/gcc/pic32c/8.3.1/../../../../pic32c/lib/thumb/v7e-m+dp/hard\libpic32c.a(_isatty.o)
 .debug_abbrev  0x00008bed       0x2b c:/program files/microchip/xc32/v3.01/bin/bin/../../lib/gcc/pic32c/8.3.1/../../../../pic32c/lib/thumb/v7e-m+dp/hard\libpic32c.a(_lseek.o)
 .debug_abbrev  0x00008c18       0x2b c:/program files/microchip/xc32/v3.01/bin/bin/../../lib/gcc/pic32c/8.3.1/../../../../pic32c/lib/thumb/v7e-m+dp/hard\libpic32c.a(_read.o)
 .debug_abbrev  0x00008c43       0x2e c:/program files/microchip/xc32/v3.01/bin/bin/../../lib/gcc/pic32c/8.3.1/../../../../pic32c/lib/thumb/v7e-m+dp/hard\libpic32c.a(sbrk.o)
 .debug_abbrev  0x00008c71       0x2b c:/program files/microchip/xc32/v3.01/bin/bin/../../lib/gcc/pic32c/8.3.1/../../../../pic32c/lib/thumb/v7e-m+dp/hard\libpic32c.a(_write.o)
 .debug_abbrev  0x00008c9c       0x2e c:/program files/microchip/xc32/v3.01/bin/bin/../../lib/gcc/pic32c/8.3.1/../../../../pic32c/lib/thumb/v7e-m+dp/hard\libpic32c.a(close.o)
 .debug_abbrev  0x00008cca       0x2e c:/program files/microchip/xc32/v3.01/bin/bin/../../lib/gcc/pic32c/8.3.1/../../../../pic32c/lib/thumb/v7e-m+dp/hard\libpic32c.a(fstat.o)
 .debug_abbrev  0x00008cf8       0x2e c:/program files/microchip/xc32/v3.01/bin/bin/../../lib/gcc/pic32c/8.3.1/../../../../pic32c/lib/thumb/v7e-m+dp/hard\libpic32c.a(isatty.o)
 .debug_abbrev  0x00008d26       0x2e c:/program files/microchip/xc32/v3.01/bin/bin/../../lib/gcc/pic32c/8.3.1/../../../../pic32c/lib/thumb/v7e-m+dp/hard\libpic32c.a(lseek.o)
 .debug_abbrev  0x00008d54       0x2e c:/program files/microchip/xc32/v3.01/bin/bin/../../lib/gcc/pic32c/8.3.1/../../../../pic32c/lib/thumb/v7e-m+dp/hard\libpic32c.a(read.o)
 .debug_abbrev  0x00008d82       0x2e c:/program files/microchip/xc32/v3.01/bin/bin/../../lib/gcc/pic32c/8.3.1/../../../../pic32c/lib/thumb/v7e-m+dp/hard\libpic32c.a(write.o)
 .debug_abbrev  0x00008db0       0x14 c:/program files/microchip/xc32/v3.01/bin/bin/../../lib/gcc/pic32c/8.3.1/thumb/v7e-m+dp/hard\libgcc.a(_arm_addsubdf3.o)
 .debug_abbrev  0x00008dc4      0x16d c:/program files/microchip/xc32/v3.01/bin/bin/../../lib/gcc/pic32c/8.3.1/thumb/v7e-m+dp/hard\libgcc.a(_fixdfdi.o)
 .debug_abbrev  0x00008f31      0x153 c:/program files/microchip/xc32/v3.01/bin/bin/../../lib/gcc/pic32c/8.3.1/thumb/v7e-m+dp/hard\libgcc.a(_fixunsdfdi.o)

.debug_loc      0x00000000    0x236d5
 .debug_loc     0x00000000      0xbcf build/sam_e70_xult/debug/_ext/957281314/drv_i2c.o
 .debug_loc     0x00000bcf       0x45 build/sam_e70_xult/debug/_ext/1565510230/drv_sdmmc_file_system.o
 .debug_loc     0x00000c14     0x22e1 build/sam_e70_xult/debug/_ext/1565510230/drv_sdmmc.o
 .debug_loc     0x00002ef5      0xca0 build/sam_e70_xult/debug/_ext/716655881/drv_usart.o
 .debug_loc     0x00003b95      0x727 build/sam_e70_xult/debug/_ext/1613695899/osal_freertos.o
 .debug_loc     0x000042bc      0x611 build/sam_e70_xult/debug/_ext/1055499099/plib_efc.o
 .debug_loc     0x000048cd      0x51f build/sam_e70_xult/debug/_ext/719181653/plib_hsmci.o
 .debug_loc     0x00004dec      0x37a build/sam_e70_xult/debug/_ext/1639550079/plib_nvic.o
 .debug_loc     0x00005166      0x33e build/sam_e70_xult/debug/_ext/1055488423/plib_pio.o
 .debug_loc     0x000054a4      0x197 build/sam_e70_xult/debug/_ext/1055487991/plib_pwm0.o
 .debug_loc     0x0000563b       0x46 build/sam_e70_xult/debug/_ext/865331892/plib_tc3.o
 .debug_loc     0x00005681      0x6b3 build/sam_e70_xult/debug/_ext/1539215101/plib_twihs0_master.o
 .debug_loc     0x00005d34      0x631 build/sam_e70_xult/debug/_ext/707186936/plib_usart1.o
 .debug_loc     0x00006365      0x631 build/sam_e70_xult/debug/_ext/707186936/plib_usart0.o
 .debug_loc     0x00006996      0x631 build/sam_e70_xult/debug/_ext/707186936/plib_usart2.o
 .debug_loc     0x00006fc7      0x38b build/sam_e70_xult/debug/_ext/704852250/plib_xdmac.o
 .debug_loc     0x00007352       0x25 build/sam_e70_xult/debug/_ext/1518761459/xc32_monitor.o
 .debug_loc     0x00007377      0x6bb build/sam_e70_xult/debug/_ext/876653320/sys_cache.o
 .debug_loc     0x00007a32     0xa0a1 build/sam_e70_xult/debug/_ext/1043829778/ff.o
 .debug_loc     0x00011ad3      0x52d build/sam_e70_xult/debug/_ext/1043829778/ffunicode.o
 .debug_loc     0x00012000      0x99b build/sam_e70_xult/debug/_ext/1893760823/diskio.o
 .debug_loc     0x0001299b     0x4bf4 build/sam_e70_xult/debug/_ext/1305476372/sys_fs.o
 .debug_loc     0x0001758f     0x16a5 build/sam_e70_xult/debug/_ext/1305476372/sys_fs_media_manager.o
 .debug_loc     0x00018c34     0x1c7a build/sam_e70_xult/debug/_ext/1305476372/sys_fs_fat_interface.o
 .debug_loc     0x0001a8ae      0x182 build/sam_e70_xult/debug/_ext/766002106/sys_int.o
 .debug_loc     0x0001aa30     0x22b8 build/sam_e70_xult/debug/_ext/327803284/sys_time.o
 .debug_loc     0x0001cce8       0x45 build/sam_e70_xult/debug/_ext/1728594169/initialization.o
 .debug_loc     0x0001cd2d       0xa7 build/sam_e70_xult/debug/_ext/1728594169/startup_xc32.o
 .debug_loc     0x0001cdd4       0x82 build/sam_e70_xult/debug/_ext/1728594169/freertos_hooks.o
 .debug_loc     0x0001ce56      0x2a5 build/sam_e70_xult/debug/_ext/1728594169/tasks.o
 .debug_loc     0x0001d0fb      0x13a build/sam_e70_xult/debug/_ext/977623654/port.o
 .debug_loc     0x0001d235       0x80 build/sam_e70_xult/debug/_ext/1665200909/heap_1.o
 .debug_loc     0x0001d2b5       0xbf build/sam_e70_xult/debug/_ext/404212886/list.o
 .debug_loc     0x0001d374     0x16e4 build/sam_e70_xult/debug/_ext/404212886/queue.o
 .debug_loc     0x0001ea58     0x211d build/sam_e70_xult/debug/_ext/404212886/FreeRTOS_tasks.o
 .debug_loc     0x00020b75       0x20 build/sam_e70_xult/debug/_ext/1360937237/main.o
 .debug_loc     0x00020b95      0x29a build/sam_e70_xult/debug/_ext/1360937237/app_communication.o
 .debug_loc     0x00020e2f       0x89 build/sam_e70_xult/debug/_ext/1360937237/app_mast_control.o
 .debug_loc     0x00020eb8      0x135 build/sam_e70_xult/debug/_ext/1360937237/app_rudder_control.o
 .debug_loc     0x00020fed      0xba6 build/sam_e70_xult/debug/_ext/1360937237/app_anemometer.o
 .debug_loc     0x00021b93      0x6c7 build/sam_e70_xult/debug/_ext/1360937237/app_gps.o
 .debug_loc     0x0002225a      0x2ed build/sam_e70_xult/debug/_ext/1360937237/app_imu.o
 .debug_loc     0x00022547       0x5c build/sam_e70_xult/debug/_ext/1360937237/app_test_wind.o
 .debug_loc     0x000225a3       0x14 c:/program files/microchip/xc32/v3.01/bin/bin/../../lib/gcc/pic32c/8.3.1/../../../../pic32c/lib/thumb/v7e-m+dp/hard\libpic32c.a(data_init.o)
 .debug_loc     0x000225b7     0x1041 c:/program files/microchip/xc32/v3.01/bin/bin/../../lib/gcc/pic32c/8.3.1/thumb/v7e-m+dp/hard\libgcc.a(_udivmoddi4.o)
 .debug_loc     0x000235f8       0x14 c:/program files/microchip/xc32/v3.01/bin/bin/../../lib/gcc/pic32c/8.3.1/../../../../pic32c/lib/thumb/v7e-m+dp/hard\libpic32c.a(read.o)
 .debug_loc     0x0002360c       0x14 c:/program files/microchip/xc32/v3.01/bin/bin/../../lib/gcc/pic32c/8.3.1/../../../../pic32c/lib/thumb/v7e-m+dp/hard\libpic32c.a(write.o)
 .debug_loc     0x00023620       0x72 c:/program files/microchip/xc32/v3.01/bin/bin/../../lib/gcc/pic32c/8.3.1/thumb/v7e-m+dp/hard\libgcc.a(_fixdfdi.o)
 .debug_loc     0x00023692       0x43 c:/program files/microchip/xc32/v3.01/bin/bin/../../lib/gcc/pic32c/8.3.1/thumb/v7e-m+dp/hard\libgcc.a(_fixunsdfdi.o)

.debug_aranges  0x00000000     0x18a0
 .debug_aranges
                0x00000000       0x78 build/sam_e70_xult/debug/_ext/957281314/drv_i2c.o
 .debug_aranges
                0x00000078       0x20 build/sam_e70_xult/debug/_ext/1565510230/drv_sdmmc_file_system.o
 .debug_aranges
                0x00000098       0xb0 build/sam_e70_xult/debug/_ext/1565510230/drv_sdmmc.o
 .debug_aranges
                0x00000148       0x70 build/sam_e70_xult/debug/_ext/716655881/drv_usart.o
 .debug_aranges
                0x000001b8       0x90 build/sam_e70_xult/debug/_ext/1613695899/osal_freertos.o
 .debug_aranges
                0x00000248       0x20 build/sam_e70_xult/debug/_ext/1055500827/plib_clk.o
 .debug_aranges
                0x00000268       0x70 build/sam_e70_xult/debug/_ext/1055499099/plib_efc.o
 .debug_aranges
                0x000002d8       0x98 build/sam_e70_xult/debug/_ext/719181653/plib_hsmci.o
 .debug_aranges
                0x00000370       0x38 build/sam_e70_xult/debug/_ext/1639550079/plib_nvic.o
 .debug_aranges
                0x000003a8       0x98 build/sam_e70_xult/debug/_ext/1055488423/plib_pio.o
 .debug_aranges
                0x00000440       0x90 build/sam_e70_xult/debug/_ext/1055487991/plib_pwm0.o
 .debug_aranges
                0x000004d0       0x68 build/sam_e70_xult/debug/_ext/865331892/plib_tc3.o
 .debug_aranges
                0x00000538       0x70 build/sam_e70_xult/debug/_ext/1539215101/plib_twihs0_master.o
 .debug_aranges
                0x000005a8       0x88 build/sam_e70_xult/debug/_ext/707186936/plib_usart1.o
 .debug_aranges
                0x00000630       0x88 build/sam_e70_xult/debug/_ext/707186936/plib_usart0.o
 .debug_aranges
                0x000006b8       0x88 build/sam_e70_xult/debug/_ext/707186936/plib_usart2.o
 .debug_aranges
                0x00000740       0x78 build/sam_e70_xult/debug/_ext/704852250/plib_xdmac.o
 .debug_aranges
                0x000007b8       0x28 build/sam_e70_xult/debug/_ext/1518761459/xc32_monitor.o
 .debug_aranges
                0x000007e0       0x80 build/sam_e70_xult/debug/_ext/876653320/sys_cache.o
 .debug_aranges
                0x00000860      0x220 build/sam_e70_xult/debug/_ext/1043829778/ff.o
 .debug_aranges
                0x00000a80       0x30 build/sam_e70_xult/debug/_ext/1043829778/ffunicode.o
 .debug_aranges
                0x00000ab0       0x60 build/sam_e70_xult/debug/_ext/1893760823/diskio.o
 .debug_aranges
                0x00000b10      0x170 build/sam_e70_xult/debug/_ext/1305476372/sys_fs.o
 .debug_aranges
                0x00000c80       0x98 build/sam_e70_xult/debug/_ext/1305476372/sys_fs_media_manager.o
 .debug_aranges
                0x00000d18      0x130 build/sam_e70_xult/debug/_ext/1305476372/sys_fs_fat_interface.o
 .debug_aranges
                0x00000e48       0x40 build/sam_e70_xult/debug/_ext/766002106/sys_int.o
 .debug_aranges
                0x00000e88      0x130 build/sam_e70_xult/debug/_ext/327803284/sys_time.o
 .debug_aranges
                0x00000fb8       0x20 build/sam_e70_xult/debug/_ext/1728594169/initialization.o
 .debug_aranges
                0x00000fd8       0x20 build/sam_e70_xult/debug/_ext/1728594169/interrupts.o
 .debug_aranges
                0x00000ff8       0x48 build/sam_e70_xult/debug/_ext/1728594169/exceptions.o
 .debug_aranges
                0x00001040       0x28 build/sam_e70_xult/debug/_ext/1728594169/startup_xc32.o
 .debug_aranges
                0x00001068       0x40 build/sam_e70_xult/debug/_ext/1728594169/freertos_hooks.o
 .debug_aranges
                0x000010a8       0x68 build/sam_e70_xult/debug/_ext/1728594169/tasks.o
 .debug_aranges
                0x00001110       0x78 build/sam_e70_xult/debug/_ext/977623654/port.o
 .debug_aranges
                0x00001188       0x38 build/sam_e70_xult/debug/_ext/1665200909/heap_1.o
 .debug_aranges
                0x000011c0       0x40 build/sam_e70_xult/debug/_ext/404212886/list.o
 .debug_aranges
                0x00001200       0xc8 build/sam_e70_xult/debug/_ext/404212886/queue.o
 .debug_aranges
                0x000012c8      0x178 build/sam_e70_xult/debug/_ext/404212886/FreeRTOS_tasks.o
 .debug_aranges
                0x00001440       0x20 build/sam_e70_xult/debug/_ext/1360937237/main.o
 .debug_aranges
                0x00001460       0x40 build/sam_e70_xult/debug/_ext/1360937237/app_communication.o
 .debug_aranges
                0x000014a0       0x48 build/sam_e70_xult/debug/_ext/1360937237/app_mast_control.o
 .debug_aranges
                0x000014e8       0x38 build/sam_e70_xult/debug/_ext/1360937237/app_rudder_control.o
 .debug_aranges
                0x00001520       0x40 build/sam_e70_xult/debug/_ext/1360937237/app_anemometer.o
 .debug_aranges
                0x00001560       0x60 build/sam_e70_xult/debug/_ext/1360937237/app_gps.o
 .debug_aranges
                0x000015c0       0x38 build/sam_e70_xult/debug/_ext/1360937237/app_imu.o
 .debug_aranges
                0x000015f8       0x28 build/sam_e70_xult/debug/_ext/1360937237/app_test_wind.o
 .debug_aranges
                0x00001620       0x20 c:/program files/microchip/xc32/v3.01/bin/bin/../../lib/gcc/pic32c/8.3.1/../../../../pic32c/lib/thumb/v7e-m+dp/hard\libpic32c.a(data_init.o)
 .debug_aranges
                0x00001640       0x20 c:/program files/microchip/xc32/v3.01/bin/bin/../../lib/gcc/pic32c/8.3.1/thumb/v7e-m+dp/hard\libgcc.a(_aeabi_uldivmod.o)
 .debug_aranges
                0x00001660       0x20 c:/program files/microchip/xc32/v3.01/bin/bin/../../lib/gcc/pic32c/8.3.1/thumb/v7e-m+dp/hard\libgcc.a(_udivmoddi4.o)
 .debug_aranges
                0x00001680       0x20 c:/program files/microchip/xc32/v3.01/bin/bin/../../lib/gcc/pic32c/8.3.1/thumb/v7e-m+dp/hard\libgcc.a(_dvmd_tls.o)
 .debug_aranges
                0x000016a0       0x20 c:/program files/microchip/xc32/v3.01/bin/bin/../../lib/gcc/pic32c/8.3.1/../../../../pic32c/lib/thumb/v7e-m+dp/hard\libpic32c.a(_close.o)
 .debug_aranges
                0x000016c0       0x20 c:/program files/microchip/xc32/v3.01/bin/bin/../../lib/gcc/pic32c/8.3.1/../../../../pic32c/lib/thumb/v7e-m+dp/hard\libpic32c.a(_fstat.o)
 .debug_aranges
                0x000016e0       0x20 c:/program files/microchip/xc32/v3.01/bin/bin/../../lib/gcc/pic32c/8.3.1/../../../../pic32c/lib/thumb/v7e-m+dp/hard\libpic32c.a(_isatty.o)
 .debug_aranges
                0x00001700       0x20 c:/program files/microchip/xc32/v3.01/bin/bin/../../lib/gcc/pic32c/8.3.1/../../../../pic32c/lib/thumb/v7e-m+dp/hard\libpic32c.a(_lseek.o)
 .debug_aranges
                0x00001720       0x20 c:/program files/microchip/xc32/v3.01/bin/bin/../../lib/gcc/pic32c/8.3.1/../../../../pic32c/lib/thumb/v7e-m+dp/hard\libpic32c.a(_read.o)
 .debug_aranges
                0x00001740       0x20 c:/program files/microchip/xc32/v3.01/bin/bin/../../lib/gcc/pic32c/8.3.1/../../../../pic32c/lib/thumb/v7e-m+dp/hard\libpic32c.a(sbrk.o)
 .debug_aranges
                0x00001760       0x20 c:/program files/microchip/xc32/v3.01/bin/bin/../../lib/gcc/pic32c/8.3.1/../../../../pic32c/lib/thumb/v7e-m+dp/hard\libpic32c.a(_write.o)
 .debug_aranges
                0x00001780       0x20 c:/program files/microchip/xc32/v3.01/bin/bin/../../lib/gcc/pic32c/8.3.1/../../../../pic32c/lib/thumb/v7e-m+dp/hard\libpic32c.a(close.o)
 .debug_aranges
                0x000017a0       0x20 c:/program files/microchip/xc32/v3.01/bin/bin/../../lib/gcc/pic32c/8.3.1/../../../../pic32c/lib/thumb/v7e-m+dp/hard\libpic32c.a(fstat.o)
 .debug_aranges
                0x000017c0       0x20 c:/program files/microchip/xc32/v3.01/bin/bin/../../lib/gcc/pic32c/8.3.1/../../../../pic32c/lib/thumb/v7e-m+dp/hard\libpic32c.a(isatty.o)
 .debug_aranges
                0x000017e0       0x20 c:/program files/microchip/xc32/v3.01/bin/bin/../../lib/gcc/pic32c/8.3.1/../../../../pic32c/lib/thumb/v7e-m+dp/hard\libpic32c.a(lseek.o)
 .debug_aranges
                0x00001800       0x20 c:/program files/microchip/xc32/v3.01/bin/bin/../../lib/gcc/pic32c/8.3.1/../../../../pic32c/lib/thumb/v7e-m+dp/hard\libpic32c.a(read.o)
 .debug_aranges
                0x00001820       0x20 c:/program files/microchip/xc32/v3.01/bin/bin/../../lib/gcc/pic32c/8.3.1/../../../../pic32c/lib/thumb/v7e-m+dp/hard\libpic32c.a(write.o)
 .debug_aranges
                0x00001840       0x20 c:/program files/microchip/xc32/v3.01/bin/bin/../../lib/gcc/pic32c/8.3.1/thumb/v7e-m+dp/hard\libgcc.a(_arm_addsubdf3.o)
 .debug_aranges
                0x00001860       0x20 c:/program files/microchip/xc32/v3.01/bin/bin/../../lib/gcc/pic32c/8.3.1/thumb/v7e-m+dp/hard\libgcc.a(_fixdfdi.o)
 .debug_aranges
                0x00001880       0x20 c:/program files/microchip/xc32/v3.01/bin/bin/../../lib/gcc/pic32c/8.3.1/thumb/v7e-m+dp/hard\libgcc.a(_fixunsdfdi.o)

.debug_ranges   0x00000000     0x1b98
 .debug_ranges  0x00000000       0x68 build/sam_e70_xult/debug/_ext/957281314/drv_i2c.o
 .debug_ranges  0x00000068       0x10 build/sam_e70_xult/debug/_ext/1565510230/drv_sdmmc_file_system.o
 .debug_ranges  0x00000078       0xe8 build/sam_e70_xult/debug/_ext/1565510230/drv_sdmmc.o
 .debug_ranges  0x00000160       0x78 build/sam_e70_xult/debug/_ext/716655881/drv_usart.o
 .debug_ranges  0x000001d8       0x80 build/sam_e70_xult/debug/_ext/1613695899/osal_freertos.o
 .debug_ranges  0x00000258       0x10 build/sam_e70_xult/debug/_ext/1055500827/plib_clk.o
 .debug_ranges  0x00000268       0x90 build/sam_e70_xult/debug/_ext/1055499099/plib_efc.o
 .debug_ranges  0x000002f8       0x88 build/sam_e70_xult/debug/_ext/719181653/plib_hsmci.o
 .debug_ranges  0x00000380       0x28 build/sam_e70_xult/debug/_ext/1639550079/plib_nvic.o
 .debug_ranges  0x000003a8       0x88 build/sam_e70_xult/debug/_ext/1055488423/plib_pio.o
 .debug_ranges  0x00000430       0x80 build/sam_e70_xult/debug/_ext/1055487991/plib_pwm0.o
 .debug_ranges  0x000004b0       0x58 build/sam_e70_xult/debug/_ext/865331892/plib_tc3.o
 .debug_ranges  0x00000508       0x60 build/sam_e70_xult/debug/_ext/1539215101/plib_twihs0_master.o
 .debug_ranges  0x00000568       0x78 build/sam_e70_xult/debug/_ext/707186936/plib_usart1.o
 .debug_ranges  0x000005e0       0x78 build/sam_e70_xult/debug/_ext/707186936/plib_usart0.o
 .debug_ranges  0x00000658       0x78 build/sam_e70_xult/debug/_ext/707186936/plib_usart2.o
 .debug_ranges  0x000006d0       0x68 build/sam_e70_xult/debug/_ext/704852250/plib_xdmac.o
 .debug_ranges  0x00000738       0x18 build/sam_e70_xult/debug/_ext/1518761459/xc32_monitor.o
 .debug_ranges  0x00000750       0xe8 build/sam_e70_xult/debug/_ext/876653320/sys_cache.o
 .debug_ranges  0x00000838      0x430 build/sam_e70_xult/debug/_ext/1043829778/ff.o
 .debug_ranges  0x00000c68       0x20 build/sam_e70_xult/debug/_ext/1043829778/ffunicode.o
 .debug_ranges  0x00000c88       0x68 build/sam_e70_xult/debug/_ext/1893760823/diskio.o
 .debug_ranges  0x00000cf0      0x160 build/sam_e70_xult/debug/_ext/1305476372/sys_fs.o
 .debug_ranges  0x00000e50      0x110 build/sam_e70_xult/debug/_ext/1305476372/sys_fs_media_manager.o
 .debug_ranges  0x00000f60      0x150 build/sam_e70_xult/debug/_ext/1305476372/sys_fs_fat_interface.o
 .debug_ranges  0x000010b0       0x48 build/sam_e70_xult/debug/_ext/766002106/sys_int.o
 .debug_ranges  0x000010f8      0x168 build/sam_e70_xult/debug/_ext/327803284/sys_time.o
 .debug_ranges  0x00001260       0x10 build/sam_e70_xult/debug/_ext/1728594169/initialization.o
 .debug_ranges  0x00001270       0x10 build/sam_e70_xult/debug/_ext/1728594169/interrupts.o
 .debug_ranges  0x00001280       0x38 build/sam_e70_xult/debug/_ext/1728594169/exceptions.o
 .debug_ranges  0x000012b8       0x48 build/sam_e70_xult/debug/_ext/1728594169/startup_xc32.o
 .debug_ranges  0x00001300       0x30 build/sam_e70_xult/debug/_ext/1728594169/freertos_hooks.o
 .debug_ranges  0x00001330       0x58 build/sam_e70_xult/debug/_ext/1728594169/tasks.o
 .debug_ranges  0x00001388       0x68 build/sam_e70_xult/debug/_ext/977623654/port.o
 .debug_ranges  0x000013f0       0x28 build/sam_e70_xult/debug/_ext/1665200909/heap_1.o
 .debug_ranges  0x00001418       0x30 build/sam_e70_xult/debug/_ext/404212886/list.o
 .debug_ranges  0x00001448      0x180 build/sam_e70_xult/debug/_ext/404212886/queue.o
 .debug_ranges  0x000015c8      0x288 build/sam_e70_xult/debug/_ext/404212886/FreeRTOS_tasks.o
 .debug_ranges  0x00001850       0x10 build/sam_e70_xult/debug/_ext/1360937237/main.o
 .debug_ranges  0x00001860       0x30 build/sam_e70_xult/debug/_ext/1360937237/app_communication.o
 .debug_ranges  0x00001890       0x38 build/sam_e70_xult/debug/_ext/1360937237/app_mast_control.o
 .debug_ranges  0x000018c8       0x58 build/sam_e70_xult/debug/_ext/1360937237/app_rudder_control.o
 .debug_ranges  0x00001920       0x30 build/sam_e70_xult/debug/_ext/1360937237/app_anemometer.o
 .debug_ranges  0x00001950       0x50 build/sam_e70_xult/debug/_ext/1360937237/app_gps.o
 .debug_ranges  0x000019a0       0x28 build/sam_e70_xult/debug/_ext/1360937237/app_imu.o
 .debug_ranges  0x000019c8       0x18 build/sam_e70_xult/debug/_ext/1360937237/app_test_wind.o
 .debug_ranges  0x000019e0       0x10 c:/program files/microchip/xc32/v3.01/bin/bin/../../lib/gcc/pic32c/8.3.1/../../../../pic32c/lib/thumb/v7e-m+dp/hard\libpic32c.a(data_init.o)
 .debug_ranges  0x000019f0       0xd8 c:/program files/microchip/xc32/v3.01/bin/bin/../../lib/gcc/pic32c/8.3.1/thumb/v7e-m+dp/hard\libgcc.a(_udivmoddi4.o)
 .debug_ranges  0x00001ac8       0x10 c:/program files/microchip/xc32/v3.01/bin/bin/../../lib/gcc/pic32c/8.3.1/../../../../pic32c/lib/thumb/v7e-m+dp/hard\libpic32c.a(_close.o)
 .debug_ranges  0x00001ad8       0x10 c:/program files/microchip/xc32/v3.01/bin/bin/../../lib/gcc/pic32c/8.3.1/../../../../pic32c/lib/thumb/v7e-m+dp/hard\libpic32c.a(_fstat.o)
 .debug_ranges  0x00001ae8       0x10 c:/program files/microchip/xc32/v3.01/bin/bin/../../lib/gcc/pic32c/8.3.1/../../../../pic32c/lib/thumb/v7e-m+dp/hard\libpic32c.a(_isatty.o)
 .debug_ranges  0x00001af8       0x10 c:/program files/microchip/xc32/v3.01/bin/bin/../../lib/gcc/pic32c/8.3.1/../../../../pic32c/lib/thumb/v7e-m+dp/hard\libpic32c.a(_lseek.o)
 .debug_ranges  0x00001b08       0x10 c:/program files/microchip/xc32/v3.01/bin/bin/../../lib/gcc/pic32c/8.3.1/../../../../pic32c/lib/thumb/v7e-m+dp/hard\libpic32c.a(_read.o)
 .debug_ranges  0x00001b18       0x10 c:/program files/microchip/xc32/v3.01/bin/bin/../../lib/gcc/pic32c/8.3.1/../../../../pic32c/lib/thumb/v7e-m+dp/hard\libpic32c.a(sbrk.o)
 .debug_ranges  0x00001b28       0x10 c:/program files/microchip/xc32/v3.01/bin/bin/../../lib/gcc/pic32c/8.3.1/../../../../pic32c/lib/thumb/v7e-m+dp/hard\libpic32c.a(_write.o)
 .debug_ranges  0x00001b38       0x10 c:/program files/microchip/xc32/v3.01/bin/bin/../../lib/gcc/pic32c/8.3.1/../../../../pic32c/lib/thumb/v7e-m+dp/hard\libpic32c.a(close.o)
 .debug_ranges  0x00001b48       0x10 c:/program files/microchip/xc32/v3.01/bin/bin/../../lib/gcc/pic32c/8.3.1/../../../../pic32c/lib/thumb/v7e-m+dp/hard\libpic32c.a(fstat.o)
 .debug_ranges  0x00001b58       0x10 c:/program files/microchip/xc32/v3.01/bin/bin/../../lib/gcc/pic32c/8.3.1/../../../../pic32c/lib/thumb/v7e-m+dp/hard\libpic32c.a(isatty.o)
 .debug_ranges  0x00001b68       0x10 c:/program files/microchip/xc32/v3.01/bin/bin/../../lib/gcc/pic32c/8.3.1/../../../../pic32c/lib/thumb/v7e-m+dp/hard\libpic32c.a(lseek.o)
 .debug_ranges  0x00001b78       0x10 c:/program files/microchip/xc32/v3.01/bin/bin/../../lib/gcc/pic32c/8.3.1/../../../../pic32c/lib/thumb/v7e-m+dp/hard\libpic32c.a(read.o)
 .debug_ranges  0x00001b88       0x10 c:/program files/microchip/xc32/v3.01/bin/bin/../../lib/gcc/pic32c/8.3.1/../../../../pic32c/lib/thumb/v7e-m+dp/hard\libpic32c.a(write.o)

.debug_line     0x00000000    0x1c3ad
 .debug_line    0x00000000      0x851 build/sam_e70_xult/debug/_ext/957281314/drv_i2c.o
 .debug_line    0x00000851      0x206 build/sam_e70_xult/debug/_ext/1565510230/drv_sdmmc_file_system.o
 .debug_line    0x00000a57     0x1ea0 build/sam_e70_xult/debug/_ext/1565510230/drv_sdmmc.o
 .debug_line    0x000028f7      0x8e9 build/sam_e70_xult/debug/_ext/716655881/drv_usart.o
 .debug_line    0x000031e0      0x4e1 build/sam_e70_xult/debug/_ext/1613695899/osal_freertos.o
 .debug_line    0x000036c1      0x208 build/sam_e70_xult/debug/_ext/1055500827/plib_clk.o
 .debug_line    0x000038c9      0x49a build/sam_e70_xult/debug/_ext/1055499099/plib_efc.o
 .debug_line    0x00003d63      0x825 build/sam_e70_xult/debug/_ext/719181653/plib_hsmci.o
 .debug_line    0x00004588      0x57d build/sam_e70_xult/debug/_ext/1639550079/plib_nvic.o
 .debug_line    0x00004b05      0x626 build/sam_e70_xult/debug/_ext/1055488423/plib_pio.o
 .debug_line    0x0000512b      0x3b6 build/sam_e70_xult/debug/_ext/1055487991/plib_pwm0.o
 .debug_line    0x000054e1      0x2b4 build/sam_e70_xult/debug/_ext/865331892/plib_tc3.o
 .debug_line    0x00005795      0x827 build/sam_e70_xult/debug/_ext/1539215101/plib_twihs0_master.o
 .debug_line    0x00005fbc      0x730 build/sam_e70_xult/debug/_ext/707186936/plib_usart1.o
 .debug_line    0x000066ec      0x730 build/sam_e70_xult/debug/_ext/707186936/plib_usart0.o
 .debug_line    0x00006e1c      0x730 build/sam_e70_xult/debug/_ext/707186936/plib_usart2.o
 .debug_line    0x0000754c      0x4bf build/sam_e70_xult/debug/_ext/704852250/plib_xdmac.o
 .debug_line    0x00007a0b       0x82 build/sam_e70_xult/debug/_ext/1518761459/xc32_monitor.o
 .debug_line    0x00007a8d      0xb33 build/sam_e70_xult/debug/_ext/876653320/sys_cache.o
 .debug_line    0x000085c0     0x4d60 build/sam_e70_xult/debug/_ext/1043829778/ff.o
 .debug_line    0x0000d320      0x323 build/sam_e70_xult/debug/_ext/1043829778/ffunicode.o
 .debug_line    0x0000d643      0x5f0 build/sam_e70_xult/debug/_ext/1893760823/diskio.o
 .debug_line    0x0000dc33     0x274a build/sam_e70_xult/debug/_ext/1305476372/sys_fs.o
 .debug_line    0x0001037d      0xeba build/sam_e70_xult/debug/_ext/1305476372/sys_fs_media_manager.o
 .debug_line    0x00011237      0xa3d build/sam_e70_xult/debug/_ext/1305476372/sys_fs_fat_interface.o
 .debug_line    0x00011c74      0x31d build/sam_e70_xult/debug/_ext/766002106/sys_int.o
 .debug_line    0x00011f91     0x12a4 build/sam_e70_xult/debug/_ext/327803284/sys_time.o
 .debug_line    0x00013235      0x9eb build/sam_e70_xult/debug/_ext/1728594169/initialization.o
 .debug_line    0x00013c20      0x382 build/sam_e70_xult/debug/_ext/1728594169/interrupts.o
 .debug_line    0x00013fa2      0x3ce build/sam_e70_xult/debug/_ext/1728594169/exceptions.o
 .debug_line    0x00014370      0x4b9 build/sam_e70_xult/debug/_ext/1728594169/startup_xc32.o
 .debug_line    0x00014829      0x22d build/sam_e70_xult/debug/_ext/1728594169/freertos_hooks.o
 .debug_line    0x00014a56      0x582 build/sam_e70_xult/debug/_ext/1728594169/tasks.o
 .debug_line    0x00014fd8      0x3a9 build/sam_e70_xult/debug/_ext/977623654/port.o
 .debug_line    0x00015381      0x2d8 build/sam_e70_xult/debug/_ext/1665200909/heap_1.o
 .debug_line    0x00015659      0x3cf build/sam_e70_xult/debug/_ext/404212886/list.o
 .debug_line    0x00015a28      0xf83 build/sam_e70_xult/debug/_ext/404212886/queue.o
 .debug_line    0x000169ab     0x1813 build/sam_e70_xult/debug/_ext/404212886/FreeRTOS_tasks.o
 .debug_line    0x000181be      0x357 build/sam_e70_xult/debug/_ext/1360937237/main.o
 .debug_line    0x00018515      0x387 build/sam_e70_xult/debug/_ext/1360937237/app_communication.o
 .debug_line    0x0001889c      0x636 build/sam_e70_xult/debug/_ext/1360937237/app_mast_control.o
 .debug_line    0x00018ed2      0x66c build/sam_e70_xult/debug/_ext/1360937237/app_rudder_control.o
 .debug_line    0x0001953e      0x5fa build/sam_e70_xult/debug/_ext/1360937237/app_anemometer.o
 .debug_line    0x00019b38      0x793 build/sam_e70_xult/debug/_ext/1360937237/app_gps.o
 .debug_line    0x0001a2cb      0x543 build/sam_e70_xult/debug/_ext/1360937237/app_imu.o
 .debug_line    0x0001a80e      0x3ba build/sam_e70_xult/debug/_ext/1360937237/app_test_wind.o
 .debug_line    0x0001abc8      0x110 c:/program files/microchip/xc32/v3.01/bin/bin/../../lib/gcc/pic32c/8.3.1/../../../../pic32c/lib/thumb/v7e-m+dp/hard\libpic32c.a(data_init.o)
 .debug_line    0x0001acd8       0x9c c:/program files/microchip/xc32/v3.01/bin/bin/../../lib/gcc/pic32c/8.3.1/thumb/v7e-m+dp/hard\libgcc.a(_aeabi_uldivmod.o)
 .debug_line    0x0001ad74      0x57e c:/program files/microchip/xc32/v3.01/bin/bin/../../lib/gcc/pic32c/8.3.1/thumb/v7e-m+dp/hard\libgcc.a(_udivmoddi4.o)
 .debug_line    0x0001b2f2       0x9c c:/program files/microchip/xc32/v3.01/bin/bin/../../lib/gcc/pic32c/8.3.1/thumb/v7e-m+dp/hard\libgcc.a(_dvmd_tls.o)
 .debug_line    0x0001b38e       0x9f c:/program files/microchip/xc32/v3.01/bin/bin/../../lib/gcc/pic32c/8.3.1/../../../../pic32c/lib/thumb/v7e-m+dp/hard\libpic32c.a(_close.o)
 .debug_line    0x0001b42d       0x9f c:/program files/microchip/xc32/v3.01/bin/bin/../../lib/gcc/pic32c/8.3.1/../../../../pic32c/lib/thumb/v7e-m+dp/hard\libpic32c.a(_fstat.o)
 .debug_line    0x0001b4cc       0xa0 c:/program files/microchip/xc32/v3.01/bin/bin/../../lib/gcc/pic32c/8.3.1/../../../../pic32c/lib/thumb/v7e-m+dp/hard\libpic32c.a(_isatty.o)
 .debug_line    0x0001b56c       0x9f c:/program files/microchip/xc32/v3.01/bin/bin/../../lib/gcc/pic32c/8.3.1/../../../../pic32c/lib/thumb/v7e-m+dp/hard\libpic32c.a(_lseek.o)
 .debug_line    0x0001b60b       0x9e c:/program files/microchip/xc32/v3.01/bin/bin/../../lib/gcc/pic32c/8.3.1/../../../../pic32c/lib/thumb/v7e-m+dp/hard\libpic32c.a(_read.o)
 .debug_line    0x0001b6a9       0xb5 c:/program files/microchip/xc32/v3.01/bin/bin/../../lib/gcc/pic32c/8.3.1/../../../../pic32c/lib/thumb/v7e-m+dp/hard\libpic32c.a(sbrk.o)
 .debug_line    0x0001b75e       0x9f c:/program files/microchip/xc32/v3.01/bin/bin/../../lib/gcc/pic32c/8.3.1/../../../../pic32c/lib/thumb/v7e-m+dp/hard\libpic32c.a(_write.o)