Archive member included to satisfy reference by file (symbol)

e:/complier-new/bin/bin/../../lib/gcc/pic32c/8.3.1/../../../../pic32c/lib/thumb/v7e-m+dp/hard\libpic32c.a(data_init.o)
                              build/sam_e70_xult/debug/_ext/1728594169/startup_xc32.o (__pic32c_data_initialization)
e:/complier-new/bin/bin/../../lib/gcc/pic32c/8.3.1/thumb/v7e-m+dp/hard\libgcc.a(_aeabi_uldivmod.o)
                              build/sam_e70_xult/debug/_ext/327803284/sys_time.o (__aeabi_uldivmod)
e:/complier-new/bin/bin/../../lib/gcc/pic32c/8.3.1/thumb/v7e-m+dp/hard\libgcc.a(_udivmoddi4.o)
                              e:/complier-new/bin/bin/../../lib/gcc/pic32c/8.3.1/thumb/v7e-m+dp/hard\libgcc.a(_aeabi_uldivmod.o) (__udivmoddi4)
e:/complier-new/bin/bin/../../lib/gcc/pic32c/8.3.1/thumb/v7e-m+dp/hard\libgcc.a(_dvmd_tls.o)
                              e:/complier-new/bin/bin/../../lib/gcc/pic32c/8.3.1/thumb/v7e-m+dp/hard\libgcc.a(_aeabi_uldivmod.o) (__aeabi_ldiv0)
e:/complier-new/bin/bin/../../lib/gcc/pic32c/8.3.1/../../../../pic32c/lib/thumb/v7e-m+dp/hard\libg_nano.a(lib_a-atof.o)
                              build/sam_e70_xult/debug/_ext/1360937237/app_gps.o (atof)
e:/complier-new/bin/bin/../../lib/gcc/pic32c/8.3.1/../../../../pic32c/lib/thumb/v7e-m+dp/hard\libg_nano.a(lib_a-atoi.o)
                              build/sam_e70_xult/debug/_ext/1360937237/app_gps.o (atoi)
e:/complier-new/bin/bin/../../lib/gcc/pic32c/8.3.1/../../../../pic32c/lib/thumb/v7e-m+dp/hard\libg_nano.a(lib_a-ctype_.o)
                              build/sam_e70_xult/debug/_ext/1360937237/app_anemometer.o (_ctype_)
e:/complier-new/bin/bin/../../lib/gcc/pic32c/8.3.1/../../../../pic32c/lib/thumb/v7e-m+dp/hard\libg_nano.a(lib_a-init.o)
                              build/sam_e70_xult/debug/_ext/1728594169/startup_xc32.o (__libc_init_array)
e:/complier-new/bin/bin/../../lib/gcc/pic32c/8.3.1/../../../../pic32c/lib/thumb/v7e-m+dp/hard\libg_nano.a(lib_a-itoa.o)
                              build/sam_e70_xult/debug/_ext/1360937237/app_rudder_control.o (itoa)
e:/complier-new/bin/bin/../../lib/gcc/pic32c/8.3.1/../../../../pic32c/lib/thumb/v7e-m+dp/hard\libg_nano.a(lib_a-malloc.o)
                              build/sam_e70_xult/debug/_ext/1360937237/app_gps.o (malloc)
e:/complier-new/bin/bin/../../lib/gcc/pic32c/8.3.1/../../../../pic32c/lib/thumb/v7e-m+dp/hard\libg_nano.a(lib_a-memcpy-stub.o)
                              build/sam_e70_xult/debug/_ext/1055499099/plib_efc.o (memcpy)
e:/complier-new/bin/bin/../../lib/gcc/pic32c/8.3.1/../../../../pic32c/lib/thumb/v7e-m+dp/hard\libg_nano.a(lib_a-memmove.o)
                              build/sam_e70_xult/debug/_ext/719181653/plib_hsmci.o (memmove)
e:/complier-new/bin/bin/../../lib/gcc/pic32c/8.3.1/../../../../pic32c/lib/thumb/v7e-m+dp/hard\libg_nano.a(lib_a-memset.o)
                              build/sam_e70_xult/debug/_ext/1565510230/drv_sdmmc.o (memset)
e:/complier-new/bin/bin/../../lib/gcc/pic32c/8.3.1/../../../../pic32c/lib/thumb/v7e-m+dp/hard\libg_nano.a(lib_a-nano-freer.o)
                              e:/complier-new/bin/bin/../../lib/gcc/pic32c/8.3.1/../../../../pic32c/lib/thumb/v7e-m+dp/hard\libg_nano.a(lib_a-malloc.o) (_free_r)
e:/complier-new/bin/bin/../../lib/gcc/pic32c/8.3.1/../../../../pic32c/lib/thumb/v7e-m+dp/hard\libg_nano.a(lib_a-nano-mallocr.o)
                              e:/complier-new/bin/bin/../../lib/gcc/pic32c/8.3.1/../../../../pic32c/lib/thumb/v7e-m+dp/hard\libg_nano.a(lib_a-malloc.o) (_malloc_r)
e:/complier-new/bin/bin/../../lib/gcc/pic32c/8.3.1/../../../../pic32c/lib/thumb/v7e-m+dp/hard\libg_nano.a(lib_a-sbrkr.o)
                              e:/complier-new/bin/bin/../../lib/gcc/pic32c/8.3.1/../../../../pic32c/lib/thumb/v7e-m+dp/hard\libg_nano.a(lib_a-nano-mallocr.o) (_sbrk_r)
e:/complier-new/bin/bin/../../lib/gcc/pic32c/8.3.1/../../../../pic32c/lib/thumb/v7e-m+dp/hard\libg_nano.a(lib_a-strchr.o)
                              build/sam_e70_xult/debug/_ext/1360937237/app_gps.o (strchr)
e:/complier-new/bin/bin/../../lib/gcc/pic32c/8.3.1/../../../../pic32c/lib/thumb/v7e-m+dp/hard\libg_nano.a(lib_a-strcmp.o)
                              build/sam_e70_xult/debug/_ext/1305476372/sys_fs_media_manager.o (strcmp)
e:/complier-new/bin/bin/../../lib/gcc/pic32c/8.3.1/../../../../pic32c/lib/thumb/v7e-m+dp/hard\libg_nano.a(lib_a-strcpy.o)
                              build/sam_e70_xult/debug/_ext/1305476372/sys_fs.o (strcpy)
e:/complier-new/bin/bin/../../lib/gcc/pic32c/8.3.1/../../../../pic32c/lib/thumb/v7e-m+dp/hard\libg_nano.a(lib_a-strlen.o)
                              build/sam_e70_xult/debug/_ext/1305476372/sys_fs.o (strlen)
e:/complier-new/bin/bin/../../lib/gcc/pic32c/8.3.1/../../../../pic32c/lib/thumb/v7e-m+dp/hard\libg_nano.a(lib_a-strncmp.o)
                              build/sam_e70_xult/debug/_ext/1305476372/sys_fs.o (strncmp)
e:/complier-new/bin/bin/../../lib/gcc/pic32c/8.3.1/../../../../pic32c/lib/thumb/v7e-m+dp/hard\libg_nano.a(lib_a-strncpy.o)
[...]
Memory Configuration

Name             Origin             Length             Attributes
rom              0x00400000         0x00200000         xrl
ram              0x20400000         0x00060000         xw !r
itcm             0x00000000         0x00000000         xw
dtcm             0x20000000         0x00000000         xw !r
config_D0000000  0xd0000000         0x00000004
config_D0000008  0xd0000008         0x00000004
config_D0000004  0xd0000004         0x00000004
config_D000000C  0xd000000c         0x00000004
config_D0000010  0xd0000010         0x00000004
*default*        0x00000000         0xffffffff

Linker script and memory map

LOAD e:/complier-new/bin/bin/../../lib/gcc/pic32c/8.3.1/thumb/v7e-m+dp/hard/crti.o
LOAD e:/complier-new/bin/bin/../../lib/gcc/pic32c/8.3.1/thumb/v7e-m+dp/hard/crtbegin.o
LOAD build/sam_e70_xult/debug/_ext/957281314/drv_i2c.o
LOAD build/sam_e70_xult/debug/_ext/1565510230/drv_sdmmc_file_system.o
LOAD build/sam_e70_xult/debug/_ext/1565510230/drv_sdmmc.o
LOAD build/sam_e70_xult/debug/_ext/716655881/drv_usart.o
LOAD build/sam_e70_xult/debug/_ext/1613695899/osal_freertos.o
LOAD build/sam_e70_xult/debug/_ext/1055500827/plib_clk.o
LOAD build/sam_e70_xult/debug/_ext/1055499099/plib_efc.o
LOAD build/sam_e70_xult/debug/_ext/719181653/plib_hsmci.o
LOAD build/sam_e70_xult/debug/_ext/1639550079/plib_nvic.o
LOAD build/sam_e70_xult/debug/_ext/1055488423/plib_pio.o
LOAD build/sam_e70_xult/debug/_ext/1055487991/plib_pwm0.o
LOAD build/sam_e70_xult/debug/_ext/865331892/plib_tc3.o
LOAD build/sam_e70_xult/debug/_ext/1539215101/plib_twihs0_master.o
LOAD build/sam_e70_xult/debug/_ext/707186936/plib_usart1.o
LOAD build/sam_e70_xult/debug/_ext/707186936/plib_usart0.o
LOAD build/sam_e70_xult/debug/_ext/707186936/plib_usart2.o
LOAD build/sam_e70_xult/debug/_ext/704852250/plib_xdmac.o
LOAD build/sam_e70_xult/debug/_ext/1518761459/xc32_monitor.o
LOAD build/sam_e70_xult/debug/_ext/876653320/sys_cache.o
LOAD build/sam_e70_xult/debug/_ext/984150034/sys_dma.o
LOAD build/sam_e70_xult/debug/_ext/1043829778/ff.o
LOAD build/sam_e70_xult/debug/_ext/1043829778/ffunicode.o
LOAD build/sam_e70_xult/debug/_ext/1893760823/diskio.o
LOAD build/sam_e70_xult/debug/_ext/1305476372/sys_fs.o
LOAD build/sam_e70_xult/debug/_ext/1305476372/sys_fs_media_manager.o
LOAD build/sam_e70_xult/debug/_ext/1305476372/sys_fs_fat_interface.o
LOAD build/sam_e70_xult/debug/_ext/766002106/sys_int.o
LOAD build/sam_e70_xult/debug/_ext/327803284/sys_time.o
LOAD build/sam_e70_xult/debug/_ext/1728594169/initialization.o
LOAD build/sam_e70_xult/debug/_ext/1728594169/interrupts.o
LOAD build/sam_e70_xult/debug/_ext/1728594169/exceptions.o
LOAD build/sam_e70_xult/debug/_ext/1728594169/startup_xc32.o
LOAD build/sam_e70_xult/debug/_ext/1728594169/libc_syscalls.o
LOAD build/sam_e70_xult/debug/_ext/1728594169/freertos_hooks.o
LOAD build/sam_e70_xult/debug/_ext/1728594169/tasks.o
LOAD build/sam_e70_xult/debug/_ext/977623654/port.o
LOAD build/sam_e70_xult/debug/_ext/1665200909/heap_1.o
LOAD build/sam_e70_xult/debug/_ext/404212886/croutine.o
LOAD build/sam_e70_xult/debug/_ext/404212886/list.o
LOAD build/sam_e70_xult/debug/_ext/404212886/queue.o
LOAD build/sam_e70_xult/debug/_ext/404212886/FreeRTOS_tasks.o
LOAD build/sam_e70_xult/debug/_ext/404212886/timers.o
LOAD build/sam_e70_xult/debug/_ext/404212886/event_groups.o
LOAD build/sam_e70_xult/debug/_ext/404212886/stream_buffer.o
LOAD build/sam_e70_xult/debug/_ext/1360937237/main.o
LOAD build/sam_e70_xult/debug/_ext/1360937237/app_communication.o
LOAD build/sam_e70_xult/debug/_ext/1360937237/app_mast_control.o
LOAD build/sam_e70_xult/debug/_ext/1360937237/app_course_algorithm.o
LOAD build/sam_e70_xult/debug/_ext/1360937237/app_rudder_control.o
LOAD build/sam_e70_xult/debug/_ext/1360937237/app_anemometer.o
LOAD build/sam_e70_xult/debug/_ext/1360937237/app_gps.o
LOAD build/sam_e70_xult/debug/_ext/1360937237/app_imu.o
                0x00000001                __MPLAB_BUILD = 0x1
                0x00600000                __rom_end = (ORIGIN (rom) + LENGTH (rom))
                0x20460000                __ram_end = (ORIGIN (ram) + LENGTH (ram))

.config_D0000000
                0xd0000000        0x4
 *(.config_D0000000)
 .config_D0000000
                0xd0000000        0x4 build/sam_e70_xult/debug/_ext/1728594169/initialization.o
                0xd0000000                __config_D0000000

.config_D0000008
 *(.config_D0000008)

.config_D0000004
 *(.config_D0000004)

.config_D000000C
 *(.config_D000000C)

.config_D0000010
 *(.config_D0000010)

.vectors        0x00400000      0x168
                0x00400000                . = ALIGN (0x4)
                0x00400000                _sfixed = .
 *(.vectors .vectors.* .vectors_default .vectors_default.*)
 .vectors       0x00400000      0x168 build/sam_e70_xult/debug/_ext/1728594169/interrupts.o
                0x00400000                exception_table
 *(.isr_vector)
 *(.reset*)
 *(.after_vectors)

.text           0x00400168       0x20
                0x00400168                . = ALIGN (0x4)
 *(.glue_7t)
 .glue_7t       0x00400168        0x0 linker stubs
 *(.glue_7)
 .glue_7        0x00400168        0x0 linker stubs
 *(.gnu.linkonce.r.*)
 *(.ARM.extab* .gnu.linkonce.armextab.*)
                0x00400168                . = ALIGN (0x4)
 *(.init)
 .init          0x00400168        0x4 e:/complier-new/bin/bin/../../lib/gcc/pic32c/8.3.1/thumb/v7e-m+dp/hard/crti.o
                0x00400168                _init
 .init          0x0040016c        0x8 e:/complier-new/bin/bin/../../lib/gcc/pic32c/8.3.1/thumb/v7e-m+dp/hard/crtn.o
                0x00400174                . = ALIGN (0x4)
                0x00400174                __preinit_array_start = .
 *(.preinit_array)
                0x00400174                __preinit_array_end = .
                0x00400174                . = ALIGN (0x4)
                0x00400174                __init_array_start = .
 *(SORT_BY_NAME(.init_array.*))
 *(.init_array)
 .init_array    0x00400174        0x4 e:/complier-new/bin/bin/../../lib/gcc/pic32c/8.3.1/thumb/v7e-m+dp/hard/crtbegin.o
                0x00400178                __init_array_end = .
                0x00400178                . = ALIGN (0x4)
 *crtbegin.o(.ctors)
 *(EXCLUDE_FILE(*crtend.o) .ctors)
 *(SORT_BY_NAME(.ctors.*))
 *crtend.o(.ctors)
                0x00400178                . = ALIGN (0x4)
 *(.fini)
 .fini          0x00400178        0x4 e:/complier-new/bin/bin/../../lib/gcc/pic32c/8.3.1/thumb/v7e-m+dp/hard/crti.o
                0x00400178                _fini
 .fini          0x0040017c        0x8 e:/complier-new/bin/bin/../../lib/gcc/pic32c/8.3.1/thumb/v7e-m+dp/hard/crtn.o
                0x00400184                . = ALIGN (0x4)
                0x00400184                __fini_array_start = .
 *(.fini_array)
 .fini_array    0x00400184        0x4 e:/complier-new/bin/bin/../../lib/gcc/pic32c/8.3.1/thumb/v7e-m+dp/hard/crtbegin.o
 *(SORT_BY_NAME(.fini_array.*))
                0x00400188                __fini_array_end = .
 *crtbegin.o(.dtors)
 *(EXCLUDE_FILE(*crtend.o) .dtors)
 *(SORT_BY_NAME(.dtors.*))
 *crtend.o(.dtors)
                0x00400188                . = ALIGN (0x4)
                0x00400188                _efixed = .
                [!provide]                PROVIDE (__exidx_start = .)

.ARM.exidx      0x00400188        0x8
 *(.ARM.exidx* .gnu.linkonce.armexidx.*)
 .ARM.exidx     0x00400188        0x8 e:/complier-new/bin/bin/../../lib/gcc/pic32c/8.3.1/thumb/v7e-m+dp/hard\libgcc.a(_udivmoddi4.o)
                [!provide]                PROVIDE (__exidx_end = .)
                0x00400190                . = ALIGN (0x4)
                0x00400190                _etext = .

.bss            0x20400000      0x8a0
                0x20400000                . = ALIGN (0x4)
                0x20400000                __bss_start__ = .
                0x20400000                _sbss = .
                0x20400000                _szero = .
 *(COMMON)
 COMMON         0x20400000       0x30 build/sam_e70_xult/debug/_ext/1055488423/plib_pio.o
                0x20400000                portPinCbObj
 COMMON         0x20400030        0x8 build/sam_e70_xult/debug/_ext/1055487991/plib_pwm0.o
                0x20400030                PWM0_CallbackObj
 COMMON         0x20400038        0x8 build/sam_e70_xult/debug/_ext/865331892/plib_tc3.o
                0x20400038                TC3_CH0_CallbackObj
 COMMON         0x20400040       0x30 build/sam_e70_xult/debug/_ext/707186936/plib_usart1.o
                0x20400040                usart1Obj
 COMMON         0x20400070       0x30 build/sam_e70_xult/debug/_ext/707186936/plib_usart0.o
                0x20400070                usart0Obj
 COMMON         0x204000a0       0x30 build/sam_e70_xult/debug/_ext/707186936/plib_usart2.o
                0x204000a0                usart2Obj
 COMMON         0x204000d0       0x10 build/sam_e70_xult/debug/_ext/704852250/plib_xdmac.o
                0x204000d0                xdmacChannelObj
 COMMON         0x204000e0      0x178 build/sam_e70_xult/debug/_ext/1305476372/sys_fs.o
                0x204000e0                gSysFsMutex
                0x20400100                gSYSFSFileObj
                0x20400220                gSYSFSDirObj
                0x20400230                gSYSFSCurrentMountPoint
                0x20400238                gSYSFSObj
                0x20400240                errorValue
                0x20400244                gSYSFSMountPoint
 *fill*         0x20400258        0x8 
 COMMON         0x20400260      0x25c build/sam_e70_xult/debug/_ext/1305476372/sys_fs_media_manager.o
                0x20400260                gSYSFSMediaObject
                0x20400288                VolToPart
                0x204002a0                gSYSFSMediaBuffer
                0x204004a0                gSYSFSVolumeObject
 COMMON         0x204004bc       0x18 build/sam_e70_xult/debug/_ext/1728594169/initialization.o
                0x204004bc                sysObj
 COMMON         0x204004d4       0x1c build/sam_e70_xult/debug/_ext/1728594169/tasks.o
                0x204004d4                xAPP_RUDDER_CONTROL_Tasks
                0x204004d8                xAPP_COURSE_ALGORITHM_Tasks
                0x204004dc                xAPP_ANEMOMETER_Tasks
                0x204004e0                xAPP_MAST_CONTROL_Tasks
                0x204004e4                xAPP_COMMUNICATION_Tasks
                0x204004e8                xAPP_GPS_Tasks
                0x204004ec                xAPP_IMU_Tasks
 COMMON         0x204004f0       0x4c build/sam_e70_xult/debug/_ext/1360937237/app_communication.o
                0x204004f0                destination
                0x20400504                app_communicationData
 COMMON         0x2040053c        0x1 build/sam_e70_xult/debug/_ext/1360937237/app_mast_control.o
                0x2040053c                app_mast_controlData
 *fill*         0x2040053d        0x3 
 COMMON         0x20400540       0xe3 build/sam_e70_xult/debug/_ext/1360937237/app_course_algorithm.o
                0x20400540                IMU_info
                0x20400544                confirmation_year
                0x20400548                message_ptr
                0x2040054c                GPS_info
                0x20400550                Anemometer_info
                0x20400554                app_course_algorithmData
                0x20400618                date
 *fill*         0x20400623        0x1 
 COMMON         0x20400624       0x3c build/sam_e70_xult/debug/_ext/1360937237/app_rudder_control.o
                0x20400624                angles
                0x2040062c                app_rudder_controlData
 COMMON         0x20400660       0xc8 build/sam_e70_xult/debug/_ext/1360937237/app_anemometer.o
                0x20400660                su_vector
                0x20400668                sdir
                0x20400670                Anemometer_values
                0x204006f0                app_anemometerData
 COMMON         0x20400728       0xb8 build/sam_e70_xult/debug/_ext/1360937237/app_gps.o
                0x20400728                app_gpsData
                0x20400760                buf
 COMMON         0x204007e0       0xbc build/sam_e70_xult/debug/_ext/1360937237/app_imu.o
                0x204007e0                IMU_values
                0x2040085c                sheading
                0x20400864                app_imuData
 COMMON         0x2040089c        0x4 e:/complier-new/bin/bin/../../lib/gcc/pic32c/8.3.1/../../../../pic32c/lib/thumb/v7e-m+dp/hard\libg_nano.a(lib_a-reent.o)
                0x2040089c                errno
                0x204008a0                . = ALIGN (0x4)
                0x204008a0                __bss_end__ = .
                0x204008a0                _ebss = .
                0x204008a0                _ezero = .
                0x204008a0                . = ALIGN (0x4)
                0x204008a0                _end = .
                0x2045ffff                _ram_end_ = ((ORIGIN (ram) + LENGTH (ram)) - 0x1)
                0x00000001                __ICD2RAM = 0x1
                0x00000001                __MPLAB_DEBUG = 0x1
                0x00000001                __DEBUG = 0x1
                0x00000200                _min_heap_size = 0x200
START GROUP
LOAD e:/complier-new/bin/bin/../../lib/gcc/pic32c/8.3.1/../../../../pic32c/lib/thumb/v7e-m+dp/hard\libpic32c.a
LOAD e:/complier-new/bin/bin/../../lib/gcc/pic32c/8.3.1/thumb/v7e-m+dp/hard\libgcc.a
LOAD e:/complier-new/bin/bin/../../lib/gcc/pic32c/8.3.1/../../../../pic32c/lib/thumb/v7e-m+dp/hard\libg_nano.a
LOAD e:/complier-new/bin/bin/../../lib/gcc/pic32c/8.3.1/../../../../pic32c/lib/thumb/v7e-m+dp/hard\libm_nano.a
LOAD e:/complier-new/bin/bin/../../lib/gcc/pic32c/8.3.1/../../../../pic32c/lib/thumb/v7e-m+dp/hard\libc_nano.a
END GROUP
LOAD e:/complier-new/bin/bin/../../lib/gcc/pic32c/8.3.1/thumb/v7e-m+dp/hard/crtend.o
LOAD e:/complier-new/bin/bin/../../lib/gcc/pic32c/8.3.1/thumb/v7e-m+dp/hard/crtn.o
OUTPUT(dist/sam_e70_xult/debug/SailBoatProgram.X.debug.elf elf32-littlearm)
LOAD stack
LOAD data_init

.ARM.attributes
                0x00000000       0x2e
 .ARM.attributes
                0x00000000       0x1e e:/complier-new/bin/bin/../../lib/gcc/pic32c/8.3.1/thumb/v7e-m+dp/hard/crti.o
 .ARM.attributes
                0x0000001e       0x32 e:/complier-new/bin/bin/../../lib/gcc/pic32c/8.3.1/thumb/v7e-m+dp/hard/crtbegin.o
 .ARM.attributes
                0x00000050       0x32 build/sam_e70_xult/debug/_ext/957281314/drv_i2c.o
 .ARM.attributes
                0x00000082       0x32 build/sam_e70_xult/debug/_ext/1565510230/drv_sdmmc_file_system.o
 .ARM.attributes
                0x000000b4       0x32 build/sam_e70_xult/debug/_ext/1565510230/drv_sdmmc.o
 .ARM.attributes
                0x000000e6       0x32 build/sam_e70_xult/debug/_ext/716655881/drv_usart.o
 .ARM.attributes
                0x00000118       0x32 build/sam_e70_xult/debug/_ext/1613695899/osal_freertos.o
 .ARM.attributes
                0x0000014a       0x32 build/sam_e70_xult/debug/_ext/1055500827/plib_clk.o
 .ARM.attributes
                0x0000017c       0x32 build/sam_e70_xult/debug/_ext/1055499099/plib_efc.o
 .ARM.attributes
                0x000001ae       0x32 build/sam_e70_xult/debug/_ext/719181653/plib_hsmci.o
 .ARM.attributes
                0x000001e0       0x32 build/sam_e70_xult/debug/_ext/1639550079/plib_nvic.o
 .ARM.attributes
                0x00000212       0x32 build/sam_e70_xult/debug/_ext/1055488423/plib_pio.o
 .ARM.attributes
                0x00000244       0x32 build/sam_e70_xult/debug/_ext/1055487991/plib_pwm0.o
 .ARM.attributes
                0x00000276       0x32 build/sam_e70_xult/debug/_ext/865331892/plib_tc3.o
 .ARM.attributes
                0x000002a8       0x32 build/sam_e70_xult/debug/_ext/1539215101/plib_twihs0_master.o
 .ARM.attributes
                0x000002da       0x32 build/sam_e70_xult/debug/_ext/707186936/plib_usart1.o
 .ARM.attributes
                0x0000030c       0x32 build/sam_e70_xult/debug/_ext/707186936/plib_usart0.o
 .ARM.attributes
                0x0000033e       0x32 build/sam_e70_xult/debug/_ext/707186936/plib_usart2.o
 .ARM.attributes
                0x00000370       0x32 build/sam_e70_xult/debug/_ext/704852250/plib_xdmac.o
 .ARM.attributes
                0x000003a2       0x32 build/sam_e70_xult/debug/_ext/876653320/sys_cache.o
 .ARM.attributes
                0x000003d4       0x32 build/sam_e70_xult/debug/_ext/1043829778/ff.o
 .ARM.attributes
                0x00000406       0x32 build/sam_e70_xult/debug/_ext/1043829778/ffunicode.o
 .ARM.attributes
                0x00000438       0x32 build/sam_e70_xult/debug/_ext/1893760823/diskio.o
 .ARM.attributes
                0x0000046a       0x32 build/sam_e70_xult/debug/_ext/1305476372/sys_fs.o
 .ARM.attributes
                0x0000049c       0x32 build/sam_e70_xult/debug/_ext/1305476372/sys_fs_media_manager.o
 .ARM.attributes
                0x000004ce       0x32 build/sam_e70_xult/debug/_ext/1305476372/sys_fs_fat_interface.o
 .ARM.attributes
                0x00000500       0x32 build/sam_e70_xult/debug/_ext/766002106/sys_int.o
 .ARM.attributes
                0x00000532       0x32 build/sam_e70_xult/debug/_ext/327803284/sys_time.o
 .ARM.attributes
                0x00000564       0x32 build/sam_e70_xult/debug/_ext/1728594169/initialization.o
 .ARM.attributes
                0x00000596       0x32 build/sam_e70_xult/debug/_ext/1728594169/interrupts.o
 .ARM.attributes
                0x000005c8       0x32 build/sam_e70_xult/debug/_ext/1728594169/exceptions.o
 .ARM.attributes
                0x000005fa       0x32 build/sam_e70_xult/debug/_ext/1728594169/startup_xc32.o
 .ARM.attributes
                0x0000062c       0x32 build/sam_e70_xult/debug/_ext/1728594169/freertos_hooks.o
 .ARM.attributes
                0x0000065e       0x32 build/sam_e70_xult/debug/_ext/1728594169/tasks.o
 .ARM.attributes
                0x00000690       0x32 build/sam_e70_xult/debug/_ext/977623654/port.o
 .ARM.attributes
                0x000006c2       0x32 build/sam_e70_xult/debug/_ext/1665200909/heap_1.o
 .ARM.attributes
                0x000006f4       0x32 build/sam_e70_xult/debug/_ext/404212886/list.o
 .ARM.attributes
                0x00000726       0x32 build/sam_e70_xult/debug/_ext/404212886/queue.o
 .ARM.attributes
                0x00000758       0x32 build/sam_e70_xult/debug/_ext/404212886/FreeRTOS_tasks.o
 .ARM.attributes
                0x0000078a       0x32 build/sam_e70_xult/debug/_ext/1360937237/main.o
 .ARM.attributes
                0x000007bc       0x32 build/sam_e70_xult/debug/_ext/1360937237/app_communication.o
 .ARM.attributes
                0x000007ee       0x32 build/sam_e70_xult/debug/_ext/1360937237/app_mast_control.o
 .ARM.attributes
                0x00000820       0x32 build/sam_e70_xult/debug/_ext/1360937237/app_course_algorithm.o
 .ARM.attributes
                0x00000852       0x32 build/sam_e70_xult/debug/_ext/1360937237/app_rudder_control.o
 .ARM.attributes
                0x00000884       0x32 build/sam_e70_xult/debug/_ext/1360937237/app_anemometer.o
 .ARM.attributes
                0x000008b6       0x32 build/sam_e70_xult/debug/_ext/1360937237/app_gps.o
 .ARM.attributes
                0x000008e8       0x32 build/sam_e70_xult/debug/_ext/1360937237/app_imu.o
 .ARM.attributes
                0x0000091a       0x32 e:/complier-new/bin/bin/../../lib/gcc/pic32c/8.3.1/../../../../pic32c/lib/thumb/v7e-m+dp/hard\libpic32c.a(data_init.o)
 .ARM.attributes
                0x0000094c       0x1e e:/complier-new/bin/bin/../../lib/gcc/pic32c/8.3.1/thumb/v7e-m+dp/hard\libgcc.a(_aeabi_uldivmod.o)
 .ARM.attributes
                0x0000096a       0x32 e:/complier-new/bin/bin/../../lib/gcc/pic32c/8.3.1/thumb/v7e-m+dp/hard\libgcc.a(_udivmoddi4.o)
 .ARM.attributes
                0x0000099c       0x1e e:/complier-new/bin/bin/../../lib/gcc/pic32c/8.3.1/thumb/v7e-m+dp/hard\libgcc.a(_dvmd_tls.o)
 .ARM.attributes
                0x000009ba       0x32 e:/complier-new/bin/bin/../../lib/gcc/pic32c/8.3.1/../../../../pic32c/lib/thumb/v7e-m+dp/hard\libg_nano.a(lib_a-atof.o)
 .ARM.attributes
                0x000009ec       0x32 e:/complier-new/bin/bin/../../lib/gcc/pic32c/8.3.1/../../../../pic32c/lib/thumb/v7e-m+dp/hard\libg_nano.a(lib_a-atoi.o)
 .ARM.attributes
                0x00000a1e       0x30 e:/complier-new/bin/bin/../../lib/gcc/pic32c/8.3.1/../../../../pic32c/lib/thumb/v7e-m+dp/hard\libg_nano.a(lib_a-ctype_.o)
 .ARM.attributes
                0x00000a4e       0x32 e:/complier-new/bin/bin/../../lib/gcc/pic32c/8.3.1/../../../../pic32c/lib/thumb/v7e-m+dp/hard\libg_nano.a(lib_a-init.o)
 .ARM.attributes
                0x00000a80       0x32 e:/complier-new/bin/bin/../../lib/gcc/pic32c/8.3.1/../../../../pic32c/lib/thumb/v7e-m+dp/hard\libg_nano.a(lib_a-itoa.o)
 .ARM.attributes
                0x00000ab2       0x32 e:/complier-new/bin/bin/../../lib/gcc/pic32c/8.3.1/../../../../pic32c/lib/thumb/v7e-m+dp/hard\libg_nano.a(lib_a-malloc.o)
 .ARM.attributes
                0x00000ae4       0x32 e:/complier-new/bin/bin/../../lib/gcc/pic32c/8.3.1/../../../../pic32c/lib/thumb/v7e-m+dp/hard\libg_nano.a(lib_a-memcpy-stub.o)
 .ARM.attributes
                0x00000b16       0x32 e:/complier-new/bin/bin/../../lib/gcc/pic32c/8.3.1/../../../../pic32c/lib/thumb/v7e-m+dp/hard\libg_nano.a(lib_a-memmove.o)
 .ARM.attributes
                0x00000b48       0x32 e:/complier-new/bin/bin/../../lib/gcc/pic32c/8.3.1/../../../../pic32c/lib/thumb/v7e-m+dp/hard\libg_nano.a(lib_a-memset.o)
 .ARM.attributes
                0x00000b7a       0x32 e:/complier-new/bin/bin/../../lib/gcc/pic32c/8.3.1/../../../../pic32c/lib/thumb/v7e-m+dp/hard\libg_nano.a(lib_a-nano-mallocr.o)
 .ARM.attributes
                0x00000bac       0x32 e:/complier-new/bin/bin/../../lib/gcc/pic32c/8.3.1/../../../../pic32c/lib/thumb/v7e-m+dp/hard\libg_nano.a(lib_a-sbrkr.o)
 .ARM.attributes
                0x00000bde       0x32 e:/complier-new/bin/bin/../../lib/gcc/pic32c/8.3.1/../../../../pic32c/lib/thumb/v7e-m+dp/hard\libg_nano.a(lib_a-strchr.o)
 .ARM.attributes
                0x00000c10       0x32 e:/complier-new/bin/bin/../../lib/gcc/pic32c/8.3.1/../../../../pic32c/lib/thumb/v7e-m+dp/hard\libg_nano.a(lib_a-strcpy.o)
 .ARM.attributes
                0x00000c42       0x17 e:/complier-new/bin/bin/../../lib/gcc/pic32c/8.3.1/../../../../pic32c/lib/thumb/v7e-m+dp/hard\libg_nano.a(lib_a-strlen.o)
 .ARM.attributes
                0x00000c59       0x32 e:/complier-new/bin/bin/../../lib/gcc/pic32c/8.3.1/../../../../pic32c/lib/thumb/v7e-m+dp/hard\libg_nano.a(lib_a-strncmp.o)
 .ARM.attributes
                0x00000c8b       0x32 e:/complier-new/bin/bin/../../lib/gcc/pic32c/8.3.1/../../../../pic32c/lib/thumb/v7e-m+dp/hard\libg_nano.a(lib_a-strncpy.o)
 .ARM.attributes
                0x00000cbd       0x32 e:/complier-new/bin/bin/../../lib/gcc/pic32c/8.3.1/../../../../pic32c/lib/thumb/v7e-m+dp/hard\libg_nano.a(lib_a-strtod.o)
 .ARM.attributes
                0x00000cef       0x32 e:/complier-new/bin/bin/../../lib/gcc/pic32c/8.3.1/../../../../pic32c/lib/thumb/v7e-m+dp/hard\libg_nano.a(lib_a-strtol.o)
 .ARM.attributes
                0x00000d21       0x32 e:/complier-new/bin/bin/../../lib/gcc/pic32c/8.3.1/../../../../pic32c/lib/thumb/v7e-m+dp/hard\libg_nano.a(lib_a-utoa.o)
 .ARM.attributes
                0x00000d53       0x32 e:/complier-new/bin/bin/../../lib/gcc/pic32c/8.3.1/../../../../pic32c/lib/thumb/v7e-m+dp/hard\libg_nano.a(lib_a-gdtoa-gethex.o)
 .ARM.attributes
                0x00000d85       0x32 e:/complier-new/bin/bin/../../lib/gcc/pic32c/8.3.1/../../../../pic32c/lib/thumb/v7e-m+dp/hard\libg_nano.a(lib_a-gdtoa-hexnan.o)
 .ARM.attributes
                0x00000db7       0x30 e:/complier-new/bin/bin/../../lib/gcc/pic32c/8.3.1/../../../../pic32c/lib/thumb/v7e-m+dp/hard\libg_nano.a(lib_a-impure.o)
 .ARM.attributes
                0x00000de7       0x32 e:/complier-new/bin/bin/../../lib/gcc/pic32c/8.3.1/../../../../pic32c/lib/thumb/v7e-m+dp/hard\libg_nano.a(lib_a-lnumeric.o)
 .ARM.attributes
                0x00000e19       0x32 e:/complier-new/bin/bin/../../lib/gcc/pic32c/8.3.1/../../../../pic32c/lib/thumb/v7e-m+dp/hard\libg_nano.a(lib_a-locale.o)
 .ARM.attributes
                0x00000e4b       0x32 e:/complier-new/bin/bin/../../lib/gcc/pic32c/8.3.1/../../../../pic32c/lib/thumb/v7e-m+dp/hard\libg_nano.a(lib_a-mbtowc_r.o)
 .ARM.attributes
                0x00000e7d       0x32 e:/complier-new/bin/bin/../../lib/gcc/pic32c/8.3.1/../../../../pic32c/lib/thumb/v7e-m+dp/hard\libg_nano.a(lib_a-mlock.o)
 .ARM.attributes
                0x00000eaf       0x32 e:/complier-new/bin/bin/../../lib/gcc/pic32c/8.3.1/../../../../pic32c/lib/thumb/v7e-m+dp/hard\libg_nano.a(lib_a-mprec.o)
 .ARM.attributes
                0x00000ee1       0x32 e:/complier-new/bin/bin/../../lib/gcc/pic32c/8.3.1/../../../../pic32c/lib/thumb/v7e-m+dp/hard\libg_nano.a(lib_a-nano-callocr.o)
 .ARM.attributes
                0x00000f13       0x32 e:/complier-new/bin/bin/../../lib/gcc/pic32c/8.3.1/../../../../pic32c/lib/thumb/v7e-m+dp/hard\libg_nano.a(lib_a-reent.o)
 .ARM.attributes
                0x00000f45       0x32 e:/complier-new/bin/bin/../../lib/gcc/pic32c/8.3.1/../../../../pic32c/lib/thumb/v7e-m+dp/hard\libg_nano.a(lib_a-s_nan.o)
 .ARM.attributes
                0x00000f77       0x32 e:/complier-new/bin/bin/../../lib/gcc/pic32c/8.3.1/../../../../pic32c/lib/thumb/v7e-m+dp/hard\libg_nano.a(lib_a-wctomb_r.o)
 .ARM.attributes
                0x00000fa9       0x32 e:/complier-new/bin/bin/../../lib/gcc/pic32c/8.3.1/../../../../pic32c/lib/thumb/v7e-m+dp/hard\libm_nano.a(lib_a-s_cos.o)
 .ARM.attributes
                0x00000fdb       0x32 e:/complier-new/bin/bin/../../lib/gcc/pic32c/8.3.1/../../../../pic32c/lib/thumb/v7e-m+dp/hard\libm_nano.a(lib_a-s_sin.o)
 .ARM.attributes
                0x0000100d       0x32 e:/complier-new/bin/bin/../../lib/gcc/pic32c/8.3.1/../../../../pic32c/lib/thumb/v7e-m+dp/hard\libm_nano.a(lib_a-w_atan2.o)
 .ARM.attributes
                0x0000103f       0x32 e:/complier-new/bin/bin/../../lib/gcc/pic32c/8.3.1/../../../../pic32c/lib/thumb/v7e-m+dp/hard\libm_nano.a(lib_a-w_sqrt.o)
 .ARM.attributes
                0x00001071       0x32 e:/complier-new/bin/bin/../../lib/gcc/pic32c/8.3.1/../../../../pic32c/lib/thumb/v7e-m+dp/hard\libm_nano.a(lib_a-e_atan2.o)
 .ARM.attributes
                0x000010a3       0x32 e:/complier-new/bin/bin/../../lib/gcc/pic32c/8.3.1/../../../../pic32c/lib/thumb/v7e-m+dp/hard\libm_nano.a(lib_a-e_rem_pio2.o)
 .ARM.attributes
                0x000010d5       0x32 e:/complier-new/bin/bin/../../lib/gcc/pic32c/8.3.1/../../../../pic32c/lib/thumb/v7e-m+dp/hard\libm_nano.a(lib_a-e_sqrt.o)
 .ARM.attributes
                0x00001107       0x32 e:/complier-new/bin/bin/../../lib/gcc/pic32c/8.3.1/../../../../pic32c/lib/thumb/v7e-m+dp/hard\libm_nano.a(lib_a-k_cos.o)
 .ARM.attributes
                0x00001139       0x32 e:/complier-new/bin/bin/../../lib/gcc/pic32c/8.3.1/../../../../pic32c/lib/thumb/v7e-m+dp/hard\libm_nano.a(lib_a-k_rem_pio2.o)
 .ARM.attributes
                0x0000116b       0x32 e:/complier-new/bin/bin/../../lib/gcc/pic32c/8.3.1/../../../../pic32c/lib/thumb/v7e-m+dp/hard\libm_nano.a(lib_a-k_sin.o)
 .ARM.attributes
                0x0000119d       0x32 e:/complier-new/bin/bin/../../lib/gcc/pic32c/8.3.1/../../../../pic32c/lib/thumb/v7e-m+dp/hard\libm_nano.a(lib_a-s_atan.o)
 .ARM.attributes
                0x000011cf       0x32 e:/complier-new/bin/bin/../../lib/gcc/pic32c/8.3.1/../../../../pic32c/lib/thumb/v7e-m+dp/hard\libm_nano.a(lib_a-s_fabs.o)
 .ARM.attributes
                0x00001201       0x32 e:/complier-new/bin/bin/../../lib/gcc/pic32c/8.3.1/../../../../pic32c/lib/thumb/v7e-m+dp/hard\libm_nano.a(lib_a-s_floor.o)
 .ARM.attributes
                0x00001233       0x30 e:/complier-new/bin/bin/../../lib/gcc/pic32c/8.3.1/../../../../pic32c/lib/thumb/v7e-m+dp/hard\libm_nano.a(lib_a-s_lib_ver.o)
 .ARM.attributes
                0x00001263       0x32 e:/complier-new/bin/bin/../../lib/gcc/pic32c/8.3.1/../../../../pic32c/lib/thumb/v7e-m+dp/hard\libm_nano.a(lib_a-s_scalbn.o)
 .ARM.attributes
                0x00001295       0x32 e:/complier-new/bin/bin/../../lib/gcc/pic32c/8.3.1/../../../../pic32c/lib/thumb/v7e-m+dp/hard\libc_nano.a(lib_a-errno.o)
 .ARM.attributes
                0x000012c7       0x32 e:/complier-new/bin/bin/../../lib/gcc/pic32c/8.3.1/../../../../pic32c/lib/thumb/v7e-m+dp/hard\libpic32c.a(sbrk.o)
 .ARM.attributes
                0x000012f9       0x1e e:/complier-new/bin/bin/../../lib/gcc/pic32c/8.3.1/thumb/v7e-m+dp/hard\libgcc.a(_arm_addsubdf3.o)
 .ARM.attributes
                0x00001317       0x32 e:/complier-new/bin/bin/../../lib/gcc/pic32c/8.3.1/thumb/v7e-m+dp/hard\libgcc.a(_fixdfdi.o)
 .ARM.attributes
                0x00001349       0x32 e:/complier-new/bin/bin/../../lib/gcc/pic32c/8.3.1/thumb/v7e-m+dp/hard\libgcc.a(_fixunsdfdi.o)
 .ARM.attributes
                0x0000137b       0x1e e:/complier-new/bin/bin/../../lib/gcc/pic32c/8.3.1/thumb/v7e-m+dp/hard/crtn.o

.comment        0x00000000       0x53
 .comment       0x00000000       0x53 e:/complier-new/bin/bin/../../lib/gcc/pic32c/8.3.1/thumb/v7e-m+dp/hard/crtbegin.o
                                 0x54 (size before relaxing)
 .comment       0x00000053       0x54 build/sam_e70_xult/debug/_ext/957281314/drv_i2c.o
 .comment       0x00000053       0x54 build/sam_e70_xult/debug/_ext/1565510230/drv_sdmmc_file_system.o
 .comment       0x00000053       0x54 build/sam_e70_xult/debug/_ext/1565510230/drv_sdmmc.o
 .comment       0x00000053       0x54 build/sam_e70_xult/debug/_ext/716655881/drv_usart.o
 .comment       0x00000053       0x54 build/sam_e70_xult/debug/_ext/1613695899/osal_freertos.o
 .comment       0x00000053       0x54 build/sam_e70_xult/debug/_ext/1055500827/plib_clk.o
 .comment       0x00000053       0x54 build/sam_e70_xult/debug/_ext/1055499099/plib_efc.o
 .comment       0x00000053       0x54 build/sam_e70_xult/debug/_ext/719181653/plib_hsmci.o
 .comment       0x00000053       0x54 build/sam_e70_xult/debug/_ext/1639550079/plib_nvic.o
 .comment       0x00000053       0x54 build/sam_e70_xult/debug/_ext/1055488423/plib_pio.o
 .comment       0x00000053       0x54 build/sam_e70_xult/debug/_ext/1055487991/plib_pwm0.o
 .comment       0x00000053       0x54 build/sam_e70_xult/debug/_ext/865331892/plib_tc3.o
 .comment       0x00000053       0x54 build/sam_e70_xult/debug/_ext/1539215101/plib_twihs0_master.o
 .comment       0x00000053       0x54 build/sam_e70_xult/debug/_ext/707186936/plib_usart1.o
 .comment       0x00000053       0x54 build/sam_e70_xult/debug/_ext/707186936/plib_usart0.o
 .comment       0x00000053       0x54 build/sam_e70_xult/debug/_ext/707186936/plib_usart2.o
 .comment       0x00000053       0x54 build/sam_e70_xult/debug/_ext/704852250/plib_xdmac.o
 .comment       0x00000053       0x54 build/sam_e70_xult/debug/_ext/876653320/sys_cache.o
 .comment       0x00000053       0x54 build/sam_e70_xult/debug/_ext/1043829778/ff.o
 .comment       0x00000053       0x54 build/sam_e70_xult/debug/_ext/1043829778/ffunicode.o
 .comment       0x00000053       0x54 build/sam_e70_xult/debug/_ext/1893760823/diskio.o
 .comment       0x00000053       0x54 build/sam_e70_xult/debug/_ext/1305476372/sys_fs.o
 .comment       0x00000053       0x54 build/sam_e70_xult/debug/_ext/1305476372/sys_fs_media_manager.o
 .comment       0x00000053       0x54 build/sam_e70_xult/debug/_ext/1305476372/sys_fs_fat_interface.o
 .comment       0x00000053       0x54 build/sam_e70_xult/debug/_ext/766002106/sys_int.o
 .comment       0x00000053       0x54 build/sam_e70_xult/debug/_ext/327803284/sys_time.o
 .comment       0x00000053       0x54 build/sam_e70_xult/debug/_ext/1728594169/initialization.o
 .comment       0x00000053       0x54 build/sam_e70_xult/debug/_ext/1728594169/interrupts.o
 .comment       0x00000053       0x54 build/sam_e70_xult/debug/_ext/1728594169/exceptions.o
 .comment       0x00000053       0x54 build/sam_e70_xult/debug/_ext/1728594169/startup_xc32.o
 .comment       0x00000053       0x54 build/sam_e70_xult/debug/_ext/1728594169/freertos_hooks.o
 .comment       0x00000053       0x54 build/sam_e70_xult/debug/_ext/1728594169/tasks.o
 .comment       0x00000053       0x54 build/sam_e70_xult/debug/_ext/977623654/port.o
 .comment       0x00000053       0x54 build/sam_e70_xult/debug/_ext/1665200909/heap_1.o
 .comment       0x00000053       0x54 build/sam_e70_xult/debug/_ext/404212886/list.o
 .comment       0x00000053       0x54 build/sam_e70_xult/debug/_ext/404212886/queue.o
 .comment       0x00000053       0x54 build/sam_e70_xult/debug/_ext/404212886/FreeRTOS_tasks.o
 .comment       0x00000053       0x54 build/sam_e70_xult/debug/_ext/1360937237/main.o
 .comment       0x00000053       0x54 build/sam_e70_xult/debug/_ext/1360937237/app_communication.o
 .comment       0x00000053       0x54 build/sam_e70_xult/debug/_ext/1360937237/app_mast_control.o
 .comment       0x00000053       0x54 build/sam_e70_xult/debug/_ext/1360937237/app_course_algorithm.o
 .comment       0x00000053       0x54 build/sam_e70_xult/debug/_ext/1360937237/app_rudder_control.o
 .comment       0x00000053       0x54 build/sam_e70_xult/debug/_ext/1360937237/app_anemometer.o
 .comment       0x00000053       0x54 build/sam_e70_xult/debug/_ext/1360937237/app_gps.o
 .comment       0x00000053       0x54 build/sam_e70_xult/debug/_ext/1360937237/app_imu.o
 .comment       0x00000053       0x54 e:/complier-new/bin/bin/../../lib/gcc/pic32c/8.3.1/../../../../pic32c/lib/thumb/v7e-m+dp/hard\libpic32c.a(data_init.o)
 .comment       0x00000053       0x54 e:/complier-new/bin/bin/../../lib/gcc/pic32c/8.3.1/thumb/v7e-m+dp/hard\libgcc.a(_udivmoddi4.o)
 .comment       0x00000053       0x54 e:/complier-new/bin/bin/../../lib/gcc/pic32c/8.3.1/../../../../pic32c/lib/thumb/v7e-m+dp/hard\libg_nano.a(lib_a-atof.o)
 .comment       0x00000053       0x54 e:/complier-new/bin/bin/../../lib/gcc/pic32c/8.3.1/../../../../pic32c/lib/thumb/v7e-m+dp/hard\libg_nano.a(lib_a-atoi.o)
 .comment       0x00000053       0x54 e:/complier-new/bin/bin/../../lib/gcc/pic32c/8.3.1/../../../../pic32c/lib/thumb/v7e-m+dp/hard\libg_nano.a(lib_a-ctype_.o)
 .comment       0x00000053       0x54 e:/complier-new/bin/bin/../../lib/gcc/pic32c/8.3.1/../../../../pic32c/lib/thumb/v7e-m+dp/hard\libg_nano.a(lib_a-init.o)
 .comment       0x00000053       0x54 e:/complier-new/bin/bin/../../lib/gcc/pic32c/8.3.1/../../../../pic32c/lib/thumb/v7e-m+dp/hard\libg_nano.a(lib_a-itoa.o)
 .comment       0x00000053       0x54 e:/complier-new/bin/bin/../../lib/gcc/pic32c/8.3.1/../../../../pic32c/lib/thumb/v7e-m+dp/hard\libg_nano.a(lib_a-malloc.o)
 .comment       0x00000053       0x54 e:/complier-new/bin/bin/../../lib/gcc/pic32c/8.3.1/../../../../pic32c/lib/thumb/v7e-m+dp/hard\libg_nano.a(lib_a-memcpy-stub.o)
 .comment       0x00000053       0x54 e:/complier-new/bin/bin/../../lib/gcc/pic32c/8.3.1/../../../../pic32c/lib/thumb/v7e-m+dp/hard\libg_nano.a(lib_a-memmove.o)
 .comment       0x00000053       0x54 e:/complier-new/bin/bin/../../lib/gcc/pic32c/8.3.1/../../../../pic32c/lib/thumb/v7e-m+dp/hard\libg_nano.a(lib_a-memset.o)
 .comment       0x00000053       0x54 e:/complier-new/bin/bin/../../lib/gcc/pic32c/8.3.1/../../../../pic32c/lib/thumb/v7e-m+dp/hard\libg_nano.a(lib_a-nano-mallocr.o)
 .comment       0x00000053       0x54 e:/complier-new/bin/bin/../../lib/gcc/pic32c/8.3.1/../../../../pic32c/lib/thumb/v7e-m+dp/hard\libg_nano.a(lib_a-sbrkr.o)
 .comment       0x00000053       0x54 e:/complier-new/bin/bin/../../lib/gcc/pic32c/8.3.1/../../../../pic32c/lib/thumb/v7e-m+dp/hard\libg_nano.a(lib_a-strchr.o)
 .comment       0x00000053       0x54 e:/complier-new/bin/bin/../../lib/gcc/pic32c/8.3.1/../../../../pic32c/lib/thumb/v7e-m+dp/hard\libg_nano.a(lib_a-strcpy.o)
 .comment       0x00000053       0x54 e:/complier-new/bin/bin/../../lib/gcc/pic32c/8.3.1/../../../../pic32c/lib/thumb/v7e-m+dp/hard\libg_nano.a(lib_a-strncmp.o)
 .comment       0x00000053       0x54 e:/complier-new/bin/bin/../../lib/gcc/pic32c/8.3.1/../../../../pic32c/lib/thumb/v7e-m+dp/hard\libg_nano.a(lib_a-strncpy.o)
 .comment       0x00000053       0x54 e:/complier-new/bin/bin/../../lib/gcc/pic32c/8.3.1/../../../../pic32c/lib/thumb/v7e-m+dp/hard\libg_nano.a(lib_a-strtod.o)
 .comment       0x00000053       0x54 e:/complier-new/bin/bin/../../lib/gcc/pic32c/8.3.1/../../../../pic32c/lib/thumb/v7e-m+dp/hard\libg_nano.a(lib_a-strtol.o)
 .comment       0x00000053       0x54 e:/complier-new/bin/bin/../../lib/gcc/pic32c/8.3.1/../../../../pic32c/lib/thumb/v7e-m+dp/hard\libg_nano.a(lib_a-utoa.o)
 .comment       0x00000053       0x54 e:/complier-new/bin/bin/../../lib/gcc/pic32c/8.3.1/../../../../pic32c/lib/thumb/v7e-m+dp/hard\libg_nano.a(lib_a-gdtoa-gethex.o)
 .comment       0x00000053       0x54 e:/complier-new/bin/bin/../../lib/gcc/pic32c/8.3.1/../../../../pic32c/lib/thumb/v7e-m+dp/hard\libg_nano.a(lib_a-gdtoa-hexnan.o)
 .comment       0x00000053       0x54 e:/complier-new/bin/bin/../../lib/gcc/pic32c/8.3.1/../../../../pic32c/lib/thumb/v7e-m+dp/hard\libg_nano.a(lib_a-impure.o)
 .comment       0x00000053       0x54 e:/complier-new/bin/bin/../../lib/gcc/pic32c/8.3.1/../../../../pic32c/lib/thumb/v7e-m+dp/hard\libg_nano.a(lib_a-lnumeric.o)
 .comment       0x00000053       0x54 e:/complier-new/bin/bin/../../lib/gcc/pic32c/8.3.1/../../../../pic32c/lib/thumb/v7e-m+dp/hard\libg_nano.a(lib_a-locale.o)
 .comment       0x00000053       0x54 e:/complier-new/bin/bin/../../lib/gcc/pic32c/8.3.1/../../../../pic32c/lib/thumb/v7e-m+dp/hard\libg_nano.a(lib_a-mbtowc_r.o)
 .comment       0x00000053       0x54 e:/complier-new/bin/bin/../../lib/gcc/pic32c/8.3.1/../../../../pic32c/lib/thumb/v7e-m+dp/hard\libg_nano.a(lib_a-mlock.o)
 .comment       0x00000053       0x54 e:/complier-new/bin/bin/../../lib/gcc/pic32c/8.3.1/../../../../pic32c/lib/thumb/v7e-m+dp/hard\libg_nano.a(lib_a-mprec.o)
 .comment       0x00000053       0x54 e:/complier-new/bin/bin/../../lib/gcc/pic32c/8.3.1/../../../../pic32c/lib/thumb/v7e-m+dp/hard\libg_nano.a(lib_a-nano-callocr.o)
 .comment       0x00000053       0x54 e:/complier-new/bin/bin/../../lib/gcc/pic32c/8.3.1/../../../../pic32c/lib/thumb/v7e-m+dp/hard\libg_nano.a(lib_a-reent.o)
 .comment       0x00000053       0x54 e:/complier-new/bin/bin/../../lib/gcc/pic32c/8.3.1/../../../../pic32c/lib/thumb/v7e-m+dp/hard\libg_nano.a(lib_a-s_nan.o)
 .comment       0x00000053       0x54 e:/complier-new/bin/bin/../../lib/gcc/pic32c/8.3.1/../../../../pic32c/lib/thumb/v7e-m+dp/hard\libg_nano.a(lib_a-wctomb_r.o)
 .comment       0x00000053       0x54 e:/complier-new/bin/bin/../../lib/gcc/pic32c/8.3.1/../../../../pic32c/lib/thumb/v7e-m+dp/hard\libm_nano.a(lib_a-s_cos.o)
 .comment       0x00000053       0x54 e:/complier-new/bin/bin/../../lib/gcc/pic32c/8.3.1/../../../../pic32c/lib/thumb/v7e-m+dp/hard\libm_nano.a(lib_a-s_sin.o)
 .comment       0x00000053       0x54 e:/complier-new/bin/bin/../../lib/gcc/pic32c/8.3.1/../../../../pic32c/lib/thumb/v7e-m+dp/hard\libm_nano.a(lib_a-w_atan2.o)
 .comment       0x00000053       0x54 e:/complier-new/bin/bin/../../lib/gcc/pic32c/8.3.1/../../../../pic32c/lib/thumb/v7e-m+dp/hard\libm_nano.a(lib_a-w_sqrt.o)
 .comment       0x00000053       0x54 e:/complier-new/bin/bin/../../lib/gcc/pic32c/8.3.1/../../../../pic32c/lib/thumb/v7e-m+dp/hard\libm_nano.a(lib_a-e_atan2.o)
 .comment       0x00000053       0x54 e:/complier-new/bin/bin/../../lib/gcc/pic32c/8.3.1/../../../../pic32c/lib/thumb/v7e-m+dp/hard\libm_nano.a(lib_a-e_rem_pio2.o)
 .comment       0x00000053       0x54 e:/complier-new/bin/bin/../../lib/gcc/pic32c/8.3.1/../../../../pic32c/lib/thumb/v7e-m+dp/hard\libm_nano.a(lib_a-e_sqrt.o)
 .comment       0x00000053       0x54 e:/complier-new/bin/bin/../../lib/gcc/pic32c/8.3.1/../../../../pic32c/lib/thumb/v7e-m+dp/hard\libm_nano.a(lib_a-k_cos.o)
 .comment       0x00000053       0x54 e:/complier-new/bin/bin/../../lib/gcc/pic32c/8.3.1/../../../../pic32c/lib/thumb/v7e-m+dp/hard\libm_nano.a(lib_a-k_rem_pio2.o)
 .comment       0x00000053       0x54 e:/complier-new/bin/bin/../../lib/gcc/pic32c/8.3.1/../../../../pic32c/lib/thumb/v7e-m+dp/hard\libm_nano.a(lib_a-k_sin.o)
 .comment       0x00000053       0x54 e:/complier-new/bin/bin/../../lib/gcc/pic32c/8.3.1/../../../../pic32c/lib/thumb/v7e-m+dp/hard\libm_nano.a(lib_a-s_atan.o)
 .comment       0x00000053       0x54 e:/complier-new/bin/bin/../../lib/gcc/pic32c/8.3.1/../../../../pic32c/lib/thumb/v7e-m+dp/hard\libm_nano.a(lib_a-s_fabs.o)
 .comment       0x00000053       0x54 e:/complier-new/bin/bin/../../lib/gcc/pic32c/8.3.1/../../../../pic32c/lib/thumb/v7e-m+dp/hard\libm_nano.a(lib_a-s_floor.o)
 .comment       0x00000053       0x54 e:/complier-new/bin/bin/../../lib/gcc/pic32c/8.3.1/../../../../pic32c/lib/thumb/v7e-m+dp/hard\libm_nano.a(lib_a-s_lib_ver.o)
 .comment       0x00000053       0x54 e:/complier-new/bin/bin/../../lib/gcc/pic32c/8.3.1/../../../../pic32c/lib/thumb/v7e-m+dp/hard\libm_nano.a(lib_a-s_scalbn.o)
 .comment       0x00000053       0x54 e:/complier-new/bin/bin/../../lib/gcc/pic32c/8.3.1/../../../../pic32c/lib/thumb/v7e-m+dp/hard\libc_nano.a(lib_a-errno.o)
 .comment       0x00000053       0x54 e:/complier-new/bin/bin/../../lib/gcc/pic32c/8.3.1/../../../../pic32c/lib/thumb/v7e-m+dp/hard\libpic32c.a(sbrk.o)
 .comment       0x00000053       0x54 e:/complier-new/bin/bin/../../lib/gcc/pic32c/8.3.1/thumb/v7e-m+dp/hard\libgcc.a(_fixdfdi.o)
 .comment       0x00000053       0x54 e:/complier-new/bin/bin/../../lib/gcc/pic32c/8.3.1/thumb/v7e-m+dp/hard\libgcc.a(_fixunsdfdi.o)

.debug_info     0x00000000    0x5f97c
 .debug_info    0x00000000     0x1957 build/sam_e70_xult/debug/_ext/957281314/drv_i2c.o
 .debug_info    0x00001957      0xcd4 build/sam_e70_xult/debug/_ext/1565510230/drv_sdmmc_file_system.o
 .debug_info    0x0000262b     0x5910 build/sam_e70_xult/debug/_ext/1565510230/drv_sdmmc.o
 .debug_info    0x00007f3b     0x1ca3 build/sam_e70_xult/debug/_ext/716655881/drv_usart.o
 .debug_info    0x00009bde      0xc5b build/sam_e70_xult/debug/_ext/1613695899/osal_freertos.o
 .debug_info    0x0000a839      0x8f7 build/sam_e70_xult/debug/_ext/1055500827/plib_clk.o
 .debug_info    0x0000b130     0x1565 build/sam_e70_xult/debug/_ext/1055499099/plib_efc.o
 .debug_info    0x0000c695     0x1e9d build/sam_e70_xult/debug/_ext/719181653/plib_hsmci.o
 .debug_info    0x0000e532     0x15b3 build/sam_e70_xult/debug/_ext/1639550079/plib_nvic.o
 .debug_info    0x0000fae5     0x1a31 build/sam_e70_xult/debug/_ext/1055488423/plib_pio.o
 .debug_info    0x00011516     0x1275 build/sam_e70_xult/debug/_ext/1055487991/plib_pwm0.o
 .debug_info    0x0001278b      0x9e9 build/sam_e70_xult/debug/_ext/865331892/plib_tc3.o
 .debug_info    0x00013174      0xdd1 build/sam_e70_xult/debug/_ext/1539215101/plib_twihs0_master.o
 .debug_info    0x00013f45     0x10a7 build/sam_e70_xult/debug/_ext/707186936/plib_usart1.o
 .debug_info    0x00014fec     0x10a7 build/sam_e70_xult/debug/_ext/707186936/plib_usart0.o
 .debug_info    0x00016093     0x10a7 build/sam_e70_xult/debug/_ext/707186936/plib_usart2.o
 .debug_info    0x0001713a      0xe0a build/sam_e70_xult/debug/_ext/704852250/plib_xdmac.o
 .debug_info    0x00017f44     0x168e build/sam_e70_xult/debug/_ext/876653320/sys_cache.o
 .debug_info    0x000195d2     0x6a7a build/sam_e70_xult/debug/_ext/1043829778/ff.o
 .debug_info    0x0002004c      0x672 build/sam_e70_xult/debug/_ext/1043829778/ffunicode.o
 .debug_info    0x000206be     0x1e70 build/sam_e70_xult/debug/_ext/1893760823/diskio.o
 .debug_info    0x0002252e     0x4e9b build/sam_e70_xult/debug/_ext/1305476372/sys_fs.o
 .debug_info    0x000273c9     0x3126 build/sam_e70_xult/debug/_ext/1305476372/sys_fs_media_manager.o
 .debug_info    0x0002a4ef     0x2565 build/sam_e70_xult/debug/_ext/1305476372/sys_fs_fat_interface.o
 .debug_info    0x0002ca54      0xd32 build/sam_e70_xult/debug/_ext/766002106/sys_int.o
 .debug_info    0x0002d786     0x3988 build/sam_e70_xult/debug/_ext/327803284/sys_time.o
 .debug_info    0x0003110e     0x58ea build/sam_e70_xult/debug/_ext/1728594169/initialization.o
 .debug_info    0x000369f8     0x292d build/sam_e70_xult/debug/_ext/1728594169/interrupts.o
 .debug_info    0x00039325     0x1d50 build/sam_e70_xult/debug/_ext/1728594169/exceptions.o
 .debug_info    0x0003b075      0xe7f build/sam_e70_xult/debug/_ext/1728594169/startup_xc32.o
 .debug_info    0x0003bef4      0x586 build/sam_e70_xult/debug/_ext/1728594169/freertos_hooks.o
 .debug_info    0x0003c47a     0x2563 build/sam_e70_xult/debug/_ext/1728594169/tasks.o
 .debug_info    0x0003e9dd      0x7d6 build/sam_e70_xult/debug/_ext/977623654/port.o
 .debug_info    0x0003f1b3     0x111b build/sam_e70_xult/debug/_ext/1665200909/heap_1.o
 .debug_info    0x000402ce     0x123e build/sam_e70_xult/debug/_ext/404212886/list.o
 .debug_info    0x0004150c     0x2d6b build/sam_e70_xult/debug/_ext/404212886/queue.o
 .debug_info    0x00044277     0x3a83 build/sam_e70_xult/debug/_ext/404212886/FreeRTOS_tasks.o
 .debug_info    0x00047cfa     0x1ca2 build/sam_e70_xult/debug/_ext/1360937237/main.o
 .debug_info    0x0004999c     0x1c58 build/sam_e70_xult/debug/_ext/1360937237/app_communication.o
 .debug_info    0x0004b5f4     0x38fe build/sam_e70_xult/debug/_ext/1360937237/app_mast_control.o
 .debug_info    0x0004eef2     0x21d2 build/sam_e70_xult/debug/_ext/1360937237/app_course_algorithm.o
 .debug_info    0x000510c4     0x3a2c build/sam_e70_xult/debug/_ext/1360937237/app_rudder_control.o
 .debug_info    0x00054af0     0x1bdb build/sam_e70_xult/debug/_ext/1360937237/app_anemometer.o
 .debug_info    0x000566cb     0x1dbd build/sam_e70_xult/debug/_ext/1360937237/app_gps.o
 .debug_info    0x00058488     0x17dd build/sam_e70_xult/debug/_ext/1360937237/app_imu.o
 .debug_info    0x00059c65      0x2d3 e:/complier-new/bin/bin/../../lib/gcc/pic32c/8.3.1/../../../../pic32c/lib/thumb/v7e-m+dp/hard\libpic32c.a(data_init.o)
 .debug_info    0x00059f38       0x26 e:/complier-new/bin/bin/../../lib/gcc/pic32c/8.3.1/thumb/v7e-m+dp/hard\libgcc.a(_aeabi_uldivmod.o)
 .debug_info    0x00059f5e     0x1fe2 e:/complier-new/bin/bin/../../lib/gcc/pic32c/8.3.1/thumb/v7e-m+dp/hard\libgcc.a(_udivmoddi4.o)
 .debug_info    0x0005bf40       0x26 e:/complier-new/bin/bin/../../lib/gcc/pic32c/8.3.1/thumb/v7e-m+dp/hard\libgcc.a(_dvmd_tls.o)
 .debug_info    0x0005bf66      0x2b6 e:/complier-new/bin/bin/../../lib/gcc/pic32c/8.3.1/../../../../pic32c/lib/thumb/v7e-m+dp/hard\libpic32c.a(sbrk.o)
 .debug_info    0x0005c21c       0x26 e:/complier-new/bin/bin/../../lib/gcc/pic32c/8.3.1/thumb/v7e-m+dp/hard\libgcc.a(_arm_addsubdf3.o)
 .debug_info    0x0005c242     0x1ba7 e:/complier-new/bin/bin/../../lib/gcc/pic32c/8.3.1/thumb/v7e-m+dp/hard\libgcc.a(_fixdfdi.o)
 .debug_info    0x0005dde9     0x1b93 e:/complier-new/bin/bin/../../lib/gcc/pic32c/8.3.1/thumb/v7e-m+dp/hard\libgcc.a(_fixunsdfdi.o)

.debug_abbrev   0x00000000     0x8e73
 .debug_abbrev  0x00000000      0x3ac build/sam_e70_xult/debug/_ext/957281314/drv_i2c.o
 .debug_abbrev  0x000003ac      0x176 build/sam_e70_xult/debug/_ext/1565510230/drv_sdmmc_file_system.o
 .debug_abbrev  0x00000522      0x680 build/sam_e70_xult/debug/_ext/1565510230/drv_sdmmc.o
 .debug_abbrev  0x00000ba2      0x3ec build/sam_e70_xult/debug/_ext/716655881/drv_usart.o
 .debug_abbrev  0x00000f8e      0x1f5 build/sam_e70_xult/debug/_ext/1613695899/osal_freertos.o
 .debug_abbrev  0x00001183       0xd5 build/sam_e70_xult/debug/_ext/1055500827/plib_clk.o
 .debug_abbrev  0x00001258      0x30e build/sam_e70_xult/debug/_ext/1055499099/plib_efc.o
 .debug_abbrev  0x00001566      0x3ac build/sam_e70_xult/debug/_ext/719181653/plib_hsmci.o
 .debug_abbrev  0x00001912      0x1f7 build/sam_e70_xult/debug/_ext/1639550079/plib_nvic.o
 .debug_abbrev  0x00001b09      0x285 build/sam_e70_xult/debug/_ext/1055488423/plib_pio.o
 .debug_abbrev  0x00001d8e      0x216 build/sam_e70_xult/debug/_ext/1055487991/plib_pwm0.o
 .debug_abbrev  0x00001fa4      0x1a7 build/sam_e70_xult/debug/_ext/865331892/plib_tc3.o
 .debug_abbrev  0x0000214b      0x2ec build/sam_e70_xult/debug/_ext/1539215101/plib_twihs0_master.o
 .debug_abbrev  0x00002437      0x31f build/sam_e70_xult/debug/_ext/707186936/plib_usart1.o
 .debug_abbrev  0x00002756      0x31f build/sam_e70_xult/debug/_ext/707186936/plib_usart0.o
 .debug_abbrev  0x00002a75      0x31f build/sam_e70_xult/debug/_ext/707186936/plib_usart2.o
 .debug_abbrev  0x00002d94      0x29e build/sam_e70_xult/debug/_ext/704852250/plib_xdmac.o
 .debug_abbrev  0x00003032      0x248 build/sam_e70_xult/debug/_ext/876653320/sys_cache.o
 .debug_abbrev  0x0000327a      0x3f3 build/sam_e70_xult/debug/_ext/1043829778/ff.o
 .debug_abbrev  0x0000366d      0x146 build/sam_e70_xult/debug/_ext/1043829778/ffunicode.o
 .debug_abbrev  0x000037b3      0x445 build/sam_e70_xult/debug/_ext/1893760823/diskio.o
 .debug_abbrev  0x00003bf8      0x554 build/sam_e70_xult/debug/_ext/1305476372/sys_fs.o
 .debug_abbrev  0x0000414c      0x57f build/sam_e70_xult/debug/_ext/1305476372/sys_fs_media_manager.o
 .debug_abbrev  0x000046cb      0x335 build/sam_e70_xult/debug/_ext/1305476372/sys_fs_fat_interface.o
 .debug_abbrev  0x00004a00      0x267 build/sam_e70_xult/debug/_ext/766002106/sys_int.o
 .debug_abbrev  0x00004c67      0x664 build/sam_e70_xult/debug/_ext/327803284/sys_time.o
 .debug_abbrev  0x000052cb      0x377 build/sam_e70_xult/debug/_ext/1728594169/initialization.o
 .debug_abbrev  0x00005642      0x20b build/sam_e70_xult/debug/_ext/1728594169/interrupts.o
 .debug_abbrev  0x0000584d      0x1fe build/sam_e70_xult/debug/_ext/1728594169/exceptions.o
 .debug_abbrev  0x00005a4b      0x24f build/sam_e70_xult/debug/_ext/1728594169/startup_xc32.o
 .debug_abbrev  0x00005c9a      0x13f build/sam_e70_xult/debug/_ext/1728594169/freertos_hooks.o
 .debug_abbrev  0x00005dd9      0x27b build/sam_e70_xult/debug/_ext/1728594169/tasks.o
 .debug_abbrev  0x00006054      0x22f build/sam_e70_xult/debug/_ext/977623654/port.o
 .debug_abbrev  0x00006283      0x2af build/sam_e70_xult/debug/_ext/1665200909/heap_1.o
 .debug_abbrev  0x00006532      0x270 build/sam_e70_xult/debug/_ext/404212886/list.o
 .debug_abbrev  0x000067a2      0x484 build/sam_e70_xult/debug/_ext/404212886/queue.o
 .debug_abbrev  0x00006c26      0x545 build/sam_e70_xult/debug/_ext/404212886/FreeRTOS_tasks.o
 .debug_abbrev  0x0000716b      0x237 build/sam_e70_xult/debug/_ext/1360937237/main.o
 .debug_abbrev  0x000073a2      0x2cb build/sam_e70_xult/debug/_ext/1360937237/app_communication.o
 .debug_abbrev  0x0000766d      0x37f build/sam_e70_xult/debug/_ext/1360937237/app_mast_control.o
 .debug_abbrev  0x000079ec      0x2f5 build/sam_e70_xult/debug/_ext/1360937237/app_course_algorithm.o
 .debug_abbrev  0x00007ce1      0x35c build/sam_e70_xult/debug/_ext/1360937237/app_rudder_control.o
 .debug_abbrev  0x0000803d      0x30e build/sam_e70_xult/debug/_ext/1360937237/app_anemometer.o
 .debug_abbrev  0x0000834b      0x330 build/sam_e70_xult/debug/_ext/1360937237/app_gps.o
 .debug_abbrev  0x0000867b      0x30e build/sam_e70_xult/debug/_ext/1360937237/app_imu.o
 .debug_abbrev  0x00008989       0x2e e:/complier-new/bin/bin/../../lib/gcc/pic32c/8.3.1/../../../../pic32c/lib/thumb/v7e-m+dp/hard\libpic32c.a(data_init.o)
 .debug_abbrev  0x000089b7       0x14 e:/complier-new/bin/bin/../../lib/gcc/pic32c/8.3.1/thumb/v7e-m+dp/hard\libgcc.a(_aeabi_uldivmod.o)
 .debug_abbrev  0x000089cb      0x192 e:/complier-new/bin/bin/../../lib/gcc/pic32c/8.3.1/thumb/v7e-m+dp/hard\libgcc.a(_udivmoddi4.o)
 .debug_abbrev  0x00008b5d       0x14 e:/complier-new/bin/bin/../../lib/gcc/pic32c/8.3.1/thumb/v7e-m+dp/hard\libgcc.a(_dvmd_tls.o)
 .debug_abbrev  0x00008b71       0x2e e:/complier-new/bin/bin/../../lib/gcc/pic32c/8.3.1/../../../../pic32c/lib/thumb/v7e-m+dp/hard\libpic32c.a(sbrk.o)
 .debug_abbrev  0x00008b9f       0x14 e:/complier-new/bin/bin/../../lib/gcc/pic32c/8.3.1/thumb/v7e-m+dp/hard\libgcc.a(_arm_addsubdf3.o)
 .debug_abbrev  0x00008bb3      0x16d e:/complier-new/bin/bin/../../lib/gcc/pic32c/8.3.1/thumb/v7e-m+dp/hard\libgcc.a(_fixdfdi.o)
 .debug_abbrev  0x00008d20      0x153 e:/complier-new/bin/bin/../../lib/gcc/pic32c/8.3.1/thumb/v7e-m+dp/hard\libgcc.a(_fixunsdfdi.o)

.debug_loc      0x00000000    0x23b40
 .debug_loc     0x00000000      0xbcf build/sam_e70_xult/debug/_ext/957281314/drv_i2c.o
 .debug_loc     0x00000bcf       0x45 build/sam_e70_xult/debug/_ext/1565510230/drv_sdmmc_file_system.o
 .debug_loc     0x00000c14     0x22e1 build/sam_e70_xult/debug/_ext/1565510230/drv_sdmmc.o
 .debug_loc     0x00002ef5      0xca0 build/sam_e70_xult/debug/_ext/716655881/drv_usart.o
 .debug_loc     0x00003b95      0x727 build/sam_e70_xult/debug/_ext/1613695899/osal_freertos.o
 .debug_loc     0x000042bc      0x611 build/sam_e70_xult/debug/_ext/1055499099/plib_efc.o
 .debug_loc     0x000048cd      0x51f build/sam_e70_xult/debug/_ext/719181653/plib_hsmci.o
 .debug_loc     0x00004dec      0x37a build/sam_e70_xult/debug/_ext/1639550079/plib_nvic.o
 .debug_loc     0x00005166      0x33e build/sam_e70_xult/debug/_ext/1055488423/plib_pio.o
 .debug_loc     0x000054a4      0x197 build/sam_e70_xult/debug/_ext/1055487991/plib_pwm0.o
 .debug_loc     0x0000563b       0x46 build/sam_e70_xult/debug/_ext/865331892/plib_tc3.o
 .debug_loc     0x00005681      0x6b3 build/sam_e70_xult/debug/_ext/1539215101/plib_twihs0_master.o
 .debug_loc     0x00005d34      0x631 build/sam_e70_xult/debug/_ext/707186936/plib_usart1.o
 .debug_loc     0x00006365      0x631 build/sam_e70_xult/debug/_ext/707186936/plib_usart0.o
 .debug_loc     0x00006996      0x631 build/sam_e70_xult/debug/_ext/707186936/plib_usart2.o
 .debug_loc     0x00006fc7      0x38b build/sam_e70_xult/debug/_ext/704852250/plib_xdmac.o
 .debug_loc     0x00007352      0x6bb build/sam_e70_xult/debug/_ext/876653320/sys_cache.o
 .debug_loc     0x00007a0d     0xa0a1 build/sam_e70_xult/debug/_ext/1043829778/ff.o
 .debug_loc     0x00011aae      0x52d build/sam_e70_xult/debug/_ext/1043829778/ffunicode.o
 .debug_loc     0x00011fdb      0x99b build/sam_e70_xult/debug/_ext/1893760823/diskio.o
 .debug_loc     0x00012976     0x4bf4 build/sam_e70_xult/debug/_ext/1305476372/sys_fs.o
 .debug_loc     0x0001756a     0x16a5 build/sam_e70_xult/debug/_ext/1305476372/sys_fs_media_manager.o
 .debug_loc     0x00018c0f     0x1c7a build/sam_e70_xult/debug/_ext/1305476372/sys_fs_fat_interface.o
 .debug_loc     0x0001a889      0x182 build/sam_e70_xult/debug/_ext/766002106/sys_int.o
 .debug_loc     0x0001aa0b     0x22b8 build/sam_e70_xult/debug/_ext/327803284/sys_time.o
 .debug_loc     0x0001ccc3       0x45 build/sam_e70_xult/debug/_ext/1728594169/initialization.o
 .debug_loc     0x0001cd08       0xa7 build/sam_e70_xult/debug/_ext/1728594169/startup_xc32.o
 .debug_loc     0x0001cdaf       0x82 build/sam_e70_xult/debug/_ext/1728594169/freertos_hooks.o
 .debug_loc     0x0001ce31      0x2a5 build/sam_e70_xult/debug/_ext/1728594169/tasks.o
 .debug_loc     0x0001d0d6      0x13a build/sam_e70_xult/debug/_ext/977623654/port.o
 .debug_loc     0x0001d210       0x80 build/sam_e70_xult/debug/_ext/1665200909/heap_1.o
 .debug_loc     0x0001d290       0xbf build/sam_e70_xult/debug/_ext/404212886/list.o
 .debug_loc     0x0001d34f     0x16e4 build/sam_e70_xult/debug/_ext/404212886/queue.o
 .debug_loc     0x0001ea33     0x211d build/sam_e70_xult/debug/_ext/404212886/FreeRTOS_tasks.o
 .debug_loc     0x00020b50       0x20 build/sam_e70_xult/debug/_ext/1360937237/main.o
 .debug_loc     0x00020b70      0x29a build/sam_e70_xult/debug/_ext/1360937237/app_communication.o
 .debug_loc     0x00020e0a       0xdb build/sam_e70_xult/debug/_ext/1360937237/app_mast_control.o
 .debug_loc     0x00020ee5      0x7db build/sam_e70_xult/debug/_ext/1360937237/app_course_algorithm.o
 .debug_loc     0x000216c0      0x160 build/sam_e70_xult/debug/_ext/1360937237/app_rudder_control.o
 .debug_loc     0x00021820      0x84c build/sam_e70_xult/debug/_ext/1360937237/app_anemometer.o
 .debug_loc     0x0002206c      0x6dd build/sam_e70_xult/debug/_ext/1360937237/app_gps.o
 .debug_loc     0x00022749      0x2ed build/sam_e70_xult/debug/_ext/1360937237/app_imu.o
 .debug_loc     0x00022a36       0x14 e:/complier-new/bin/bin/../../lib/gcc/pic32c/8.3.1/../../../../pic32c/lib/thumb/v7e-m+dp/hard\libpic32c.a(data_init.o)
 .debug_loc     0x00022a4a     0x1041 e:/complier-new/bin/bin/../../lib/gcc/pic32c/8.3.1/thumb/v7e-m+dp/hard\libgcc.a(_udivmoddi4.o)
 .debug_loc     0x00023a8b       0x72 e:/complier-new/bin/bin/../../lib/gcc/pic32c/8.3.1/thumb/v7e-m+dp/hard\libgcc.a(_fixdfdi.o)
 .debug_loc     0x00023afd       0x43 e:/complier-new/bin/bin/../../lib/gcc/pic32c/8.3.1/thumb/v7e-m+dp/hard\libgcc.a(_fixunsdfdi.o)

.debug_aranges  0x00000000     0x1708
 .debug_aranges
                0x00000000       0x78 build/sam_e70_xult/debug/_ext/957281314/drv_i2c.o
 .debug_aranges
                0x00000078       0x20 build/sam_e70_xult/debug/_ext/1565510230/drv_sdmmc_file_system.o
 .debug_aranges
                0x00000098       0xb0 build/sam_e70_xult/debug/_ext/1565510230/drv_sdmmc.o
 .debug_aranges
                0x00000148       0x70 build/sam_e70_xult/debug/_ext/716655881/drv_usart.o
 .debug_aranges
                0x000001b8       0x90 build/sam_e70_xult/debug/_ext/1613695899/osal_freertos.o
 .debug_aranges
                0x00000248       0x20 build/sam_e70_xult/debug/_ext/1055500827/plib_clk.o
 .debug_aranges
                0x00000268       0x70 build/sam_e70_xult/debug/_ext/1055499099/plib_efc.o
 .debug_aranges
                0x000002d8       0x98 build/sam_e70_xult/debug/_ext/719181653/plib_hsmci.o
 .debug_aranges
                0x00000370       0x38 build/sam_e70_xult/debug/_ext/1639550079/plib_nvic.o
 .debug_aranges
                0x000003a8       0x98 build/sam_e70_xult/debug/_ext/1055488423/plib_pio.o
 .debug_aranges
                0x00000440       0x90 build/sam_e70_xult/debug/_ext/1055487991/plib_pwm0.o
 .debug_aranges
                0x000004d0       0x68 build/sam_e70_xult/debug/_ext/865331892/plib_tc3.o
 .debug_aranges
                0x00000538       0x70 build/sam_e70_xult/debug/_ext/1539215101/plib_twihs0_master.o
 .debug_aranges
                0x000005a8       0x88 build/sam_e70_xult/debug/_ext/707186936/plib_usart1.o
 .debug_aranges
                0x00000630       0x88 build/sam_e70_xult/debug/_ext/707186936/plib_usart0.o
 .debug_aranges
                0x000006b8       0x88 build/sam_e70_xult/debug/_ext/707186936/plib_usart2.o
 .debug_aranges
                0x00000740       0x78 build/sam_e70_xult/debug/_ext/704852250/plib_xdmac.o
 .debug_aranges
                0x000007b8       0x80 build/sam_e70_xult/debug/_ext/876653320/sys_cache.o
 .debug_aranges
                0x00000838      0x220 build/sam_e70_xult/debug/_ext/1043829778/ff.o
 .debug_aranges
                0x00000a58       0x30 build/sam_e70_xult/debug/_ext/1043829778/ffunicode.o
 .debug_aranges
                0x00000a88       0x60 build/sam_e70_xult/debug/_ext/1893760823/diskio.o
 .debug_aranges
                0x00000ae8      0x170 build/sam_e70_xult/debug/_ext/1305476372/sys_fs.o
 .debug_aranges
                0x00000c58       0x98 build/sam_e70_xult/debug/_ext/1305476372/sys_fs_media_manager.o
 .debug_aranges
                0x00000cf0      0x130 build/sam_e70_xult/debug/_ext/1305476372/sys_fs_fat_interface.o
 .debug_aranges
                0x00000e20       0x40 build/sam_e70_xult/debug/_ext/766002106/sys_int.o
 .debug_aranges
                0x00000e60      0x130 build/sam_e70_xult/debug/_ext/327803284/sys_time.o
 .debug_aranges
                0x00000f90       0x20 build/sam_e70_xult/debug/_ext/1728594169/initialization.o
 .debug_aranges
                0x00000fb0       0x20 build/sam_e70_xult/debug/_ext/1728594169/interrupts.o
 .debug_aranges
                0x00000fd0       0x48 build/sam_e70_xult/debug/_ext/1728594169/exceptions.o
 .debug_aranges
                0x00001018       0x28 build/sam_e70_xult/debug/_ext/1728594169/startup_xc32.o
 .debug_aranges
                0x00001040       0x40 build/sam_e70_xult/debug/_ext/1728594169/freertos_hooks.o
 .debug_aranges
                0x00001080       0x68 build/sam_e70_xult/debug/_ext/1728594169/tasks.o
 .debug_aranges
                0x000010e8       0x78 build/sam_e70_xult/debug/_ext/977623654/port.o
 .debug_aranges
                0x00001160       0x38 build/sam_e70_xult/debug/_ext/1665200909/heap_1.o
 .debug_aranges
                0x00001198       0x40 build/sam_e70_xult/debug/_ext/404212886/list.o
 .debug_aranges
                0x000011d8       0xc8 build/sam_e70_xult/debug/_ext/404212886/queue.o
 .debug_aranges
                0x000012a0      0x178 build/sam_e70_xult/debug/_ext/404212886/FreeRTOS_tasks.o
 .debug_aranges
                0x00001418       0x20 build/sam_e70_xult/debug/_ext/1360937237/main.o
 .debug_aranges
                0x00001438       0x40 build/sam_e70_xult/debug/_ext/1360937237/app_communication.o
 .debug_aranges
                0x00001478       0x48 build/sam_e70_xult/debug/_ext/1360937237/app_mast_control.o
 .debug_aranges
                0x000014c0       0x38 build/sam_e70_xult/debug/_ext/1360937237/app_course_algorithm.o
 .debug_aranges
                0x000014f8       0x38 build/sam_e70_xult/debug/_ext/1360937237/app_rudder_control.o
 .debug_aranges
                0x00001530       0x40 build/sam_e70_xult/debug/_ext/1360937237/app_anemometer.o
 .debug_aranges
                0x00001570       0x60 build/sam_e70_xult/debug/_ext/1360937237/app_gps.o
 .debug_aranges
                0x000015d0       0x38 build/sam_e70_xult/debug/_ext/1360937237/app_imu.o
 .debug_aranges
                0x00001608       0x20 e:/complier-new/bin/bin/../../lib/gcc/pic32c/8.3.1/../../../../pic32c/lib/thumb/v7e-m+dp/hard\libpic32c.a(data_init.o)
 .debug_aranges
                0x00001628       0x20 e:/complier-new/bin/bin/../../lib/gcc/pic32c/8.3.1/thumb/v7e-m+dp/hard\libgcc.a(_aeabi_uldivmod.o)
 .debug_aranges
                0x00001648       0x20 e:/complier-new/bin/bin/../../lib/gcc/pic32c/8.3.1/thumb/v7e-m+dp/hard\libgcc.a(_udivmoddi4.o)
 .debug_aranges
                0x00001668       0x20 e:/complier-new/bin/bin/../../lib/gcc/pic32c/8.3.1/thumb/v7e-m+dp/hard\libgcc.a(_dvmd_tls.o)
 .debug_aranges
                0x00001688       0x20 e:/complier-new/bin/bin/../../lib/gcc/pic32c/8.3.1/../../../../pic32c/lib/thumb/v7e-m+dp/hard\libpic32c.a(sbrk.o)
 .debug_aranges
                0x000016a8       0x20 e:/complier-new/bin/bin/../../lib/gcc/pic32c/8.3.1/thumb/v7e-m+dp/hard\libgcc.a(_arm_addsubdf3.o)
 .debug_aranges
                0x000016c8       0x20 e:/complier-new/bin/bin/../../lib/gcc/pic32c/8.3.1/thumb/v7e-m+dp/hard\libgcc.a(_fixdfdi.o)
 .debug_aranges
                0x000016e8       0x20 e:/complier-new/bin/bin/../../lib/gcc/pic32c/8.3.1/thumb/v7e-m+dp/hard\libgcc.a(_fixunsdfdi.o)

.debug_ranges   0x00000000     0x1ae8
 .debug_ranges  0x00000000       0x68 build/sam_e70_xult/debug/_ext/957281314/drv_i2c.o
 .debug_ranges  0x00000068       0x10 build/sam_e70_xult/debug/_ext/1565510230/drv_sdmmc_file_system.o
 .debug_ranges  0x00000078       0xe8 build/sam_e70_xult/debug/_ext/1565510230/drv_sdmmc.o
 .debug_ranges  0x00000160       0x78 build/sam_e70_xult/debug/_ext/716655881/drv_usart.o
 .debug_ranges  0x000001d8       0x80 build/sam_e70_xult/debug/_ext/1613695899/osal_freertos.o
 .debug_ranges  0x00000258       0x10 build/sam_e70_xult/debug/_ext/1055500827/plib_clk.o
 .debug_ranges  0x00000268       0x90 build/sam_e70_xult/debug/_ext/1055499099/plib_efc.o
 .debug_ranges  0x000002f8       0x88 build/sam_e70_xult/debug/_ext/719181653/plib_hsmci.o
 .debug_ranges  0x00000380       0x28 build/sam_e70_xult/debug/_ext/1639550079/plib_nvic.o
 .debug_ranges  0x000003a8       0x88 build/sam_e70_xult/debug/_ext/1055488423/plib_pio.o
 .debug_ranges  0x00000430       0x80 build/sam_e70_xult/debug/_ext/1055487991/plib_pwm0.o
 .debug_ranges  0x000004b0       0x58 build/sam_e70_xult/debug/_ext/865331892/plib_tc3.o
 .debug_ranges  0x00000508       0x60 build/sam_e70_xult/debug/_ext/1539215101/plib_twihs0_master.o
 .debug_ranges  0x00000568       0x78 build/sam_e70_xult/debug/_ext/707186936/plib_usart1.o
 .debug_ranges  0x000005e0       0x78 build/sam_e70_xult/debug/_ext/707186936/plib_usart0.o
 .debug_ranges  0x00000658       0x78 build/sam_e70_xult/debug/_ext/707186936/plib_usart2.o
 .debug_ranges  0x000006d0       0x68 build/sam_e70_xult/debug/_ext/704852250/plib_xdmac.o
 .debug_ranges  0x00000738       0xe8 build/sam_e70_xult/debug/_ext/876653320/sys_cache.o
 .debug_ranges  0x00000820      0x430 build/sam_e70_xult/debug/_ext/1043829778/ff.o
 .debug_ranges  0x00000c50       0x20 build/sam_e70_xult/debug/_ext/1043829778/ffunicode.o
 .debug_ranges  0x00000c70       0x68 build/sam_e70_xult/debug/_ext/1893760823/diskio.o
 .debug_ranges  0x00000cd8      0x160 build/sam_e70_xult/debug/_ext/1305476372/sys_fs.o
 .debug_ranges  0x00000e38      0x110 build/sam_e70_xult/debug/_ext/1305476372/sys_fs_media_manager.o
 .debug_ranges  0x00000f48      0x150 build/sam_e70_xult/debug/_ext/1305476372/sys_fs_fat_interface.o
 .debug_ranges  0x00001098       0x48 build/sam_e70_xult/debug/_ext/766002106/sys_int.o
 .debug_ranges  0x000010e0      0x168 build/sam_e70_xult/debug/_ext/327803284/sys_time.o
 .debug_ranges  0x00001248       0x10 build/sam_e70_xult/debug/_ext/1728594169/initialization.o
 .debug_ranges  0x00001258       0x10 build/sam_e70_xult/debug/_ext/1728594169/interrupts.o
 .debug_ranges  0x00001268       0x38 build/sam_e70_xult/debug/_ext/1728594169/exceptions.o
 .debug_ranges  0x000012a0       0x48 build/sam_e70_xult/debug/_ext/1728594169/startup_xc32.o
 .debug_ranges  0x000012e8       0x30 build/sam_e70_xult/debug/_ext/1728594169/freertos_hooks.o
 .debug_ranges  0x00001318       0x58 build/sam_e70_xult/debug/_ext/1728594169/tasks.o
 .debug_ranges  0x00001370       0x68 build/sam_e70_xult/debug/_ext/977623654/port.o
 .debug_ranges  0x000013d8       0x28 build/sam_e70_xult/debug/_ext/1665200909/heap_1.o
 .debug_ranges  0x00001400       0x30 build/sam_e70_xult/debug/_ext/404212886/list.o
 .debug_ranges  0x00001430      0x180 build/sam_e70_xult/debug/_ext/404212886/queue.o
 .debug_ranges  0x000015b0      0x288 build/sam_e70_xult/debug/_ext/404212886/FreeRTOS_tasks.o
 .debug_ranges  0x00001838       0x10 build/sam_e70_xult/debug/_ext/1360937237/main.o
 .debug_ranges  0x00001848       0x30 build/sam_e70_xult/debug/_ext/1360937237/app_communication.o
 .debug_ranges  0x00001878       0x38 build/sam_e70_xult/debug/_ext/1360937237/app_mast_control.o
 .debug_ranges  0x000018b0       0x28 build/sam_e70_xult/debug/_ext/1360937237/app_course_algorithm.o
 .debug_ranges  0x000018d8       0x70 build/sam_e70_xult/debug/_ext/1360937237/app_rudder_control.o
 .debug_ranges  0x00001948       0x30 build/sam_e70_xult/debug/_ext/1360937237/app_anemometer.o
 .debug_ranges  0x00001978       0x50 build/sam_e70_xult/debug/_ext/1360937237/app_gps.o
 .debug_ranges  0x000019c8       0x28 build/sam_e70_xult/debug/_ext/1360937237/app_imu.o
 .debug_ranges  0x000019f0       0x10 e:/complier-new/bin/bin/../../lib/gcc/pic32c/8.3.1/../../../../pic32c/lib/thumb/v7e-m+dp/hard\libpic32c.a(data_init.o)
 .debug_ranges  0x00001a00       0xd8 e:/complier-new/bin/bin/../../lib/gcc/pic32c/8.3.1/thumb/v7e-m+dp/hard\libgcc.a(_udivmoddi4.o)
 .debug_ranges  0x00001ad8       0x10 e:/complier-new/bin/bin/../../lib/gcc/pic32c/8.3.1/../../../../pic32c/lib/thumb/v7e-m+dp/hard\libpic32c.a(sbrk.o)

.debug_line     0x00000000    0x1b5ff
 .debug_line    0x00000000      0x80f build/sam_e70_xult/debug/_ext/957281314/drv_i2c.o
 .debug_line    0x0000080f      0x1da build/sam_e70_xult/debug/_ext/1565510230/drv_sdmmc_file_system.o
 .debug_line    0x000009e9     0x1e5e build/sam_e70_xult/debug/_ext/1565510230/drv_sdmmc.o
 .debug_line    0x00002847      0x8a7 build/sam_e70_xult/debug/_ext/716655881/drv_usart.o
 .debug_line    0x000030ee      0x49f build/sam_e70_xult/debug/_ext/1613695899/osal_freertos.o
 .debug_line    0x0000358d      0x1dc build/sam_e70_xult/debug/_ext/1055500827/plib_clk.o
 .debug_line    0x00003769      0x458 build/sam_e70_xult/debug/_ext/1055499099/plib_efc.o
 .debug_line    0x00003bc1      0x7cd build/sam_e70_xult/debug/_ext/719181653/plib_hsmci.o
 .debug_line    0x0000438e      0x551 build/sam_e70_xult/debug/_ext/1639550079/plib_nvic.o
 .debug_line    0x000048df      0x5fa build/sam_e70_xult/debug/_ext/1055488423/plib_pio.o
 .debug_line    0x00004ed9      0x38a build/sam_e70_xult/debug/_ext/1055487991/plib_pwm0.o
 .debug_line    0x00005263      0x288 build/sam_e70_xult/debug/_ext/865331892/plib_tc3.o
 .debug_line    0x000054eb      0x7e5 build/sam_e70_xult/debug/_ext/1539215101/plib_twihs0_master.o
 .debug_line    0x00005cd0      0x6ee build/sam_e70_xult/debug/_ext/707186936/plib_usart1.o
 .debug_line    0x000063be      0x6ee build/sam_e70_xult/debug/_ext/707186936/plib_usart0.o
 .debug_line    0x00006aac      0x6ee build/sam_e70_xult/debug/_ext/707186936/plib_usart2.o
 .debug_line    0x0000719a      0x47d build/sam_e70_xult/debug/_ext/704852250/plib_xdmac.o
 .debug_line    0x00007617      0xb07 build/sam_e70_xult/debug/_ext/876653320/sys_cache.o
 .debug_line    0x0000811e     0x4d1e build/sam_e70_xult/debug/_ext/1043829778/ff.o
 .debug_line    0x0000ce3c      0x2f7 build/sam_e70_xult/debug/_ext/1043829778/ffunicode.o
 .debug_line    0x0000d133      0x598 build/sam_e70_xult/debug/_ext/1893760823/diskio.o
 .debug_line    0x0000d6cb     0x26f2 build/sam_e70_xult/debug/_ext/1305476372/sys_fs.o
 .debug_line    0x0000fdbd      0xe62 build/sam_e70_xult/debug/_ext/1305476372/sys_fs_media_manager.o
 .debug_line    0x00010c1f      0x9fb build/sam_e70_xult/debug/_ext/1305476372/sys_fs_fat_interface.o
 .debug_line    0x0001161a      0x2f1 build/sam_e70_xult/debug/_ext/766002106/sys_int.o
 .debug_line    0x0001190b     0x1262 build/sam_e70_xult/debug/_ext/327803284/sys_time.o
 .debug_line    0x00012b6d      0x99a build/sam_e70_xult/debug/_ext/1728594169/initialization.o
 .debug_line    0x00013507      0x344 build/sam_e70_xult/debug/_ext/1728594169/interrupts.o
 .debug_line    0x0001384b      0x390 build/sam_e70_xult/debug/_ext/1728594169/exceptions.o
 .debug_line    0x00013bdb      0x477 build/sam_e70_xult/debug/_ext/1728594169/startup_xc32.o
 .debug_line    0x00014052      0x201 build/sam_e70_xult/debug/_ext/1728594169/freertos_hooks.o
 .debug_line    0x00014253      0x531 build/sam_e70_xult/debug/_ext/1728594169/tasks.o
 .debug_line    0x00014784      0x37d build/sam_e70_xult/debug/_ext/977623654/port.o
 .debug_line    0x00014b01      0x280 build/sam_e70_xult/debug/_ext/1665200909/heap_1.o
 .debug_line    0x00014d81      0x377 build/sam_e70_xult/debug/_ext/404212886/list.o
 .debug_line    0x000150f8      0xf2b build/sam_e70_xult/debug/_ext/404212886/queue.o
 .debug_line    0x00016023     0x17bb build/sam_e70_xult/debug/_ext/404212886/FreeRTOS_tasks.o
 .debug_line    0x000177de      0x319 build/sam_e70_xult/debug/_ext/1360937237/main.o
 .debug_line    0x00017af7      0x6bd build/sam_e70_xult/debug/_ext/1360937237/app_communication.o
 .debug_line    0x000181b4      0x5dd build/sam_e70_xult/debug/_ext/1360937237/app_mast_control.o
 .debug_line    0x00018791      0x553 build/sam_e70_xult/debug/_ext/1360937237/app_course_algorithm.o
 .debug_line    0x00018ce4      0x685 build/sam_e70_xult/debug/_ext/1360937237/app_rudder_control.o
 .debug_line    0x00019369      0x68a build/sam_e70_xult/debug/_ext/1360937237/app_anemometer.o
 .debug_line    0x000199f3      0x75b build/sam_e70_xult/debug/_ext/1360937237/app_gps.o
 .debug_line    0x0001a14e      0x4f5 build/sam_e70_xult/debug/_ext/1360937237/app_imu.o
 .debug_line    0x0001a643      0x110 e:/complier-new/bin/bin/../../lib/gcc/pic32c/8.3.1/../../../../pic32c/lib/thumb/v7e-m+dp/hard\libpic32c.a(data_init.o)
 .debug_line    0x0001a753       0x9c e:/complier-new/bin/bin/../../lib/gcc/pic32c/8.3.1/thumb/v7e-m+dp/hard\libgcc.a(_aeabi_uldivmod.o)
 .debug_line    0x0001a7ef      0x57e e:/complier-new/bin/bin/../../lib/gcc/pic32c/8.3.1/thumb/v7e-m+dp/hard\libgcc.a(_udivmoddi4.o)
 .debug_line    0x0001ad6d       0x9c e:/complier-new/bin/bin/../../lib/gcc/pic32c/8.3.1/thumb/v7e-m+dp/hard\libgcc.a(_dvmd_tls.o)
 .debug_line    0x0001ae09       0xb5 e:/complier-new/bin/bin/../../lib/gcc/pic32c/8.3.1/../../../../pic32c/lib/thumb/v7e-m+dp/hard\libpic32c.a(sbrk.o)
 .debug_line    0x0001aebe      0x1c1 e:/complier-new/bin/bin/../../lib/gcc/pic32c/8.3.1/thumb/v7e-m+dp/hard\libgcc.a(_arm_addsubdf3.o)
 .debug_line    0x0001b07f      0x2c0 e:/complier-new/bin/bin/../../lib/gcc/pic32c/8.3.1/thumb/v7e-m+dp/hard\libgcc.a(_fixdfdi.o)
 .debug_line    0x0001b33f      0x2c0 e:/complier-new/bin/bin/../../lib/gcc/pic32c/8.3.1/thumb/v7e-m+dp/hard\libgcc.a(_fixunsdfdi.o)

.debug_str      0x00000000     0x20e4
 .debug_str     0x00000000       0xdf build/sam_e70_xult/debug/_ext/957281314/drv_i2c.o
 .debug_str     0x000000df       0x1e build/sam_e70_xult/debug/_ext/1565510230/drv_sdmmc_file_system.o
 .debug_str     0x000000fd      0x288 build/sam_e70_xult/debug/_ext/1565510230/drv_sdmmc.o
 .debug_str     0x00000385      0x116 build/sam_e70_xult/debug/_ext/716655881/drv_usart.o
 .debug_str     0x0000049b      0x13b build/sam_e70_xult/debug/_ext/1613695899/osal_freertos.o
 .debug_str     0x000005d6        0x0 build/sam_e70_xult/debug/_ext/1055500827/plib_clk.o
 .debug_str     0x000005d6       0x22 build/sam_e70_xult/debug/_ext/1055499099/plib_efc.o
 .debug_str     0x000005f8       0x65 build/sam_e70_xult/debug/_ext/719181653/plib_hsmci.o
 .debug_str     0x0000065d       0x28 build/sam_e70_xult/debug/_ext/1639550079/plib_nvic.o
 .debug_str     0x00000685       0x59 build/sam_e70_xult/debug/_ext/1055488423/plib_pio.o
 .debug_str     0x000006de       0x14 build/sam_e70_xult/debug/_ext/1055487991/plib_pwm0.o
 .debug_str     0x000006f2        0xa build/sam_e70_xult/debug/_ext/865331892/plib_tc3.o
 .debug_str     0x000006fc       0x11 build/sam_e70_xult/debug/_ext/1539215101/plib_twihs0_master.o
 .debug_str     0x0000070d       0x1c build/sam_e70_xult/debug/_ext/707186936/plib_usart1.o
 .debug_str     0x00000729       0x1c build/sam_e70_xult/debug/_ext/707186936/plib_usart0.o
 .debug_str     0x00000745       0x1c build/sam_e70_xult/debug/_ext/707186936/plib_usart2.o
 .debug_str     0x00000761       0x2b build/sam_e70_xult/debug/_ext/704852250/plib_xdmac.o
 .debug_str     0x0000078c       0x1c build/sam_e70_xult/debug/_ext/876653320/sys_cache.o
 .debug_str     0x000007a8       0x80 build/sam_e70_xult/debug/_ext/1043829778/ff.o
 .debug_str     0x00000828        0x0 build/sam_e70_xult/debug/_ext/1043829778/ffunicode.o
 .debug_str     0x00000828       0xfb build/sam_e70_xult/debug/_ext/1893760823/diskio.o
 .debug_str     0x00000923      0x161 build/sam_e70_xult/debug/_ext/1305476372/sys_fs.o
 .debug_str     0x00000a84       0xe0 build/sam_e70_xult/debug/_ext/1305476372/sys_fs_media_manager.o
 .debug_str     0x00000b64       0x96 build/sam_e70_xult/debug/_ext/1305476372/sys_fs_fat_interface.o
 .debug_str     0x00000bfa       0x32 build/sam_e70_xult/debug/_ext/766002106/sys_int.o
 .debug_str     0x00000c2c      0x16e build/sam_e70_xult/debug/_ext/327803284/sys_time.o
 .debug_str     0x00000d9a      0x34f build/sam_e70_xult/debug/_ext/1728594169/initialization.o
 .debug_str     0x000010e9       0x64 build/sam_e70_xult/debug/_ext/1728594169/interrupts.o
 .debug_str     0x0000114d       0x64 build/sam_e70_xult/debug/_ext/1728594169/exceptions.o
 .debug_str     0x000011b1       0x2f build/sam_e70_xult/debug/_ext/1728594169/startup_xc32.o
 .debug_str     0x000011e0       0x25 build/sam_e70_xult/debug/_ext/1728594169/freertos_hooks.o
 .debug_str     0x00001205      0x14d build/sam_e70_xult/debug/_ext/1728594169/tasks.o
 .debug_str     0x00001352       0x26 build/sam_e70_xult/debug/_ext/977623654/port.o
 .debug_str     0x00001378       0x4a build/sam_e70_xult/debug/_ext/1665200909/heap_1.o
 .debug_str     0x000013c2       0x39 build/sam_e70_xult/debug/_ext/404212886/list.o
 .debug_str     0x000013fb      0x28d build/sam_e70_xult/debug/_ext/404212886/queue.o
 .debug_str     0x00001688      0x283 build/sam_e70_xult/debug/_ext/404212886/FreeRTOS_tasks.o
 .debug_str     0x0000190b       0x7d build/sam_e70_xult/debug/_ext/1360937237/main.o
 .debug_str     0x00001988       0x85 build/sam_e70_xult/debug/_ext/1360937237/app_communication.o
 .debug_str     0x00001a0d      0x136 build/sam_e70_xult/debug/_ext/1360937237/app_mast_control.o
 .debug_str     0x00001b43       0x78 build/sam_e70_xult/debug/_ext/1360937237/app_course_algorithm.o
 .debug_str     0x00001bbb      0x149 build/sam_e70_xult/debug/_ext/1360937237/app_rudder_control.o
 .debug_str     0x00001d04       0x78 build/sam_e70_xult/debug/_ext/1360937237/app_anemometer.o
 .debug_str     0x00001d7c       0x5a build/sam_e70_xult/debug/_ext/1360937237/app_gps.o
 .debug_str     0x00001dd6       0x3b build/sam_e70_xult/debug/_ext/1360937237/app_imu.o
 .debug_str     0x00001e11        0x0 e:/complier-new/bin/bin/../../lib/gcc/pic32c/8.3.1/../../../../pic32c/lib/thumb/v7e-m+dp/hard\libpic32c.a(data_init.o)
 .debug_str     0x00001e11       0xee e:/complier-new/bin/bin/../../lib/gcc/pic32c/8.3.1/thumb/v7e-m+dp/hard\libgcc.a(_aeabi_uldivmod.o)
 .debug_str     0x00001eff        0x0 e:/complier-new/bin/bin/../../lib/gcc/pic32c/8.3.1/thumb/v7e-m+dp/hard\libgcc.a(_udivmoddi4.o)
 .debug_str     0x00001eff       0xf2 e:/complier-new/bin/bin/../../lib/gcc/pic32c/8.3.1/thumb/v7e-m+dp/hard\libgcc.a(_dvmd_tls.o)
 .debug_str     0x00001ff1        0x0 e:/complier-new/bin/bin/../../lib/gcc/pic32c/8.3.1/../../../../pic32c/lib/thumb/v7e-m+dp/hard\libpic32c.a(sbrk.o)
 .debug_str     0x00001ff1       0xf3 e:/complier-new/bin/bin/../../lib/gcc/pic32c/8.3.1/thumb/v7e-m+dp/hard\libgcc.a(_arm_addsubdf3.o)
 .debug_str     0x000020e4        0x0 e:/complier-new/bin/bin/../../lib/gcc/pic32c/8.3.1/thumb/v7e-m+dp/hard\libgcc.a(_fixdfdi.o)
 .debug_str     0x000020e4        0x0 e:/complier-new/bin/bin/../../lib/gcc/pic32c/8.3.1/thumb/v7e-m+dp/hard\libgcc.a(_fixunsdfdi.o)

.debug_frame    0x00000000     0x4000
 .debug_frame   0x00000000      0x188 build/sam_e70_xult/debug/_ext/957281314/drv_i2c.o
 .debug_frame   0x00000188       0x28 build/sam_e70_xult/debug/_ext/1565510230/drv_sdmmc_file_system.o
 .debug_frame   0x000001b0      0x254 build/sam_e70_xult/debug/_ext/1565510230/drv_sdmmc.o
 .debug_frame   0x00000404      0x180 build/sam_e70_xult/debug/_ext/716655881/drv_usart.o
 .debug_frame   0x00000584      0x180 build/sam_e70_xult/debug/_ext/1613695899/osal_freertos.o
 .debug_frame   0x00000704       0x20 build/sam_e70_xult/debug/_ext/1055500827/plib_clk.o
 .debug_frame   0x00000724       0xec build/sam_e70_xult/debug/_ext/1055499099/plib_efc.o
 .debug_frame   0x00000810      0x150 build/sam_e70_xult/debug/_ext/719181653/plib_hsmci.o
 .debug_frame   0x00000960       0x50 build/sam_e70_xult/debug/_ext/1639550079/plib_nvic.o
 .debug_frame   0x000009b0      0x154 build/sam_e70_xult/debug/_ext/1055488423/plib_pio.o
 .debug_frame   0x00000b04      0x12c build/sam_e70_xult/debug/_ext/1055487991/plib_pwm0.o
 .debug_frame   0x00000c30       0xb8 build/sam_e70_xult/debug/_ext/865331892/plib_tc3.o
 .debug_frame   0x00000ce8       0xf8 build/sam_e70_xult/debug/_ext/1539215101/plib_twihs0_master.o
 .debug_frame   0x00000de0      0x14c build/sam_e70_xult/debug/_ext/707186936/plib_usart1.o
 .debug_frame   0x00000f2c      0x14c build/sam_e70_xult/debug/_ext/707186936/plib_usart0.o
 .debug_frame   0x00001078      0x14c build/sam_e70_xult/debug/_ext/707186936/plib_usart2.o
 .debug_frame   0x000011c4      0x108 build/sam_e70_xult/debug/_ext/704852250/plib_xdmac.o
 .debug_frame   0x000012cc      0x150 build/sam_e70_xult/debug/_ext/876653320/sys_cache.o
 .debug_frame   0x0000141c      0x8f0 build/sam_e70_xult/debug/_ext/1043829778/ff.o
 .debug_frame   0x00001d0c       0x5c build/sam_e70_xult/debug/_ext/1043829778/ffunicode.o
 .debug_frame   0x00001d68       0xfc build/sam_e70_xult/debug/_ext/1893760823/diskio.o
 .debug_frame   0x00001e64      0x5ac build/sam_e70_xult/debug/_ext/1305476372/sys_fs.o
 .debug_frame   0x00002410      0x1e0 build/sam_e70_xult/debug/_ext/1305476372/sys_fs_media_manager.o
 .debug_frame   0x000025f0      0x36c build/sam_e70_xult/debug/_ext/1305476372/sys_fs_fat_interface.o
 .debug_frame   0x0000295c       0x84 build/sam_e70_xult/debug/_ext/766002106/sys_int.o
 .debug_frame   0x000029e0      0x3e4 build/sam_e70_xult/debug/_ext/327803284/sys_time.o
 .debug_frame   0x00002dc4       0x28 build/sam_e70_xult/debug/_ext/1728594169/initialization.o
 .debug_frame   0x00002dec       0x20 build/sam_e70_xult/debug/_ext/1728594169/interrupts.o
 .debug_frame   0x00002e0c       0x70 build/sam_e70_xult/debug/_ext/1728594169/exceptions.o
 .debug_frame   0x00002e7c       0x38 build/sam_e70_xult/debug/_ext/1728594169/startup_xc32.o
 .debug_frame   0x00002eb4       0x6c build/sam_e70_xult/debug/_ext/1728594169/freertos_hooks.o
 .debug_frame   0x00002f20      0x10c build/sam_e70_xult/debug/_ext/1728594169/tasks.o
 .debug_frame   0x0000302c       0xe8 build/sam_e70_xult/debug/_ext/977623654/port.o
 .debug_frame   0x00003114       0x5c build/sam_e70_xult/debug/_ext/1665200909/heap_1.o
 .debug_frame   0x00003170       0x6c build/sam_e70_xult/debug/_ext/404212886/list.o
 .debug_frame   0x000031dc      0x280 build/sam_e70_xult/debug/_ext/404212886/queue.o
 .debug_frame   0x0000345c      0x46c build/sam_e70_xult/debug/_ext/404212886/FreeRTOS_tasks.o
 .debug_frame   0x000038c8       0x28 build/sam_e70_xult/debug/_ext/1360937237/main.o
 .debug_frame   0x000038f0       0x90 build/sam_e70_xult/debug/_ext/1360937237/app_communication.o
 .debug_frame   0x00003980       0x7c build/sam_e70_xult/debug/_ext/1360937237/app_mast_control.o
 .debug_frame   0x000039fc      0x124 build/sam_e70_xult/debug/_ext/1360937237/app_course_algorithm.o
 .debug_frame   0x00003b20       0x64 build/sam_e70_xult/debug/_ext/1360937237/app_rudder_control.o
 .debug_frame   0x00003b84      0x108 build/sam_e70_xult/debug/_ext/1360937237/app_anemometer.o
 .debug_frame   0x00003c8c      0x14c build/sam_e70_xult/debug/_ext/1360937237/app_gps.o
 .debug_frame   0x00003dd8       0x7c build/sam_e70_xult/debug/_ext/1360937237/app_imu.o
 .debug_frame   0x00003e54       0x38 e:/complier-new/bin/bin/../../lib/gcc/pic32c/8.3.1/../../../../pic32c/lib/thumb/v7e-m+dp/hard\libpic32c.a(data_init.o)
 .debug_frame   0x00003e8c       0x2c e:/complier-new/bin/bin/../../lib/gcc/pic32c/8.3.1/thumb/v7e-m+dp/hard\libgcc.a(_aeabi_uldivmod.o)
 .debug_frame   0x00003eb8       0x34 e:/complier-new/bin/bin/../../lib/gcc/pic32c/8.3.1/thumb/v7e-m+dp/hard\libgcc.a(_udivmoddi4.o)
 .debug_frame   0x00003eec       0x20 e:/complier-new/bin/bin/../../lib/gcc/pic32c/8.3.1/../../../../pic32c/lib/thumb/v7e-m+dp/hard\libpic32c.a(sbrk.o)
 .debug_frame   0x00003f0c       0xac e:/complier-new/bin/bin/../../lib/gcc/pic32c/8.3.1/thumb/v7e-m+dp/hard\libgcc.a(_arm_addsubdf3.o)
 .debug_frame   0x00003fb8       0x28 e:/complier-new/bin/bin/../../lib/gcc/pic32c/8.3.1/thumb/v7e-m+dp/hard\libgcc.a(_fixdfdi.o)
 .debug_frame   0x00003fe0       0x20 e:/complier-new/bin/bin/../../lib/gcc/pic32c/8.3.1/thumb/v7e-m+dp/hard\libgcc.a(_fixunsdfdi.o)

.stack          0x2040c780      0x100
 .stack         0x2040c780      0x100 stack

.bss.ucHeap%1   0x204008a0     0xa000
 .bss.ucHeap    0x204008a0     0xa000 build/sam_e70_xult/debug/_ext/1665200909/heap_1.o

.bss.gSYSFSMediaBlockBuffer%2
                0x2040a8a0      0x800
 .bss.gSYSFSMediaBlockBuffer
                0x2040a8a0      0x800 build/sam_e70_xult/debug/_ext/1305476372/sys_fs_media_manager.o
                0x2040a8a0                gSYSFSMediaBlockBuffer

.bss.gDrvSDMMCObj%3
                0x2040b0a0      0x340
 .bss.gDrvSDMMCObj
                0x2040b0a0      0x340 build/sam_e70_xult/debug/_ext/1565510230/drv_sdmmc.o

.bss.FATFSFileObject%4
                0x2040b3e0      0x260
 .bss.FATFSFileObject
                0x2040b3e0      0x260 build/sam_e70_xult/debug/_ext/1305476372/sys_fs_fat_interface.o

.bss.FATFSVolume%5
                0x2040b640      0x260
 .bss.FATFSVolume
                0x2040b640      0x260 build/sam_e70_xult/debug/_ext/1305476372/sys_fs_fat_interface.o

.bss.gSysFsDiskData%6
                0x2040b8a0      0x220
 .bss.gSysFsDiskData
                0x2040b8a0      0x220 build/sam_e70_xult/debug/_ext/1893760823/diskio.o

.bss.LfnBuf%7   0x2040bac0      0x200
 .bss.LfnBuf    0x2040bac0      0x200 build/sam_e70_xult/debug/_ext/1043829778/ff.o

.data.__global_locale%8
                0x2040bcc0      0x16c
 .data.__global_locale
                0x2040bcc0      0x16c e:/complier-new/bin/bin/../../lib/gcc/pic32c/8.3.1/../../../../pic32c/lib/thumb/v7e-m+dp/hard\libg_nano.a(lib_a-locale.o)
                0x2040bcc0                __global_locale

.bss.gDrvUSARTObj%9
                0x2040be2c       0xf0
 .bss.gDrvUSARTObj
                0x2040be2c       0xf0 build/sam_e70_xult/debug/_ext/716655881/drv_usart.o

.bss.timers%10  0x2040bf1c       0xa0
 .bss.timers    0x2040bf1c       0xa0 build/sam_e70_xult/debug/_ext/327803284/sys_time.o

.bss.pxReadyTasksLists%11
                0x2040bfbc       0x64
 .bss.pxReadyTasksLists
                0x2040bfbc       0x64 build/sam_e70_xult/debug/_ext/404212886/FreeRTOS_tasks.o

.bss.drvUSART1ClientObjPool%12
                0x2040c020       0x60
 .bss.drvUSART1ClientObjPool
                0x2040c020       0x60 build/sam_e70_xult/debug/_ext/1728594169/initialization.o

.data.impure_data%13
                0x2040c080       0x60
 .data.impure_data
                0x2040c080       0x60 e:/complier-new/bin/bin/../../lib/gcc/pic32c/8.3.1/../../../../pic32c/lib/thumb/v7e-m+dp/hard\libg_nano.a(lib_a-impure.o)

.bss.decoded%14
                0x2040c0e0       0x57
 .bss.decoded   0x2040c0e0       0x57 build/sam_e70_xult/debug/_ext/1360937237/app_communication.o
                0x2040c0e0                decoded

.bss.recbuffer%15
                0x2040c138       0x57
 .bss.recbuffer
                0x2040c138       0x57 build/sam_e70_xult/debug/_ext/1360937237/app_communication.o
                0x2040c138                recbuffer

.bss.sendbuffer%16
                0x2040c190       0x57
 .bss.sendbuffer
                0x2040c190       0x57 build/sam_e70_xult/debug/_ext/1360937237/app_communication.o
                0x2040c190                sendbuffer

.bss.drvSDMMC0BufferObjPool%17
                0x2040c1e8       0x48
 .bss.drvSDMMC0BufferObjPool
                0x2040c1e8       0x48 build/sam_e70_xult/debug/_ext/1728594169/initialization.o

.bss.gDrvI2CObj%18
                0x2040c230       0x38
 .bss.gDrvI2CObj
                0x2040c230       0x38 build/sam_e70_xult/debug/_ext/957281314/drv_i2c.o

.bss.FATFSDirObject%19
                0x2040c280       0x38
 .bss.FATFSDirObject
                0x2040c280       0x38 build/sam_e70_xult/debug/_ext/1305476372/sys_fs_fat_interface.o

.bss.gSystemCounterObj%20
                0x2040c2b8       0x38
 .bss.gSystemCounterObj
                0x2040c2b8       0x38 build/sam_e70_xult/debug/_ext/327803284/sys_time.o

.bss.drvUSART0ClientObjPool%21
                0x2040c2f0       0x30
 .bss.drvUSART0ClientObjPool
                0x2040c2f0       0x30 build/sam_e70_xult/debug/_ext/1728594169/initialization.o

.bss.twihs0Obj%22
                0x2040c320       0x28
 .bss.twihs0Obj
                0x2040c320       0x28 build/sam_e70_xult/debug/_ext/1539215101/plib_twihs0_master.o

.bss.drvI2C0ClientObjPool%23
                0x2040c348       0x20
 .bss.drvI2C0ClientObjPool
                0x2040c348       0x20 build/sam_e70_xult/debug/_ext/1728594169/initialization.o

.bss%24         0x2040c368       0x1c
 .bss           0x2040c368       0x1c e:/complier-new/bin/bin/../../lib/gcc/pic32c/8.3.1/thumb/v7e-m+dp/hard/crtbegin.o

.data.gSYSFSMediaManagerObj%25
                0x2040c268       0x18
 .data.gSYSFSMediaManagerObj
                0x2040c268       0x18 build/sam_e70_xult/debug/_ext/1305476372/sys_fs_media_manager.o
                0x2040c268                gSYSFSMediaManagerObj

.bss.hsmciObj%26
                0x2040c384       0x14
 .bss.hsmciObj  0x2040c384       0x14 build/sam_e70_xult/debug/_ext/719181653/plib_hsmci.o

.data.gSYSFSVolumeName%27
                0x2040c398       0x14
 .data.gSYSFSVolumeName
                0x2040c398       0x14 build/sam_e70_xult/debug/_ext/1305476372/sys_fs_media_manager.o
                0x2040c398                gSYSFSVolumeName

.bss.xDelayedTaskList1%28
                0x2040c3ac       0x14
 .bss.xDelayedTaskList1
                0x2040c3ac       0x14 build/sam_e70_xult/debug/_ext/404212886/FreeRTOS_tasks.o

.bss.xDelayedTaskList2%29
                0x2040c3c0       0x14
 .bss.xDelayedTaskList2
                0x2040c3c0       0x14 build/sam_e70_xult/debug/_ext/404212886/FreeRTOS_tasks.o

.bss.xPendingReadyList%30
                0x2040c3d4       0x14
 .bss.xPendingReadyList
                0x2040c3d4       0x14 build/sam_e70_xult/debug/_ext/404212886/FreeRTOS_tasks.o

.bss.xSuspendedTaskList%31
                0x2040c3e8       0x14
 .bss.xSuspendedTaskList
                0x2040c3e8       0x14 build/sam_e70_xult/debug/_ext/404212886/FreeRTOS_tasks.o

.bss.xTasksWaitingTermination%32
                0x2040c3fc       0x14
 .bss.xTasksWaitingTermination
                0x2040c3fc       0x14 build/sam_e70_xult/debug/_ext/404212886/FreeRTOS_tasks.o

.data.signal_confirmed%33
                0x2040c410       0x12
 .data.signal_confirmed
                0x2040c410       0x12 build/sam_e70_xult/debug/_ext/1360937237/app_communication.o
                0x2040c410                signal_confirmed

.bss.Files%34   0x2040c424       0x10
 .bss.Files     0x2040c424       0x10 build/sam_e70_xult/debug/_ext/1043829778/ff.o

.bss.drvSDMMC0ClientObjPool%35
                0x2040c434       0x10
 .bss.drvSDMMC0ClientObjPool
                0x2040c434       0x10 build/sam_e70_xult/debug/_ext/1728594169/initialization.o

.bss.drvUSART2ClientObjPool%36
                0x2040c444       0x10
 .bss.drvUSART2ClientObjPool
                0x2040c444       0x10 build/sam_e70_xult/debug/_ext/1728594169/initialization.o

.bss.sysfsMountTable%37
                0x2040c454        0xc
 .bss.sysfsMountTable
                0x2040c454        0xc build/sam_e70_xult/debug/_ext/1728594169/initialization.o
                0x2040c454                sysfsMountTable

.data.confirmed%38
                0x2040c460        0xb
 .data.confirmed
                0x2040c460        0xb build/sam_e70_xult/debug/_ext/1360937237/app_communication.o
                0x2040c460                confirmed

.bss.value%39   0x2040c470        0x8
 .bss.value     0x2040c470        0x8 build/sam_e70_xult/debug/_ext/1360937237/app_communication.o
                0x2040c470                value

.data.portNumCb%40
                0x2040c478        0x6
 .data.portNumCb
                0x2040c478        0x6 build/sam_e70_xult/debug/_ext/1055488423/plib_pio.o
                0x2040c478                portNumCb

.data.message%41
                0x2040c480        0x6
 .data.message  0x2040c480        0x6 build/sam_e70_xult/debug/_ext/1360937237/app_communication.o
                0x2040c480                message

.bss.FatFs%42   0x2040c46c        0x4
 .bss.FatFs     0x2040c46c        0x4 build/sam_e70_xult/debug/_ext/1043829778/ff.o

.bss.cmd.7957%43
                0x2040c488        0x4
 .bss.cmd.7957  0x2040c488        0x4 build/sam_e70_xult/debug/_ext/1728594169/startup_xc32.o

.data.uxCriticalNesting%44
                0x2040c48c        0x4
 .data.uxCriticalNesting
                0x2040c48c        0x4 build/sam_e70_xult/debug/_ext/977623654/port.o

.bss.pucAlignedHeap.6555%45
                0x2040c490        0x4
 .bss.pucAlignedHeap.6555
                0x2040c490        0x4 build/sam_e70_xult/debug/_ext/1665200909/heap_1.o

.bss.xNextFreeByte%46
                0x2040c494        0x4
 .bss.xNextFreeByte
                0x2040c494        0x4 build/sam_e70_xult/debug/_ext/1665200909/heap_1.o

.bss.pxCurrentTCB%47
                0x2040c498        0x4
 .bss.pxCurrentTCB
                0x2040c498        0x4 build/sam_e70_xult/debug/_ext/404212886/FreeRTOS_tasks.o
                0x2040c498                pxCurrentTCB

.bss.pxDelayedTaskList%48
                0x2040c49c        0x4
 .bss.pxDelayedTaskList
                0x2040c49c        0x4 build/sam_e70_xult/debug/_ext/404212886/FreeRTOS_tasks.o

.bss.pxOverflowDelayedTaskList%49
                0x2040c4a0        0x4
 .bss.pxOverflowDelayedTaskList
                0x2040c4a0        0x4 build/sam_e70_xult/debug/_ext/404212886/FreeRTOS_tasks.o

.bss.uxCurrentNumberOfTasks%50
                0x2040c4a4        0x4
 .bss.uxCurrentNumberOfTasks
                0x2040c4a4        0x4 build/sam_e70_xult/debug/_ext/404212886/FreeRTOS_tasks.o

.bss.uxDeletedTasksWaitingCleanUp%51
                0x2040c4a8        0x4
 .bss.uxDeletedTasksWaitingCleanUp
                0x2040c4a8        0x4 build/sam_e70_xult/debug/_ext/404212886/FreeRTOS_tasks.o

.bss.uxSchedulerSuspended%52
                0x2040c4ac        0x4
 .bss.uxSchedulerSuspended
                0x2040c4ac        0x4 build/sam_e70_xult/debug/_ext/404212886/FreeRTOS_tasks.o

.bss.uxTaskNumber%53
                0x2040c4b0        0x4
 .bss.uxTaskNumber
                0x2040c4b0        0x4 build/sam_e70_xult/debug/_ext/404212886/FreeRTOS_tasks.o

.bss.uxTopReadyPriority%54
                0x2040c4b4        0x4
 .bss.uxTopReadyPriority
                0x2040c4b4        0x4 build/sam_e70_xult/debug/_ext/404212886/FreeRTOS_tasks.o

.bss.xIdleTaskHandle%55
                0x2040c4b8        0x4
 .bss.xIdleTaskHandle
                0x2040c4b8        0x4 build/sam_e70_xult/debug/_ext/404212886/FreeRTOS_tasks.o

.bss.xNextTaskUnblockTime%56
                0x2040c4bc        0x4
 .bss.xNextTaskUnblockTime
                0x2040c4bc        0x4 build/sam_e70_xult/debug/_ext/404212886/FreeRTOS_tasks.o

.bss.xNumOfOverflows%57
                0x2040c4c0        0x4
 .bss.xNumOfOverflows
                0x2040c4c0        0x4 build/sam_e70_xult/debug/_ext/404212886/FreeRTOS_tasks.o

.bss.xPendedTicks%58
                0x2040c4c4        0x4
 .bss.xPendedTicks
                0x2040c4c4        0x4 build/sam_e70_xult/debug/_ext/404212886/FreeRTOS_tasks.o

.bss.xSchedulerRunning%59
                0x2040c4c8        0x4
 .bss.xSchedulerRunning
                0x2040c4c8        0x4 build/sam_e70_xult/debug/_ext/404212886/FreeRTOS_tasks.o

.bss.xTickCount%60
                0x2040c4cc        0x4
 .bss.xTickCount
                0x2040c4cc        0x4 build/sam_e70_xult/debug/_ext/404212886/FreeRTOS_tasks.o

.bss.xYieldPending%61
                0x2040c4d0        0x4
 .bss.xYieldPending
                0x2040c4d0        0x4 build/sam_e70_xult/debug/_ext/404212886/FreeRTOS_tasks.o

.bss.delay%62   0x2040c4d4        0x4
 .bss.delay     0x2040c4d4        0x4 build/sam_e70_xult/debug/_ext/1360937237/app_communication.o
                0x2040c4d4                delay

.bss.endptr%63  0x2040c4d8        0x4