Archive member included to satisfy reference by file (symbol)

c:/program files/microchip/xc32/v2.50/bin/bin/../../lib/gcc/pic32c/6.2.1/../../../../pic32c/lib/v7e-m/fpv5/hard\libpic32c.a(data_init.o)
                              build/sam_e70_xult/debug/_ext/1728594169/startup_xc32.o (__pic32c_data_initialization)
c:/program files/microchip/xc32/v2.50/bin/bin/../../lib/gcc/pic32c/6.2.1/v7e-m/fpv5/hard\libgcc.a(_aeabi_uldivmod.o)
                              build/sam_e70_xult/debug/_ext/327803284/sys_time.o (__aeabi_uldivmod)
c:/program files/microchip/xc32/v2.50/bin/bin/../../lib/gcc/pic32c/6.2.1/v7e-m/fpv5/hard\libgcc.a(_udivmoddi4.o)
                              c:/program files/microchip/xc32/v2.50/bin/bin/../../lib/gcc/pic32c/6.2.1/v7e-m/fpv5/hard\libgcc.a(_aeabi_uldivmod.o) (__udivmoddi4)
c:/program files/microchip/xc32/v2.50/bin/bin/../../lib/gcc/pic32c/6.2.1/v7e-m/fpv5/hard\libgcc.a(_dvmd_tls.o)
                              c:/program files/microchip/xc32/v2.50/bin/bin/../../lib/gcc/pic32c/6.2.1/v7e-m/fpv5/hard\libgcc.a(_aeabi_uldivmod.o) (__aeabi_ldiv0)
c:/program files/microchip/xc32/v2.50/bin/bin/../../lib/gcc/pic32c/6.2.1/../../../../pic32c/lib/v7e-m/fpv5/hard\libg_nano.a(lib_a-atof.o)
                              build/sam_e70_xult/debug/_ext/1360937237/app_gps.o (atof)
c:/program files/microchip/xc32/v2.50/bin/bin/../../lib/gcc/pic32c/6.2.1/../../../../pic32c/lib/v7e-m/fpv5/hard\libg_nano.a(lib_a-atoi.o)
                              build/sam_e70_xult/debug/_ext/1360937237/app_gps.o (atoi)
c:/program files/microchip/xc32/v2.50/bin/bin/../../lib/gcc/pic32c/6.2.1/../../../../pic32c/lib/v7e-m/fpv5/hard\libg_nano.a(lib_a-init.o)
                              build/sam_e70_xult/debug/_ext/1728594169/startup_xc32.o (__libc_init_array)
c:/program files/microchip/xc32/v2.50/bin/bin/../../lib/gcc/pic32c/6.2.1/../../../../pic32c/lib/v7e-m/fpv5/hard\libg_nano.a(lib_a-locale.o)
                              build/sam_e70_xult/debug/_ext/1360937237/app_anemometer.o (__locale_ctype_ptr)
c:/program files/microchip/xc32/v2.50/bin/bin/../../lib/gcc/pic32c/6.2.1/../../../../pic32c/lib/v7e-m/fpv5/hard\libg_nano.a(lib_a-malloc.o)
                              build/sam_e70_xult/debug/_ext/1360937237/app_gps.o (malloc)
c:/program files/microchip/xc32/v2.50/bin/bin/../../lib/gcc/pic32c/6.2.1/../../../../pic32c/lib/v7e-m/fpv5/hard\libg_nano.a(lib_a-mbtowc_r.o)
                              c:/program files/microchip/xc32/v2.50/bin/bin/../../lib/gcc/pic32c/6.2.1/../../../../pic32c/lib/v7e-m/fpv5/hard\libg_nano.a(lib_a-locale.o) (__ascii_mbtowc)
c:/program files/microchip/xc32/v2.50/bin/bin/../../lib/gcc/pic32c/6.2.1/../../../../pic32c/lib/v7e-m/fpv5/hard\libg_nano.a(lib_a-memcpy-stub.o)
                              build/sam_e70_xult/debug/_ext/1055499099/plib_efc.o (memcpy)
c:/program files/microchip/xc32/v2.50/bin/bin/../../lib/gcc/pic32c/6.2.1/../../../../pic32c/lib/v7e-m/fpv5/hard\libg_nano.a(lib_a-memset.o)
                              build/sam_e70_xult/debug/_ext/1565510230/drv_sdmmc.o (memset)
c:/program files/microchip/xc32/v2.50/bin/bin/../../lib/gcc/pic32c/6.2.1/../../../../pic32c/lib/v7e-m/fpv5/hard\libg_nano.a(lib_a-nano-freer.o)
                              c:/program files/microchip/xc32/v2.50/bin/bin/../../lib/gcc/pic32c/6.2.1/../../../../pic32c/lib/v7e-m/fpv5/hard\libg_nano.a(lib_a-malloc.o) (_free_r)
c:/program files/microchip/xc32/v2.50/bin/bin/../../lib/gcc/pic32c/6.2.1/../../../../pic32c/lib/v7e-m/fpv5/hard\libg_nano.a(lib_a-nano-mallocr.o)
                              c:/program files/microchip/xc32/v2.50/bin/bin/../../lib/gcc/pic32c/6.2.1/../../../../pic32c/lib/v7e-m/fpv5/hard\libg_nano.a(lib_a-malloc.o) (_malloc_r)
c:/program files/microchip/xc32/v2.50/bin/bin/../../lib/gcc/pic32c/6.2.1/../../../../pic32c/lib/v7e-m/fpv5/hard\libg_nano.a(lib_a-sbrkr.o)
                              c:/program files/microchip/xc32/v2.50/bin/bin/../../lib/gcc/pic32c/6.2.1/../../../../pic32c/lib/v7e-m/fpv5/hard\libg_nano.a(lib_a-nano-mallocr.o) (_sbrk_r)
c:/program files/microchip/xc32/v2.50/bin/bin/../../lib/gcc/pic32c/6.2.1/../../../../pic32c/lib/v7e-m/fpv5/hard\libg_nano.a(lib_a-strchr.o)
                              build/sam_e70_xult/debug/_ext/1360937237/app_gps.o (strchr)
c:/program files/microchip/xc32/v2.50/bin/bin/../../lib/gcc/pic32c/6.2.1/../../../../pic32c/lib/v7e-m/fpv5/hard\libg_nano.a(lib_a-strcmp.o)
                              build/sam_e70_xult/debug/_ext/1305476372/sys_fs_media_manager.o (strcmp)
c:/program files/microchip/xc32/v2.50/bin/bin/../../lib/gcc/pic32c/6.2.1/../../../../pic32c/lib/v7e-m/fpv5/hard\libg_nano.a(lib_a-strcpy.o)
                              build/sam_e70_xult/debug/_ext/1305476372/sys_fs.o (strcpy)
c:/program files/microchip/xc32/v2.50/bin/bin/../../lib/gcc/pic32c/6.2.1/../../../../pic32c/lib/v7e-m/fpv5/hard\libg_nano.a(lib_a-strlen.o)
                              build/sam_e70_xult/debug/_ext/1305476372/sys_fs.o (strlen)
[...]
Memory Configuration

Name             Origin             Length             Attributes
rom              0x0000000000400000 0x0000000000200000 xrl
ram              0x0000000020400000 0x0000000000060000 xw !r
config_D0000000  0x00000000d0000000 0x0000000000000004
config_D0000008  0x00000000d0000008 0x0000000000000004
config_D0000004  0x00000000d0000004 0x0000000000000004
config_D000000C  0x00000000d000000c 0x0000000000000004
config_D0000010  0x00000000d0000010 0x0000000000000004
*default*        0x0000000000000000 0xffffffffffffffff

Linker script and memory map

LOAD c:/program files/microchip/xc32/v2.50/bin/bin/../../lib/gcc/pic32c/6.2.1/v7e-m/fpv5/hard/crti.o
LOAD c:/program files/microchip/xc32/v2.50/bin/bin/../../lib/gcc/pic32c/6.2.1/v7e-m/fpv5/hard/crtbegin.o
LOAD build/sam_e70_xult/debug/_ext/957281314/drv_i2c.o
LOAD build/sam_e70_xult/debug/_ext/1565510230/drv_sdmmc_file_system.o
LOAD build/sam_e70_xult/debug/_ext/1565510230/drv_sdmmc.o
LOAD build/sam_e70_xult/debug/_ext/716655881/drv_usart.o
LOAD build/sam_e70_xult/debug/_ext/1613695899/osal_freertos.o
LOAD build/sam_e70_xult/debug/_ext/1055500827/plib_clk.o
LOAD build/sam_e70_xult/debug/_ext/1055499099/plib_efc.o
LOAD build/sam_e70_xult/debug/_ext/719181653/plib_hsmci.o
LOAD build/sam_e70_xult/debug/_ext/1639550079/plib_nvic.o
LOAD build/sam_e70_xult/debug/_ext/1055488423/plib_pio.o
LOAD build/sam_e70_xult/debug/_ext/1055487991/plib_pwm0.o
LOAD build/sam_e70_xult/debug/_ext/865331892/plib_tc3.o
LOAD build/sam_e70_xult/debug/_ext/1539215101/plib_twihs0_master.o
LOAD build/sam_e70_xult/debug/_ext/707186936/plib_usart1.o
LOAD build/sam_e70_xult/debug/_ext/707186936/plib_usart0.o
LOAD build/sam_e70_xult/debug/_ext/707186936/plib_usart2.o
LOAD build/sam_e70_xult/debug/_ext/704852250/plib_xdmac.o
LOAD build/sam_e70_xult/debug/_ext/1518761459/xc32_monitor.o
LOAD build/sam_e70_xult/debug/_ext/876653320/sys_cache.o
LOAD build/sam_e70_xult/debug/_ext/984150034/sys_dma.o
LOAD build/sam_e70_xult/debug/_ext/1043829778/ff.o
LOAD build/sam_e70_xult/debug/_ext/1043829778/ffunicode.o
LOAD build/sam_e70_xult/debug/_ext/1893760823/diskio.o
LOAD build/sam_e70_xult/debug/_ext/1305476372/sys_fs.o
LOAD build/sam_e70_xult/debug/_ext/1305476372/sys_fs_media_manager.o
LOAD build/sam_e70_xult/debug/_ext/1305476372/sys_fs_fat_interface.o
LOAD build/sam_e70_xult/debug/_ext/766002106/sys_int.o
LOAD build/sam_e70_xult/debug/_ext/327803284/sys_time.o
LOAD build/sam_e70_xult/debug/_ext/1728594169/initialization.o
LOAD build/sam_e70_xult/debug/_ext/1728594169/interrupts.o
LOAD build/sam_e70_xult/debug/_ext/1728594169/exceptions.o
LOAD build/sam_e70_xult/debug/_ext/1728594169/startup_xc32.o
LOAD build/sam_e70_xult/debug/_ext/1728594169/libc_syscalls.o
LOAD build/sam_e70_xult/debug/_ext/1728594169/freertos_hooks.o
LOAD build/sam_e70_xult/debug/_ext/1728594169/tasks.o
LOAD build/sam_e70_xult/debug/_ext/977623654/port.o
LOAD build/sam_e70_xult/debug/_ext/1665200909/heap_1.o
LOAD build/sam_e70_xult/debug/_ext/404212886/croutine.o
LOAD build/sam_e70_xult/debug/_ext/404212886/list.o
LOAD build/sam_e70_xult/debug/_ext/404212886/queue.o
LOAD build/sam_e70_xult/debug/_ext/404212886/FreeRTOS_tasks.o
LOAD build/sam_e70_xult/debug/_ext/404212886/timers.o
LOAD build/sam_e70_xult/debug/_ext/404212886/event_groups.o
LOAD build/sam_e70_xult/debug/_ext/404212886/stream_buffer.o
LOAD build/sam_e70_xult/debug/_ext/1360937237/main.o
LOAD build/sam_e70_xult/debug/_ext/1360937237/app_communication.o
LOAD build/sam_e70_xult/debug/_ext/1360937237/app_mast_control.o
LOAD build/sam_e70_xult/debug/_ext/1360937237/app_course_algorithm.o
LOAD build/sam_e70_xult/debug/_ext/1360937237/app_rudder_control.o
LOAD build/sam_e70_xult/debug/_ext/1360937237/app_anemometer.o
LOAD build/sam_e70_xult/debug/_ext/1360937237/app_gps.o
LOAD build/sam_e70_xult/debug/_ext/1360937237/app_imu.o
                0x0000000000000001                __MPLAB_BUILD = 0x1
                0x0000000000600000                __rom_end = (ORIGIN (rom) + LENGTH (rom))
                0x0000000020460000                __ram_end = (ORIGIN (ram) + LENGTH (ram))

.config_D0000000
                0x00000000d0000000        0x4
 *(.config_D0000000)
 .config_D0000000
                0x00000000d0000000        0x4 build/sam_e70_xult/debug/_ext/1728594169/initialization.o

.config_D0000008
 *(.config_D0000008)

.config_D0000004
 *(.config_D0000004)

.config_D000000C
 *(.config_D000000C)

.config_D0000010
 *(.config_D0000010)

.vectors        0x0000000000400000      0x168
                0x0000000000400000                . = ALIGN (0x4)
                0x0000000000400000                _sfixed = .
 *(.vectors .vectors.* .vectors_default .vectors_default.*)
 .vectors       0x0000000000400000      0x168 build/sam_e70_xult/debug/_ext/1728594169/interrupts.o
                0x0000000000400000                exception_table
 *(.isr_vector)
 *(.reset*)
 *(.after_vectors)

.text           0x0000000000400168       0x20
                0x0000000000400168                . = ALIGN (0x4)
 *(.glue_7t)
 .glue_7t       0x0000000000400168        0x0 linker stubs
 *(.glue_7)
 .glue_7        0x0000000000400168        0x0 linker stubs
 *(.gnu.linkonce.r.*)
 *(.ARM.extab* .gnu.linkonce.armextab.*)
                0x0000000000400168                . = ALIGN (0x4)
 *(.init)
 .init          0x0000000000400168        0x4 c:/program files/microchip/xc32/v2.50/bin/bin/../../lib/gcc/pic32c/6.2.1/v7e-m/fpv5/hard/crti.o
                0x0000000000400168                _init
 .init          0x000000000040016c        0x8 c:/program files/microchip/xc32/v2.50/bin/bin/../../lib/gcc/pic32c/6.2.1/v7e-m/fpv5/hard/crtn.o
                0x0000000000400174                . = ALIGN (0x4)
                0x0000000000400174                __preinit_array_start = .
 *(.preinit_array)
                0x0000000000400174                __preinit_array_end = .
                0x0000000000400174                . = ALIGN (0x4)
                0x0000000000400174                __init_array_start = .
 *(SORT(.init_array.*))
 *(.init_array)
 .init_array    0x0000000000400174        0x4 c:/program files/microchip/xc32/v2.50/bin/bin/../../lib/gcc/pic32c/6.2.1/v7e-m/fpv5/hard/crtbegin.o
                0x0000000000400178                __init_array_end = .
                0x0000000000400178                . = ALIGN (0x4)
 *crtbegin.o(.ctors)
 *(EXCLUDE_FILE(*crtend.o) .ctors)
 *(SORT(.ctors.*))
 *crtend.o(.ctors)
                0x0000000000400178                . = ALIGN (0x4)
 *(.fini)
 .fini          0x0000000000400178        0x4 c:/program files/microchip/xc32/v2.50/bin/bin/../../lib/gcc/pic32c/6.2.1/v7e-m/fpv5/hard/crti.o
                0x0000000000400178                _fini
 .fini          0x000000000040017c        0x8 c:/program files/microchip/xc32/v2.50/bin/bin/../../lib/gcc/pic32c/6.2.1/v7e-m/fpv5/hard/crtn.o
                0x0000000000400184                . = ALIGN (0x4)
                0x0000000000400184                __fini_array_start = .
 *(.fini_array)
 .fini_array    0x0000000000400184        0x4 c:/program files/microchip/xc32/v2.50/bin/bin/../../lib/gcc/pic32c/6.2.1/v7e-m/fpv5/hard/crtbegin.o
 *(SORT(.fini_array.*))
                0x0000000000400188                __fini_array_end = .
 *crtbegin.o(.dtors)
 *(EXCLUDE_FILE(*crtend.o) .dtors)
 *(SORT(.dtors.*))
 *crtend.o(.dtors)
                0x0000000000400188                . = ALIGN (0x4)
                0x0000000000400188                _efixed = .
                [!provide]                        PROVIDE (__exidx_start, .)

.ARM.exidx      0x0000000000400188        0x8
 *(.ARM.exidx* .gnu.linkonce.armexidx.*)
 .ARM.exidx     0x0000000000400188        0x8 c:/program files/microchip/xc32/v2.50/bin/bin/../../lib/gcc/pic32c/6.2.1/v7e-m/fpv5/hard\libgcc.a(_udivmoddi4.o)
                [!provide]                        PROVIDE (__exidx_end, .)
                0x0000000000400190                . = ALIGN (0x4)
                0x0000000000400190                _etext = .

.bss            0x0000000020400000      0x888
                0x0000000020400000                . = ALIGN (0x4)
                0x0000000020400000                __bss_start__ = .
                0x0000000020400000                _sbss = .
                0x0000000020400000                _szero = .
 *(COMMON)
 COMMON         0x0000000020400000       0x30 build/sam_e70_xult/debug/_ext/1055488423/plib_pio.o
                0x0000000020400000                portPinCbObj
 COMMON         0x0000000020400030        0x8 build/sam_e70_xult/debug/_ext/1055487991/plib_pwm0.o
                0x0000000020400030                PWM0_CallbackObj
 COMMON         0x0000000020400038        0x8 build/sam_e70_xult/debug/_ext/865331892/plib_tc3.o
                0x0000000020400038                TC3_CH0_CallbackObj
 COMMON         0x0000000020400040       0x30 build/sam_e70_xult/debug/_ext/707186936/plib_usart1.o
                0x0000000020400040                usart1Obj
 COMMON         0x0000000020400070       0x30 build/sam_e70_xult/debug/_ext/707186936/plib_usart0.o
                0x0000000020400070                usart0Obj
 COMMON         0x00000000204000a0       0x30 build/sam_e70_xult/debug/_ext/707186936/plib_usart2.o
                0x00000000204000a0                usart2Obj
 COMMON         0x00000000204000d0       0x10 build/sam_e70_xult/debug/_ext/704852250/plib_xdmac.o
                0x00000000204000d0                xdmacChannelObj
 COMMON         0x00000000204000e0      0x178 build/sam_e70_xult/debug/_ext/1305476372/sys_fs.o
                0x00000000204000e0                gSysFsMutex
                0x0000000020400100                gSYSFSFileObj
                0x0000000020400220                gSYSFSDirObj
                0x0000000020400230                gSYSFSCurrentMountPoint
                0x0000000020400238                gSYSFSObj
                0x0000000020400240                errorValue
                0x0000000020400244                gSYSFSMountPoint
 *fill*         0x0000000020400258        0x8 
 COMMON         0x0000000020400260      0x25c build/sam_e70_xult/debug/_ext/1305476372/sys_fs_media_manager.o
                0x0000000020400260                gSYSFSMediaObject
                0x0000000020400288                VolToPart
                0x00000000204002a0                gSYSFSMediaBuffer
                0x00000000204004a0                gSYSFSVolumeObject
 COMMON         0x00000000204004bc       0x2c build/sam_e70_xult/debug/_ext/1728594169/initialization.o
                0x00000000204004bc                destination
                0x00000000204004d0                sysObj
 COMMON         0x00000000204004e8       0x1c build/sam_e70_xult/debug/_ext/1728594169/tasks.o
                0x00000000204004e8                xAPP_RUDDER_CONTROL_Tasks
                0x00000000204004ec                xAPP_COURSE_ALGORITHM_Tasks
                0x00000000204004f0                xAPP_ANEMOMETER_Tasks
                0x00000000204004f4                xAPP_MAST_CONTROL_Tasks
                0x00000000204004f8                xAPP_COMMUNICATION_Tasks
                0x00000000204004fc                xAPP_GPS_Tasks
                0x0000000020400500                xAPP_IMU_Tasks
 COMMON         0x0000000020400504       0x38 build/sam_e70_xult/debug/_ext/1360937237/app_communication.o
                0x0000000020400504                app_communicationData
 COMMON         0x000000002040053c        0x1 build/sam_e70_xult/debug/_ext/1360937237/app_mast_control.o
                0x000000002040053c                app_mast_controlData
 *fill*         0x000000002040053d        0x3 
 COMMON         0x0000000020400540       0xd0 build/sam_e70_xult/debug/_ext/1360937237/app_course_algorithm.o
                0x0000000020400540                IMU_info
                0x0000000020400544                GPS_info
                0x0000000020400548                Anemometer_info
                0x000000002040054c                app_course_algorithmData
 COMMON         0x0000000020400610       0x3c build/sam_e70_xult/debug/_ext/1360937237/app_rudder_control.o
                0x0000000020400610                angles
                0x0000000020400618                app_rudder_controlData
 COMMON         0x000000002040064c       0xc0 build/sam_e70_xult/debug/_ext/1360937237/app_anemometer.o
                0x000000002040064c                sdir
                0x0000000020400654                Anemometer_values
                0x00000000204006d4                app_anemometerData
 COMMON         0x000000002040070c       0xb8 build/sam_e70_xult/debug/_ext/1360937237/app_gps.o
                0x000000002040070c                app_gpsData
                0x0000000020400744                buf
 COMMON         0x00000000204007c4       0xc0 build/sam_e70_xult/debug/_ext/1360937237/app_imu.o
                0x00000000204007c4                IMU_values
                0x0000000020400844                sheading
                0x000000002040084c                app_imuData
 COMMON         0x0000000020400884        0x4 c:/program files/microchip/xc32/v2.50/bin/bin/../../lib/gcc/pic32c/6.2.1/../../../../pic32c/lib/v7e-m/fpv5/hard\libg_nano.a(lib_a-reent.o)
                0x0000000020400884                errno
                0x0000000020400888                . = ALIGN (0x4)
                0x0000000020400888                __bss_end__ = .
                0x0000000020400888                _ebss = .
                0x0000000020400888                _ezero = .
                0x0000000020400888                . = ALIGN (0x4)
                0x0000000020400888                _end = .
                0x000000002045ffff                _ram_end_ = ((ORIGIN (ram) + LENGTH (ram)) - 0x1)
                0x0000000000000001                __ICD2RAM = 0x1
                0x0000000000000001                __MPLAB_DEBUG = 0x1
                0x0000000000000001                __DEBUG = 0x1
                0x0000000000000200                _min_heap_size = 0x200
START GROUP
LOAD c:/program files/microchip/xc32/v2.50/bin/bin/../../lib/gcc/pic32c/6.2.1/../../../../pic32c/lib/v7e-m/fpv5/hard\libpic32c.a
LOAD c:/program files/microchip/xc32/v2.50/bin/bin/../../lib/gcc/pic32c/6.2.1/v7e-m/fpv5/hard\libgcc.a
LOAD c:/program files/microchip/xc32/v2.50/bin/bin/../../lib/gcc/pic32c/6.2.1/../../../../pic32c/lib/v7e-m/fpv5/hard\libg_nano.a
LOAD c:/program files/microchip/xc32/v2.50/bin/bin/../../lib/gcc/pic32c/6.2.1/../../../../pic32c/lib/v7e-m/fpv5/hard\libm_nano.a
LOAD c:/program files/microchip/xc32/v2.50/bin/bin/../../lib/gcc/pic32c/6.2.1/../../../../pic32c/lib/v7e-m/fpv5/hard\libc_nano.a
END GROUP
LOAD c:/program files/microchip/xc32/v2.50/bin/bin/../../lib/gcc/pic32c/6.2.1/v7e-m/fpv5/hard/crtend.o
LOAD c:/program files/microchip/xc32/v2.50/bin/bin/../../lib/gcc/pic32c/6.2.1/v7e-m/fpv5/hard/crtn.o
OUTPUT(dist/sam_e70_xult/debug/SailBoatProgram.X.debug.elf elf32-littlearm)
LOAD stack
LOAD data_init

.ARM.attributes
                0x0000000000000000       0x2e
 .ARM.attributes
                0x0000000000000000       0x20 c:/program files/microchip/xc32/v2.50/bin/bin/../../lib/gcc/pic32c/6.2.1/v7e-m/fpv5/hard/crti.o
 .ARM.attributes
                0x0000000000000020       0x32 c:/program files/microchip/xc32/v2.50/bin/bin/../../lib/gcc/pic32c/6.2.1/v7e-m/fpv5/hard/crtbegin.o
 .ARM.attributes
                0x0000000000000052       0x37 build/sam_e70_xult/debug/_ext/957281314/drv_i2c.o
 .ARM.attributes
                0x0000000000000089       0x37 build/sam_e70_xult/debug/_ext/1565510230/drv_sdmmc_file_system.o
 .ARM.attributes
                0x00000000000000c0       0x37 build/sam_e70_xult/debug/_ext/1565510230/drv_sdmmc.o
 .ARM.attributes
                0x00000000000000f7       0x37 build/sam_e70_xult/debug/_ext/716655881/drv_usart.o
 .ARM.attributes
                0x000000000000012e       0x37 build/sam_e70_xult/debug/_ext/1613695899/osal_freertos.o
 .ARM.attributes
                0x0000000000000165       0x37 build/sam_e70_xult/debug/_ext/1055500827/plib_clk.o
 .ARM.attributes
                0x000000000000019c       0x37 build/sam_e70_xult/debug/_ext/1055499099/plib_efc.o
 .ARM.attributes
                0x00000000000001d3       0x37 build/sam_e70_xult/debug/_ext/719181653/plib_hsmci.o
 .ARM.attributes
                0x000000000000020a       0x37 build/sam_e70_xult/debug/_ext/1639550079/plib_nvic.o
 .ARM.attributes
                0x0000000000000241       0x37 build/sam_e70_xult/debug/_ext/1055488423/plib_pio.o
 .ARM.attributes
                0x0000000000000278       0x37 build/sam_e70_xult/debug/_ext/1055487991/plib_pwm0.o
 .ARM.attributes
                0x00000000000002af       0x37 build/sam_e70_xult/debug/_ext/865331892/plib_tc3.o
 .ARM.attributes
                0x00000000000002e6       0x37 build/sam_e70_xult/debug/_ext/1539215101/plib_twihs0_master.o
 .ARM.attributes
                0x000000000000031d       0x37 build/sam_e70_xult/debug/_ext/707186936/plib_usart1.o
 .ARM.attributes
                0x0000000000000354       0x37 build/sam_e70_xult/debug/_ext/707186936/plib_usart0.o
 .ARM.attributes
                0x000000000000038b       0x37 build/sam_e70_xult/debug/_ext/707186936/plib_usart2.o
 .ARM.attributes
                0x00000000000003c2       0x37 build/sam_e70_xult/debug/_ext/704852250/plib_xdmac.o
 .ARM.attributes
                0x00000000000003f9       0x37 build/sam_e70_xult/debug/_ext/876653320/sys_cache.o
 .ARM.attributes
                0x0000000000000430       0x37 build/sam_e70_xult/debug/_ext/984150034/sys_dma.o
 .ARM.attributes
                0x0000000000000467       0x37 build/sam_e70_xult/debug/_ext/1043829778/ff.o
 .ARM.attributes
                0x000000000000049e       0x37 build/sam_e70_xult/debug/_ext/1043829778/ffunicode.o
 .ARM.attributes
                0x00000000000004d5       0x37 build/sam_e70_xult/debug/_ext/1893760823/diskio.o
 .ARM.attributes
                0x000000000000050c       0x37 build/sam_e70_xult/debug/_ext/1305476372/sys_fs.o
 .ARM.attributes
                0x0000000000000543       0x37 build/sam_e70_xult/debug/_ext/1305476372/sys_fs_media_manager.o
 .ARM.attributes
                0x000000000000057a       0x37 build/sam_e70_xult/debug/_ext/1305476372/sys_fs_fat_interface.o
 .ARM.attributes
                0x00000000000005b1       0x37 build/sam_e70_xult/debug/_ext/766002106/sys_int.o
 .ARM.attributes
                0x00000000000005e8       0x37 build/sam_e70_xult/debug/_ext/327803284/sys_time.o
 .ARM.attributes
                0x000000000000061f       0x37 build/sam_e70_xult/debug/_ext/1728594169/initialization.o
 .ARM.attributes
                0x0000000000000656       0x37 build/sam_e70_xult/debug/_ext/1728594169/interrupts.o
 .ARM.attributes
                0x000000000000068d       0x37 build/sam_e70_xult/debug/_ext/1728594169/exceptions.o
 .ARM.attributes
                0x00000000000006c4       0x37 build/sam_e70_xult/debug/_ext/1728594169/startup_xc32.o
 .ARM.attributes
                0x00000000000006fb       0x37 build/sam_e70_xult/debug/_ext/1728594169/freertos_hooks.o
 .ARM.attributes
                0x0000000000000732       0x37 build/sam_e70_xult/debug/_ext/1728594169/tasks.o
 .ARM.attributes
                0x0000000000000769       0x37 build/sam_e70_xult/debug/_ext/977623654/port.o
 .ARM.attributes
                0x00000000000007a0       0x37 build/sam_e70_xult/debug/_ext/1665200909/heap_1.o
 .ARM.attributes
                0x00000000000007d7       0x37 build/sam_e70_xult/debug/_ext/404212886/list.o
 .ARM.attributes
                0x000000000000080e       0x37 build/sam_e70_xult/debug/_ext/404212886/queue.o
 .ARM.attributes
                0x0000000000000845       0x37 build/sam_e70_xult/debug/_ext/404212886/FreeRTOS_tasks.o
 .ARM.attributes
                0x000000000000087c       0x37 build/sam_e70_xult/debug/_ext/1360937237/main.o
 .ARM.attributes
                0x00000000000008b3       0x37 build/sam_e70_xult/debug/_ext/1360937237/app_communication.o
 .ARM.attributes
                0x00000000000008ea       0x37 build/sam_e70_xult/debug/_ext/1360937237/app_mast_control.o
 .ARM.attributes
                0x0000000000000921       0x37 build/sam_e70_xult/debug/_ext/1360937237/app_course_algorithm.o
 .ARM.attributes
                0x0000000000000958       0x37 build/sam_e70_xult/debug/_ext/1360937237/app_rudder_control.o
 .ARM.attributes
                0x000000000000098f       0x37 build/sam_e70_xult/debug/_ext/1360937237/app_anemometer.o
 .ARM.attributes
                0x00000000000009c6       0x37 build/sam_e70_xult/debug/_ext/1360937237/app_gps.o
 .ARM.attributes
                0x00000000000009fd       0x37 build/sam_e70_xult/debug/_ext/1360937237/app_imu.o
 .ARM.attributes
                0x0000000000000a34       0x32 c:/program files/microchip/xc32/v2.50/bin/bin/../../lib/gcc/pic32c/6.2.1/../../../../pic32c/lib/v7e-m/fpv5/hard\libpic32c.a(data_init.o)
 .ARM.attributes
                0x0000000000000a66       0x20 c:/program files/microchip/xc32/v2.50/bin/bin/../../lib/gcc/pic32c/6.2.1/v7e-m/fpv5/hard\libgcc.a(_aeabi_uldivmod.o)
 .ARM.attributes
                0x0000000000000a86       0x32 c:/program files/microchip/xc32/v2.50/bin/bin/../../lib/gcc/pic32c/6.2.1/v7e-m/fpv5/hard\libgcc.a(_udivmoddi4.o)
 .ARM.attributes
                0x0000000000000ab8       0x20 c:/program files/microchip/xc32/v2.50/bin/bin/../../lib/gcc/pic32c/6.2.1/v7e-m/fpv5/hard\libgcc.a(_dvmd_tls.o)
 .ARM.attributes
                0x0000000000000ad8       0x32 c:/program files/microchip/xc32/v2.50/bin/bin/../../lib/gcc/pic32c/6.2.1/../../../../pic32c/lib/v7e-m/fpv5/hard\libg_nano.a(lib_a-atof.o)
 .ARM.attributes
                0x0000000000000b0a       0x32 c:/program files/microchip/xc32/v2.50/bin/bin/../../lib/gcc/pic32c/6.2.1/../../../../pic32c/lib/v7e-m/fpv5/hard\libg_nano.a(lib_a-atoi.o)
 .ARM.attributes
                0x0000000000000b3c       0x32 c:/program files/microchip/xc32/v2.50/bin/bin/../../lib/gcc/pic32c/6.2.1/../../../../pic32c/lib/v7e-m/fpv5/hard\libg_nano.a(lib_a-init.o)
 .ARM.attributes
                0x0000000000000b6e       0x32 c:/program files/microchip/xc32/v2.50/bin/bin/../../lib/gcc/pic32c/6.2.1/../../../../pic32c/lib/v7e-m/fpv5/hard\libg_nano.a(lib_a-locale.o)
 .ARM.attributes
                0x0000000000000ba0       0x32 c:/program files/microchip/xc32/v2.50/bin/bin/../../lib/gcc/pic32c/6.2.1/../../../../pic32c/lib/v7e-m/fpv5/hard\libg_nano.a(lib_a-malloc.o)
 .ARM.attributes
                0x0000000000000bd2       0x32 c:/program files/microchip/xc32/v2.50/bin/bin/../../lib/gcc/pic32c/6.2.1/../../../../pic32c/lib/v7e-m/fpv5/hard\libg_nano.a(lib_a-mbtowc_r.o)
 .ARM.attributes
                0x0000000000000c04       0x32 c:/program files/microchip/xc32/v2.50/bin/bin/../../lib/gcc/pic32c/6.2.1/../../../../pic32c/lib/v7e-m/fpv5/hard\libg_nano.a(lib_a-memcpy-stub.o)
 .ARM.attributes
                0x0000000000000c36       0x32 c:/program files/microchip/xc32/v2.50/bin/bin/../../lib/gcc/pic32c/6.2.1/../../../../pic32c/lib/v7e-m/fpv5/hard\libg_nano.a(lib_a-memset.o)
 .ARM.attributes
                0x0000000000000c68       0x32 c:/program files/microchip/xc32/v2.50/bin/bin/../../lib/gcc/pic32c/6.2.1/../../../../pic32c/lib/v7e-m/fpv5/hard\libg_nano.a(lib_a-nano-mallocr.o)
 .ARM.attributes
                0x0000000000000c9a       0x32 c:/program files/microchip/xc32/v2.50/bin/bin/../../lib/gcc/pic32c/6.2.1/../../../../pic32c/lib/v7e-m/fpv5/hard\libg_nano.a(lib_a-sbrkr.o)
 .ARM.attributes
                0x0000000000000ccc       0x32 c:/program files/microchip/xc32/v2.50/bin/bin/../../lib/gcc/pic32c/6.2.1/../../../../pic32c/lib/v7e-m/fpv5/hard\libg_nano.a(lib_a-strchr.o)
 .ARM.attributes
                0x0000000000000cfe       0x32 c:/program files/microchip/xc32/v2.50/bin/bin/../../lib/gcc/pic32c/6.2.1/../../../../pic32c/lib/v7e-m/fpv5/hard\libg_nano.a(lib_a-strcpy.o)
 .ARM.attributes
                0x0000000000000d30       0x19 c:/program files/microchip/xc32/v2.50/bin/bin/../../lib/gcc/pic32c/6.2.1/../../../../pic32c/lib/v7e-m/fpv5/hard\libg_nano.a(lib_a-strlen.o)
 .ARM.attributes
                0x0000000000000d49       0x32 c:/program files/microchip/xc32/v2.50/bin/bin/../../lib/gcc/pic32c/6.2.1/../../../../pic32c/lib/v7e-m/fpv5/hard\libg_nano.a(lib_a-strncmp.o)
 .ARM.attributes
                0x0000000000000d7b       0x32 c:/program files/microchip/xc32/v2.50/bin/bin/../../lib/gcc/pic32c/6.2.1/../../../../pic32c/lib/v7e-m/fpv5/hard\libg_nano.a(lib_a-strncpy.o)
 .ARM.attributes
                0x0000000000000dad       0x32 c:/program files/microchip/xc32/v2.50/bin/bin/../../lib/gcc/pic32c/6.2.1/../../../../pic32c/lib/v7e-m/fpv5/hard\libg_nano.a(lib_a-strtod.o)
 .ARM.attributes
                0x0000000000000ddf       0x32 c:/program files/microchip/xc32/v2.50/bin/bin/../../lib/gcc/pic32c/6.2.1/../../../../pic32c/lib/v7e-m/fpv5/hard\libg_nano.a(lib_a-strtol.o)
 .ARM.attributes
                0x0000000000000e11       0x32 c:/program files/microchip/xc32/v2.50/bin/bin/../../lib/gcc/pic32c/6.2.1/../../../../pic32c/lib/v7e-m/fpv5/hard\libg_nano.a(lib_a-wctomb_r.o)
 .ARM.attributes
                0x0000000000000e43       0x32 c:/program files/microchip/xc32/v2.50/bin/bin/../../lib/gcc/pic32c/6.2.1/../../../../pic32c/lib/v7e-m/fpv5/hard\libg_nano.a(lib_a-ctype_.o)
 .ARM.attributes
                0x0000000000000e75       0x32 c:/program files/microchip/xc32/v2.50/bin/bin/../../lib/gcc/pic32c/6.2.1/../../../../pic32c/lib/v7e-m/fpv5/hard\libg_nano.a(lib_a-gdtoa-gethex.o)
 .ARM.attributes
                0x0000000000000ea7       0x32 c:/program files/microchip/xc32/v2.50/bin/bin/../../lib/gcc/pic32c/6.2.1/../../../../pic32c/lib/v7e-m/fpv5/hard\libg_nano.a(lib_a-gdtoa-hexnan.o)
 .ARM.attributes
                0x0000000000000ed9       0x32 c:/program files/microchip/xc32/v2.50/bin/bin/../../lib/gcc/pic32c/6.2.1/../../../../pic32c/lib/v7e-m/fpv5/hard\libg_nano.a(lib_a-impure.o)
 .ARM.attributes
                0x0000000000000f0b       0x32 c:/program files/microchip/xc32/v2.50/bin/bin/../../lib/gcc/pic32c/6.2.1/../../../../pic32c/lib/v7e-m/fpv5/hard\libg_nano.a(lib_a-localeconv.o)
 .ARM.attributes
                0x0000000000000f3d       0x32 c:/program files/microchip/xc32/v2.50/bin/bin/../../lib/gcc/pic32c/6.2.1/../../../../pic32c/lib/v7e-m/fpv5/hard\libg_nano.a(lib_a-mlock.o)
 .ARM.attributes
                0x0000000000000f6f       0x32 c:/program files/microchip/xc32/v2.50/bin/bin/../../lib/gcc/pic32c/6.2.1/../../../../pic32c/lib/v7e-m/fpv5/hard\libg_nano.a(lib_a-mprec.o)
 .ARM.attributes
                0x0000000000000fa1       0x32 c:/program files/microchip/xc32/v2.50/bin/bin/../../lib/gcc/pic32c/6.2.1/../../../../pic32c/lib/v7e-m/fpv5/hard\libg_nano.a(lib_a-nano-callocr.o)
 .ARM.attributes
                0x0000000000000fd3       0x32 c:/program files/microchip/xc32/v2.50/bin/bin/../../lib/gcc/pic32c/6.2.1/../../../../pic32c/lib/v7e-m/fpv5/hard\libg_nano.a(lib_a-reent.o)
 .ARM.attributes
                0x0000000000001005       0x32 c:/program files/microchip/xc32/v2.50/bin/bin/../../lib/gcc/pic32c/6.2.1/../../../../pic32c/lib/v7e-m/fpv5/hard\libm_nano.a(lib_a-s_cos.o)
 .ARM.attributes
                0x0000000000001037       0x32 c:/program files/microchip/xc32/v2.50/bin/bin/../../lib/gcc/pic32c/6.2.1/../../../../pic32c/lib/v7e-m/fpv5/hard\libm_nano.a(lib_a-s_sin.o)
 .ARM.attributes
                0x0000000000001069       0x32 c:/program files/microchip/xc32/v2.50/bin/bin/../../lib/gcc/pic32c/6.2.1/../../../../pic32c/lib/v7e-m/fpv5/hard\libm_nano.a(lib_a-w_atan2.o)
 .ARM.attributes
                0x000000000000109b       0x32 c:/program files/microchip/xc32/v2.50/bin/bin/../../lib/gcc/pic32c/6.2.1/../../../../pic32c/lib/v7e-m/fpv5/hard\libm_nano.a(lib_a-w_sqrt.o)
 .ARM.attributes
                0x00000000000010cd       0x32 c:/program files/microchip/xc32/v2.50/bin/bin/../../lib/gcc/pic32c/6.2.1/../../../../pic32c/lib/v7e-m/fpv5/hard\libm_nano.a(lib_a-e_atan2.o)
 .ARM.attributes
                0x00000000000010ff       0x32 c:/program files/microchip/xc32/v2.50/bin/bin/../../lib/gcc/pic32c/6.2.1/../../../../pic32c/lib/v7e-m/fpv5/hard\libm_nano.a(lib_a-e_rem_pio2.o)
 .ARM.attributes
                0x0000000000001131       0x32 c:/program files/microchip/xc32/v2.50/bin/bin/../../lib/gcc/pic32c/6.2.1/../../../../pic32c/lib/v7e-m/fpv5/hard\libm_nano.a(lib_a-e_sqrt.o)
 .ARM.attributes
                0x0000000000001163       0x32 c:/program files/microchip/xc32/v2.50/bin/bin/../../lib/gcc/pic32c/6.2.1/../../../../pic32c/lib/v7e-m/fpv5/hard\libm_nano.a(lib_a-k_cos.o)
 .ARM.attributes
                0x0000000000001195       0x32 c:/program files/microchip/xc32/v2.50/bin/bin/../../lib/gcc/pic32c/6.2.1/../../../../pic32c/lib/v7e-m/fpv5/hard\libm_nano.a(lib_a-k_rem_pio2.o)
 .ARM.attributes
                0x00000000000011c7       0x32 c:/program files/microchip/xc32/v2.50/bin/bin/../../lib/gcc/pic32c/6.2.1/../../../../pic32c/lib/v7e-m/fpv5/hard\libm_nano.a(lib_a-k_sin.o)
 .ARM.attributes
                0x00000000000011f9       0x32 c:/program files/microchip/xc32/v2.50/bin/bin/../../lib/gcc/pic32c/6.2.1/../../../../pic32c/lib/v7e-m/fpv5/hard\libm_nano.a(lib_a-s_atan.o)
 .ARM.attributes
                0x000000000000122b       0x32 c:/program files/microchip/xc32/v2.50/bin/bin/../../lib/gcc/pic32c/6.2.1/../../../../pic32c/lib/v7e-m/fpv5/hard\libm_nano.a(lib_a-s_fabs.o)
 .ARM.attributes
                0x000000000000125d       0x32 c:/program files/microchip/xc32/v2.50/bin/bin/../../lib/gcc/pic32c/6.2.1/../../../../pic32c/lib/v7e-m/fpv5/hard\libm_nano.a(lib_a-s_floor.o)
 .ARM.attributes
                0x000000000000128f       0x32 c:/program files/microchip/xc32/v2.50/bin/bin/../../lib/gcc/pic32c/6.2.1/../../../../pic32c/lib/v7e-m/fpv5/hard\libm_nano.a(lib_a-s_lib_ver.o)
 .ARM.attributes
                0x00000000000012c1       0x32 c:/program files/microchip/xc32/v2.50/bin/bin/../../lib/gcc/pic32c/6.2.1/../../../../pic32c/lib/v7e-m/fpv5/hard\libm_nano.a(lib_a-s_matherr.o)
 .ARM.attributes
                0x00000000000012f3       0x32 c:/program files/microchip/xc32/v2.50/bin/bin/../../lib/gcc/pic32c/6.2.1/../../../../pic32c/lib/v7e-m/fpv5/hard\libm_nano.a(lib_a-s_scalbn.o)
 .ARM.attributes
                0x0000000000001325       0x32 c:/program files/microchip/xc32/v2.50/bin/bin/../../lib/gcc/pic32c/6.2.1/../../../../pic32c/lib/v7e-m/fpv5/hard\libm_nano.a(lib_a-s_copysign.o)
 .ARM.attributes
                0x0000000000001357       0x32 c:/program files/microchip/xc32/v2.50/bin/bin/../../lib/gcc/pic32c/6.2.1/../../../../pic32c/lib/v7e-m/fpv5/hard\libc_nano.a(lib_a-errno.o)
 .ARM.attributes
                0x0000000000001389       0x32 c:/program files/microchip/xc32/v2.50/bin/bin/../../lib/gcc/pic32c/6.2.1/../../../../pic32c/lib/v7e-m/fpv5/hard\libpic32c.a(sbrk.o)
 .ARM.attributes
                0x00000000000013bb       0x20 c:/program files/microchip/xc32/v2.50/bin/bin/../../lib/gcc/pic32c/6.2.1/v7e-m/fpv5/hard/crtn.o

.comment        0x0000000000000000       0x3c
 .comment       0x0000000000000000       0x3c c:/program files/microchip/xc32/v2.50/bin/bin/../../lib/gcc/pic32c/6.2.1/v7e-m/fpv5/hard/crtbegin.o
                                         0x3d (size before relaxing)
 .comment       0x000000000000003c       0x3d build/sam_e70_xult/debug/_ext/957281314/drv_i2c.o
 .comment       0x000000000000003c       0x3d build/sam_e70_xult/debug/_ext/1565510230/drv_sdmmc_file_system.o
 .comment       0x000000000000003c       0x3d build/sam_e70_xult/debug/_ext/1565510230/drv_sdmmc.o
 .comment       0x000000000000003c       0x3d build/sam_e70_xult/debug/_ext/716655881/drv_usart.o
 .comment       0x000000000000003c       0x3d build/sam_e70_xult/debug/_ext/1613695899/osal_freertos.o
 .comment       0x000000000000003c       0x3d build/sam_e70_xult/debug/_ext/1055500827/plib_clk.o
 .comment       0x000000000000003c       0x3d build/sam_e70_xult/debug/_ext/1055499099/plib_efc.o
 .comment       0x000000000000003c       0x3d build/sam_e70_xult/debug/_ext/719181653/plib_hsmci.o
 .comment       0x000000000000003c       0x3d build/sam_e70_xult/debug/_ext/1639550079/plib_nvic.o
 .comment       0x000000000000003c       0x3d build/sam_e70_xult/debug/_ext/1055488423/plib_pio.o
 .comment       0x000000000000003c       0x3d build/sam_e70_xult/debug/_ext/1055487991/plib_pwm0.o
 .comment       0x000000000000003c       0x3d build/sam_e70_xult/debug/_ext/865331892/plib_tc3.o
 .comment       0x000000000000003c       0x3d build/sam_e70_xult/debug/_ext/1539215101/plib_twihs0_master.o
 .comment       0x000000000000003c       0x3d build/sam_e70_xult/debug/_ext/707186936/plib_usart1.o
 .comment       0x000000000000003c       0x3d build/sam_e70_xult/debug/_ext/707186936/plib_usart0.o
 .comment       0x000000000000003c       0x3d build/sam_e70_xult/debug/_ext/707186936/plib_usart2.o
 .comment       0x000000000000003c       0x3d build/sam_e70_xult/debug/_ext/704852250/plib_xdmac.o
 .comment       0x000000000000003c       0x3d build/sam_e70_xult/debug/_ext/876653320/sys_cache.o
 .comment       0x000000000000003c       0x3d build/sam_e70_xult/debug/_ext/984150034/sys_dma.o
 .comment       0x000000000000003c       0x3d build/sam_e70_xult/debug/_ext/1043829778/ff.o
 .comment       0x000000000000003c       0x3d build/sam_e70_xult/debug/_ext/1043829778/ffunicode.o
 .comment       0x000000000000003c       0x3d build/sam_e70_xult/debug/_ext/1893760823/diskio.o
 .comment       0x000000000000003c       0x3d build/sam_e70_xult/debug/_ext/1305476372/sys_fs.o
 .comment       0x000000000000003c       0x3d build/sam_e70_xult/debug/_ext/1305476372/sys_fs_media_manager.o
 .comment       0x000000000000003c       0x3d build/sam_e70_xult/debug/_ext/1305476372/sys_fs_fat_interface.o
 .comment       0x000000000000003c       0x3d build/sam_e70_xult/debug/_ext/766002106/sys_int.o
 .comment       0x000000000000003c       0x3d build/sam_e70_xult/debug/_ext/327803284/sys_time.o
 .comment       0x000000000000003c       0x3d build/sam_e70_xult/debug/_ext/1728594169/initialization.o
 .comment       0x000000000000003c       0x3d build/sam_e70_xult/debug/_ext/1728594169/interrupts.o
 .comment       0x000000000000003c       0x3d build/sam_e70_xult/debug/_ext/1728594169/exceptions.o
 .comment       0x000000000000003c       0x3d build/sam_e70_xult/debug/_ext/1728594169/startup_xc32.o
 .comment       0x000000000000003c       0x3d build/sam_e70_xult/debug/_ext/1728594169/freertos_hooks.o
 .comment       0x000000000000003c       0x3d build/sam_e70_xult/debug/_ext/1728594169/tasks.o
 .comment       0x000000000000003c       0x3d build/sam_e70_xult/debug/_ext/977623654/port.o
 .comment       0x000000000000003c       0x3d build/sam_e70_xult/debug/_ext/1665200909/heap_1.o
 .comment       0x000000000000003c       0x3d build/sam_e70_xult/debug/_ext/404212886/list.o
 .comment       0x000000000000003c       0x3d build/sam_e70_xult/debug/_ext/404212886/queue.o
 .comment       0x000000000000003c       0x3d build/sam_e70_xult/debug/_ext/404212886/FreeRTOS_tasks.o
 .comment       0x000000000000003c       0x3d build/sam_e70_xult/debug/_ext/1360937237/main.o
 .comment       0x000000000000003c       0x3d build/sam_e70_xult/debug/_ext/1360937237/app_communication.o
 .comment       0x000000000000003c       0x3d build/sam_e70_xult/debug/_ext/1360937237/app_mast_control.o
 .comment       0x000000000000003c       0x3d build/sam_e70_xult/debug/_ext/1360937237/app_course_algorithm.o
 .comment       0x000000000000003c       0x3d build/sam_e70_xult/debug/_ext/1360937237/app_rudder_control.o
 .comment       0x000000000000003c       0x3d build/sam_e70_xult/debug/_ext/1360937237/app_anemometer.o
 .comment       0x000000000000003c       0x3d build/sam_e70_xult/debug/_ext/1360937237/app_gps.o
 .comment       0x000000000000003c       0x3d build/sam_e70_xult/debug/_ext/1360937237/app_imu.o
 .comment       0x000000000000003c       0x3d c:/program files/microchip/xc32/v2.50/bin/bin/../../lib/gcc/pic32c/6.2.1/../../../../pic32c/lib/v7e-m/fpv5/hard\libpic32c.a(data_init.o)
 .comment       0x000000000000003c       0x3d c:/program files/microchip/xc32/v2.50/bin/bin/../../lib/gcc/pic32c/6.2.1/v7e-m/fpv5/hard\libgcc.a(_udivmoddi4.o)
 .comment       0x000000000000003c       0x3d c:/program files/microchip/xc32/v2.50/bin/bin/../../lib/gcc/pic32c/6.2.1/../../../../pic32c/lib/v7e-m/fpv5/hard\libg_nano.a(lib_a-atof.o)
 .comment       0x000000000000003c       0x3d c:/program files/microchip/xc32/v2.50/bin/bin/../../lib/gcc/pic32c/6.2.1/../../../../pic32c/lib/v7e-m/fpv5/hard\libg_nano.a(lib_a-atoi.o)
 .comment       0x000000000000003c       0x3d c:/program files/microchip/xc32/v2.50/bin/bin/../../lib/gcc/pic32c/6.2.1/../../../../pic32c/lib/v7e-m/fpv5/hard\libg_nano.a(lib_a-init.o)
 .comment       0x000000000000003c       0x3d c:/program files/microchip/xc32/v2.50/bin/bin/../../lib/gcc/pic32c/6.2.1/../../../../pic32c/lib/v7e-m/fpv5/hard\libg_nano.a(lib_a-locale.o)
 .comment       0x000000000000003c       0x3d c:/program files/microchip/xc32/v2.50/bin/bin/../../lib/gcc/pic32c/6.2.1/../../../../pic32c/lib/v7e-m/fpv5/hard\libg_nano.a(lib_a-malloc.o)
 .comment       0x000000000000003c       0x3d c:/program files/microchip/xc32/v2.50/bin/bin/../../lib/gcc/pic32c/6.2.1/../../../../pic32c/lib/v7e-m/fpv5/hard\libg_nano.a(lib_a-mbtowc_r.o)
 .comment       0x000000000000003c       0x3d c:/program files/microchip/xc32/v2.50/bin/bin/../../lib/gcc/pic32c/6.2.1/../../../../pic32c/lib/v7e-m/fpv5/hard\libg_nano.a(lib_a-memcpy-stub.o)
 .comment       0x000000000000003c       0x3d c:/program files/microchip/xc32/v2.50/bin/bin/../../lib/gcc/pic32c/6.2.1/../../../../pic32c/lib/v7e-m/fpv5/hard\libg_nano.a(lib_a-memset.o)
 .comment       0x000000000000003c       0x3d c:/program files/microchip/xc32/v2.50/bin/bin/../../lib/gcc/pic32c/6.2.1/../../../../pic32c/lib/v7e-m/fpv5/hard\libg_nano.a(lib_a-nano-mallocr.o)
 .comment       0x000000000000003c       0x3d c:/program files/microchip/xc32/v2.50/bin/bin/../../lib/gcc/pic32c/6.2.1/../../../../pic32c/lib/v7e-m/fpv5/hard\libg_nano.a(lib_a-sbrkr.o)
 .comment       0x000000000000003c       0x3d c:/program files/microchip/xc32/v2.50/bin/bin/../../lib/gcc/pic32c/6.2.1/../../../../pic32c/lib/v7e-m/fpv5/hard\libg_nano.a(lib_a-strchr.o)
 .comment       0x000000000000003c       0x3d c:/program files/microchip/xc32/v2.50/bin/bin/../../lib/gcc/pic32c/6.2.1/../../../../pic32c/lib/v7e-m/fpv5/hard\libg_nano.a(lib_a-strcpy.o)
 .comment       0x000000000000003c       0x3d c:/program files/microchip/xc32/v2.50/bin/bin/../../lib/gcc/pic32c/6.2.1/../../../../pic32c/lib/v7e-m/fpv5/hard\libg_nano.a(lib_a-strncmp.o)
 .comment       0x000000000000003c       0x3d c:/program files/microchip/xc32/v2.50/bin/bin/../../lib/gcc/pic32c/6.2.1/../../../../pic32c/lib/v7e-m/fpv5/hard\libg_nano.a(lib_a-strncpy.o)
 .comment       0x000000000000003c       0x3d c:/program files/microchip/xc32/v2.50/bin/bin/../../lib/gcc/pic32c/6.2.1/../../../../pic32c/lib/v7e-m/fpv5/hard\libg_nano.a(lib_a-strtod.o)
 .comment       0x000000000000003c       0x3d c:/program files/microchip/xc32/v2.50/bin/bin/../../lib/gcc/pic32c/6.2.1/../../../../pic32c/lib/v7e-m/fpv5/hard\libg_nano.a(lib_a-strtol.o)
 .comment       0x000000000000003c       0x3d c:/program files/microchip/xc32/v2.50/bin/bin/../../lib/gcc/pic32c/6.2.1/../../../../pic32c/lib/v7e-m/fpv5/hard\libg_nano.a(lib_a-wctomb_r.o)
 .comment       0x000000000000003c       0x3d c:/program files/microchip/xc32/v2.50/bin/bin/../../lib/gcc/pic32c/6.2.1/../../../../pic32c/lib/v7e-m/fpv5/hard\libg_nano.a(lib_a-ctype_.o)
 .comment       0x000000000000003c       0x3d c:/program files/microchip/xc32/v2.50/bin/bin/../../lib/gcc/pic32c/6.2.1/../../../../pic32c/lib/v7e-m/fpv5/hard\libg_nano.a(lib_a-gdtoa-gethex.o)
 .comment       0x000000000000003c       0x3d c:/program files/microchip/xc32/v2.50/bin/bin/../../lib/gcc/pic32c/6.2.1/../../../../pic32c/lib/v7e-m/fpv5/hard\libg_nano.a(lib_a-gdtoa-hexnan.o)
 .comment       0x000000000000003c       0x3d c:/program files/microchip/xc32/v2.50/bin/bin/../../lib/gcc/pic32c/6.2.1/../../../../pic32c/lib/v7e-m/fpv5/hard\libg_nano.a(lib_a-impure.o)
 .comment       0x000000000000003c       0x3d c:/program files/microchip/xc32/v2.50/bin/bin/../../lib/gcc/pic32c/6.2.1/../../../../pic32c/lib/v7e-m/fpv5/hard\libg_nano.a(lib_a-localeconv.o)
 .comment       0x000000000000003c       0x3d c:/program files/microchip/xc32/v2.50/bin/bin/../../lib/gcc/pic32c/6.2.1/../../../../pic32c/lib/v7e-m/fpv5/hard\libg_nano.a(lib_a-mlock.o)
 .comment       0x000000000000003c       0x3d c:/program files/microchip/xc32/v2.50/bin/bin/../../lib/gcc/pic32c/6.2.1/../../../../pic32c/lib/v7e-m/fpv5/hard\libg_nano.a(lib_a-mprec.o)
 .comment       0x000000000000003c       0x3d c:/program files/microchip/xc32/v2.50/bin/bin/../../lib/gcc/pic32c/6.2.1/../../../../pic32c/lib/v7e-m/fpv5/hard\libg_nano.a(lib_a-nano-callocr.o)
 .comment       0x000000000000003c       0x3d c:/program files/microchip/xc32/v2.50/bin/bin/../../lib/gcc/pic32c/6.2.1/../../../../pic32c/lib/v7e-m/fpv5/hard\libg_nano.a(lib_a-reent.o)
 .comment       0x000000000000003c       0x3d c:/program files/microchip/xc32/v2.50/bin/bin/../../lib/gcc/pic32c/6.2.1/../../../../pic32c/lib/v7e-m/fpv5/hard\libm_nano.a(lib_a-s_cos.o)
 .comment       0x000000000000003c       0x3d c:/program files/microchip/xc32/v2.50/bin/bin/../../lib/gcc/pic32c/6.2.1/../../../../pic32c/lib/v7e-m/fpv5/hard\libm_nano.a(lib_a-s_sin.o)
 .comment       0x000000000000003c       0x3d c:/program files/microchip/xc32/v2.50/bin/bin/../../lib/gcc/pic32c/6.2.1/../../../../pic32c/lib/v7e-m/fpv5/hard\libm_nano.a(lib_a-w_atan2.o)
 .comment       0x000000000000003c       0x3d c:/program files/microchip/xc32/v2.50/bin/bin/../../lib/gcc/pic32c/6.2.1/../../../../pic32c/lib/v7e-m/fpv5/hard\libm_nano.a(lib_a-w_sqrt.o)
 .comment       0x000000000000003c       0x3d c:/program files/microchip/xc32/v2.50/bin/bin/../../lib/gcc/pic32c/6.2.1/../../../../pic32c/lib/v7e-m/fpv5/hard\libm_nano.a(lib_a-e_atan2.o)
 .comment       0x000000000000003c       0x3d c:/program files/microchip/xc32/v2.50/bin/bin/../../lib/gcc/pic32c/6.2.1/../../../../pic32c/lib/v7e-m/fpv5/hard\libm_nano.a(lib_a-e_rem_pio2.o)
 .comment       0x000000000000003c       0x3d c:/program files/microchip/xc32/v2.50/bin/bin/../../lib/gcc/pic32c/6.2.1/../../../../pic32c/lib/v7e-m/fpv5/hard\libm_nano.a(lib_a-e_sqrt.o)
 .comment       0x000000000000003c       0x3d c:/program files/microchip/xc32/v2.50/bin/bin/../../lib/gcc/pic32c/6.2.1/../../../../pic32c/lib/v7e-m/fpv5/hard\libm_nano.a(lib_a-k_cos.o)
 .comment       0x000000000000003c       0x3d c:/program files/microchip/xc32/v2.50/bin/bin/../../lib/gcc/pic32c/6.2.1/../../../../pic32c/lib/v7e-m/fpv5/hard\libm_nano.a(lib_a-k_rem_pio2.o)
 .comment       0x000000000000003c       0x3d c:/program files/microchip/xc32/v2.50/bin/bin/../../lib/gcc/pic32c/6.2.1/../../../../pic32c/lib/v7e-m/fpv5/hard\libm_nano.a(lib_a-k_sin.o)
 .comment       0x000000000000003c       0x3d c:/program files/microchip/xc32/v2.50/bin/bin/../../lib/gcc/pic32c/6.2.1/../../../../pic32c/lib/v7e-m/fpv5/hard\libm_nano.a(lib_a-s_atan.o)
 .comment       0x000000000000003c       0x3d c:/program files/microchip/xc32/v2.50/bin/bin/../../lib/gcc/pic32c/6.2.1/../../../../pic32c/lib/v7e-m/fpv5/hard\libm_nano.a(lib_a-s_fabs.o)
 .comment       0x000000000000003c       0x3d c:/program files/microchip/xc32/v2.50/bin/bin/../../lib/gcc/pic32c/6.2.1/../../../../pic32c/lib/v7e-m/fpv5/hard\libm_nano.a(lib_a-s_floor.o)
 .comment       0x000000000000003c       0x3d c:/program files/microchip/xc32/v2.50/bin/bin/../../lib/gcc/pic32c/6.2.1/../../../../pic32c/lib/v7e-m/fpv5/hard\libm_nano.a(lib_a-s_lib_ver.o)
 .comment       0x000000000000003c       0x3d c:/program files/microchip/xc32/v2.50/bin/bin/../../lib/gcc/pic32c/6.2.1/../../../../pic32c/lib/v7e-m/fpv5/hard\libm_nano.a(lib_a-s_matherr.o)
 .comment       0x000000000000003c       0x3d c:/program files/microchip/xc32/v2.50/bin/bin/../../lib/gcc/pic32c/6.2.1/../../../../pic32c/lib/v7e-m/fpv5/hard\libm_nano.a(lib_a-s_scalbn.o)
 .comment       0x000000000000003c       0x3d c:/program files/microchip/xc32/v2.50/bin/bin/../../lib/gcc/pic32c/6.2.1/../../../../pic32c/lib/v7e-m/fpv5/hard\libm_nano.a(lib_a-s_copysign.o)
 .comment       0x000000000000003c       0x3d c:/program files/microchip/xc32/v2.50/bin/bin/../../lib/gcc/pic32c/6.2.1/../../../../pic32c/lib/v7e-m/fpv5/hard\libc_nano.a(lib_a-errno.o)
 .comment       0x000000000000003c       0x3d c:/program files/microchip/xc32/v2.50/bin/bin/../../lib/gcc/pic32c/6.2.1/../../../../pic32c/lib/v7e-m/fpv5/hard\libpic32c.a(sbrk.o)

.debug_info     0x0000000000000000    0x883aa
 .debug_info    0x0000000000000000     0x17c3 build/sam_e70_xult/debug/_ext/957281314/drv_i2c.o
 .debug_info    0x00000000000017c3      0xc8d build/sam_e70_xult/debug/_ext/1565510230/drv_sdmmc_file_system.o
 .debug_info    0x0000000000002450     0x5519 build/sam_e70_xult/debug/_ext/1565510230/drv_sdmmc.o
 .debug_info    0x0000000000007969     0x2203 build/sam_e70_xult/debug/_ext/716655881/drv_usart.o
 .debug_info    0x0000000000009b6c      0xba8 build/sam_e70_xult/debug/_ext/1613695899/osal_freertos.o
 .debug_info    0x000000000000a714      0x8ac build/sam_e70_xult/debug/_ext/1055500827/plib_clk.o
 .debug_info    0x000000000000afc0     0x1315 build/sam_e70_xult/debug/_ext/1055499099/plib_efc.o
 .debug_info    0x000000000000c2d5     0x1d23 build/sam_e70_xult/debug/_ext/719181653/plib_hsmci.o
 .debug_info    0x000000000000dff8     0x13c3 build/sam_e70_xult/debug/_ext/1639550079/plib_nvic.o
 .debug_info    0x000000000000f3bb     0x1959 build/sam_e70_xult/debug/_ext/1055488423/plib_pio.o
 .debug_info    0x0000000000010d14     0x11cc build/sam_e70_xult/debug/_ext/1055487991/plib_pwm0.o
 .debug_info    0x0000000000011ee0      0x99f build/sam_e70_xult/debug/_ext/865331892/plib_tc3.o
 .debug_info    0x000000000001287f      0xd09 build/sam_e70_xult/debug/_ext/1539215101/plib_twihs0_master.o
 .debug_info    0x0000000000013588      0xfd0 build/sam_e70_xult/debug/_ext/707186936/plib_usart1.o
 .debug_info    0x0000000000014558      0xfd0 build/sam_e70_xult/debug/_ext/707186936/plib_usart0.o
 .debug_info    0x0000000000015528      0xfd0 build/sam_e70_xult/debug/_ext/707186936/plib_usart2.o
 .debug_info    0x00000000000164f8      0xcb4 build/sam_e70_xult/debug/_ext/704852250/plib_xdmac.o
 .debug_info    0x00000000000171ac     0x13ae build/sam_e70_xult/debug/_ext/876653320/sys_cache.o
 .debug_info    0x000000000001855a      0x8fb build/sam_e70_xult/debug/_ext/984150034/sys_dma.o
 .debug_info    0x0000000000018e55     0x5d5f build/sam_e70_xult/debug/_ext/1043829778/ff.o
 .debug_info    0x000000000001ebb4      0x61b build/sam_e70_xult/debug/_ext/1043829778/ffunicode.o
 .debug_info    0x000000000001f1cf     0x1bd9 build/sam_e70_xult/debug/_ext/1893760823/diskio.o
 .debug_info    0x0000000000020da8     0x4908 build/sam_e70_xult/debug/_ext/1305476372/sys_fs.o
 .debug_info    0x00000000000256b0     0x2e38 build/sam_e70_xult/debug/_ext/1305476372/sys_fs_media_manager.o
 .debug_info    0x00000000000284e8     0x218b build/sam_e70_xult/debug/_ext/1305476372/sys_fs_fat_interface.o
 .debug_info    0x000000000002a673      0xcb1 build/sam_e70_xult/debug/_ext/766002106/sys_int.o
 .debug_info    0x000000000002b324     0x355e build/sam_e70_xult/debug/_ext/327803284/sys_time.o
 .debug_info    0x000000000002e882     0x56dd build/sam_e70_xult/debug/_ext/1728594169/initialization.o
 .debug_info    0x0000000000033f5f     0x258e build/sam_e70_xult/debug/_ext/1728594169/interrupts.o
 .debug_info    0x00000000000364ed     0x1bdc build/sam_e70_xult/debug/_ext/1728594169/exceptions.o
 .debug_info    0x00000000000380c9      0xd5b build/sam_e70_xult/debug/_ext/1728594169/startup_xc32.o
 .debug_info    0x0000000000038e24      0x55a build/sam_e70_xult/debug/_ext/1728594169/freertos_hooks.o
 .debug_info    0x000000000003937e     0x21d8 build/sam_e70_xult/debug/_ext/1728594169/tasks.o
 .debug_info    0x000000000003b556      0x783 build/sam_e70_xult/debug/_ext/977623654/port.o
 .debug_info    0x000000000003bcd9     0x1056 build/sam_e70_xult/debug/_ext/1665200909/heap_1.o
 .debug_info    0x000000000003cd2f     0x117b build/sam_e70_xult/debug/_ext/404212886/list.o
 .debug_info    0x000000000003deaa     0x29bd build/sam_e70_xult/debug/_ext/404212886/queue.o
 .debug_info    0x0000000000040867     0x360c build/sam_e70_xult/debug/_ext/404212886/FreeRTOS_tasks.o
 .debug_info    0x0000000000043e73     0x1b31 build/sam_e70_xult/debug/_ext/1360937237/main.o
 .debug_info    0x00000000000459a4     0x1a1a build/sam_e70_xult/debug/_ext/1360937237/app_communication.o
 .debug_info    0x00000000000473be     0x347f build/sam_e70_xult/debug/_ext/1360937237/app_mast_control.o
 .debug_info    0x000000000004a83d     0x1ce0 build/sam_e70_xult/debug/_ext/1360937237/app_course_algorithm.o
 .debug_info    0x000000000004c51d     0x35a9 build/sam_e70_xult/debug/_ext/1360937237/app_rudder_control.o
 .debug_info    0x000000000004fac6     0x1a67 build/sam_e70_xult/debug/_ext/1360937237/app_anemometer.o
 .debug_info    0x000000000005152d     0x1c84 build/sam_e70_xult/debug/_ext/1360937237/app_gps.o
 .debug_info    0x00000000000531b1     0x1729 build/sam_e70_xult/debug/_ext/1360937237/app_imu.o
 .debug_info    0x00000000000548da      0x296 c:/program files/microchip/xc32/v2.50/bin/bin/../../lib/gcc/pic32c/6.2.1/../../../../pic32c/lib/v7e-m/fpv5/hard\libpic32c.a(data_init.o)
 .debug_info    0x0000000000054b70       0xfa c:/program files/microchip/xc32/v2.50/bin/bin/../../lib/gcc/pic32c/6.2.1/v7e-m/fpv5/hard\libgcc.a(_aeabi_uldivmod.o)
 .debug_info    0x0000000000054c6a     0x168d c:/program files/microchip/xc32/v2.50/bin/bin/../../lib/gcc/pic32c/6.2.1/v7e-m/fpv5/hard\libgcc.a(_udivmoddi4.o)
 .debug_info    0x00000000000562f7       0xfe c:/program files/microchip/xc32/v2.50/bin/bin/../../lib/gcc/pic32c/6.2.1/v7e-m/fpv5/hard\libgcc.a(_dvmd_tls.o)
 .debug_info    0x00000000000563f5      0xe43 c:/program files/microchip/xc32/v2.50/bin/bin/../../lib/gcc/pic32c/6.2.1/../../../../pic32c/lib/v7e-m/fpv5/hard\libg_nano.a(lib_a-atof.o)
 .debug_info    0x0000000000057238      0xeac c:/program files/microchip/xc32/v2.50/bin/bin/../../lib/gcc/pic32c/6.2.1/../../../../pic32c/lib/v7e-m/fpv5/hard\libg_nano.a(lib_a-atoi.o)
 .debug_info    0x00000000000580e4      0x421 c:/program files/microchip/xc32/v2.50/bin/bin/../../lib/gcc/pic32c/6.2.1/../../../../pic32c/lib/v7e-m/fpv5/hard\libg_nano.a(lib_a-init.o)
 .debug_info    0x0000000000058505     0x18a0 c:/program files/microchip/xc32/v2.50/bin/bin/../../lib/gcc/pic32c/6.2.1/../../../../pic32c/lib/v7e-m/fpv5/hard\libg_nano.a(lib_a-locale.o)
 .debug_info    0x0000000000059da5      0xe97 c:/program files/microchip/xc32/v2.50/bin/bin/../../lib/gcc/pic32c/6.2.1/../../../../pic32c/lib/v7e-m/fpv5/hard\libg_nano.a(lib_a-malloc.o)
 .debug_info    0x000000000005ac3c     0x1784 c:/program files/microchip/xc32/v2.50/bin/bin/../../lib/gcc/pic32c/6.2.1/../../../../pic32c/lib/v7e-m/fpv5/hard\libg_nano.a(lib_a-mbtowc_r.o)
 .debug_info    0x000000000005c3c0      0xe6d c:/program files/microchip/xc32/v2.50/bin/bin/../../lib/gcc/pic32c/6.2.1/../../../../pic32c/lib/v7e-m/fpv5/hard\libg_nano.a(lib_a-memcpy-stub.o)
 .debug_info    0x000000000005d22d     0x15b0 c:/program files/microchip/xc32/v2.50/bin/bin/../../lib/gcc/pic32c/6.2.1/../../../../pic32c/lib/v7e-m/fpv5/hard\libg_nano.a(lib_a-memset.o)
 .debug_info    0x000000000005e7dd     0x125b c:/program files/microchip/xc32/v2.50/bin/bin/../../lib/gcc/pic32c/6.2.1/../../../../pic32c/lib/v7e-m/fpv5/hard\libg_nano.a(lib_a-nano-mallocr.o)
 .debug_info    0x000000000005fa38      0xee4 c:/program files/microchip/xc32/v2.50/bin/bin/../../lib/gcc/pic32c/6.2.1/../../../../pic32c/lib/v7e-m/fpv5/hard\libg_nano.a(lib_a-sbrkr.o)
 .debug_info    0x000000000006091c      0xe31 c:/program files/microchip/xc32/v2.50/bin/bin/../../lib/gcc/pic32c/6.2.1/../../../../pic32c/lib/v7e-m/fpv5/hard\libg_nano.a(lib_a-strchr.o)
 .debug_info    0x000000000006174d      0xe10 c:/program files/microchip/xc32/v2.50/bin/bin/../../lib/gcc/pic32c/6.2.1/../../../../pic32c/lib/v7e-m/fpv5/hard\libg_nano.a(lib_a-strcpy.o)
 .debug_info    0x000000000006255d      0x127 c:/program files/microchip/xc32/v2.50/bin/bin/../../lib/gcc/pic32c/6.2.1/../../../../pic32c/lib/v7e-m/fpv5/hard\libg_nano.a(lib_a-strlen.o)
 .debug_info    0x0000000000062684      0xe29 c:/program files/microchip/xc32/v2.50/bin/bin/../../lib/gcc/pic32c/6.2.1/../../../../pic32c/lib/v7e-m/fpv5/hard\libg_nano.a(lib_a-strncmp.o)
 .debug_info    0x00000000000634ad      0xe51 c:/program files/microchip/xc32/v2.50/bin/bin/../../lib/gcc/pic32c/6.2.1/../../../../pic32c/lib/v7e-m/fpv5/hard\libg_nano.a(lib_a-strncpy.o)
 .debug_info    0x00000000000642fe     0x2660 c:/program files/microchip/xc32/v2.50/bin/bin/../../lib/gcc/pic32c/6.2.1/../../../../pic32c/lib/v7e-m/fpv5/hard\libg_nano.a(lib_a-strtod.o)
 .debug_info    0x000000000006695e     0x1938 c:/program files/microchip/xc32/v2.50/bin/bin/../../lib/gcc/pic32c/6.2.1/../../../../pic32c/lib/v7e-m/fpv5/hard\libg_nano.a(lib_a-strtol.o)
 .debug_info    0x0000000000068296     0x174f c:/program files/microchip/xc32/v2.50/bin/bin/../../lib/gcc/pic32c/6.2.1/../../../../pic32c/lib/v7e-m/fpv5/hard\libg_nano.a(lib_a-wctomb_r.o)
 .debug_info    0x00000000000699e5     0x1581 c:/program files/microchip/xc32/v2.50/bin/bin/../../lib/gcc/pic32c/6.2.1/../../../../pic32c/lib/v7e-m/fpv5/hard\libg_nano.a(lib_a-ctype_.o)
 .debug_info    0x000000000006af66     0x1f21 c:/program files/microchip/xc32/v2.50/bin/bin/../../lib/gcc/pic32c/6.2.1/../../../../pic32c/lib/v7e-m/fpv5/hard\libg_nano.a(lib_a-gdtoa-gethex.o)
 .debug_info    0x000000000006ce87     0x1a03 c:/program files/microchip/xc32/v2.50/bin/bin/../../lib/gcc/pic32c/6.2.1/../../../../pic32c/lib/v7e-m/fpv5/hard\libg_nano.a(lib_a-gdtoa-hexnan.o)
 .debug_info    0x000000000006e88a      0xdf4 c:/program files/microchip/xc32/v2.50/bin/bin/../../lib/gcc/pic32c/6.2.1/../../../../pic32c/lib/v7e-m/fpv5/hard\libg_nano.a(lib_a-impure.o)
 .debug_info    0x000000000006f67e     0x16b5 c:/program files/microchip/xc32/v2.50/bin/bin/../../lib/gcc/pic32c/6.2.1/../../../../pic32c/lib/v7e-m/fpv5/hard\libg_nano.a(lib_a-localeconv.o)
 .debug_info    0x0000000000070d33      0xe31 c:/program files/microchip/xc32/v2.50/bin/bin/../../lib/gcc/pic32c/6.2.1/../../../../pic32c/lib/v7e-m/fpv5/hard\libg_nano.a(lib_a-mlock.o)
 .debug_info    0x0000000000071b64     0x258a c:/program files/microchip/xc32/v2.50/bin/bin/../../lib/gcc/pic32c/6.2.1/../../../../pic32c/lib/v7e-m/fpv5/hard\libg_nano.a(lib_a-mprec.o)
 .debug_info    0x00000000000740ee     0x10e3 c:/program files/microchip/xc32/v2.50/bin/bin/../../lib/gcc/pic32c/6.2.1/../../../../pic32c/lib/v7e-m/fpv5/hard\libg_nano.a(lib_a-nano-callocr.o)
 .debug_info    0x00000000000751d1      0xfec c:/program files/microchip/xc32/v2.50/bin/bin/../../lib/gcc/pic32c/6.2.1/../../../../pic32c/lib/v7e-m/fpv5/hard\libg_nano.a(lib_a-reent.o)
 .debug_info    0x00000000000761bd      0xfe5 c:/program files/microchip/xc32/v2.50/bin/bin/../../lib/gcc/pic32c/6.2.1/../../../../pic32c/lib/v7e-m/fpv5/hard\libm_nano.a(lib_a-s_cos.o)
 .debug_info    0x00000000000771a2      0xfe5 c:/program files/microchip/xc32/v2.50/bin/bin/../../lib/gcc/pic32c/6.2.1/../../../../pic32c/lib/v7e-m/fpv5/hard\libm_nano.a(lib_a-s_sin.o)
 .debug_info    0x0000000000078187      0xf11 c:/program files/microchip/xc32/v2.50/bin/bin/../../lib/gcc/pic32c/6.2.1/../../../../pic32c/lib/v7e-m/fpv5/hard\libm_nano.a(lib_a-w_atan2.o)
 .debug_info    0x0000000000079098      0xfd4 c:/program files/microchip/xc32/v2.50/bin/bin/../../lib/gcc/pic32c/6.2.1/../../../../pic32c/lib/v7e-m/fpv5/hard\libm_nano.a(lib_a-w_sqrt.o)
 .debug_info    0x000000000007a06c     0x1110 c:/program files/microchip/xc32/v2.50/bin/bin/../../lib/gcc/pic32c/6.2.1/../../../../pic32c/lib/v7e-m/fpv5/hard\libm_nano.a(lib_a-e_atan2.o)
 .debug_info    0x000000000007b17c     0x124e c:/program files/microchip/xc32/v2.50/bin/bin/../../lib/gcc/pic32c/6.2.1/../../../../pic32c/lib/v7e-m/fpv5/hard\libm_nano.a(lib_a-e_rem_pio2.o)
 .debug_info    0x000000000007c3ca     0x1038 c:/program files/microchip/xc32/v2.50/bin/bin/../../lib/gcc/pic32c/6.2.1/../../../../pic32c/lib/v7e-m/fpv5/hard\libm_nano.a(lib_a-e_sqrt.o)
 .debug_info    0x000000000007d402     0x1034 c:/program files/microchip/xc32/v2.50/bin/bin/../../lib/gcc/pic32c/6.2.1/../../../../pic32c/lib/v7e-m/fpv5/hard\libm_nano.a(lib_a-k_cos.o)
 .debug_info    0x000000000007e436     0x11c0 c:/program files/microchip/xc32/v2.50/bin/bin/../../lib/gcc/pic32c/6.2.1/../../../../pic32c/lib/v7e-m/fpv5/hard\libm_nano.a(lib_a-k_rem_pio2.o)
 .debug_info    0x000000000007f5f6     0x100d c:/program files/microchip/xc32/v2.50/bin/bin/../../lib/gcc/pic32c/6.2.1/../../../../pic32c/lib/v7e-m/fpv5/hard\libm_nano.a(lib_a-k_sin.o)
 .debug_info    0x0000000000080603     0x10bb c:/program files/microchip/xc32/v2.50/bin/bin/../../lib/gcc/pic32c/6.2.1/../../../../pic32c/lib/v7e-m/fpv5/hard\libm_nano.a(lib_a-s_atan.o)
 .debug_info    0x00000000000816be      0xf44 c:/program files/microchip/xc32/v2.50/bin/bin/../../lib/gcc/pic32c/6.2.1/../../../../pic32c/lib/v7e-m/fpv5/hard\libm_nano.a(lib_a-s_fabs.o)
 .debug_info    0x0000000000082602      0xfae c:/program files/microchip/xc32/v2.50/bin/bin/../../lib/gcc/pic32c/6.2.1/../../../../pic32c/lib/v7e-m/fpv5/hard\libm_nano.a(lib_a-s_floor.o)
 .debug_info    0x00000000000835b0      0xe64 c:/program files/microchip/xc32/v2.50/bin/bin/../../lib/gcc/pic32c/6.2.1/../../../../pic32c/lib/v7e-m/fpv5/hard\libm_nano.a(lib_a-s_lib_ver.o)
 .debug_info    0x0000000000084414      0xf18 c:/program files/microchip/xc32/v2.50/bin/bin/../../lib/gcc/pic32c/6.2.1/../../../../pic32c/lib/v7e-m/fpv5/hard\libm_nano.a(lib_a-s_matherr.o)
 .debug_info    0x000000000008532c     0x1058 c:/program files/microchip/xc32/v2.50/bin/bin/../../lib/gcc/pic32c/6.2.1/../../../../pic32c/lib/v7e-m/fpv5/hard\libm_nano.a(lib_a-s_scalbn.o)
 .debug_info    0x0000000000086384      0xf7b c:/program files/microchip/xc32/v2.50/bin/bin/../../lib/gcc/pic32c/6.2.1/../../../../pic32c/lib/v7e-m/fpv5/hard\libm_nano.a(lib_a-s_copysign.o)
 .debug_info    0x00000000000872ff      0xe31 c:/program files/microchip/xc32/v2.50/bin/bin/../../lib/gcc/pic32c/6.2.1/../../../../pic32c/lib/v7e-m/fpv5/hard\libc_nano.a(lib_a-errno.o)
 .debug_info    0x0000000000088130      0x27a c:/program files/microchip/xc32/v2.50/bin/bin/../../lib/gcc/pic32c/6.2.1/../../../../pic32c/lib/v7e-m/fpv5/hard\libpic32c.a(sbrk.o)

.debug_abbrev   0x0000000000000000     0xcb31
 .debug_abbrev  0x0000000000000000      0x33c build/sam_e70_xult/debug/_ext/957281314/drv_i2c.o
 .debug_abbrev  0x000000000000033c      0x155 build/sam_e70_xult/debug/_ext/1565510230/drv_sdmmc_file_system.o
 .debug_abbrev  0x0000000000000491      0x55a build/sam_e70_xult/debug/_ext/1565510230/drv_sdmmc.o
 .debug_abbrev  0x00000000000009eb      0x3a7 build/sam_e70_xult/debug/_ext/716655881/drv_usart.o
 .debug_abbrev  0x0000000000000d92      0x1c2 build/sam_e70_xult/debug/_ext/1613695899/osal_freertos.o
 .debug_abbrev  0x0000000000000f54       0xc0 build/sam_e70_xult/debug/_ext/1055500827/plib_clk.o
 .debug_abbrev  0x0000000000001014      0x2b4 build/sam_e70_xult/debug/_ext/1055499099/plib_efc.o
 .debug_abbrev  0x00000000000012c8      0x348 build/sam_e70_xult/debug/_ext/719181653/plib_hsmci.o
 .debug_abbrev  0x0000000000001610      0x1cd build/sam_e70_xult/debug/_ext/1639550079/plib_nvic.o
 .debug_abbrev  0x00000000000017dd      0x241 build/sam_e70_xult/debug/_ext/1055488423/plib_pio.o
 .debug_abbrev  0x0000000000001a1e      0x1e1 build/sam_e70_xult/debug/_ext/1055487991/plib_pwm0.o
 .debug_abbrev  0x0000000000001bff      0x182 build/sam_e70_xult/debug/_ext/865331892/plib_tc3.o
 .debug_abbrev  0x0000000000001d81      0x29c build/sam_e70_xult/debug/_ext/1539215101/plib_twihs0_master.o
 .debug_abbrev  0x000000000000201d      0x2cf build/sam_e70_xult/debug/_ext/707186936/plib_usart1.o
 .debug_abbrev  0x00000000000022ec      0x2cf build/sam_e70_xult/debug/_ext/707186936/plib_usart0.o
 .debug_abbrev  0x00000000000025bb      0x2cf build/sam_e70_xult/debug/_ext/707186936/plib_usart2.o
 .debug_abbrev  0x000000000000288a      0x1fa build/sam_e70_xult/debug/_ext/704852250/plib_xdmac.o
 .debug_abbrev  0x0000000000002a84      0x1ec build/sam_e70_xult/debug/_ext/876653320/sys_cache.o
 .debug_abbrev  0x0000000000002c70       0xcf build/sam_e70_xult/debug/_ext/984150034/sys_dma.o
 .debug_abbrev  0x0000000000002d3f      0x33e build/sam_e70_xult/debug/_ext/1043829778/ff.o
 .debug_abbrev  0x000000000000307d      0x128 build/sam_e70_xult/debug/_ext/1043829778/ffunicode.o
 .debug_abbrev  0x00000000000031a5      0x37b build/sam_e70_xult/debug/_ext/1893760823/diskio.o
 .debug_abbrev  0x0000000000003520      0x482 build/sam_e70_xult/debug/_ext/1305476372/sys_fs.o
 .debug_abbrev  0x00000000000039a2      0x4ba build/sam_e70_xult/debug/_ext/1305476372/sys_fs_media_manager.o
 .debug_abbrev  0x0000000000003e5c      0x274 build/sam_e70_xult/debug/_ext/1305476372/sys_fs_fat_interface.o
 .debug_abbrev  0x00000000000040d0      0x218 build/sam_e70_xult/debug/_ext/766002106/sys_int.o
 .debug_abbrev  0x00000000000042e8      0x5a0 build/sam_e70_xult/debug/_ext/327803284/sys_time.o
 .debug_abbrev  0x0000000000004888      0x313 build/sam_e70_xult/debug/_ext/1728594169/initialization.o
 .debug_abbrev  0x0000000000004b9b      0x1ec build/sam_e70_xult/debug/_ext/1728594169/interrupts.o
 .debug_abbrev  0x0000000000004d87      0x1e1 build/sam_e70_xult/debug/_ext/1728594169/exceptions.o
 .debug_abbrev  0x0000000000004f68      0x1fd build/sam_e70_xult/debug/_ext/1728594169/startup_xc32.o
 .debug_abbrev  0x0000000000005165      0x121 build/sam_e70_xult/debug/_ext/1728594169/freertos_hooks.o
 .debug_abbrev  0x0000000000005286      0x242 build/sam_e70_xult/debug/_ext/1728594169/tasks.o
 .debug_abbrev  0x00000000000054c8      0x1f2 build/sam_e70_xult/debug/_ext/977623654/port.o
 .debug_abbrev  0x00000000000056ba      0x26f build/sam_e70_xult/debug/_ext/1665200909/heap_1.o
 .debug_abbrev  0x0000000000005929      0x231 build/sam_e70_xult/debug/_ext/404212886/list.o
 .debug_abbrev  0x0000000000005b5a      0x400 build/sam_e70_xult/debug/_ext/404212886/queue.o
 .debug_abbrev  0x0000000000005f5a      0x49e build/sam_e70_xult/debug/_ext/404212886/FreeRTOS_tasks.o
 .debug_abbrev  0x00000000000063f8      0x218 build/sam_e70_xult/debug/_ext/1360937237/main.o
 .debug_abbrev  0x0000000000006610      0x287 build/sam_e70_xult/debug/_ext/1360937237/app_communication.o
 .debug_abbrev  0x0000000000006897      0x31f build/sam_e70_xult/debug/_ext/1360937237/app_mast_control.o
 .debug_abbrev  0x0000000000006bb6      0x29a build/sam_e70_xult/debug/_ext/1360937237/app_course_algorithm.o
 .debug_abbrev  0x0000000000006e50      0x314 build/sam_e70_xult/debug/_ext/1360937237/app_rudder_control.o
 .debug_abbrev  0x0000000000007164      0x2ed build/sam_e70_xult/debug/_ext/1360937237/app_anemometer.o
 .debug_abbrev  0x0000000000007451      0x2cb build/sam_e70_xult/debug/_ext/1360937237/app_gps.o
 .debug_abbrev  0x000000000000771c      0x2c1 build/sam_e70_xult/debug/_ext/1360937237/app_imu.o
 .debug_abbrev  0x00000000000079dd       0x2a c:/program files/microchip/xc32/v2.50/bin/bin/../../lib/gcc/pic32c/6.2.1/../../../../pic32c/lib/v7e-m/fpv5/hard\libpic32c.a(data_init.o)
 .debug_abbrev  0x0000000000007a07       0x14 c:/program files/microchip/xc32/v2.50/bin/bin/../../lib/gcc/pic32c/6.2.1/v7e-m/fpv5/hard\libgcc.a(_aeabi_uldivmod.o)
 .debug_abbrev  0x0000000000007a1b      0x163 c:/program files/microchip/xc32/v2.50/bin/bin/../../lib/gcc/pic32c/6.2.1/v7e-m/fpv5/hard\libgcc.a(_udivmoddi4.o)
 .debug_abbrev  0x0000000000007b7e       0x14 c:/program files/microchip/xc32/v2.50/bin/bin/../../lib/gcc/pic32c/6.2.1/v7e-m/fpv5/hard\libgcc.a(_dvmd_tls.o)
 .debug_abbrev  0x0000000000007b92      0x187 c:/program files/microchip/xc32/v2.50/bin/bin/../../lib/gcc/pic32c/6.2.1/../../../../pic32c/lib/v7e-m/fpv5/hard\libg_nano.a(lib_a-atof.o)
 .debug_abbrev  0x0000000000007d19      0x199 c:/program files/microchip/xc32/v2.50/bin/bin/../../lib/gcc/pic32c/6.2.1/../../../../pic32c/lib/v7e-m/fpv5/hard\libg_nano.a(lib_a-atoi.o)
 .debug_abbrev  0x0000000000007eb2       0xa3 c:/program files/microchip/xc32/v2.50/bin/bin/../../lib/gcc/pic32c/6.2.1/../../../../pic32c/lib/v7e-m/fpv5/hard\libg_nano.a(lib_a-init.o)
 .debug_abbrev  0x0000000000007f55      0x256 c:/program files/microchip/xc32/v2.50/bin/bin/../../lib/gcc/pic32c/6.2.1/../../../../pic32c/lib/v7e-m/fpv5/hard\libg_nano.a(lib_a-locale.o)
 .debug_abbrev  0x00000000000081ab      0x1b3 c:/program files/microchip/xc32/v2.50/bin/bin/../../lib/gcc/pic32c/6.2.1/../../../../pic32c/lib/v7e-m/fpv5/hard\libg_nano.a(lib_a-malloc.o)
 .debug_abbrev  0x000000000000835e      0x1be c:/program files/microchip/xc32/v2.50/bin/bin/../../lib/gcc/pic32c/6.2.1/../../../../pic32c/lib/v7e-m/fpv5/hard\libg_nano.a(lib_a-mbtowc_r.o)
 .debug_abbrev  0x000000000000851c      0x17c c:/program files/microchip/xc32/v2.50/bin/bin/../../lib/gcc/pic32c/6.2.1/../../../../pic32c/lib/v7e-m/fpv5/hard\libg_nano.a(lib_a-memcpy-stub.o)
 .debug_abbrev  0x0000000000008698      0x170 c:/program files/microchip/xc32/v2.50/bin/bin/../../lib/gcc/pic32c/6.2.1/../../../../pic32c/lib/v7e-m/fpv5/hard\libg_nano.a(lib_a-memset.o)
 .debug_abbrev  0x0000000000008808      0x281 c:/program files/microchip/xc32/v2.50/bin/bin/../../lib/gcc/pic32c/6.2.1/../../../../pic32c/lib/v7e-m/fpv5/hard\libg_nano.a(lib_a-nano-mallocr.o)
 .debug_abbrev  0x0000000000008a89      0x1a8 c:/program files/microchip/xc32/v2.50/bin/bin/../../lib/gcc/pic32c/6.2.1/../../../../pic32c/lib/v7e-m/fpv5/hard\libg_nano.a(lib_a-sbrkr.o)
 .debug_abbrev  0x0000000000008c31      0x168 c:/program files/microchip/xc32/v2.50/bin/bin/../../lib/gcc/pic32c/6.2.1/../../../../pic32c/lib/v7e-m/fpv5/hard\libg_nano.a(lib_a-strchr.o)
 .debug_abbrev  0x0000000000008d99      0x157 c:/program files/microchip/xc32/v2.50/bin/bin/../../lib/gcc/pic32c/6.2.1/../../../../pic32c/lib/v7e-m/fpv5/hard\libg_nano.a(lib_a-strcpy.o)
 .debug_abbrev  0x0000000000008ef0       0x14 c:/program files/microchip/xc32/v2.50/bin/bin/../../lib/gcc/pic32c/6.2.1/../../../../pic32c/lib/v7e-m/fpv5/hard\libg_nano.a(lib_a-strlen.o)
 .debug_abbrev  0x0000000000008f04      0x148 c:/program files/microchip/xc32/v2.50/bin/bin/../../lib/gcc/pic32c/6.2.1/../../../../pic32c/lib/v7e-m/fpv5/hard\libg_nano.a(lib_a-strncmp.o)
 .debug_abbrev  0x000000000000904c      0x166 c:/program files/microchip/xc32/v2.50/bin/bin/../../lib/gcc/pic32c/6.2.1/../../../../pic32c/lib/v7e-m/fpv5/hard\libg_nano.a(lib_a-strncpy.o)
 .debug_abbrev  0x00000000000091b2      0x32c c:/program files/microchip/xc32/v2.50/bin/bin/../../lib/gcc/pic32c/6.2.1/../../../../pic32c/lib/v7e-m/fpv5/hard\libg_nano.a(lib_a-strtod.o)
 .debug_abbrev  0x00000000000094de      0x217 c:/program files/microchip/xc32/v2.50/bin/bin/../../lib/gcc/pic32c/6.2.1/../../../../pic32c/lib/v7e-m/fpv5/hard\libg_nano.a(lib_a-strtol.o)
 .debug_abbrev  0x00000000000096f5      0x1da c:/program files/microchip/xc32/v2.50/bin/bin/../../lib/gcc/pic32c/6.2.1/../../../../pic32c/lib/v7e-m/fpv5/hard\libg_nano.a(lib_a-wctomb_r.o)
 .debug_abbrev  0x00000000000098cf      0x131 c:/program files/microchip/xc32/v2.50/bin/bin/../../lib/gcc/pic32c/6.2.1/../../../../pic32c/lib/v7e-m/fpv5/hard\libg_nano.a(lib_a-ctype_.o)
 .debug_abbrev  0x0000000000009a00      0x2df c:/program files/microchip/xc32/v2.50/bin/bin/../../lib/gcc/pic32c/6.2.1/../../../../pic32c/lib/v7e-m/fpv5/hard\libg_nano.a(lib_a-gdtoa-gethex.o)
 .debug_abbrev  0x0000000000009cdf      0x206 c:/program files/microchip/xc32/v2.50/bin/bin/../../lib/gcc/pic32c/6.2.1/../../../../pic32c/lib/v7e-m/fpv5/hard\libg_nano.a(lib_a-gdtoa-hexnan.o)
 .debug_abbrev  0x0000000000009ee5      0x131 c:/program files/microchip/xc32/v2.50/bin/bin/../../lib/gcc/pic32c/6.2.1/../../../../pic32c/lib/v7e-m/fpv5/hard\libg_nano.a(lib_a-impure.o)
 .debug_abbrev  0x000000000000a016      0x1d6 c:/program files/microchip/xc32/v2.50/bin/bin/../../lib/gcc/pic32c/6.2.1/../../../../pic32c/lib/v7e-m/fpv5/hard\libg_nano.a(lib_a-localeconv.o)
 .debug_abbrev  0x000000000000a1ec      0x165 c:/program files/microchip/xc32/v2.50/bin/bin/../../lib/gcc/pic32c/6.2.1/../../../../pic32c/lib/v7e-m/fpv5/hard\libg_nano.a(lib_a-mlock.o)
 .debug_abbrev  0x000000000000a351      0x2e4 c:/program files/microchip/xc32/v2.50/bin/bin/../../lib/gcc/pic32c/6.2.1/../../../../pic32c/lib/v7e-m/fpv5/hard\libg_nano.a(lib_a-mprec.o)
 .debug_abbrev  0x000000000000a635      0x1b9 c:/program files/microchip/xc32/v2.50/bin/bin/../../lib/gcc/pic32c/6.2.1/../../../../pic32c/lib/v7e-m/fpv5/hard\libg_nano.a(lib_a-nano-callocr.o)
 .debug_abbrev  0x000000000000a7ee      0x1f8 c:/program files/microchip/xc32/v2.50/bin/bin/../../lib/gcc/pic32c/6.2.1/../../../../pic32c/lib/v7e-m/fpv5/hard\libg_nano.a(lib_a-reent.o)
 .debug_abbrev  0x000000000000a9e6      0x20f c:/program files/microchip/xc32/v2.50/bin/bin/../../lib/gcc/pic32c/6.2.1/../../../../pic32c/lib/v7e-m/fpv5/hard\libm_nano.a(lib_a-s_cos.o)
 .debug_abbrev  0x000000000000abf5      0x20f c:/program files/microchip/xc32/v2.50/bin/bin/../../lib/gcc/pic32c/6.2.1/../../../../pic32c/lib/v7e-m/fpv5/hard\libm_nano.a(lib_a-s_sin.o)
 .debug_abbrev  0x000000000000ae04      0x1af c:/program files/microchip/xc32/v2.50/bin/bin/../../lib/gcc/pic32c/6.2.1/../../../../pic32c/lib/v7e-m/fpv5/hard\libm_nano.a(lib_a-w_atan2.o)
 .debug_abbrev  0x000000000000afb3      0x1fb c:/program files/microchip/xc32/v2.50/bin/bin/../../lib/gcc/pic32c/6.2.1/../../../../pic32c/lib/v7e-m/fpv5/hard\libm_nano.a(lib_a-w_sqrt.o)
 .debug_abbrev  0x000000000000b1ae      0x21e c:/program files/microchip/xc32/v2.50/bin/bin/../../lib/gcc/pic32c/6.2.1/../../../../pic32c/lib/v7e-m/fpv5/hard\libm_nano.a(lib_a-e_atan2.o)
 .debug_abbrev  0x000000000000b3cc      0x238 c:/program files/microchip/xc32/v2.50/bin/bin/../../lib/gcc/pic32c/6.2.1/../../../../pic32c/lib/v7e-m/fpv5/hard\libm_nano.a(lib_a-e_rem_pio2.o)
 .debug_abbrev  0x000000000000b604      0x1d1 c:/program files/microchip/xc32/v2.50/bin/bin/../../lib/gcc/pic32c/6.2.1/../../../../pic32c/lib/v7e-m/fpv5/hard\libm_nano.a(lib_a-e_sqrt.o)
 .debug_abbrev  0x000000000000b7d5      0x1e0 c:/program files/microchip/xc32/v2.50/bin/bin/../../lib/gcc/pic32c/6.2.1/../../../../pic32c/lib/v7e-m/fpv5/hard\libm_nano.a(lib_a-k_cos.o)
 .debug_abbrev  0x000000000000b9b5      0x1ed c:/program files/microchip/xc32/v2.50/bin/bin/../../lib/gcc/pic32c/6.2.1/../../../../pic32c/lib/v7e-m/fpv5/hard\libm_nano.a(lib_a-k_rem_pio2.o)
 .debug_abbrev  0x000000000000bba2      0x1d5 c:/program files/microchip/xc32/v2.50/bin/bin/../../lib/gcc/pic32c/6.2.1/../../../../pic32c/lib/v7e-m/fpv5/hard\libm_nano.a(lib_a-k_sin.o)
 .debug_abbrev  0x000000000000bd77      0x208 c:/program files/microchip/xc32/v2.50/bin/bin/../../lib/gcc/pic32c/6.2.1/../../../../pic32c/lib/v7e-m/fpv5/hard\libm_nano.a(lib_a-s_atan.o)
 .debug_abbrev  0x000000000000bf7f      0x1cd c:/program files/microchip/xc32/v2.50/bin/bin/../../lib/gcc/pic32c/6.2.1/../../../../pic32c/lib/v7e-m/fpv5/hard\libm_nano.a(lib_a-s_fabs.o)
 .debug_abbrev  0x000000000000c14c      0x1cf c:/program files/microchip/xc32/v2.50/bin/bin/../../lib/gcc/pic32c/6.2.1/../../../../pic32c/lib/v7e-m/fpv5/hard\libm_nano.a(lib_a-s_floor.o)
 .debug_abbrev  0x000000000000c31b      0x149 c:/program files/microchip/xc32/v2.50/bin/bin/../../lib/gcc/pic32c/6.2.1/../../../../pic32c/lib/v7e-m/fpv5/hard\libm_nano.a(lib_a-s_lib_ver.o)
 .debug_abbrev  0x000000000000c464      0x17c c:/program files/microchip/xc32/v2.50/bin/bin/../../lib/gcc/pic32c/6.2.1/../../../../pic32c/lib/v7e-m/fpv5/hard\libm_nano.a(lib_a-s_matherr.o)
 .debug_abbrev  0x000000000000c5e0      0x1fc c:/program files/microchip/xc32/v2.50/bin/bin/../../lib/gcc/pic32c/6.2.1/../../../../pic32c/lib/v7e-m/fpv5/hard\libm_nano.a(lib_a-s_scalbn.o)
 .debug_abbrev  0x000000000000c7dc      0x1dc c:/program files/microchip/xc32/v2.50/bin/bin/../../lib/gcc/pic32c/6.2.1/../../../../pic32c/lib/v7e-m/fpv5/hard\libm_nano.a(lib_a-s_copysign.o)
 .debug_abbrev  0x000000000000c9b8      0x14f c:/program files/microchip/xc32/v2.50/bin/bin/../../lib/gcc/pic32c/6.2.1/../../../../pic32c/lib/v7e-m/fpv5/hard\libc_nano.a(lib_a-errno.o)
 .debug_abbrev  0x000000000000cb07       0x2a c:/program files/microchip/xc32/v2.50/bin/bin/../../lib/gcc/pic32c/6.2.1/../../../../pic32c/lib/v7e-m/fpv5/hard\libpic32c.a(sbrk.o)

.debug_loc      0x0000000000000000    0x270cd
 .debug_loc     0x0000000000000000      0xa31 build/sam_e70_xult/debug/_ext/957281314/drv_i2c.o
 .debug_loc     0x0000000000000a31       0x41 build/sam_e70_xult/debug/_ext/1565510230/drv_sdmmc_file_system.o
 .debug_loc     0x0000000000000a72     0x1be5 build/sam_e70_xult/debug/_ext/1565510230/drv_sdmmc.o
 .debug_loc     0x0000000000002657      0xb95 build/sam_e70_xult/debug/_ext/716655881/drv_usart.o
 .debug_loc     0x00000000000031ec      0x636 build/sam_e70_xult/debug/_ext/1613695899/osal_freertos.o
 .debug_loc     0x0000000000003822      0x33e build/sam_e70_xult/debug/_ext/1055499099/plib_efc.o
 .debug_loc     0x0000000000003b60      0x4c2 build/sam_e70_xult/debug/_ext/719181653/plib_hsmci.o
 .debug_loc     0x0000000000004022      0x315 build/sam_e70_xult/debug/_ext/1639550079/plib_nvic.o
 .debug_loc     0x0000000000004337      0x2e9 build/sam_e70_xult/debug/_ext/1055488423/plib_pio.o
 .debug_loc     0x0000000000004620      0x1bf build/sam_e70_xult/debug/_ext/1055487991/plib_pwm0.o
 .debug_loc     0x00000000000047df       0x42 build/sam_e70_xult/debug/_ext/865331892/plib_tc3.o
 .debug_loc     0x0000000000004821      0x55d build/sam_e70_xult/debug/_ext/1539215101/plib_twihs0_master.o
 .debug_loc     0x0000000000004d7e      0x4e4 build/sam_e70_xult/debug/_ext/707186936/plib_usart1.o
 .debug_loc     0x0000000000005262      0x4e4 build/sam_e70_xult/debug/_ext/707186936/plib_usart0.o
 .debug_loc     0x0000000000005746      0x4e4 build/sam_e70_xult/debug/_ext/707186936/plib_usart2.o
 .debug_loc     0x0000000000005c2a      0x2f0 build/sam_e70_xult/debug/_ext/704852250/plib_xdmac.o
 .debug_loc     0x0000000000005f1a      0x503 build/sam_e70_xult/debug/_ext/876653320/sys_cache.o
 .debug_loc     0x000000000000641d      0x16b build/sam_e70_xult/debug/_ext/984150034/sys_dma.o
 .debug_loc     0x0000000000006588     0x7d44 build/sam_e70_xult/debug/_ext/1043829778/ff.o
 .debug_loc     0x000000000000e2cc      0x477 build/sam_e70_xult/debug/_ext/1043829778/ffunicode.o
 .debug_loc     0x000000000000e743      0x84f build/sam_e70_xult/debug/_ext/1893760823/diskio.o
 .debug_loc     0x000000000000ef92     0x444a build/sam_e70_xult/debug/_ext/1305476372/sys_fs.o
 .debug_loc     0x00000000000133dc     0x142f build/sam_e70_xult/debug/_ext/1305476372/sys_fs_media_manager.o
 .debug_loc     0x000000000001480b     0x1781 build/sam_e70_xult/debug/_ext/1305476372/sys_fs_fat_interface.o
 .debug_loc     0x0000000000015f8c      0x148 build/sam_e70_xult/debug/_ext/766002106/sys_int.o
 .debug_loc     0x00000000000160d4     0x1f60 build/sam_e70_xult/debug/_ext/327803284/sys_time.o
 .debug_loc     0x0000000000018034       0x41 build/sam_e70_xult/debug/_ext/1728594169/initialization.o
 .debug_loc     0x0000000000018075       0x6d build/sam_e70_xult/debug/_ext/1728594169/startup_xc32.o
 .debug_loc     0x00000000000180e2       0x7a build/sam_e70_xult/debug/_ext/1728594169/freertos_hooks.o
 .debug_loc     0x000000000001815c      0x281 build/sam_e70_xult/debug/_ext/1728594169/tasks.o
 .debug_loc     0x00000000000183dd      0x122 build/sam_e70_xult/debug/_ext/977623654/port.o
 .debug_loc     0x00000000000184ff       0x74 build/sam_e70_xult/debug/_ext/1665200909/heap_1.o
 .debug_loc     0x0000000000018573       0x9c build/sam_e70_xult/debug/_ext/404212886/list.o
 .debug_loc     0x000000000001860f     0x1335 build/sam_e70_xult/debug/_ext/404212886/queue.o
 .debug_loc     0x0000000000019944     0x1cdf build/sam_e70_xult/debug/_ext/404212886/FreeRTOS_tasks.o
 .debug_loc     0x000000000001b623       0x20 build/sam_e70_xult/debug/_ext/1360937237/main.o
 .debug_loc     0x000000000001b643      0x249 build/sam_e70_xult/debug/_ext/1360937237/app_communication.o
 .debug_loc     0x000000000001b88c       0xd4 build/sam_e70_xult/debug/_ext/1360937237/app_mast_control.o
 .debug_loc     0x000000000001b960      0x6eb build/sam_e70_xult/debug/_ext/1360937237/app_course_algorithm.o
 .debug_loc     0x000000000001c04b       0xfb build/sam_e70_xult/debug/_ext/1360937237/app_rudder_control.o
 .debug_loc     0x000000000001c146     0x1595 build/sam_e70_xult/debug/_ext/1360937237/app_anemometer.o
 .debug_loc     0x000000000001d6db      0x643 build/sam_e70_xult/debug/_ext/1360937237/app_gps.o
 .debug_loc     0x000000000001dd1e      0x2a0 build/sam_e70_xult/debug/_ext/1360937237/app_imu.o
 .debug_loc     0x000000000001dfbe      0xc35 c:/program files/microchip/xc32/v2.50/bin/bin/../../lib/gcc/pic32c/6.2.1/v7e-m/fpv5/hard\libgcc.a(_udivmoddi4.o)
 .debug_loc     0x000000000001ebf3       0x21 c:/program files/microchip/xc32/v2.50/bin/bin/../../lib/gcc/pic32c/6.2.1/../../../../pic32c/lib/v7e-m/fpv5/hard\libg_nano.a(lib_a-atof.o)
 .debug_loc     0x000000000001ec14       0x63 c:/program files/microchip/xc32/v2.50/bin/bin/../../lib/gcc/pic32c/6.2.1/../../../../pic32c/lib/v7e-m/fpv5/hard\libg_nano.a(lib_a-atoi.o)
 .debug_loc     0x000000000001ec77       0x74 c:/program files/microchip/xc32/v2.50/bin/bin/../../lib/gcc/pic32c/6.2.1/../../../../pic32c/lib/v7e-m/fpv5/hard\libg_nano.a(lib_a-init.o)
 .debug_loc     0x000000000001eceb      0x17b c:/program files/microchip/xc32/v2.50/bin/bin/../../lib/gcc/pic32c/6.2.1/../../../../pic32c/lib/v7e-m/fpv5/hard\libg_nano.a(lib_a-locale.o)
 .debug_loc     0x000000000001ee66       0x58 c:/program files/microchip/xc32/v2.50/bin/bin/../../lib/gcc/pic32c/6.2.1/../../../../pic32c/lib/v7e-m/fpv5/hard\libg_nano.a(lib_a-malloc.o)
 .debug_loc     0x000000000001eebe      0x229 c:/program files/microchip/xc32/v2.50/bin/bin/../../lib/gcc/pic32c/6.2.1/../../../../pic32c/lib/v7e-m/fpv5/hard\libg_nano.a(lib_a-mbtowc_r.o)
 .debug_loc     0x000000000001f0e7       0xb2 c:/program files/microchip/xc32/v2.50/bin/bin/../../lib/gcc/pic32c/6.2.1/../../../../pic32c/lib/v7e-m/fpv5/hard\libg_nano.a(lib_a-memcpy-stub.o)
 .debug_loc     0x000000000001f199       0x4c c:/program files/microchip/xc32/v2.50/bin/bin/../../lib/gcc/pic32c/6.2.1/../../../../pic32c/lib/v7e-m/fpv5/hard\libg_nano.a(lib_a-memset.o)
 .debug_loc     0x000000000001f1e5      0x326 c:/program files/microchip/xc32/v2.50/bin/bin/../../lib/gcc/pic32c/6.2.1/../../../../pic32c/lib/v7e-m/fpv5/hard\libg_nano.a(lib_a-nano-mallocr.o)
 .debug_loc     0x000000000001f50b       0x6d c:/program files/microchip/xc32/v2.50/bin/bin/../../lib/gcc/pic32c/6.2.1/../../../../pic32c/lib/v7e-m/fpv5/hard\libg_nano.a(lib_a-sbrkr.o)
 .debug_loc     0x000000000001f578       0x6b c:/program files/microchip/xc32/v2.50/bin/bin/../../lib/gcc/pic32c/6.2.1/../../../../pic32c/lib/v7e-m/fpv5/hard\libg_nano.a(lib_a-strchr.o)
 .debug_loc     0x000000000001f5e3       0x21 c:/program files/microchip/xc32/v2.50/bin/bin/../../lib/gcc/pic32c/6.2.1/../../../../pic32c/lib/v7e-m/fpv5/hard\libg_nano.a(lib_a-strcpy.o)
 .debug_loc     0x000000000001f604      0x103 c:/program files/microchip/xc32/v2.50/bin/bin/../../lib/gcc/pic32c/6.2.1/../../../../pic32c/lib/v7e-m/fpv5/hard\libg_nano.a(lib_a-strncmp.o)
 .debug_loc     0x000000000001f707      0x116 c:/program files/microchip/xc32/v2.50/bin/bin/../../lib/gcc/pic32c/6.2.1/../../../../pic32c/lib/v7e-m/fpv5/hard\libg_nano.a(lib_a-strncpy.o)
 .debug_loc     0x000000000001f81d     0x19b2 c:/program files/microchip/xc32/v2.50/bin/bin/../../lib/gcc/pic32c/6.2.1/../../../../pic32c/lib/v7e-m/fpv5/hard\libg_nano.a(lib_a-strtod.o)
 .debug_loc     0x00000000000211cf      0x545 c:/program files/microchip/xc32/v2.50/bin/bin/../../lib/gcc/pic32c/6.2.1/../../../../pic32c/lib/v7e-m/fpv5/hard\libg_nano.a(lib_a-strtol.o)
 .debug_loc     0x0000000000021714      0x116 c:/program files/microchip/xc32/v2.50/bin/bin/../../lib/gcc/pic32c/6.2.1/../../../../pic32c/lib/v7e-m/fpv5/hard\libg_nano.a(lib_a-wctomb_r.o)
 .debug_loc     0x000000000002182a      0xc70 c:/program files/microchip/xc32/v2.50/bin/bin/../../lib/gcc/pic32c/6.2.1/../../../../pic32c/lib/v7e-m/fpv5/hard\libg_nano.a(lib_a-gdtoa-gethex.o)
 .debug_loc     0x000000000002249a      0x47b c:/program files/microchip/xc32/v2.50/bin/bin/../../lib/gcc/pic32c/6.2.1/../../../../pic32c/lib/v7e-m/fpv5/hard\libg_nano.a(lib_a-gdtoa-hexnan.o)
 .debug_loc     0x0000000000022915       0x63 c:/program files/microchip/xc32/v2.50/bin/bin/../../lib/gcc/pic32c/6.2.1/../../../../pic32c/lib/v7e-m/fpv5/hard\libg_nano.a(lib_a-localeconv.o)
 .debug_loc     0x0000000000022978     0x1c64 c:/program files/microchip/xc32/v2.50/bin/bin/../../lib/gcc/pic32c/6.2.1/../../../../pic32c/lib/v7e-m/fpv5/hard\libg_nano.a(lib_a-mprec.o)
 .debug_loc     0x00000000000245dc       0xa1 c:/program files/microchip/xc32/v2.50/bin/bin/../../lib/gcc/pic32c/6.2.1/../../../../pic32c/lib/v7e-m/fpv5/hard\libg_nano.a(lib_a-nano-callocr.o)
 .debug_loc     0x000000000002467d      0x15e c:/program files/microchip/xc32/v2.50/bin/bin/../../lib/gcc/pic32c/6.2.1/../../../../pic32c/lib/v7e-m/fpv5/hard\libg_nano.a(lib_a-reent.o)
 .debug_loc     0x00000000000247db       0xe5 c:/program files/microchip/xc32/v2.50/bin/bin/../../lib/gcc/pic32c/6.2.1/../../../../pic32c/lib/v7e-m/fpv5/hard\libm_nano.a(lib_a-s_cos.o)
 .debug_loc     0x00000000000248c0       0xe5 c:/program files/microchip/xc32/v2.50/bin/bin/../../lib/gcc/pic32c/6.2.1/../../../../pic32c/lib/v7e-m/fpv5/hard\libm_nano.a(lib_a-s_sin.o)
 .debug_loc     0x00000000000249a5       0x56 c:/program files/microchip/xc32/v2.50/bin/bin/../../lib/gcc/pic32c/6.2.1/../../../../pic32c/lib/v7e-m/fpv5/hard\libm_nano.a(lib_a-w_atan2.o)
 .debug_loc     0x00000000000249fb       0xd7 c:/program files/microchip/xc32/v2.50/bin/bin/../../lib/gcc/pic32c/6.2.1/../../../../pic32c/lib/v7e-m/fpv5/hard\libm_nano.a(lib_a-w_sqrt.o)
 .debug_loc     0x0000000000024ad2      0x752 c:/program files/microchip/xc32/v2.50/bin/bin/../../lib/gcc/pic32c/6.2.1/../../../../pic32c/lib/v7e-m/fpv5/hard\libm_nano.a(lib_a-e_atan2.o)
 .debug_loc     0x0000000000025224      0x670 c:/program files/microchip/xc32/v2.50/bin/bin/../../lib/gcc/pic32c/6.2.1/../../../../pic32c/lib/v7e-m/fpv5/hard\libm_nano.a(lib_a-e_rem_pio2.o)
 .debug_loc     0x0000000000025894      0x3a1 c:/program files/microchip/xc32/v2.50/bin/bin/../../lib/gcc/pic32c/6.2.1/../../../../pic32c/lib/v7e-m/fpv5/hard\libm_nano.a(lib_a-e_sqrt.o)
 .debug_loc     0x0000000000025c35      0x138 c:/program files/microchip/xc32/v2.50/bin/bin/../../lib/gcc/pic32c/6.2.1/../../../../pic32c/lib/v7e-m/fpv5/hard\libm_nano.a(lib_a-k_cos.o)
 .debug_loc     0x0000000000025d6d      0xa29 c:/program files/microchip/xc32/v2.50/bin/bin/../../lib/gcc/pic32c/6.2.1/../../../../pic32c/lib/v7e-m/fpv5/hard\libm_nano.a(lib_a-k_rem_pio2.o)
 .debug_loc     0x0000000000026796      0x101 c:/program files/microchip/xc32/v2.50/bin/bin/../../lib/gcc/pic32c/6.2.1/../../../../pic32c/lib/v7e-m/fpv5/hard\libm_nano.a(lib_a-k_sin.o)
 .debug_loc     0x0000000000026897      0x257 c:/program files/microchip/xc32/v2.50/bin/bin/../../lib/gcc/pic32c/6.2.1/../../../../pic32c/lib/v7e-m/fpv5/hard\libm_nano.a(lib_a-s_atan.o)
 .debug_loc     0x0000000000026aee       0x3d c:/program files/microchip/xc32/v2.50/bin/bin/../../lib/gcc/pic32c/6.2.1/../../../../pic32c/lib/v7e-m/fpv5/hard\libm_nano.a(lib_a-s_fabs.o)
 .debug_loc     0x0000000000026b2b      0x263 c:/program files/microchip/xc32/v2.50/bin/bin/../../lib/gcc/pic32c/6.2.1/../../../../pic32c/lib/v7e-m/fpv5/hard\libm_nano.a(lib_a-s_floor.o)
 .debug_loc     0x0000000000026d8e       0x21 c:/program files/microchip/xc32/v2.50/bin/bin/../../lib/gcc/pic32c/6.2.1/../../../../pic32c/lib/v7e-m/fpv5/hard\libm_nano.a(lib_a-s_matherr.o)
 .debug_loc     0x0000000000026daf      0x2e1 c:/program files/microchip/xc32/v2.50/bin/bin/../../lib/gcc/pic32c/6.2.1/../../../../pic32c/lib/v7e-m/fpv5/hard\libm_nano.a(lib_a-s_scalbn.o)
 .debug_loc     0x0000000000027090       0x3d c:/program files/microchip/xc32/v2.50/bin/bin/../../lib/gcc/pic32c/6.2.1/../../../../pic32c/lib/v7e-m/fpv5/hard\libm_nano.a(lib_a-s_copysign.o)

.debug_aranges  0x0000000000000000     0x1d98
 .debug_aranges
                0x0000000000000000       0x78 build/sam_e70_xult/debug/_ext/957281314/drv_i2c.o
 .debug_aranges
                0x0000000000000078       0x20 build/sam_e70_xult/debug/_ext/1565510230/drv_sdmmc_file_system.o
 .debug_aranges
                0x0000000000000098       0xb0 build/sam_e70_xult/debug/_ext/1565510230/drv_sdmmc.o
 .debug_aranges
                0x0000000000000148       0x80 build/sam_e70_xult/debug/_ext/716655881/drv_usart.o
 .debug_aranges
                0x00000000000001c8       0x90 build/sam_e70_xult/debug/_ext/1613695899/osal_freertos.o
 .debug_aranges
                0x0000000000000258       0x20 build/sam_e70_xult/debug/_ext/1055500827/plib_clk.o
 .debug_aranges
                0x0000000000000278       0x60 build/sam_e70_xult/debug/_ext/1055499099/plib_efc.o
 .debug_aranges
                0x00000000000002d8       0x98 build/sam_e70_xult/debug/_ext/719181653/plib_hsmci.o
 .debug_aranges
                0x0000000000000370       0x38 build/sam_e70_xult/debug/_ext/1639550079/plib_nvic.o
 .debug_aranges
                0x00000000000003a8       0x98 build/sam_e70_xult/debug/_ext/1055488423/plib_pio.o
 .debug_aranges
                0x0000000000000440       0x90 build/sam_e70_xult/debug/_ext/1055487991/plib_pwm0.o
 .debug_aranges
                0x00000000000004d0       0x68 build/sam_e70_xult/debug/_ext/865331892/plib_tc3.o
 .debug_aranges
                0x0000000000000538       0x70 build/sam_e70_xult/debug/_ext/1539215101/plib_twihs0_master.o
 .debug_aranges
                0x00000000000005a8       0x88 build/sam_e70_xult/debug/_ext/707186936/plib_usart1.o
 .debug_aranges
                0x0000000000000630       0x88 build/sam_e70_xult/debug/_ext/707186936/plib_usart0.o
 .debug_aranges
                0x00000000000006b8       0x88 build/sam_e70_xult/debug/_ext/707186936/plib_usart2.o
 .debug_aranges
                0x0000000000000740       0x70 build/sam_e70_xult/debug/_ext/704852250/plib_xdmac.o
 .debug_aranges
                0x00000000000007b0       0x80 build/sam_e70_xult/debug/_ext/876653320/sys_cache.o
 .debug_aranges
                0x0000000000000830       0x28 build/sam_e70_xult/debug/_ext/984150034/sys_dma.o
 .debug_aranges
                0x0000000000000858      0x220 build/sam_e70_xult/debug/_ext/1043829778/ff.o
 .debug_aranges
                0x0000000000000a78       0x30 build/sam_e70_xult/debug/_ext/1043829778/ffunicode.o
 .debug_aranges
                0x0000000000000aa8       0x58 build/sam_e70_xult/debug/_ext/1893760823/diskio.o
 .debug_aranges
                0x0000000000000b00      0x170 build/sam_e70_xult/debug/_ext/1305476372/sys_fs.o
 .debug_aranges
                0x0000000000000c70       0x98 build/sam_e70_xult/debug/_ext/1305476372/sys_fs_media_manager.o
 .debug_aranges
                0x0000000000000d08      0x130 build/sam_e70_xult/debug/_ext/1305476372/sys_fs_fat_interface.o
 .debug_aranges
                0x0000000000000e38       0x40 build/sam_e70_xult/debug/_ext/766002106/sys_int.o
 .debug_aranges
                0x0000000000000e78      0x130 build/sam_e70_xult/debug/_ext/327803284/sys_time.o
 .debug_aranges
                0x0000000000000fa8       0x20 build/sam_e70_xult/debug/_ext/1728594169/initialization.o
 .debug_aranges
                0x0000000000000fc8       0x20 build/sam_e70_xult/debug/_ext/1728594169/interrupts.o
 .debug_aranges
                0x0000000000000fe8       0x48 build/sam_e70_xult/debug/_ext/1728594169/exceptions.o
 .debug_aranges
                0x0000000000001030       0x28 build/sam_e70_xult/debug/_ext/1728594169/startup_xc32.o
 .debug_aranges
                0x0000000000001058       0x40 build/sam_e70_xult/debug/_ext/1728594169/freertos_hooks.o
 .debug_aranges
                0x0000000000001098       0x68 build/sam_e70_xult/debug/_ext/1728594169/tasks.o
 .debug_aranges
                0x0000000000001100       0x78 build/sam_e70_xult/debug/_ext/977623654/port.o
 .debug_aranges
                0x0000000000001178       0x38 build/sam_e70_xult/debug/_ext/1665200909/heap_1.o
 .debug_aranges
                0x00000000000011b0       0x40 build/sam_e70_xult/debug/_ext/404212886/list.o
 .debug_aranges
                0x00000000000011f0       0xc8 build/sam_e70_xult/debug/_ext/404212886/queue.o
 .debug_aranges
                0x00000000000012b8      0x178 build/sam_e70_xult/debug/_ext/404212886/FreeRTOS_tasks.o
 .debug_aranges
                0x0000000000001430       0x20 build/sam_e70_xult/debug/_ext/1360937237/main.o
 .debug_aranges
                0x0000000000001450       0x40 build/sam_e70_xult/debug/_ext/1360937237/app_communication.o
 .debug_aranges
                0x0000000000001490       0x48 build/sam_e70_xult/debug/_ext/1360937237/app_mast_control.o
 .debug_aranges
                0x00000000000014d8       0x38 build/sam_e70_xult/debug/_ext/1360937237/app_course_algorithm.o
 .debug_aranges
                0x0000000000001510       0x38 build/sam_e70_xult/debug/_ext/1360937237/app_rudder_control.o
 .debug_aranges
                0x0000000000001548       0x40 build/sam_e70_xult/debug/_ext/1360937237/app_anemometer.o
 .debug_aranges
                0x0000000000001588       0x60 build/sam_e70_xult/debug/_ext/1360937237/app_gps.o
 .debug_aranges
                0x00000000000015e8       0x38 build/sam_e70_xult/debug/_ext/1360937237/app_imu.o
 .debug_aranges
                0x0000000000001620       0x20 c:/program files/microchip/xc32/v2.50/bin/bin/../../lib/gcc/pic32c/6.2.1/../../../../pic32c/lib/v7e-m/fpv5/hard\libpic32c.a(data_init.o)
 .debug_aranges
                0x0000000000001640       0x20 c:/program files/microchip/xc32/v2.50/bin/bin/../../lib/gcc/pic32c/6.2.1/v7e-m/fpv5/hard\libgcc.a(_aeabi_uldivmod.o)
 .debug_aranges
                0x0000000000001660       0x20 c:/program files/microchip/xc32/v2.50/bin/bin/../../lib/gcc/pic32c/6.2.1/v7e-m/fpv5/hard\libgcc.a(_udivmoddi4.o)
 .debug_aranges
                0x0000000000001680       0x20 c:/program files/microchip/xc32/v2.50/bin/bin/../../lib/gcc/pic32c/6.2.1/v7e-m/fpv5/hard\libgcc.a(_dvmd_tls.o)
 .debug_aranges
                0x00000000000016a0       0x20 c:/program files/microchip/xc32/v2.50/bin/bin/../../lib/gcc/pic32c/6.2.1/../../../../pic32c/lib/v7e-m/fpv5/hard\libg_nano.a(lib_a-atof.o)
 .debug_aranges
                0x00000000000016c0       0x28 c:/program files/microchip/xc32/v2.50/bin/bin/../../lib/gcc/pic32c/6.2.1/../../../../pic32c/lib/v7e-m/fpv5/hard\libg_nano.a(lib_a-atoi.o)
 .debug_aranges
                0x00000000000016e8       0x20 c:/program files/microchip/xc32/v2.50/bin/bin/../../lib/gcc/pic32c/6.2.1/../../../../pic32c/lib/v7e-m/fpv5/hard\libg_nano.a(lib_a-init.o)
 .debug_aranges
                0x0000000000001708       0x40 c:/program files/microchip/xc32/v2.50/bin/bin/../../lib/gcc/pic32c/6.2.1/../../../../pic32c/lib/v7e-m/fpv5/hard\libg_nano.a(lib_a-locale.o)
 .debug_aranges
                0x0000000000001748       0x28 c:/program files/microchip/xc32/v2.50/bin/bin/../../lib/gcc/pic32c/6.2.1/../../../../pic32c/lib/v7e-m/fpv5/hard\libg_nano.a(lib_a-malloc.o)
 .debug_aranges
                0x0000000000001770       0x28 c:/program files/microchip/xc32/v2.50/bin/bin/../../lib/gcc/pic32c/6.2.1/../../../../pic32c/lib/v7e-m/fpv5/hard\libg_nano.a(lib_a-mbtowc_r.o)
 .debug_aranges
                0x0000000000001798       0x20 c:/program files/microchip/xc32/v2.50/bin/bin/../../lib/gcc/pic32c/6.2.1/../../../../pic32c/lib/v7e-m/fpv5/hard\libg_nano.a(lib_a-memcpy-stub.o)
 .debug_aranges
                0x00000000000017b8       0x20 c:/program files/microchip/xc32/v2.50/bin/bin/../../lib/gcc/pic32c/6.2.1/../../../../pic32c/lib/v7e-m/fpv5/hard\libg_nano.a(lib_a-memset.o)
 .debug_aranges
                0x00000000000017d8       0x20 c:/program files/microchip/xc32/v2.50/bin/bin/../../lib/gcc/pic32c/6.2.1/../../../../pic32c/lib/v7e-m/fpv5/hard\libg_nano.a(lib_a-nano-mallocr.o)
 .debug_aranges
                0x00000000000017f8       0x20 c:/program files/microchip/xc32/v2.50/bin/bin/../../lib/gcc/pic32c/6.2.1/../../../../pic32c/lib/v7e-m/fpv5/hard\libg_nano.a(lib_a-sbrkr.o)
 .debug_aranges
                0x0000000000001818       0x20 c:/program files/microchip/xc32/v2.50/bin/bin/../../lib/gcc/pic32c/6.2.1/../../../../pic32c/lib/v7e-m/fpv5/hard\libg_nano.a(lib_a-strchr.o)
 .debug_aranges
                0x0000000000001838       0x20 c:/program files/microchip/xc32/v2.50/bin/bin/../../lib/gcc/pic32c/6.2.1/../../../../pic32c/lib/v7e-m/fpv5/hard\libg_nano.a(lib_a-strcpy.o)
 .debug_aranges
                0x0000000000001858       0x20 c:/program files/microchip/xc32/v2.50/bin/bin/../../lib/gcc/pic32c/6.2.1/../../../../pic32c/lib/v7e-m/fpv5/hard\libg_nano.a(lib_a-strlen.o)
 .debug_aranges
                0x0000000000001878       0x20 c:/program files/microchip/xc32/v2.50/bin/bin/../../lib/gcc/pic32c/6.2.1/../../../../pic32c/lib/v7e-m/fpv5/hard\libg_nano.a(lib_a-strncmp.o)
 .debug_aranges
                0x0000000000001898       0x20 c:/program files/microchip/xc32/v2.50/bin/bin/../../lib/gcc/pic32c/6.2.1/../../../../pic32c/lib/v7e-m/fpv5/hard\libg_nano.a(lib_a-strncpy.o)
 .debug_aranges
                0x00000000000018b8       0x50 c:/program files/microchip/xc32/v2.50/bin/bin/../../lib/gcc/pic32c/6.2.1/../../../../pic32c/lib/v7e-m/fpv5/hard\libg_nano.a(lib_a-strtod.o)
 .debug_aranges
                0x0000000000001908       0x38 c:/program files/microchip/xc32/v2.50/bin/bin/../../lib/gcc/pic32c/6.2.1/../../../../pic32c/lib/v7e-m/fpv5/hard\libg_nano.a(lib_a-strtol.o)
 .debug_aranges
                0x0000000000001940       0x28 c:/program files/microchip/xc32/v2.50/bin/bin/../../lib/gcc/pic32c/6.2.1/../../../../pic32c/lib/v7e-m/fpv5/hard\libg_nano.a(lib_a-wctomb_r.o)
 .debug_aranges
                0x0000000000001968       0x18 c:/program files/microchip/xc32/v2.50/bin/bin/../../lib/gcc/pic32c/6.2.1/../../../../pic32c/lib/v7e-m/fpv5/hard\libg_nano.a(lib_a-ctype_.o)
 .debug_aranges
                0x0000000000001980       0x30 c:/program files/microchip/xc32/v2.50/bin/bin/../../lib/gcc/pic32c/6.2.1/../../../../pic32c/lib/v7e-m/fpv5/hard\libg_nano.a(lib_a-gdtoa-gethex.o)
 .debug_aranges
                0x00000000000019b0       0x30 c:/program files/microchip/xc32/v2.50/bin/bin/../../lib/gcc/pic32c/6.2.1/../../../../pic32c/lib/v7e-m/fpv5/hard\libg_nano.a(lib_a-gdtoa-hexnan.o)
 .debug_aranges
                0x00000000000019e0       0x18 c:/program files/microchip/xc32/v2.50/bin/bin/../../lib/gcc/pic32c/6.2.1/../../../../pic32c/lib/v7e-m/fpv5/hard\libg_nano.a(lib_a-impure.o)
 .debug_aranges