Archive member included to satisfy reference by file (symbol)

c:/program files/microchip/xc32/v2.50/bin/bin/../../lib/gcc/pic32c/6.2.1/../../../../pic32c/lib/v7e-m/fpv5/hard\libpic32c.a(data_init.o)
                              build/sam_e70_xult/debug/_ext/1728594169/startup_xc32.o (__pic32c_data_initialization)
c:/program files/microchip/xc32/v2.50/bin/bin/../../lib/gcc/pic32c/6.2.1/v7e-m/fpv5/hard\libgcc.a(_aeabi_uldivmod.o)
                              build/sam_e70_xult/debug/_ext/327803284/sys_time.o (__aeabi_uldivmod)
c:/program files/microchip/xc32/v2.50/bin/bin/../../lib/gcc/pic32c/6.2.1/v7e-m/fpv5/hard\libgcc.a(_udivmoddi4.o)
                              c:/program files/microchip/xc32/v2.50/bin/bin/../../lib/gcc/pic32c/6.2.1/v7e-m/fpv5/hard\libgcc.a(_aeabi_uldivmod.o) (__udivmoddi4)
c:/program files/microchip/xc32/v2.50/bin/bin/../../lib/gcc/pic32c/6.2.1/v7e-m/fpv5/hard\libgcc.a(_dvmd_tls.o)
                              c:/program files/microchip/xc32/v2.50/bin/bin/../../lib/gcc/pic32c/6.2.1/v7e-m/fpv5/hard\libgcc.a(_aeabi_uldivmod.o) (__aeabi_ldiv0)
c:/program files/microchip/xc32/v2.50/bin/bin/../../lib/gcc/pic32c/6.2.1/../../../../pic32c/lib/v7e-m/fpv5/hard\libg_nano.a(lib_a-atof.o)
                              build/sam_e70_xult/debug/_ext/1360937237/app_gps.o (atof)
c:/program files/microchip/xc32/v2.50/bin/bin/../../lib/gcc/pic32c/6.2.1/../../../../pic32c/lib/v7e-m/fpv5/hard\libg_nano.a(lib_a-atoi.o)
                              build/sam_e70_xult/debug/_ext/1360937237/app_gps.o (atoi)
c:/program files/microchip/xc32/v2.50/bin/bin/../../lib/gcc/pic32c/6.2.1/../../../../pic32c/lib/v7e-m/fpv5/hard\libg_nano.a(lib_a-init.o)
                              build/sam_e70_xult/debug/_ext/1728594169/startup_xc32.o (__libc_init_array)
c:/program files/microchip/xc32/v2.50/bin/bin/../../lib/gcc/pic32c/6.2.1/../../../../pic32c/lib/v7e-m/fpv5/hard\libg_nano.a(lib_a-itoa.o)
                              build/sam_e70_xult/debug/_ext/1360937237/app_imu.o (itoa)
c:/program files/microchip/xc32/v2.50/bin/bin/../../lib/gcc/pic32c/6.2.1/../../../../pic32c/lib/v7e-m/fpv5/hard\libg_nano.a(lib_a-locale.o)
                              build/sam_e70_xult/debug/_ext/1360937237/app_anemometer.o (__locale_ctype_ptr)
c:/program files/microchip/xc32/v2.50/bin/bin/../../lib/gcc/pic32c/6.2.1/../../../../pic32c/lib/v7e-m/fpv5/hard\libg_nano.a(lib_a-malloc.o)
                              build/sam_e70_xult/debug/_ext/1360937237/app_gps.o (malloc)
c:/program files/microchip/xc32/v2.50/bin/bin/../../lib/gcc/pic32c/6.2.1/../../../../pic32c/lib/v7e-m/fpv5/hard\libg_nano.a(lib_a-mbtowc_r.o)
                              c:/program files/microchip/xc32/v2.50/bin/bin/../../lib/gcc/pic32c/6.2.1/../../../../pic32c/lib/v7e-m/fpv5/hard\libg_nano.a(lib_a-locale.o) (__ascii_mbtowc)
c:/program files/microchip/xc32/v2.50/bin/bin/../../lib/gcc/pic32c/6.2.1/../../../../pic32c/lib/v7e-m/fpv5/hard\libg_nano.a(lib_a-memcpy-stub.o)
                              build/sam_e70_xult/debug/_ext/1055499099/plib_efc.o (memcpy)
c:/program files/microchip/xc32/v2.50/bin/bin/../../lib/gcc/pic32c/6.2.1/../../../../pic32c/lib/v7e-m/fpv5/hard\libg_nano.a(lib_a-memset.o)
                              build/sam_e70_xult/debug/_ext/1565510230/drv_sdmmc.o (memset)
c:/program files/microchip/xc32/v2.50/bin/bin/../../lib/gcc/pic32c/6.2.1/../../../../pic32c/lib/v7e-m/fpv5/hard\libg_nano.a(lib_a-nano-freer.o)
                              c:/program files/microchip/xc32/v2.50/bin/bin/../../lib/gcc/pic32c/6.2.1/../../../../pic32c/lib/v7e-m/fpv5/hard\libg_nano.a(lib_a-malloc.o) (_free_r)
c:/program files/microchip/xc32/v2.50/bin/bin/../../lib/gcc/pic32c/6.2.1/../../../../pic32c/lib/v7e-m/fpv5/hard\libg_nano.a(lib_a-nano-mallocr.o)
                              c:/program files/microchip/xc32/v2.50/bin/bin/../../lib/gcc/pic32c/6.2.1/../../../../pic32c/lib/v7e-m/fpv5/hard\libg_nano.a(lib_a-malloc.o) (_malloc_r)
c:/program files/microchip/xc32/v2.50/bin/bin/../../lib/gcc/pic32c/6.2.1/../../../../pic32c/lib/v7e-m/fpv5/hard\libg_nano.a(lib_a-sbrkr.o)
                              c:/program files/microchip/xc32/v2.50/bin/bin/../../lib/gcc/pic32c/6.2.1/../../../../pic32c/lib/v7e-m/fpv5/hard\libg_nano.a(lib_a-nano-mallocr.o) (_sbrk_r)
c:/program files/microchip/xc32/v2.50/bin/bin/../../lib/gcc/pic32c/6.2.1/../../../../pic32c/lib/v7e-m/fpv5/hard\libg_nano.a(lib_a-strchr.o)
                              build/sam_e70_xult/debug/_ext/1360937237/app_gps.o (strchr)
c:/program files/microchip/xc32/v2.50/bin/bin/../../lib/gcc/pic32c/6.2.1/../../../../pic32c/lib/v7e-m/fpv5/hard\libg_nano.a(lib_a-strcmp.o)
                              build/sam_e70_xult/debug/_ext/1305476372/sys_fs_media_manager.o (strcmp)
c:/program files/microchip/xc32/v2.50/bin/bin/../../lib/gcc/pic32c/6.2.1/../../../../pic32c/lib/v7e-m/fpv5/hard\libg_nano.a(lib_a-strcpy.o)
                              build/sam_e70_xult/debug/_ext/1305476372/sys_fs.o (strcpy)
[...]
Memory Configuration

Name             Origin             Length             Attributes
rom              0x0000000000400000 0x0000000000200000 xrl
ram              0x0000000020400000 0x0000000000060000 xw !r
config_D0000000  0x00000000d0000000 0x0000000000000004
config_D0000008  0x00000000d0000008 0x0000000000000004
config_D0000004  0x00000000d0000004 0x0000000000000004
config_D000000C  0x00000000d000000c 0x0000000000000004
config_D0000010  0x00000000d0000010 0x0000000000000004
*default*        0x0000000000000000 0xffffffffffffffff

Linker script and memory map

LOAD c:/program files/microchip/xc32/v2.50/bin/bin/../../lib/gcc/pic32c/6.2.1/v7e-m/fpv5/hard/crti.o
LOAD c:/program files/microchip/xc32/v2.50/bin/bin/../../lib/gcc/pic32c/6.2.1/v7e-m/fpv5/hard/crtbegin.o
LOAD build/sam_e70_xult/debug/_ext/957281314/drv_i2c.o
LOAD build/sam_e70_xult/debug/_ext/1565510230/drv_sdmmc_file_system.o
LOAD build/sam_e70_xult/debug/_ext/1565510230/drv_sdmmc.o
LOAD build/sam_e70_xult/debug/_ext/716655881/drv_usart.o
LOAD build/sam_e70_xult/debug/_ext/1613695899/osal_freertos.o
LOAD build/sam_e70_xult/debug/_ext/1055500827/plib_clk.o
LOAD build/sam_e70_xult/debug/_ext/1055499099/plib_efc.o
LOAD build/sam_e70_xult/debug/_ext/719181653/plib_hsmci.o
LOAD build/sam_e70_xult/debug/_ext/1639550079/plib_nvic.o
LOAD build/sam_e70_xult/debug/_ext/1055488423/plib_pio.o
LOAD build/sam_e70_xult/debug/_ext/1055487991/plib_pwm0.o
LOAD build/sam_e70_xult/debug/_ext/865331892/plib_tc3.o
LOAD build/sam_e70_xult/debug/_ext/1539215101/plib_twihs0_master.o
LOAD build/sam_e70_xult/debug/_ext/707186936/plib_usart1.o
LOAD build/sam_e70_xult/debug/_ext/707186936/plib_usart0.o
LOAD build/sam_e70_xult/debug/_ext/707186936/plib_usart2.o
LOAD build/sam_e70_xult/debug/_ext/704852250/plib_xdmac.o
LOAD build/sam_e70_xult/debug/_ext/1518761459/xc32_monitor.o
LOAD build/sam_e70_xult/debug/_ext/876653320/sys_cache.o
LOAD build/sam_e70_xult/debug/_ext/984150034/sys_dma.o
LOAD build/sam_e70_xult/debug/_ext/1043829778/ff.o
LOAD build/sam_e70_xult/debug/_ext/1043829778/ffunicode.o
LOAD build/sam_e70_xult/debug/_ext/1893760823/diskio.o
LOAD build/sam_e70_xult/debug/_ext/1305476372/sys_fs.o
LOAD build/sam_e70_xult/debug/_ext/1305476372/sys_fs_media_manager.o
LOAD build/sam_e70_xult/debug/_ext/1305476372/sys_fs_fat_interface.o
LOAD build/sam_e70_xult/debug/_ext/766002106/sys_int.o
LOAD build/sam_e70_xult/debug/_ext/327803284/sys_time.o
LOAD build/sam_e70_xult/debug/_ext/1728594169/initialization.o
LOAD build/sam_e70_xult/debug/_ext/1728594169/interrupts.o
LOAD build/sam_e70_xult/debug/_ext/1728594169/exceptions.o
LOAD build/sam_e70_xult/debug/_ext/1728594169/startup_xc32.o
LOAD build/sam_e70_xult/debug/_ext/1728594169/libc_syscalls.o
LOAD build/sam_e70_xult/debug/_ext/1728594169/freertos_hooks.o
LOAD build/sam_e70_xult/debug/_ext/1728594169/tasks.o
LOAD build/sam_e70_xult/debug/_ext/977623654/port.o
LOAD build/sam_e70_xult/debug/_ext/1665200909/heap_1.o
LOAD build/sam_e70_xult/debug/_ext/404212886/croutine.o
LOAD build/sam_e70_xult/debug/_ext/404212886/list.o
LOAD build/sam_e70_xult/debug/_ext/404212886/queue.o
LOAD build/sam_e70_xult/debug/_ext/404212886/FreeRTOS_tasks.o
LOAD build/sam_e70_xult/debug/_ext/404212886/timers.o
LOAD build/sam_e70_xult/debug/_ext/404212886/event_groups.o
LOAD build/sam_e70_xult/debug/_ext/404212886/stream_buffer.o
LOAD build/sam_e70_xult/debug/_ext/1360937237/main.o
LOAD build/sam_e70_xult/debug/_ext/1360937237/app_communication.o
LOAD build/sam_e70_xult/debug/_ext/1360937237/app_mast_control.o
LOAD build/sam_e70_xult/debug/_ext/1360937237/app_course_algorithm.o
LOAD build/sam_e70_xult/debug/_ext/1360937237/app_rudder_control.o
LOAD build/sam_e70_xult/debug/_ext/1360937237/app_anemometer.o
LOAD build/sam_e70_xult/debug/_ext/1360937237/app_gps.o
LOAD build/sam_e70_xult/debug/_ext/1360937237/radio.o
LOAD build/sam_e70_xult/debug/_ext/1360937237/app_imu.o
                0x0000000000000001                __MPLAB_BUILD = 0x1
                0x0000000000600000                __rom_end = (ORIGIN (rom) + LENGTH (rom))
                0x0000000020460000                __ram_end = (ORIGIN (ram) + LENGTH (ram))

.config_D0000000
                0x00000000d0000000        0x4
 *(.config_D0000000)
 .config_D0000000
                0x00000000d0000000        0x4 build/sam_e70_xult/debug/_ext/1728594169/initialization.o

.config_D0000008
 *(.config_D0000008)

.config_D0000004
 *(.config_D0000004)

.config_D000000C
 *(.config_D000000C)

.config_D0000010
 *(.config_D0000010)

.vectors        0x0000000000400000      0x168
                0x0000000000400000                . = ALIGN (0x4)
                0x0000000000400000                _sfixed = .
 *(.vectors .vectors.* .vectors_default .vectors_default.*)
 .vectors       0x0000000000400000      0x168 build/sam_e70_xult/debug/_ext/1728594169/interrupts.o
                0x0000000000400000                exception_table
 *(.isr_vector)
 *(.reset*)
 *(.after_vectors)

.text           0x0000000000400168       0x20
                0x0000000000400168                . = ALIGN (0x4)
 *(.glue_7t)
 .glue_7t       0x0000000000400168        0x0 linker stubs
 *(.glue_7)
 .glue_7        0x0000000000400168        0x0 linker stubs
 *(.gnu.linkonce.r.*)
 *(.ARM.extab* .gnu.linkonce.armextab.*)
                0x0000000000400168                . = ALIGN (0x4)
 *(.init)
 .init          0x0000000000400168        0x4 c:/program files/microchip/xc32/v2.50/bin/bin/../../lib/gcc/pic32c/6.2.1/v7e-m/fpv5/hard/crti.o
                0x0000000000400168                _init
 .init          0x000000000040016c        0x8 c:/program files/microchip/xc32/v2.50/bin/bin/../../lib/gcc/pic32c/6.2.1/v7e-m/fpv5/hard/crtn.o
                0x0000000000400174                . = ALIGN (0x4)
                0x0000000000400174                __preinit_array_start = .
 *(.preinit_array)
                0x0000000000400174                __preinit_array_end = .
                0x0000000000400174                . = ALIGN (0x4)
                0x0000000000400174                __init_array_start = .
 *(SORT(.init_array.*))
 *(.init_array)
 .init_array    0x0000000000400174        0x4 c:/program files/microchip/xc32/v2.50/bin/bin/../../lib/gcc/pic32c/6.2.1/v7e-m/fpv5/hard/crtbegin.o
                0x0000000000400178                __init_array_end = .
                0x0000000000400178                . = ALIGN (0x4)
 *crtbegin.o(.ctors)
 *(EXCLUDE_FILE(*crtend.o) .ctors)
 *(SORT(.ctors.*))
 *crtend.o(.ctors)
                0x0000000000400178                . = ALIGN (0x4)
 *(.fini)
 .fini          0x0000000000400178        0x4 c:/program files/microchip/xc32/v2.50/bin/bin/../../lib/gcc/pic32c/6.2.1/v7e-m/fpv5/hard/crti.o
                0x0000000000400178                _fini
 .fini          0x000000000040017c        0x8 c:/program files/microchip/xc32/v2.50/bin/bin/../../lib/gcc/pic32c/6.2.1/v7e-m/fpv5/hard/crtn.o
                0x0000000000400184                . = ALIGN (0x4)
                0x0000000000400184                __fini_array_start = .
 *(.fini_array)
 .fini_array    0x0000000000400184        0x4 c:/program files/microchip/xc32/v2.50/bin/bin/../../lib/gcc/pic32c/6.2.1/v7e-m/fpv5/hard/crtbegin.o
 *(SORT(.fini_array.*))
                0x0000000000400188                __fini_array_end = .
 *crtbegin.o(.dtors)
 *(EXCLUDE_FILE(*crtend.o) .dtors)
 *(SORT(.dtors.*))
 *crtend.o(.dtors)
                0x0000000000400188                . = ALIGN (0x4)
                0x0000000000400188                _efixed = .
                [!provide]                        PROVIDE (__exidx_start, .)

.ARM.exidx      0x0000000000400188        0x8
 *(.ARM.exidx* .gnu.linkonce.armexidx.*)
 .ARM.exidx     0x0000000000400188        0x8 c:/program files/microchip/xc32/v2.50/bin/bin/../../lib/gcc/pic32c/6.2.1/v7e-m/fpv5/hard\libgcc.a(_udivmoddi4.o)
                [!provide]                        PROVIDE (__exidx_end, .)
                0x0000000000400190                . = ALIGN (0x4)
                0x0000000000400190                _etext = .

.bss            0x0000000020400000      0x844
                0x0000000020400000                . = ALIGN (0x4)
                0x0000000020400000                __bss_start__ = .
                0x0000000020400000                _sbss = .
                0x0000000020400000                _szero = .
 *(COMMON)
 COMMON         0x0000000020400000       0x2c build/sam_e70_xult/debug/_ext/1055488423/plib_pio.o
                0x0000000020400000                destination
                0x0000000020400014                portPinCbObj
 COMMON         0x000000002040002c        0x8 build/sam_e70_xult/debug/_ext/865331892/plib_tc3.o
                0x000000002040002c                TC3_CH0_CallbackObj
 COMMON         0x0000000020400034       0x30 build/sam_e70_xult/debug/_ext/707186936/plib_usart1.o
                0x0000000020400034                usart1Obj
 COMMON         0x0000000020400064       0x30 build/sam_e70_xult/debug/_ext/707186936/plib_usart0.o
                0x0000000020400064                usart0Obj
 COMMON         0x0000000020400094       0x30 build/sam_e70_xult/debug/_ext/707186936/plib_usart2.o
                0x0000000020400094                usart2Obj
 COMMON         0x00000000204000c4       0x10 build/sam_e70_xult/debug/_ext/704852250/plib_xdmac.o
                0x00000000204000c4                xdmacChannelObj
 *fill*         0x00000000204000d4        0xc 
 COMMON         0x00000000204000e0      0x178 build/sam_e70_xult/debug/_ext/1305476372/sys_fs.o
                0x00000000204000e0                gSysFsMutex
                0x0000000020400100                gSYSFSFileObj
                0x0000000020400220                gSYSFSDirObj
                0x0000000020400230                gSYSFSCurrentMountPoint
                0x0000000020400238                gSYSFSObj
                0x0000000020400240                errorValue
                0x0000000020400244                gSYSFSMountPoint
 *fill*         0x0000000020400258        0x8 
 COMMON         0x0000000020400260      0x25c build/sam_e70_xult/debug/_ext/1305476372/sys_fs_media_manager.o
                0x0000000020400260                gSYSFSMediaObject
                0x0000000020400288                VolToPart
                0x00000000204002a0                gSYSFSMediaBuffer
                0x00000000204004a0                gSYSFSVolumeObject
 COMMON         0x00000000204004bc       0x18 build/sam_e70_xult/debug/_ext/1728594169/initialization.o
                0x00000000204004bc                sysObj
 COMMON         0x00000000204004d4       0x1c build/sam_e70_xult/debug/_ext/1728594169/tasks.o
                0x00000000204004d4                xAPP_RUDDER_CONTROL_Tasks
                0x00000000204004d8                xAPP_COURSE_ALGORITHM_Tasks
                0x00000000204004dc                xAPP_ANEMOMETER_Tasks
                0x00000000204004e0                xAPP_MAST_CONTROL_Tasks
                0x00000000204004e4                xAPP_COMMUNICATION_Tasks
                0x00000000204004e8                xAPP_GPS_Tasks
                0x00000000204004ec                xAPP_IMU_Tasks
 COMMON         0x00000000204004f0       0x38 build/sam_e70_xult/debug/_ext/1360937237/app_communication.o
                0x00000000204004f0                app_communicationData
 COMMON         0x0000000020400528        0x1 build/sam_e70_xult/debug/_ext/1360937237/app_mast_control.o
                0x0000000020400528                app_mast_controlData
 *fill*         0x0000000020400529        0x3 
 COMMON         0x000000002040052c       0xd0 build/sam_e70_xult/debug/_ext/1360937237/app_course_algorithm.o
                0x000000002040052c                turn_error
                0x0000000020400530                magnetic_variation
                0x0000000020400534                GPS_info
                0x0000000020400538                app_course_algorithmData
 COMMON         0x00000000204005fc        0x1 build/sam_e70_xult/debug/_ext/1360937237/app_rudder_control.o
                0x00000000204005fc                app_rudder_controlData
 *fill*         0x00000000204005fd        0x3 
 COMMON         0x0000000020400600       0xc4 build/sam_e70_xult/debug/_ext/1360937237/app_anemometer.o
                0x0000000020400600                sdir
                0x0000000020400608                Anemometer_values
                0x0000000020400688                Anemometer_info
                0x000000002040068c                app_anemometerData
 COMMON         0x00000000204006c4       0xb8 build/sam_e70_xult/debug/_ext/1360937237/app_gps.o
                0x00000000204006c4                app_gpsData
                0x00000000204006fc                buf
 COMMON         0x000000002040077c       0xc4 build/sam_e70_xult/debug/_ext/1360937237/app_imu.o
                0x000000002040077c                IMU_info
                0x0000000020400780                IMU_values
                0x0000000020400800                sheading
                0x0000000020400808                app_imuData
 COMMON         0x0000000020400840        0x4 c:/program files/microchip/xc32/v2.50/bin/bin/../../lib/gcc/pic32c/6.2.1/../../../../pic32c/lib/v7e-m/fpv5/hard\libg_nano.a(lib_a-reent.o)
                0x0000000020400840                errno
                0x0000000020400844                . = ALIGN (0x4)
                0x0000000020400844                __bss_end__ = .
                0x0000000020400844                _ebss = .
                0x0000000020400844                _ezero = .
                0x0000000020400844                . = ALIGN (0x4)
                0x0000000020400844                _end = .
                0x000000002045ffff                _ram_end_ = ((ORIGIN (ram) + LENGTH (ram)) - 0x1)
                0x0000000000000001                __ICD2RAM = 0x1
                0x0000000000000001                __MPLAB_DEBUG = 0x1
                0x0000000000000001                __DEBUG = 0x1
                0x0000000000000200                _min_heap_size = 0x200
START GROUP
LOAD c:/program files/microchip/xc32/v2.50/bin/bin/../../lib/gcc/pic32c/6.2.1/../../../../pic32c/lib/v7e-m/fpv5/hard\libpic32c.a
LOAD c:/program files/microchip/xc32/v2.50/bin/bin/../../lib/gcc/pic32c/6.2.1/v7e-m/fpv5/hard\libgcc.a
LOAD c:/program files/microchip/xc32/v2.50/bin/bin/../../lib/gcc/pic32c/6.2.1/../../../../pic32c/lib/v7e-m/fpv5/hard\libg_nano.a
LOAD c:/program files/microchip/xc32/v2.50/bin/bin/../../lib/gcc/pic32c/6.2.1/../../../../pic32c/lib/v7e-m/fpv5/hard\libm_nano.a
LOAD c:/program files/microchip/xc32/v2.50/bin/bin/../../lib/gcc/pic32c/6.2.1/../../../../pic32c/lib/v7e-m/fpv5/hard\libc_nano.a
END GROUP
LOAD c:/program files/microchip/xc32/v2.50/bin/bin/../../lib/gcc/pic32c/6.2.1/v7e-m/fpv5/hard/crtend.o
LOAD c:/program files/microchip/xc32/v2.50/bin/bin/../../lib/gcc/pic32c/6.2.1/v7e-m/fpv5/hard/crtn.o
OUTPUT(dist/sam_e70_xult/debug/SailBoatProgram.X.debug.elf elf32-littlearm)
LOAD stack
LOAD data_init

.ARM.attributes
                0x0000000000000000       0x2e
 .ARM.attributes
                0x0000000000000000       0x20 c:/program files/microchip/xc32/v2.50/bin/bin/../../lib/gcc/pic32c/6.2.1/v7e-m/fpv5/hard/crti.o
 .ARM.attributes
                0x0000000000000020       0x32 c:/program files/microchip/xc32/v2.50/bin/bin/../../lib/gcc/pic32c/6.2.1/v7e-m/fpv5/hard/crtbegin.o
 .ARM.attributes
                0x0000000000000052       0x37 build/sam_e70_xult/debug/_ext/957281314/drv_i2c.o
 .ARM.attributes
                0x0000000000000089       0x37 build/sam_e70_xult/debug/_ext/1565510230/drv_sdmmc_file_system.o
 .ARM.attributes
                0x00000000000000c0       0x37 build/sam_e70_xult/debug/_ext/1565510230/drv_sdmmc.o
 .ARM.attributes
                0x00000000000000f7       0x37 build/sam_e70_xult/debug/_ext/716655881/drv_usart.o
 .ARM.attributes
                0x000000000000012e       0x37 build/sam_e70_xult/debug/_ext/1613695899/osal_freertos.o
 .ARM.attributes
                0x0000000000000165       0x37 build/sam_e70_xult/debug/_ext/1055500827/plib_clk.o
 .ARM.attributes
                0x000000000000019c       0x37 build/sam_e70_xult/debug/_ext/1055499099/plib_efc.o
 .ARM.attributes
                0x00000000000001d3       0x37 build/sam_e70_xult/debug/_ext/719181653/plib_hsmci.o
 .ARM.attributes
                0x000000000000020a       0x37 build/sam_e70_xult/debug/_ext/1639550079/plib_nvic.o
 .ARM.attributes
                0x0000000000000241       0x37 build/sam_e70_xult/debug/_ext/1055488423/plib_pio.o
 .ARM.attributes
                0x0000000000000278       0x37 build/sam_e70_xult/debug/_ext/1055487991/plib_pwm0.o
 .ARM.attributes
                0x00000000000002af       0x37 build/sam_e70_xult/debug/_ext/865331892/plib_tc3.o
 .ARM.attributes
                0x00000000000002e6       0x37 build/sam_e70_xult/debug/_ext/1539215101/plib_twihs0_master.o
 .ARM.attributes
                0x000000000000031d       0x37 build/sam_e70_xult/debug/_ext/707186936/plib_usart1.o
 .ARM.attributes
                0x0000000000000354       0x37 build/sam_e70_xult/debug/_ext/707186936/plib_usart0.o
 .ARM.attributes
                0x000000000000038b       0x37 build/sam_e70_xult/debug/_ext/707186936/plib_usart2.o
 .ARM.attributes
                0x00000000000003c2       0x37 build/sam_e70_xult/debug/_ext/704852250/plib_xdmac.o
 .ARM.attributes
                0x00000000000003f9       0x37 build/sam_e70_xult/debug/_ext/876653320/sys_cache.o
 .ARM.attributes
                0x0000000000000430       0x37 build/sam_e70_xult/debug/_ext/984150034/sys_dma.o
 .ARM.attributes
                0x0000000000000467       0x37 build/sam_e70_xult/debug/_ext/1043829778/ff.o
 .ARM.attributes
                0x000000000000049e       0x37 build/sam_e70_xult/debug/_ext/1043829778/ffunicode.o
 .ARM.attributes
                0x00000000000004d5       0x37 build/sam_e70_xult/debug/_ext/1893760823/diskio.o
 .ARM.attributes
                0x000000000000050c       0x37 build/sam_e70_xult/debug/_ext/1305476372/sys_fs.o
 .ARM.attributes
                0x0000000000000543       0x37 build/sam_e70_xult/debug/_ext/1305476372/sys_fs_media_manager.o
 .ARM.attributes
                0x000000000000057a       0x37 build/sam_e70_xult/debug/_ext/1305476372/sys_fs_fat_interface.o
 .ARM.attributes
                0x00000000000005b1       0x37 build/sam_e70_xult/debug/_ext/766002106/sys_int.o
 .ARM.attributes
                0x00000000000005e8       0x37 build/sam_e70_xult/debug/_ext/327803284/sys_time.o
 .ARM.attributes
                0x000000000000061f       0x37 build/sam_e70_xult/debug/_ext/1728594169/initialization.o
 .ARM.attributes
                0x0000000000000656       0x37 build/sam_e70_xult/debug/_ext/1728594169/interrupts.o
 .ARM.attributes
                0x000000000000068d       0x37 build/sam_e70_xult/debug/_ext/1728594169/exceptions.o
 .ARM.attributes
                0x00000000000006c4       0x37 build/sam_e70_xult/debug/_ext/1728594169/startup_xc32.o
 .ARM.attributes
                0x00000000000006fb       0x37 build/sam_e70_xult/debug/_ext/1728594169/freertos_hooks.o
 .ARM.attributes
                0x0000000000000732       0x37 build/sam_e70_xult/debug/_ext/1728594169/tasks.o
 .ARM.attributes
                0x0000000000000769       0x37 build/sam_e70_xult/debug/_ext/977623654/port.o
 .ARM.attributes
                0x00000000000007a0       0x37 build/sam_e70_xult/debug/_ext/1665200909/heap_1.o
 .ARM.attributes
                0x00000000000007d7       0x37 build/sam_e70_xult/debug/_ext/404212886/list.o
 .ARM.attributes
                0x000000000000080e       0x37 build/sam_e70_xult/debug/_ext/404212886/queue.o
 .ARM.attributes
                0x0000000000000845       0x37 build/sam_e70_xult/debug/_ext/404212886/FreeRTOS_tasks.o
 .ARM.attributes
                0x000000000000087c       0x37 build/sam_e70_xult/debug/_ext/1360937237/main.o
 .ARM.attributes
                0x00000000000008b3       0x37 build/sam_e70_xult/debug/_ext/1360937237/app_communication.o
 .ARM.attributes
                0x00000000000008ea       0x37 build/sam_e70_xult/debug/_ext/1360937237/app_mast_control.o
 .ARM.attributes
                0x0000000000000921       0x37 build/sam_e70_xult/debug/_ext/1360937237/app_course_algorithm.o
 .ARM.attributes
                0x0000000000000958       0x37 build/sam_e70_xult/debug/_ext/1360937237/app_rudder_control.o
 .ARM.attributes
                0x000000000000098f       0x37 build/sam_e70_xult/debug/_ext/1360937237/app_anemometer.o
 .ARM.attributes
                0x00000000000009c6       0x37 build/sam_e70_xult/debug/_ext/1360937237/app_gps.o
 .ARM.attributes
                0x00000000000009fd       0x37 build/sam_e70_xult/debug/_ext/1360937237/radio.o
 .ARM.attributes
                0x0000000000000a34       0x37 build/sam_e70_xult/debug/_ext/1360937237/app_imu.o
 .ARM.attributes
                0x0000000000000a6b       0x32 c:/program files/microchip/xc32/v2.50/bin/bin/../../lib/gcc/pic32c/6.2.1/../../../../pic32c/lib/v7e-m/fpv5/hard\libpic32c.a(data_init.o)
 .ARM.attributes
                0x0000000000000a9d       0x20 c:/program files/microchip/xc32/v2.50/bin/bin/../../lib/gcc/pic32c/6.2.1/v7e-m/fpv5/hard\libgcc.a(_aeabi_uldivmod.o)
 .ARM.attributes
                0x0000000000000abd       0x32 c:/program files/microchip/xc32/v2.50/bin/bin/../../lib/gcc/pic32c/6.2.1/v7e-m/fpv5/hard\libgcc.a(_udivmoddi4.o)
 .ARM.attributes
                0x0000000000000aef       0x20 c:/program files/microchip/xc32/v2.50/bin/bin/../../lib/gcc/pic32c/6.2.1/v7e-m/fpv5/hard\libgcc.a(_dvmd_tls.o)
 .ARM.attributes
                0x0000000000000b0f       0x32 c:/program files/microchip/xc32/v2.50/bin/bin/../../lib/gcc/pic32c/6.2.1/../../../../pic32c/lib/v7e-m/fpv5/hard\libg_nano.a(lib_a-atof.o)
 .ARM.attributes
                0x0000000000000b41       0x32 c:/program files/microchip/xc32/v2.50/bin/bin/../../lib/gcc/pic32c/6.2.1/../../../../pic32c/lib/v7e-m/fpv5/hard\libg_nano.a(lib_a-atoi.o)
 .ARM.attributes
                0x0000000000000b73       0x32 c:/program files/microchip/xc32/v2.50/bin/bin/../../lib/gcc/pic32c/6.2.1/../../../../pic32c/lib/v7e-m/fpv5/hard\libg_nano.a(lib_a-init.o)
 .ARM.attributes
                0x0000000000000ba5       0x32 c:/program files/microchip/xc32/v2.50/bin/bin/../../lib/gcc/pic32c/6.2.1/../../../../pic32c/lib/v7e-m/fpv5/hard\libg_nano.a(lib_a-itoa.o)
 .ARM.attributes
                0x0000000000000bd7       0x32 c:/program files/microchip/xc32/v2.50/bin/bin/../../lib/gcc/pic32c/6.2.1/../../../../pic32c/lib/v7e-m/fpv5/hard\libg_nano.a(lib_a-locale.o)
 .ARM.attributes
                0x0000000000000c09       0x32 c:/program files/microchip/xc32/v2.50/bin/bin/../../lib/gcc/pic32c/6.2.1/../../../../pic32c/lib/v7e-m/fpv5/hard\libg_nano.a(lib_a-malloc.o)
 .ARM.attributes
                0x0000000000000c3b       0x32 c:/program files/microchip/xc32/v2.50/bin/bin/../../lib/gcc/pic32c/6.2.1/../../../../pic32c/lib/v7e-m/fpv5/hard\libg_nano.a(lib_a-mbtowc_r.o)
 .ARM.attributes
                0x0000000000000c6d       0x32 c:/program files/microchip/xc32/v2.50/bin/bin/../../lib/gcc/pic32c/6.2.1/../../../../pic32c/lib/v7e-m/fpv5/hard\libg_nano.a(lib_a-memcpy-stub.o)
 .ARM.attributes
                0x0000000000000c9f       0x32 c:/program files/microchip/xc32/v2.50/bin/bin/../../lib/gcc/pic32c/6.2.1/../../../../pic32c/lib/v7e-m/fpv5/hard\libg_nano.a(lib_a-memset.o)
 .ARM.attributes
                0x0000000000000cd1       0x32 c:/program files/microchip/xc32/v2.50/bin/bin/../../lib/gcc/pic32c/6.2.1/../../../../pic32c/lib/v7e-m/fpv5/hard\libg_nano.a(lib_a-nano-mallocr.o)
 .ARM.attributes
                0x0000000000000d03       0x32 c:/program files/microchip/xc32/v2.50/bin/bin/../../lib/gcc/pic32c/6.2.1/../../../../pic32c/lib/v7e-m/fpv5/hard\libg_nano.a(lib_a-sbrkr.o)
 .ARM.attributes
                0x0000000000000d35       0x32 c:/program files/microchip/xc32/v2.50/bin/bin/../../lib/gcc/pic32c/6.2.1/../../../../pic32c/lib/v7e-m/fpv5/hard\libg_nano.a(lib_a-strchr.o)
 .ARM.attributes
                0x0000000000000d67       0x32 c:/program files/microchip/xc32/v2.50/bin/bin/../../lib/gcc/pic32c/6.2.1/../../../../pic32c/lib/v7e-m/fpv5/hard\libg_nano.a(lib_a-strcpy.o)
 .ARM.attributes
                0x0000000000000d99       0x19 c:/program files/microchip/xc32/v2.50/bin/bin/../../lib/gcc/pic32c/6.2.1/../../../../pic32c/lib/v7e-m/fpv5/hard\libg_nano.a(lib_a-strlen.o)
 .ARM.attributes
                0x0000000000000db2       0x32 c:/program files/microchip/xc32/v2.50/bin/bin/../../lib/gcc/pic32c/6.2.1/../../../../pic32c/lib/v7e-m/fpv5/hard\libg_nano.a(lib_a-strncmp.o)
 .ARM.attributes
                0x0000000000000de4       0x32 c:/program files/microchip/xc32/v2.50/bin/bin/../../lib/gcc/pic32c/6.2.1/../../../../pic32c/lib/v7e-m/fpv5/hard\libg_nano.a(lib_a-strncpy.o)
 .ARM.attributes
                0x0000000000000e16       0x32 c:/program files/microchip/xc32/v2.50/bin/bin/../../lib/gcc/pic32c/6.2.1/../../../../pic32c/lib/v7e-m/fpv5/hard\libg_nano.a(lib_a-strtod.o)
 .ARM.attributes
                0x0000000000000e48       0x32 c:/program files/microchip/xc32/v2.50/bin/bin/../../lib/gcc/pic32c/6.2.1/../../../../pic32c/lib/v7e-m/fpv5/hard\libg_nano.a(lib_a-strtol.o)
 .ARM.attributes
                0x0000000000000e7a       0x32 c:/program files/microchip/xc32/v2.50/bin/bin/../../lib/gcc/pic32c/6.2.1/../../../../pic32c/lib/v7e-m/fpv5/hard\libg_nano.a(lib_a-utoa.o)
 .ARM.attributes
                0x0000000000000eac       0x32 c:/program files/microchip/xc32/v2.50/bin/bin/../../lib/gcc/pic32c/6.2.1/../../../../pic32c/lib/v7e-m/fpv5/hard\libg_nano.a(lib_a-wctomb_r.o)
 .ARM.attributes
                0x0000000000000ede       0x32 c:/program files/microchip/xc32/v2.50/bin/bin/../../lib/gcc/pic32c/6.2.1/../../../../pic32c/lib/v7e-m/fpv5/hard\libg_nano.a(lib_a-ctype_.o)
 .ARM.attributes
                0x0000000000000f10       0x32 c:/program files/microchip/xc32/v2.50/bin/bin/../../lib/gcc/pic32c/6.2.1/../../../../pic32c/lib/v7e-m/fpv5/hard\libg_nano.a(lib_a-gdtoa-gethex.o)
 .ARM.attributes
                0x0000000000000f42       0x32 c:/program files/microchip/xc32/v2.50/bin/bin/../../lib/gcc/pic32c/6.2.1/../../../../pic32c/lib/v7e-m/fpv5/hard\libg_nano.a(lib_a-gdtoa-hexnan.o)
 .ARM.attributes
                0x0000000000000f74       0x32 c:/program files/microchip/xc32/v2.50/bin/bin/../../lib/gcc/pic32c/6.2.1/../../../../pic32c/lib/v7e-m/fpv5/hard\libg_nano.a(lib_a-impure.o)
 .ARM.attributes
                0x0000000000000fa6       0x32 c:/program files/microchip/xc32/v2.50/bin/bin/../../lib/gcc/pic32c/6.2.1/../../../../pic32c/lib/v7e-m/fpv5/hard\libg_nano.a(lib_a-localeconv.o)
 .ARM.attributes
                0x0000000000000fd8       0x32 c:/program files/microchip/xc32/v2.50/bin/bin/../../lib/gcc/pic32c/6.2.1/../../../../pic32c/lib/v7e-m/fpv5/hard\libg_nano.a(lib_a-mlock.o)
 .ARM.attributes
                0x000000000000100a       0x32 c:/program files/microchip/xc32/v2.50/bin/bin/../../lib/gcc/pic32c/6.2.1/../../../../pic32c/lib/v7e-m/fpv5/hard\libg_nano.a(lib_a-mprec.o)
 .ARM.attributes
                0x000000000000103c       0x32 c:/program files/microchip/xc32/v2.50/bin/bin/../../lib/gcc/pic32c/6.2.1/../../../../pic32c/lib/v7e-m/fpv5/hard\libg_nano.a(lib_a-nano-callocr.o)
 .ARM.attributes
                0x000000000000106e       0x32 c:/program files/microchip/xc32/v2.50/bin/bin/../../lib/gcc/pic32c/6.2.1/../../../../pic32c/lib/v7e-m/fpv5/hard\libg_nano.a(lib_a-reent.o)
 .ARM.attributes
                0x00000000000010a0       0x32 c:/program files/microchip/xc32/v2.50/bin/bin/../../lib/gcc/pic32c/6.2.1/../../../../pic32c/lib/v7e-m/fpv5/hard\libm_nano.a(lib_a-w_atan2.o)
 .ARM.attributes
                0x00000000000010d2       0x32 c:/program files/microchip/xc32/v2.50/bin/bin/../../lib/gcc/pic32c/6.2.1/../../../../pic32c/lib/v7e-m/fpv5/hard\libm_nano.a(lib_a-e_atan2.o)
 .ARM.attributes
                0x0000000000001104       0x32 c:/program files/microchip/xc32/v2.50/bin/bin/../../lib/gcc/pic32c/6.2.1/../../../../pic32c/lib/v7e-m/fpv5/hard\libm_nano.a(lib_a-s_atan.o)
 .ARM.attributes
                0x0000000000001136       0x32 c:/program files/microchip/xc32/v2.50/bin/bin/../../lib/gcc/pic32c/6.2.1/../../../../pic32c/lib/v7e-m/fpv5/hard\libm_nano.a(lib_a-s_fabs.o)
 .ARM.attributes
                0x0000000000001168       0x32 c:/program files/microchip/xc32/v2.50/bin/bin/../../lib/gcc/pic32c/6.2.1/../../../../pic32c/lib/v7e-m/fpv5/hard\libpic32c.a(sbrk.o)
 .ARM.attributes
                0x000000000000119a       0x20 c:/program files/microchip/xc32/v2.50/bin/bin/../../lib/gcc/pic32c/6.2.1/v7e-m/fpv5/hard/crtn.o

.comment        0x0000000000000000       0x3c
 .comment       0x0000000000000000       0x3c c:/program files/microchip/xc32/v2.50/bin/bin/../../lib/gcc/pic32c/6.2.1/v7e-m/fpv5/hard/crtbegin.o
                                         0x3d (size before relaxing)
 .comment       0x000000000000003c       0x3d build/sam_e70_xult/debug/_ext/957281314/drv_i2c.o
 .comment       0x000000000000003c       0x3d build/sam_e70_xult/debug/_ext/1565510230/drv_sdmmc_file_system.o
 .comment       0x000000000000003c       0x3d build/sam_e70_xult/debug/_ext/1565510230/drv_sdmmc.o
 .comment       0x000000000000003c       0x3d build/sam_e70_xult/debug/_ext/716655881/drv_usart.o
 .comment       0x000000000000003c       0x3d build/sam_e70_xult/debug/_ext/1613695899/osal_freertos.o
 .comment       0x000000000000003c       0x3d build/sam_e70_xult/debug/_ext/1055500827/plib_clk.o
 .comment       0x000000000000003c       0x3d build/sam_e70_xult/debug/_ext/1055499099/plib_efc.o
 .comment       0x000000000000003c       0x3d build/sam_e70_xult/debug/_ext/719181653/plib_hsmci.o
 .comment       0x000000000000003c       0x3d build/sam_e70_xult/debug/_ext/1639550079/plib_nvic.o
 .comment       0x000000000000003c       0x3d build/sam_e70_xult/debug/_ext/1055488423/plib_pio.o
 .comment       0x000000000000003c       0x3d build/sam_e70_xult/debug/_ext/1055487991/plib_pwm0.o
 .comment       0x000000000000003c       0x3d build/sam_e70_xult/debug/_ext/865331892/plib_tc3.o
 .comment       0x000000000000003c       0x3d build/sam_e70_xult/debug/_ext/1539215101/plib_twihs0_master.o
 .comment       0x000000000000003c       0x3d build/sam_e70_xult/debug/_ext/707186936/plib_usart1.o
 .comment       0x000000000000003c       0x3d build/sam_e70_xult/debug/_ext/707186936/plib_usart0.o
 .comment       0x000000000000003c       0x3d build/sam_e70_xult/debug/_ext/707186936/plib_usart2.o
 .comment       0x000000000000003c       0x3d build/sam_e70_xult/debug/_ext/704852250/plib_xdmac.o
 .comment       0x000000000000003c       0x3d build/sam_e70_xult/debug/_ext/876653320/sys_cache.o
 .comment       0x000000000000003c       0x3d build/sam_e70_xult/debug/_ext/984150034/sys_dma.o
 .comment       0x000000000000003c       0x3d build/sam_e70_xult/debug/_ext/1043829778/ff.o
 .comment       0x000000000000003c       0x3d build/sam_e70_xult/debug/_ext/1043829778/ffunicode.o
 .comment       0x000000000000003c       0x3d build/sam_e70_xult/debug/_ext/1893760823/diskio.o
 .comment       0x000000000000003c       0x3d build/sam_e70_xult/debug/_ext/1305476372/sys_fs.o
 .comment       0x000000000000003c       0x3d build/sam_e70_xult/debug/_ext/1305476372/sys_fs_media_manager.o
 .comment       0x000000000000003c       0x3d build/sam_e70_xult/debug/_ext/1305476372/sys_fs_fat_interface.o
 .comment       0x000000000000003c       0x3d build/sam_e70_xult/debug/_ext/766002106/sys_int.o
 .comment       0x000000000000003c       0x3d build/sam_e70_xult/debug/_ext/327803284/sys_time.o
 .comment       0x000000000000003c       0x3d build/sam_e70_xult/debug/_ext/1728594169/initialization.o
 .comment       0x000000000000003c       0x3d build/sam_e70_xult/debug/_ext/1728594169/interrupts.o
 .comment       0x000000000000003c       0x3d build/sam_e70_xult/debug/_ext/1728594169/exceptions.o
 .comment       0x000000000000003c       0x3d build/sam_e70_xult/debug/_ext/1728594169/startup_xc32.o
 .comment       0x000000000000003c       0x3d build/sam_e70_xult/debug/_ext/1728594169/freertos_hooks.o
 .comment       0x000000000000003c       0x3d build/sam_e70_xult/debug/_ext/1728594169/tasks.o
 .comment       0x000000000000003c       0x3d build/sam_e70_xult/debug/_ext/977623654/port.o
 .comment       0x000000000000003c       0x3d build/sam_e70_xult/debug/_ext/1665200909/heap_1.o
 .comment       0x000000000000003c       0x3d build/sam_e70_xult/debug/_ext/404212886/list.o
 .comment       0x000000000000003c       0x3d build/sam_e70_xult/debug/_ext/404212886/queue.o
 .comment       0x000000000000003c       0x3d build/sam_e70_xult/debug/_ext/404212886/FreeRTOS_tasks.o
 .comment       0x000000000000003c       0x3d build/sam_e70_xult/debug/_ext/1360937237/main.o
 .comment       0x000000000000003c       0x3d build/sam_e70_xult/debug/_ext/1360937237/app_communication.o
 .comment       0x000000000000003c       0x3d build/sam_e70_xult/debug/_ext/1360937237/app_mast_control.o
 .comment       0x000000000000003c       0x3d build/sam_e70_xult/debug/_ext/1360937237/app_course_algorithm.o
 .comment       0x000000000000003c       0x3d build/sam_e70_xult/debug/_ext/1360937237/app_rudder_control.o
 .comment       0x000000000000003c       0x3d build/sam_e70_xult/debug/_ext/1360937237/app_anemometer.o
 .comment       0x000000000000003c       0x3d build/sam_e70_xult/debug/_ext/1360937237/app_gps.o
 .comment       0x000000000000003c       0x3d build/sam_e70_xult/debug/_ext/1360937237/radio.o
 .comment       0x000000000000003c       0x3d build/sam_e70_xult/debug/_ext/1360937237/app_imu.o
 .comment       0x000000000000003c       0x3d c:/program files/microchip/xc32/v2.50/bin/bin/../../lib/gcc/pic32c/6.2.1/../../../../pic32c/lib/v7e-m/fpv5/hard\libpic32c.a(data_init.o)
 .comment       0x000000000000003c       0x3d c:/program files/microchip/xc32/v2.50/bin/bin/../../lib/gcc/pic32c/6.2.1/v7e-m/fpv5/hard\libgcc.a(_udivmoddi4.o)
 .comment       0x000000000000003c       0x3d c:/program files/microchip/xc32/v2.50/bin/bin/../../lib/gcc/pic32c/6.2.1/../../../../pic32c/lib/v7e-m/fpv5/hard\libg_nano.a(lib_a-atof.o)
 .comment       0x000000000000003c       0x3d c:/program files/microchip/xc32/v2.50/bin/bin/../../lib/gcc/pic32c/6.2.1/../../../../pic32c/lib/v7e-m/fpv5/hard\libg_nano.a(lib_a-atoi.o)
 .comment       0x000000000000003c       0x3d c:/program files/microchip/xc32/v2.50/bin/bin/../../lib/gcc/pic32c/6.2.1/../../../../pic32c/lib/v7e-m/fpv5/hard\libg_nano.a(lib_a-init.o)
 .comment       0x000000000000003c       0x3d c:/program files/microchip/xc32/v2.50/bin/bin/../../lib/gcc/pic32c/6.2.1/../../../../pic32c/lib/v7e-m/fpv5/hard\libg_nano.a(lib_a-itoa.o)
 .comment       0x000000000000003c       0x3d c:/program files/microchip/xc32/v2.50/bin/bin/../../lib/gcc/pic32c/6.2.1/../../../../pic32c/lib/v7e-m/fpv5/hard\libg_nano.a(lib_a-locale.o)
 .comment       0x000000000000003c       0x3d c:/program files/microchip/xc32/v2.50/bin/bin/../../lib/gcc/pic32c/6.2.1/../../../../pic32c/lib/v7e-m/fpv5/hard\libg_nano.a(lib_a-malloc.o)
 .comment       0x000000000000003c       0x3d c:/program files/microchip/xc32/v2.50/bin/bin/../../lib/gcc/pic32c/6.2.1/../../../../pic32c/lib/v7e-m/fpv5/hard\libg_nano.a(lib_a-mbtowc_r.o)
 .comment       0x000000000000003c       0x3d c:/program files/microchip/xc32/v2.50/bin/bin/../../lib/gcc/pic32c/6.2.1/../../../../pic32c/lib/v7e-m/fpv5/hard\libg_nano.a(lib_a-memcpy-stub.o)
 .comment       0x000000000000003c       0x3d c:/program files/microchip/xc32/v2.50/bin/bin/../../lib/gcc/pic32c/6.2.1/../../../../pic32c/lib/v7e-m/fpv5/hard\libg_nano.a(lib_a-memset.o)
 .comment       0x000000000000003c       0x3d c:/program files/microchip/xc32/v2.50/bin/bin/../../lib/gcc/pic32c/6.2.1/../../../../pic32c/lib/v7e-m/fpv5/hard\libg_nano.a(lib_a-nano-mallocr.o)
 .comment       0x000000000000003c       0x3d c:/program files/microchip/xc32/v2.50/bin/bin/../../lib/gcc/pic32c/6.2.1/../../../../pic32c/lib/v7e-m/fpv5/hard\libg_nano.a(lib_a-sbrkr.o)
 .comment       0x000000000000003c       0x3d c:/program files/microchip/xc32/v2.50/bin/bin/../../lib/gcc/pic32c/6.2.1/../../../../pic32c/lib/v7e-m/fpv5/hard\libg_nano.a(lib_a-strchr.o)
 .comment       0x000000000000003c       0x3d c:/program files/microchip/xc32/v2.50/bin/bin/../../lib/gcc/pic32c/6.2.1/../../../../pic32c/lib/v7e-m/fpv5/hard\libg_nano.a(lib_a-strcpy.o)
 .comment       0x000000000000003c       0x3d c:/program files/microchip/xc32/v2.50/bin/bin/../../lib/gcc/pic32c/6.2.1/../../../../pic32c/lib/v7e-m/fpv5/hard\libg_nano.a(lib_a-strncmp.o)
 .comment       0x000000000000003c       0x3d c:/program files/microchip/xc32/v2.50/bin/bin/../../lib/gcc/pic32c/6.2.1/../../../../pic32c/lib/v7e-m/fpv5/hard\libg_nano.a(lib_a-strncpy.o)
 .comment       0x000000000000003c       0x3d c:/program files/microchip/xc32/v2.50/bin/bin/../../lib/gcc/pic32c/6.2.1/../../../../pic32c/lib/v7e-m/fpv5/hard\libg_nano.a(lib_a-strtod.o)
 .comment       0x000000000000003c       0x3d c:/program files/microchip/xc32/v2.50/bin/bin/../../lib/gcc/pic32c/6.2.1/../../../../pic32c/lib/v7e-m/fpv5/hard\libg_nano.a(lib_a-strtol.o)
 .comment       0x000000000000003c       0x3d c:/program files/microchip/xc32/v2.50/bin/bin/../../lib/gcc/pic32c/6.2.1/../../../../pic32c/lib/v7e-m/fpv5/hard\libg_nano.a(lib_a-utoa.o)
 .comment       0x000000000000003c       0x3d c:/program files/microchip/xc32/v2.50/bin/bin/../../lib/gcc/pic32c/6.2.1/../../../../pic32c/lib/v7e-m/fpv5/hard\libg_nano.a(lib_a-wctomb_r.o)
 .comment       0x000000000000003c       0x3d c:/program files/microchip/xc32/v2.50/bin/bin/../../lib/gcc/pic32c/6.2.1/../../../../pic32c/lib/v7e-m/fpv5/hard\libg_nano.a(lib_a-ctype_.o)
 .comment       0x000000000000003c       0x3d c:/program files/microchip/xc32/v2.50/bin/bin/../../lib/gcc/pic32c/6.2.1/../../../../pic32c/lib/v7e-m/fpv5/hard\libg_nano.a(lib_a-gdtoa-gethex.o)
 .comment       0x000000000000003c       0x3d c:/program files/microchip/xc32/v2.50/bin/bin/../../lib/gcc/pic32c/6.2.1/../../../../pic32c/lib/v7e-m/fpv5/hard\libg_nano.a(lib_a-gdtoa-hexnan.o)
 .comment       0x000000000000003c       0x3d c:/program files/microchip/xc32/v2.50/bin/bin/../../lib/gcc/pic32c/6.2.1/../../../../pic32c/lib/v7e-m/fpv5/hard\libg_nano.a(lib_a-impure.o)
 .comment       0x000000000000003c       0x3d c:/program files/microchip/xc32/v2.50/bin/bin/../../lib/gcc/pic32c/6.2.1/../../../../pic32c/lib/v7e-m/fpv5/hard\libg_nano.a(lib_a-localeconv.o)
 .comment       0x000000000000003c       0x3d c:/program files/microchip/xc32/v2.50/bin/bin/../../lib/gcc/pic32c/6.2.1/../../../../pic32c/lib/v7e-m/fpv5/hard\libg_nano.a(lib_a-mlock.o)
 .comment       0x000000000000003c       0x3d c:/program files/microchip/xc32/v2.50/bin/bin/../../lib/gcc/pic32c/6.2.1/../../../../pic32c/lib/v7e-m/fpv5/hard\libg_nano.a(lib_a-mprec.o)
 .comment       0x000000000000003c       0x3d c:/program files/microchip/xc32/v2.50/bin/bin/../../lib/gcc/pic32c/6.2.1/../../../../pic32c/lib/v7e-m/fpv5/hard\libg_nano.a(lib_a-nano-callocr.o)
 .comment       0x000000000000003c       0x3d c:/program files/microchip/xc32/v2.50/bin/bin/../../lib/gcc/pic32c/6.2.1/../../../../pic32c/lib/v7e-m/fpv5/hard\libg_nano.a(lib_a-reent.o)
 .comment       0x000000000000003c       0x3d c:/program files/microchip/xc32/v2.50/bin/bin/../../lib/gcc/pic32c/6.2.1/../../../../pic32c/lib/v7e-m/fpv5/hard\libm_nano.a(lib_a-w_atan2.o)
 .comment       0x000000000000003c       0x3d c:/program files/microchip/xc32/v2.50/bin/bin/../../lib/gcc/pic32c/6.2.1/../../../../pic32c/lib/v7e-m/fpv5/hard\libm_nano.a(lib_a-e_atan2.o)
 .comment       0x000000000000003c       0x3d c:/program files/microchip/xc32/v2.50/bin/bin/../../lib/gcc/pic32c/6.2.1/../../../../pic32c/lib/v7e-m/fpv5/hard\libm_nano.a(lib_a-s_atan.o)
 .comment       0x000000000000003c       0x3d c:/program files/microchip/xc32/v2.50/bin/bin/../../lib/gcc/pic32c/6.2.1/../../../../pic32c/lib/v7e-m/fpv5/hard\libm_nano.a(lib_a-s_fabs.o)
 .comment       0x000000000000003c       0x3d c:/program files/microchip/xc32/v2.50/bin/bin/../../lib/gcc/pic32c/6.2.1/../../../../pic32c/lib/v7e-m/fpv5/hard\libpic32c.a(sbrk.o)

.debug_info     0x0000000000000000    0x7c1ba
 .debug_info    0x0000000000000000     0x17c3 build/sam_e70_xult/debug/_ext/957281314/drv_i2c.o
 .debug_info    0x00000000000017c3      0xc8d build/sam_e70_xult/debug/_ext/1565510230/drv_sdmmc_file_system.o
 .debug_info    0x0000000000002450     0x5519 build/sam_e70_xult/debug/_ext/1565510230/drv_sdmmc.o
 .debug_info    0x0000000000007969     0x2203 build/sam_e70_xult/debug/_ext/716655881/drv_usart.o
 .debug_info    0x0000000000009b6c      0xba8 build/sam_e70_xult/debug/_ext/1613695899/osal_freertos.o
 .debug_info    0x000000000000a714      0x8ac build/sam_e70_xult/debug/_ext/1055500827/plib_clk.o
 .debug_info    0x000000000000afc0     0x1315 build/sam_e70_xult/debug/_ext/1055499099/plib_efc.o
 .debug_info    0x000000000000c2d5     0x1d23 build/sam_e70_xult/debug/_ext/719181653/plib_hsmci.o
 .debug_info    0x000000000000dff8     0x12fa build/sam_e70_xult/debug/_ext/1639550079/plib_nvic.o
 .debug_info    0x000000000000f2f2     0x2e70 build/sam_e70_xult/debug/_ext/1055488423/plib_pio.o
 .debug_info    0x0000000000012162     0x10e9 build/sam_e70_xult/debug/_ext/1055487991/plib_pwm0.o
 .debug_info    0x000000000001324b      0x99f build/sam_e70_xult/debug/_ext/865331892/plib_tc3.o
 .debug_info    0x0000000000013bea      0xd09 build/sam_e70_xult/debug/_ext/1539215101/plib_twihs0_master.o
 .debug_info    0x00000000000148f3      0xfd0 build/sam_e70_xult/debug/_ext/707186936/plib_usart1.o
 .debug_info    0x00000000000158c3      0xfd0 build/sam_e70_xult/debug/_ext/707186936/plib_usart0.o
 .debug_info    0x0000000000016893      0xfd0 build/sam_e70_xult/debug/_ext/707186936/plib_usart2.o
 .debug_info    0x0000000000017863      0xcb4 build/sam_e70_xult/debug/_ext/704852250/plib_xdmac.o
 .debug_info    0x0000000000018517     0x13ae build/sam_e70_xult/debug/_ext/876653320/sys_cache.o
 .debug_info    0x00000000000198c5      0x8fb build/sam_e70_xult/debug/_ext/984150034/sys_dma.o
 .debug_info    0x000000000001a1c0     0x5d5f build/sam_e70_xult/debug/_ext/1043829778/ff.o
 .debug_info    0x000000000001ff1f      0x61b build/sam_e70_xult/debug/_ext/1043829778/ffunicode.o
 .debug_info    0x000000000002053a     0x1bd9 build/sam_e70_xult/debug/_ext/1893760823/diskio.o
 .debug_info    0x0000000000022113     0x4908 build/sam_e70_xult/debug/_ext/1305476372/sys_fs.o
 .debug_info    0x0000000000026a1b     0x2e38 build/sam_e70_xult/debug/_ext/1305476372/sys_fs_media_manager.o
 .debug_info    0x0000000000029853     0x218b build/sam_e70_xult/debug/_ext/1305476372/sys_fs_fat_interface.o
 .debug_info    0x000000000002b9de      0xcb1 build/sam_e70_xult/debug/_ext/766002106/sys_int.o
 .debug_info    0x000000000002c68f     0x355e build/sam_e70_xult/debug/_ext/327803284/sys_time.o
 .debug_info    0x000000000002fbed     0x552f build/sam_e70_xult/debug/_ext/1728594169/initialization.o
 .debug_info    0x000000000003511c     0x23e6 build/sam_e70_xult/debug/_ext/1728594169/interrupts.o
 .debug_info    0x0000000000037502     0x1a34 build/sam_e70_xult/debug/_ext/1728594169/exceptions.o
 .debug_info    0x0000000000038f36      0xd5b build/sam_e70_xult/debug/_ext/1728594169/startup_xc32.o
 .debug_info    0x0000000000039c91      0x55a build/sam_e70_xult/debug/_ext/1728594169/freertos_hooks.o
 .debug_info    0x000000000003a1eb     0x2030 build/sam_e70_xult/debug/_ext/1728594169/tasks.o
 .debug_info    0x000000000003c21b      0x783 build/sam_e70_xult/debug/_ext/977623654/port.o
 .debug_info    0x000000000003c99e     0x1056 build/sam_e70_xult/debug/_ext/1665200909/heap_1.o
 .debug_info    0x000000000003d9f4     0x117b build/sam_e70_xult/debug/_ext/404212886/list.o
 .debug_info    0x000000000003eb6f     0x29bd build/sam_e70_xult/debug/_ext/404212886/queue.o
 .debug_info    0x000000000004152c     0x360c build/sam_e70_xult/debug/_ext/404212886/FreeRTOS_tasks.o
 .debug_info    0x0000000000044b38     0x1989 build/sam_e70_xult/debug/_ext/1360937237/main.o
 .debug_info    0x00000000000464c1     0x1f6f build/sam_e70_xult/debug/_ext/1360937237/app_communication.o
 .debug_info    0x0000000000048430     0x32b0 build/sam_e70_xult/debug/_ext/1360937237/app_mast_control.o
 .debug_info    0x000000000004b6e0     0x1907 build/sam_e70_xult/debug/_ext/1360937237/app_course_algorithm.o
 .debug_info    0x000000000004cfe7      0xfa8 build/sam_e70_xult/debug/_ext/1360937237/app_rudder_control.o
 .debug_info    0x000000000004df8f     0x1a48 build/sam_e70_xult/debug/_ext/1360937237/app_anemometer.o
 .debug_info    0x000000000004f9d7     0x1c6f build/sam_e70_xult/debug/_ext/1360937237/app_gps.o
 .debug_info    0x0000000000051646     0x1a5f build/sam_e70_xult/debug/_ext/1360937237/radio.o
 .debug_info    0x00000000000530a5     0x1783 build/sam_e70_xult/debug/_ext/1360937237/app_imu.o
 .debug_info    0x0000000000054828      0x296 c:/program files/microchip/xc32/v2.50/bin/bin/../../lib/gcc/pic32c/6.2.1/../../../../pic32c/lib/v7e-m/fpv5/hard\libpic32c.a(data_init.o)
 .debug_info    0x0000000000054abe       0xfa c:/program files/microchip/xc32/v2.50/bin/bin/../../lib/gcc/pic32c/6.2.1/v7e-m/fpv5/hard\libgcc.a(_aeabi_uldivmod.o)
 .debug_info    0x0000000000054bb8     0x168d c:/program files/microchip/xc32/v2.50/bin/bin/../../lib/gcc/pic32c/6.2.1/v7e-m/fpv5/hard\libgcc.a(_udivmoddi4.o)
 .debug_info    0x0000000000056245       0xfe c:/program files/microchip/xc32/v2.50/bin/bin/../../lib/gcc/pic32c/6.2.1/v7e-m/fpv5/hard\libgcc.a(_dvmd_tls.o)
 .debug_info    0x0000000000056343      0xe43 c:/program files/microchip/xc32/v2.50/bin/bin/../../lib/gcc/pic32c/6.2.1/../../../../pic32c/lib/v7e-m/fpv5/hard\libg_nano.a(lib_a-atof.o)
 .debug_info    0x0000000000057186      0xeac c:/program files/microchip/xc32/v2.50/bin/bin/../../lib/gcc/pic32c/6.2.1/../../../../pic32c/lib/v7e-m/fpv5/hard\libg_nano.a(lib_a-atoi.o)
 .debug_info    0x0000000000058032      0x421 c:/program files/microchip/xc32/v2.50/bin/bin/../../lib/gcc/pic32c/6.2.1/../../../../pic32c/lib/v7e-m/fpv5/hard\libg_nano.a(lib_a-init.o)
 .debug_info    0x0000000000058453      0xedf c:/program files/microchip/xc32/v2.50/bin/bin/../../lib/gcc/pic32c/6.2.1/../../../../pic32c/lib/v7e-m/fpv5/hard\libg_nano.a(lib_a-itoa.o)
 .debug_info    0x0000000000059332     0x18a0 c:/program files/microchip/xc32/v2.50/bin/bin/../../lib/gcc/pic32c/6.2.1/../../../../pic32c/lib/v7e-m/fpv5/hard\libg_nano.a(lib_a-locale.o)
 .debug_info    0x000000000005abd2      0xe97 c:/program files/microchip/xc32/v2.50/bin/bin/../../lib/gcc/pic32c/6.2.1/../../../../pic32c/lib/v7e-m/fpv5/hard\libg_nano.a(lib_a-malloc.o)
 .debug_info    0x000000000005ba69     0x1784 c:/program files/microchip/xc32/v2.50/bin/bin/../../lib/gcc/pic32c/6.2.1/../../../../pic32c/lib/v7e-m/fpv5/hard\libg_nano.a(lib_a-mbtowc_r.o)
 .debug_info    0x000000000005d1ed      0xe6d c:/program files/microchip/xc32/v2.50/bin/bin/../../lib/gcc/pic32c/6.2.1/../../../../pic32c/lib/v7e-m/fpv5/hard\libg_nano.a(lib_a-memcpy-stub.o)
 .debug_info    0x000000000005e05a     0x15b0 c:/program files/microchip/xc32/v2.50/bin/bin/../../lib/gcc/pic32c/6.2.1/../../../../pic32c/lib/v7e-m/fpv5/hard\libg_nano.a(lib_a-memset.o)
 .debug_info    0x000000000005f60a     0x125b c:/program files/microchip/xc32/v2.50/bin/bin/../../lib/gcc/pic32c/6.2.1/../../../../pic32c/lib/v7e-m/fpv5/hard\libg_nano.a(lib_a-nano-mallocr.o)
 .debug_info    0x0000000000060865      0xee4 c:/program files/microchip/xc32/v2.50/bin/bin/../../lib/gcc/pic32c/6.2.1/../../../../pic32c/lib/v7e-m/fpv5/hard\libg_nano.a(lib_a-sbrkr.o)
 .debug_info    0x0000000000061749      0xe31 c:/program files/microchip/xc32/v2.50/bin/bin/../../lib/gcc/pic32c/6.2.1/../../../../pic32c/lib/v7e-m/fpv5/hard\libg_nano.a(lib_a-strchr.o)
 .debug_info    0x000000000006257a      0xe10 c:/program files/microchip/xc32/v2.50/bin/bin/../../lib/gcc/pic32c/6.2.1/../../../../pic32c/lib/v7e-m/fpv5/hard\libg_nano.a(lib_a-strcpy.o)
 .debug_info    0x000000000006338a      0x127 c:/program files/microchip/xc32/v2.50/bin/bin/../../lib/gcc/pic32c/6.2.1/../../../../pic32c/lib/v7e-m/fpv5/hard\libg_nano.a(lib_a-strlen.o)
 .debug_info    0x00000000000634b1      0xe29 c:/program files/microchip/xc32/v2.50/bin/bin/../../lib/gcc/pic32c/6.2.1/../../../../pic32c/lib/v7e-m/fpv5/hard\libg_nano.a(lib_a-strncmp.o)
 .debug_info    0x00000000000642da      0xe51 c:/program files/microchip/xc32/v2.50/bin/bin/../../lib/gcc/pic32c/6.2.1/../../../../pic32c/lib/v7e-m/fpv5/hard\libg_nano.a(lib_a-strncpy.o)
 .debug_info    0x000000000006512b     0x2660 c:/program files/microchip/xc32/v2.50/bin/bin/../../lib/gcc/pic32c/6.2.1/../../../../pic32c/lib/v7e-m/fpv5/hard\libg_nano.a(lib_a-strtod.o)
 .debug_info    0x000000000006778b     0x1938 c:/program files/microchip/xc32/v2.50/bin/bin/../../lib/gcc/pic32c/6.2.1/../../../../pic32c/lib/v7e-m/fpv5/hard\libg_nano.a(lib_a-strtol.o)
 .debug_info    0x00000000000690c3      0xf36 c:/program files/microchip/xc32/v2.50/bin/bin/../../lib/gcc/pic32c/6.2.1/../../../../pic32c/lib/v7e-m/fpv5/hard\libg_nano.a(lib_a-utoa.o)
 .debug_info    0x0000000000069ff9     0x174f c:/program files/microchip/xc32/v2.50/bin/bin/../../lib/gcc/pic32c/6.2.1/../../../../pic32c/lib/v7e-m/fpv5/hard\libg_nano.a(lib_a-wctomb_r.o)
 .debug_info    0x000000000006b748     0x1581 c:/program files/microchip/xc32/v2.50/bin/bin/../../lib/gcc/pic32c/6.2.1/../../../../pic32c/lib/v7e-m/fpv5/hard\libg_nano.a(lib_a-ctype_.o)
 .debug_info    0x000000000006ccc9     0x1f21 c:/program files/microchip/xc32/v2.50/bin/bin/../../lib/gcc/pic32c/6.2.1/../../../../pic32c/lib/v7e-m/fpv5/hard\libg_nano.a(lib_a-gdtoa-gethex.o)
 .debug_info    0x000000000006ebea     0x1a03 c:/program files/microchip/xc32/v2.50/bin/bin/../../lib/gcc/pic32c/6.2.1/../../../../pic32c/lib/v7e-m/fpv5/hard\libg_nano.a(lib_a-gdtoa-hexnan.o)
 .debug_info    0x00000000000705ed      0xdf4 c:/program files/microchip/xc32/v2.50/bin/bin/../../lib/gcc/pic32c/6.2.1/../../../../pic32c/lib/v7e-m/fpv5/hard\libg_nano.a(lib_a-impure.o)
 .debug_info    0x00000000000713e1     0x16b5 c:/program files/microchip/xc32/v2.50/bin/bin/../../lib/gcc/pic32c/6.2.1/../../../../pic32c/lib/v7e-m/fpv5/hard\libg_nano.a(lib_a-localeconv.o)
 .debug_info    0x0000000000072a96      0xe31 c:/program files/microchip/xc32/v2.50/bin/bin/../../lib/gcc/pic32c/6.2.1/../../../../pic32c/lib/v7e-m/fpv5/hard\libg_nano.a(lib_a-mlock.o)
 .debug_info    0x00000000000738c7     0x258a c:/program files/microchip/xc32/v2.50/bin/bin/../../lib/gcc/pic32c/6.2.1/../../../../pic32c/lib/v7e-m/fpv5/hard\libg_nano.a(lib_a-mprec.o)
 .debug_info    0x0000000000075e51     0x10e3 c:/program files/microchip/xc32/v2.50/bin/bin/../../lib/gcc/pic32c/6.2.1/../../../../pic32c/lib/v7e-m/fpv5/hard\libg_nano.a(lib_a-nano-callocr.o)
 .debug_info    0x0000000000076f34      0xfec c:/program files/microchip/xc32/v2.50/bin/bin/../../lib/gcc/pic32c/6.2.1/../../../../pic32c/lib/v7e-m/fpv5/hard\libg_nano.a(lib_a-reent.o)
 .debug_info    0x0000000000077f20      0xf11 c:/program files/microchip/xc32/v2.50/bin/bin/../../lib/gcc/pic32c/6.2.1/../../../../pic32c/lib/v7e-m/fpv5/hard\libm_nano.a(lib_a-w_atan2.o)
 .debug_info    0x0000000000078e31     0x1110 c:/program files/microchip/xc32/v2.50/bin/bin/../../lib/gcc/pic32c/6.2.1/../../../../pic32c/lib/v7e-m/fpv5/hard\libm_nano.a(lib_a-e_atan2.o)
 .debug_info    0x0000000000079f41     0x10bb c:/program files/microchip/xc32/v2.50/bin/bin/../../lib/gcc/pic32c/6.2.1/../../../../pic32c/lib/v7e-m/fpv5/hard\libm_nano.a(lib_a-s_atan.o)
 .debug_info    0x000000000007affc      0xf44 c:/program files/microchip/xc32/v2.50/bin/bin/../../lib/gcc/pic32c/6.2.1/../../../../pic32c/lib/v7e-m/fpv5/hard\libm_nano.a(lib_a-s_fabs.o)
 .debug_info    0x000000000007bf40      0x27a c:/program files/microchip/xc32/v2.50/bin/bin/../../lib/gcc/pic32c/6.2.1/../../../../pic32c/lib/v7e-m/fpv5/hard\libpic32c.a(sbrk.o)

.debug_abbrev   0x0000000000000000     0xb6e9
 .debug_abbrev  0x0000000000000000      0x33c build/sam_e70_xult/debug/_ext/957281314/drv_i2c.o
 .debug_abbrev  0x000000000000033c      0x155 build/sam_e70_xult/debug/_ext/1565510230/drv_sdmmc_file_system.o
 .debug_abbrev  0x0000000000000491      0x55a build/sam_e70_xult/debug/_ext/1565510230/drv_sdmmc.o
 .debug_abbrev  0x00000000000009eb      0x3a7 build/sam_e70_xult/debug/_ext/716655881/drv_usart.o
 .debug_abbrev  0x0000000000000d92      0x1c2 build/sam_e70_xult/debug/_ext/1613695899/osal_freertos.o
 .debug_abbrev  0x0000000000000f54       0xc0 build/sam_e70_xult/debug/_ext/1055500827/plib_clk.o
 .debug_abbrev  0x0000000000001014      0x2b4 build/sam_e70_xult/debug/_ext/1055499099/plib_efc.o
 .debug_abbrev  0x00000000000012c8      0x348 build/sam_e70_xult/debug/_ext/719181653/plib_hsmci.o
 .debug_abbrev  0x0000000000001610      0x1cd build/sam_e70_xult/debug/_ext/1639550079/plib_nvic.o
 .debug_abbrev  0x00000000000017dd      0x36c build/sam_e70_xult/debug/_ext/1055488423/plib_pio.o
 .debug_abbrev  0x0000000000001b49      0x169 build/sam_e70_xult/debug/_ext/1055487991/plib_pwm0.o
 .debug_abbrev  0x0000000000001cb2      0x182 build/sam_e70_xult/debug/_ext/865331892/plib_tc3.o
 .debug_abbrev  0x0000000000001e34      0x29c build/sam_e70_xult/debug/_ext/1539215101/plib_twihs0_master.o
 .debug_abbrev  0x00000000000020d0      0x2cf build/sam_e70_xult/debug/_ext/707186936/plib_usart1.o
 .debug_abbrev  0x000000000000239f      0x2cf build/sam_e70_xult/debug/_ext/707186936/plib_usart0.o
 .debug_abbrev  0x000000000000266e      0x2cf build/sam_e70_xult/debug/_ext/707186936/plib_usart2.o
 .debug_abbrev  0x000000000000293d      0x1fa build/sam_e70_xult/debug/_ext/704852250/plib_xdmac.o
 .debug_abbrev  0x0000000000002b37      0x1ec build/sam_e70_xult/debug/_ext/876653320/sys_cache.o
 .debug_abbrev  0x0000000000002d23       0xcf build/sam_e70_xult/debug/_ext/984150034/sys_dma.o
 .debug_abbrev  0x0000000000002df2      0x33e build/sam_e70_xult/debug/_ext/1043829778/ff.o
 .debug_abbrev  0x0000000000003130      0x128 build/sam_e70_xult/debug/_ext/1043829778/ffunicode.o
 .debug_abbrev  0x0000000000003258      0x37b build/sam_e70_xult/debug/_ext/1893760823/diskio.o
 .debug_abbrev  0x00000000000035d3      0x482 build/sam_e70_xult/debug/_ext/1305476372/sys_fs.o
 .debug_abbrev  0x0000000000003a55      0x4ba build/sam_e70_xult/debug/_ext/1305476372/sys_fs_media_manager.o
 .debug_abbrev  0x0000000000003f0f      0x274 build/sam_e70_xult/debug/_ext/1305476372/sys_fs_fat_interface.o
 .debug_abbrev  0x0000000000004183      0x218 build/sam_e70_xult/debug/_ext/766002106/sys_int.o
 .debug_abbrev  0x000000000000439b      0x5a0 build/sam_e70_xult/debug/_ext/327803284/sys_time.o
 .debug_abbrev  0x000000000000493b      0x313 build/sam_e70_xult/debug/_ext/1728594169/initialization.o
 .debug_abbrev  0x0000000000004c4e      0x1ec build/sam_e70_xult/debug/_ext/1728594169/interrupts.o
 .debug_abbrev  0x0000000000004e3a      0x1e1 build/sam_e70_xult/debug/_ext/1728594169/exceptions.o
 .debug_abbrev  0x000000000000501b      0x1fd build/sam_e70_xult/debug/_ext/1728594169/startup_xc32.o
 .debug_abbrev  0x0000000000005218      0x121 build/sam_e70_xult/debug/_ext/1728594169/freertos_hooks.o
 .debug_abbrev  0x0000000000005339      0x242 build/sam_e70_xult/debug/_ext/1728594169/tasks.o
 .debug_abbrev  0x000000000000557b      0x1f2 build/sam_e70_xult/debug/_ext/977623654/port.o
 .debug_abbrev  0x000000000000576d      0x26f build/sam_e70_xult/debug/_ext/1665200909/heap_1.o
 .debug_abbrev  0x00000000000059dc      0x231 build/sam_e70_xult/debug/_ext/404212886/list.o
 .debug_abbrev  0x0000000000005c0d      0x400 build/sam_e70_xult/debug/_ext/404212886/queue.o
 .debug_abbrev  0x000000000000600d      0x49e build/sam_e70_xult/debug/_ext/404212886/FreeRTOS_tasks.o
 .debug_abbrev  0x00000000000064ab      0x218 build/sam_e70_xult/debug/_ext/1360937237/main.o
 .debug_abbrev  0x00000000000066c3      0x28c build/sam_e70_xult/debug/_ext/1360937237/app_communication.o
 .debug_abbrev  0x000000000000694f      0x31f build/sam_e70_xult/debug/_ext/1360937237/app_mast_control.o
 .debug_abbrev  0x0000000000006c6e      0x288 build/sam_e70_xult/debug/_ext/1360937237/app_course_algorithm.o
 .debug_abbrev  0x0000000000006ef6      0x1ea build/sam_e70_xult/debug/_ext/1360937237/app_rudder_control.o
 .debug_abbrev  0x00000000000070e0      0x2ed build/sam_e70_xult/debug/_ext/1360937237/app_anemometer.o
 .debug_abbrev  0x00000000000073cd      0x2cb build/sam_e70_xult/debug/_ext/1360937237/app_gps.o
 .debug_abbrev  0x0000000000007698      0x243 build/sam_e70_xult/debug/_ext/1360937237/radio.o
 .debug_abbrev  0x00000000000078db      0x2b4 build/sam_e70_xult/debug/_ext/1360937237/app_imu.o
 .debug_abbrev  0x0000000000007b8f       0x2a c:/program files/microchip/xc32/v2.50/bin/bin/../../lib/gcc/pic32c/6.2.1/../../../../pic32c/lib/v7e-m/fpv5/hard\libpic32c.a(data_init.o)
 .debug_abbrev  0x0000000000007bb9       0x14 c:/program files/microchip/xc32/v2.50/bin/bin/../../lib/gcc/pic32c/6.2.1/v7e-m/fpv5/hard\libgcc.a(_aeabi_uldivmod.o)
 .debug_abbrev  0x0000000000007bcd      0x163 c:/program files/microchip/xc32/v2.50/bin/bin/../../lib/gcc/pic32c/6.2.1/v7e-m/fpv5/hard\libgcc.a(_udivmoddi4.o)
 .debug_abbrev  0x0000000000007d30       0x14 c:/program files/microchip/xc32/v2.50/bin/bin/../../lib/gcc/pic32c/6.2.1/v7e-m/fpv5/hard\libgcc.a(_dvmd_tls.o)
 .debug_abbrev  0x0000000000007d44      0x187 c:/program files/microchip/xc32/v2.50/bin/bin/../../lib/gcc/pic32c/6.2.1/../../../../pic32c/lib/v7e-m/fpv5/hard\libg_nano.a(lib_a-atof.o)
 .debug_abbrev  0x0000000000007ecb      0x199 c:/program files/microchip/xc32/v2.50/bin/bin/../../lib/gcc/pic32c/6.2.1/../../../../pic32c/lib/v7e-m/fpv5/hard\libg_nano.a(lib_a-atoi.o)
 .debug_abbrev  0x0000000000008064       0xa3 c:/program files/microchip/xc32/v2.50/bin/bin/../../lib/gcc/pic32c/6.2.1/../../../../pic32c/lib/v7e-m/fpv5/hard\libg_nano.a(lib_a-init.o)
 .debug_abbrev  0x0000000000008107      0x1bd c:/program files/microchip/xc32/v2.50/bin/bin/../../lib/gcc/pic32c/6.2.1/../../../../pic32c/lib/v7e-m/fpv5/hard\libg_nano.a(lib_a-itoa.o)
 .debug_abbrev  0x00000000000082c4      0x256 c:/program files/microchip/xc32/v2.50/bin/bin/../../lib/gcc/pic32c/6.2.1/../../../../pic32c/lib/v7e-m/fpv5/hard\libg_nano.a(lib_a-locale.o)
 .debug_abbrev  0x000000000000851a      0x1b3 c:/program files/microchip/xc32/v2.50/bin/bin/../../lib/gcc/pic32c/6.2.1/../../../../pic32c/lib/v7e-m/fpv5/hard\libg_nano.a(lib_a-malloc.o)
 .debug_abbrev  0x00000000000086cd      0x1be c:/program files/microchip/xc32/v2.50/bin/bin/../../lib/gcc/pic32c/6.2.1/../../../../pic32c/lib/v7e-m/fpv5/hard\libg_nano.a(lib_a-mbtowc_r.o)
 .debug_abbrev  0x000000000000888b      0x17c c:/program files/microchip/xc32/v2.50/bin/bin/../../lib/gcc/pic32c/6.2.1/../../../../pic32c/lib/v7e-m/fpv5/hard\libg_nano.a(lib_a-memcpy-stub.o)
 .debug_abbrev  0x0000000000008a07      0x170 c:/program files/microchip/xc32/v2.50/bin/bin/../../lib/gcc/pic32c/6.2.1/../../../../pic32c/lib/v7e-m/fpv5/hard\libg_nano.a(lib_a-memset.o)
 .debug_abbrev  0x0000000000008b77      0x281 c:/program files/microchip/xc32/v2.50/bin/bin/../../lib/gcc/pic32c/6.2.1/../../../../pic32c/lib/v7e-m/fpv5/hard\libg_nano.a(lib_a-nano-mallocr.o)
 .debug_abbrev  0x0000000000008df8      0x1a8 c:/program files/microchip/xc32/v2.50/bin/bin/../../lib/gcc/pic32c/6.2.1/../../../../pic32c/lib/v7e-m/fpv5/hard\libg_nano.a(lib_a-sbrkr.o)
 .debug_abbrev  0x0000000000008fa0      0x168 c:/program files/microchip/xc32/v2.50/bin/bin/../../lib/gcc/pic32c/6.2.1/../../../../pic32c/lib/v7e-m/fpv5/hard\libg_nano.a(lib_a-strchr.o)
 .debug_abbrev  0x0000000000009108      0x157 c:/program files/microchip/xc32/v2.50/bin/bin/../../lib/gcc/pic32c/6.2.1/../../../../pic32c/lib/v7e-m/fpv5/hard\libg_nano.a(lib_a-strcpy.o)
 .debug_abbrev  0x000000000000925f       0x14 c:/program files/microchip/xc32/v2.50/bin/bin/../../lib/gcc/pic32c/6.2.1/../../../../pic32c/lib/v7e-m/fpv5/hard\libg_nano.a(lib_a-strlen.o)
 .debug_abbrev  0x0000000000009273      0x148 c:/program files/microchip/xc32/v2.50/bin/bin/../../lib/gcc/pic32c/6.2.1/../../../../pic32c/lib/v7e-m/fpv5/hard\libg_nano.a(lib_a-strncmp.o)
 .debug_abbrev  0x00000000000093bb      0x166 c:/program files/microchip/xc32/v2.50/bin/bin/../../lib/gcc/pic32c/6.2.1/../../../../pic32c/lib/v7e-m/fpv5/hard\libg_nano.a(lib_a-strncpy.o)
 .debug_abbrev  0x0000000000009521      0x32c c:/program files/microchip/xc32/v2.50/bin/bin/../../lib/gcc/pic32c/6.2.1/../../../../pic32c/lib/v7e-m/fpv5/hard\libg_nano.a(lib_a-strtod.o)
 .debug_abbrev  0x000000000000984d      0x217 c:/program files/microchip/xc32/v2.50/bin/bin/../../lib/gcc/pic32c/6.2.1/../../../../pic32c/lib/v7e-m/fpv5/hard\libg_nano.a(lib_a-strtol.o)
 .debug_abbrev  0x0000000000009a64      0x1c8 c:/program files/microchip/xc32/v2.50/bin/bin/../../lib/gcc/pic32c/6.2.1/../../../../pic32c/lib/v7e-m/fpv5/hard\libg_nano.a(lib_a-utoa.o)
 .debug_abbrev  0x0000000000009c2c      0x1da c:/program files/microchip/xc32/v2.50/bin/bin/../../lib/gcc/pic32c/6.2.1/../../../../pic32c/lib/v7e-m/fpv5/hard\libg_nano.a(lib_a-wctomb_r.o)
 .debug_abbrev  0x0000000000009e06      0x131 c:/program files/microchip/xc32/v2.50/bin/bin/../../lib/gcc/pic32c/6.2.1/../../../../pic32c/lib/v7e-m/fpv5/hard\libg_nano.a(lib_a-ctype_.o)
 .debug_abbrev  0x0000000000009f37      0x2df c:/program files/microchip/xc32/v2.50/bin/bin/../../lib/gcc/pic32c/6.2.1/../../../../pic32c/lib/v7e-m/fpv5/hard\libg_nano.a(lib_a-gdtoa-gethex.o)
 .debug_abbrev  0x000000000000a216      0x206 c:/program files/microchip/xc32/v2.50/bin/bin/../../lib/gcc/pic32c/6.2.1/../../../../pic32c/lib/v7e-m/fpv5/hard\libg_nano.a(lib_a-gdtoa-hexnan.o)
 .debug_abbrev  0x000000000000a41c      0x131 c:/program files/microchip/xc32/v2.50/bin/bin/../../lib/gcc/pic32c/6.2.1/../../../../pic32c/lib/v7e-m/fpv5/hard\libg_nano.a(lib_a-impure.o)
 .debug_abbrev  0x000000000000a54d      0x1d6 c:/program files/microchip/xc32/v2.50/bin/bin/../../lib/gcc/pic32c/6.2.1/../../../../pic32c/lib/v7e-m/fpv5/hard\libg_nano.a(lib_a-localeconv.o)
 .debug_abbrev  0x000000000000a723      0x165 c:/program files/microchip/xc32/v2.50/bin/bin/../../lib/gcc/pic32c/6.2.1/../../../../pic32c/lib/v7e-m/fpv5/hard\libg_nano.a(lib_a-mlock.o)
 .debug_abbrev  0x000000000000a888      0x2e4 c:/program files/microchip/xc32/v2.50/bin/bin/../../lib/gcc/pic32c/6.2.1/../../../../pic32c/lib/v7e-m/fpv5/hard\libg_nano.a(lib_a-mprec.o)
 .debug_abbrev  0x000000000000ab6c      0x1b9 c:/program files/microchip/xc32/v2.50/bin/bin/../../lib/gcc/pic32c/6.2.1/../../../../pic32c/lib/v7e-m/fpv5/hard\libg_nano.a(lib_a-nano-callocr.o)
 .debug_abbrev  0x000000000000ad25      0x1f8 c:/program files/microchip/xc32/v2.50/bin/bin/../../lib/gcc/pic32c/6.2.1/../../../../pic32c/lib/v7e-m/fpv5/hard\libg_nano.a(lib_a-reent.o)
 .debug_abbrev  0x000000000000af1d      0x1af c:/program files/microchip/xc32/v2.50/bin/bin/../../lib/gcc/pic32c/6.2.1/../../../../pic32c/lib/v7e-m/fpv5/hard\libm_nano.a(lib_a-w_atan2.o)
 .debug_abbrev  0x000000000000b0cc      0x21e c:/program files/microchip/xc32/v2.50/bin/bin/../../lib/gcc/pic32c/6.2.1/../../../../pic32c/lib/v7e-m/fpv5/hard\libm_nano.a(lib_a-e_atan2.o)
 .debug_abbrev  0x000000000000b2ea      0x208 c:/program files/microchip/xc32/v2.50/bin/bin/../../lib/gcc/pic32c/6.2.1/../../../../pic32c/lib/v7e-m/fpv5/hard\libm_nano.a(lib_a-s_atan.o)
 .debug_abbrev  0x000000000000b4f2      0x1cd c:/program files/microchip/xc32/v2.50/bin/bin/../../lib/gcc/pic32c/6.2.1/../../../../pic32c/lib/v7e-m/fpv5/hard\libm_nano.a(lib_a-s_fabs.o)
 .debug_abbrev  0x000000000000b6bf       0x2a c:/program files/microchip/xc32/v2.50/bin/bin/../../lib/gcc/pic32c/6.2.1/../../../../pic32c/lib/v7e-m/fpv5/hard\libpic32c.a(sbrk.o)

.debug_loc      0x0000000000000000    0x253df
 .debug_loc     0x0000000000000000      0xa31 build/sam_e70_xult/debug/_ext/957281314/drv_i2c.o
 .debug_loc     0x0000000000000a31       0x41 build/sam_e70_xult/debug/_ext/1565510230/drv_sdmmc_file_system.o
 .debug_loc     0x0000000000000a72     0x1be5 build/sam_e70_xult/debug/_ext/1565510230/drv_sdmmc.o
 .debug_loc     0x0000000000002657      0xb95 build/sam_e70_xult/debug/_ext/716655881/drv_usart.o
 .debug_loc     0x00000000000031ec      0x636 build/sam_e70_xult/debug/_ext/1613695899/osal_freertos.o
 .debug_loc     0x0000000000003822      0x33e build/sam_e70_xult/debug/_ext/1055499099/plib_efc.o
 .debug_loc     0x0000000000003b60      0x4c2 build/sam_e70_xult/debug/_ext/719181653/plib_hsmci.o
 .debug_loc     0x0000000000004022      0x261 build/sam_e70_xult/debug/_ext/1639550079/plib_nvic.o
 .debug_loc     0x0000000000004283      0x2ac build/sam_e70_xult/debug/_ext/1055488423/plib_pio.o
 .debug_loc     0x000000000000452f      0x1b4 build/sam_e70_xult/debug/_ext/1055487991/plib_pwm0.o
 .debug_loc     0x00000000000046e3       0x42 build/sam_e70_xult/debug/_ext/865331892/plib_tc3.o
 .debug_loc     0x0000000000004725      0x55d build/sam_e70_xult/debug/_ext/1539215101/plib_twihs0_master.o
 .debug_loc     0x0000000000004c82      0x4e4 build/sam_e70_xult/debug/_ext/707186936/plib_usart1.o
 .debug_loc     0x0000000000005166      0x4e4 build/sam_e70_xult/debug/_ext/707186936/plib_usart0.o
 .debug_loc     0x000000000000564a      0x4e4 build/sam_e70_xult/debug/_ext/707186936/plib_usart2.o
 .debug_loc     0x0000000000005b2e      0x2f0 build/sam_e70_xult/debug/_ext/704852250/plib_xdmac.o
 .debug_loc     0x0000000000005e1e      0x503 build/sam_e70_xult/debug/_ext/876653320/sys_cache.o
 .debug_loc     0x0000000000006321      0x16b build/sam_e70_xult/debug/_ext/984150034/sys_dma.o
 .debug_loc     0x000000000000648c     0x7d44 build/sam_e70_xult/debug/_ext/1043829778/ff.o
 .debug_loc     0x000000000000e1d0      0x477 build/sam_e70_xult/debug/_ext/1043829778/ffunicode.o
 .debug_loc     0x000000000000e647      0x84f build/sam_e70_xult/debug/_ext/1893760823/diskio.o
 .debug_loc     0x000000000000ee96     0x444a build/sam_e70_xult/debug/_ext/1305476372/sys_fs.o
 .debug_loc     0x00000000000132e0     0x142f build/sam_e70_xult/debug/_ext/1305476372/sys_fs_media_manager.o
 .debug_loc     0x000000000001470f     0x1781 build/sam_e70_xult/debug/_ext/1305476372/sys_fs_fat_interface.o
 .debug_loc     0x0000000000015e90      0x148 build/sam_e70_xult/debug/_ext/766002106/sys_int.o
 .debug_loc     0x0000000000015fd8     0x1f60 build/sam_e70_xult/debug/_ext/327803284/sys_time.o
 .debug_loc     0x0000000000017f38       0x41 build/sam_e70_xult/debug/_ext/1728594169/initialization.o
 .debug_loc     0x0000000000017f79       0x6d build/sam_e70_xult/debug/_ext/1728594169/startup_xc32.o
 .debug_loc     0x0000000000017fe6       0x7a build/sam_e70_xult/debug/_ext/1728594169/freertos_hooks.o
 .debug_loc     0x0000000000018060      0x281 build/sam_e70_xult/debug/_ext/1728594169/tasks.o
 .debug_loc     0x00000000000182e1      0x122 build/sam_e70_xult/debug/_ext/977623654/port.o
 .debug_loc     0x0000000000018403       0x74 build/sam_e70_xult/debug/_ext/1665200909/heap_1.o
 .debug_loc     0x0000000000018477       0x9c build/sam_e70_xult/debug/_ext/404212886/list.o
 .debug_loc     0x0000000000018513     0x1335 build/sam_e70_xult/debug/_ext/404212886/queue.o
 .debug_loc     0x0000000000019848     0x1cdf build/sam_e70_xult/debug/_ext/404212886/FreeRTOS_tasks.o
 .debug_loc     0x000000000001b527       0x20 build/sam_e70_xult/debug/_ext/1360937237/main.o
 .debug_loc     0x000000000001b547       0xc4 build/sam_e70_xult/debug/_ext/1360937237/app_communication.o
 .debug_loc     0x000000000001b60b       0xd4 build/sam_e70_xult/debug/_ext/1360937237/app_mast_control.o
 .debug_loc     0x000000000001b6df      0x6cb build/sam_e70_xult/debug/_ext/1360937237/app_course_algorithm.o
 .debug_loc     0x000000000001bdaa       0x14 build/sam_e70_xult/debug/_ext/1360937237/app_rudder_control.o
 .debug_loc     0x000000000001bdbe     0x1595 build/sam_e70_xult/debug/_ext/1360937237/app_anemometer.o
 .debug_loc     0x000000000001d353      0x643 build/sam_e70_xult/debug/_ext/1360937237/app_gps.o
 .debug_loc     0x000000000001d996      0x185 build/sam_e70_xult/debug/_ext/1360937237/radio.o
 .debug_loc     0x000000000001db1b      0x2a0 build/sam_e70_xult/debug/_ext/1360937237/app_imu.o
 .debug_loc     0x000000000001ddbb      0xc35 c:/program files/microchip/xc32/v2.50/bin/bin/../../lib/gcc/pic32c/6.2.1/v7e-m/fpv5/hard\libgcc.a(_udivmoddi4.o)
 .debug_loc     0x000000000001e9f0       0x21 c:/program files/microchip/xc32/v2.50/bin/bin/../../lib/gcc/pic32c/6.2.1/../../../../pic32c/lib/v7e-m/fpv5/hard\libg_nano.a(lib_a-atof.o)
 .debug_loc     0x000000000001ea11       0x63 c:/program files/microchip/xc32/v2.50/bin/bin/../../lib/gcc/pic32c/6.2.1/../../../../pic32c/lib/v7e-m/fpv5/hard\libg_nano.a(lib_a-atoi.o)
 .debug_loc     0x000000000001ea74       0x74 c:/program files/microchip/xc32/v2.50/bin/bin/../../lib/gcc/pic32c/6.2.1/../../../../pic32c/lib/v7e-m/fpv5/hard\libg_nano.a(lib_a-init.o)
 .debug_loc     0x000000000001eae8      0x1c9 c:/program files/microchip/xc32/v2.50/bin/bin/../../lib/gcc/pic32c/6.2.1/../../../../pic32c/lib/v7e-m/fpv5/hard\libg_nano.a(lib_a-itoa.o)
 .debug_loc     0x000000000001ecb1      0x17b c:/program files/microchip/xc32/v2.50/bin/bin/../../lib/gcc/pic32c/6.2.1/../../../../pic32c/lib/v7e-m/fpv5/hard\libg_nano.a(lib_a-locale.o)
 .debug_loc     0x000000000001ee2c       0x58 c:/program files/microchip/xc32/v2.50/bin/bin/../../lib/gcc/pic32c/6.2.1/../../../../pic32c/lib/v7e-m/fpv5/hard\libg_nano.a(lib_a-malloc.o)
 .debug_loc     0x000000000001ee84      0x229 c:/program files/microchip/xc32/v2.50/bin/bin/../../lib/gcc/pic32c/6.2.1/../../../../pic32c/lib/v7e-m/fpv5/hard\libg_nano.a(lib_a-mbtowc_r.o)
 .debug_loc     0x000000000001f0ad       0xb2 c:/program files/microchip/xc32/v2.50/bin/bin/../../lib/gcc/pic32c/6.2.1/../../../../pic32c/lib/v7e-m/fpv5/hard\libg_nano.a(lib_a-memcpy-stub.o)
 .debug_loc     0x000000000001f15f       0x4c c:/program files/microchip/xc32/v2.50/bin/bin/../../lib/gcc/pic32c/6.2.1/../../../../pic32c/lib/v7e-m/fpv5/hard\libg_nano.a(lib_a-memset.o)
 .debug_loc     0x000000000001f1ab      0x326 c:/program files/microchip/xc32/v2.50/bin/bin/../../lib/gcc/pic32c/6.2.1/../../../../pic32c/lib/v7e-m/fpv5/hard\libg_nano.a(lib_a-nano-mallocr.o)
 .debug_loc     0x000000000001f4d1       0x6d c:/program files/microchip/xc32/v2.50/bin/bin/../../lib/gcc/pic32c/6.2.1/../../../../pic32c/lib/v7e-m/fpv5/hard\libg_nano.a(lib_a-sbrkr.o)
 .debug_loc     0x000000000001f53e       0x6b c:/program files/microchip/xc32/v2.50/bin/bin/../../lib/gcc/pic32c/6.2.1/../../../../pic32c/lib/v7e-m/fpv5/hard\libg_nano.a(lib_a-strchr.o)
 .debug_loc     0x000000000001f5a9       0x21 c:/program files/microchip/xc32/v2.50/bin/bin/../../lib/gcc/pic32c/6.2.1/../../../../pic32c/lib/v7e-m/fpv5/hard\libg_nano.a(lib_a-strcpy.o)
 .debug_loc     0x000000000001f5ca      0x103 c:/program files/microchip/xc32/v2.50/bin/bin/../../lib/gcc/pic32c/6.2.1/../../../../pic32c/lib/v7e-m/fpv5/hard\libg_nano.a(lib_a-strncmp.o)
 .debug_loc     0x000000000001f6cd      0x116 c:/program files/microchip/xc32/v2.50/bin/bin/../../lib/gcc/pic32c/6.2.1/../../../../pic32c/lib/v7e-m/fpv5/hard\libg_nano.a(lib_a-strncpy.o)
 .debug_loc     0x000000000001f7e3     0x19b2 c:/program files/microchip/xc32/v2.50/bin/bin/../../lib/gcc/pic32c/6.2.1/../../../../pic32c/lib/v7e-m/fpv5/hard\libg_nano.a(lib_a-strtod.o)
 .debug_loc     0x0000000000021195      0x545 c:/program files/microchip/xc32/v2.50/bin/bin/../../lib/gcc/pic32c/6.2.1/../../../../pic32c/lib/v7e-m/fpv5/hard\libg_nano.a(lib_a-strtol.o)
 .debug_loc     0x00000000000216da      0x202 c:/program files/microchip/xc32/v2.50/bin/bin/../../lib/gcc/pic32c/6.2.1/../../../../pic32c/lib/v7e-m/fpv5/hard\libg_nano.a(lib_a-utoa.o)
 .debug_loc     0x00000000000218dc      0x116 c:/program files/microchip/xc32/v2.50/bin/bin/../../lib/gcc/pic32c/6.2.1/../../../../pic32c/lib/v7e-m/fpv5/hard\libg_nano.a(lib_a-wctomb_r.o)
 .debug_loc     0x00000000000219f2      0xc70 c:/program files/microchip/xc32/v2.50/bin/bin/../../lib/gcc/pic32c/6.2.1/../../../../pic32c/lib/v7e-m/fpv5/hard\libg_nano.a(lib_a-gdtoa-gethex.o)
 .debug_loc     0x0000000000022662      0x47b c:/program files/microchip/xc32/v2.50/bin/bin/../../lib/gcc/pic32c/6.2.1/../../../../pic32c/lib/v7e-m/fpv5/hard\libg_nano.a(lib_a-gdtoa-hexnan.o)
 .debug_loc     0x0000000000022add       0x63 c:/program files/microchip/xc32/v2.50/bin/bin/../../lib/gcc/pic32c/6.2.1/../../../../pic32c/lib/v7e-m/fpv5/hard\libg_nano.a(lib_a-localeconv.o)
 .debug_loc     0x0000000000022b40     0x1c64 c:/program files/microchip/xc32/v2.50/bin/bin/../../lib/gcc/pic32c/6.2.1/../../../../pic32c/lib/v7e-m/fpv5/hard\libg_nano.a(lib_a-mprec.o)
 .debug_loc     0x00000000000247a4       0xa1 c:/program files/microchip/xc32/v2.50/bin/bin/../../lib/gcc/pic32c/6.2.1/../../../../pic32c/lib/v7e-m/fpv5/hard\libg_nano.a(lib_a-nano-callocr.o)
 .debug_loc     0x0000000000024845      0x15e c:/program files/microchip/xc32/v2.50/bin/bin/../../lib/gcc/pic32c/6.2.1/../../../../pic32c/lib/v7e-m/fpv5/hard\libg_nano.a(lib_a-reent.o)
 .debug_loc     0x00000000000249a3       0x56 c:/program files/microchip/xc32/v2.50/bin/bin/../../lib/gcc/pic32c/6.2.1/../../../../pic32c/lib/v7e-m/fpv5/hard\libm_nano.a(lib_a-w_atan2.o)
 .debug_loc     0x00000000000249f9      0x752 c:/program files/microchip/xc32/v2.50/bin/bin/../../lib/gcc/pic32c/6.2.1/../../../../pic32c/lib/v7e-m/fpv5/hard\libm_nano.a(lib_a-e_atan2.o)
 .debug_loc     0x000000000002514b      0x257 c:/program files/microchip/xc32/v2.50/bin/bin/../../lib/gcc/pic32c/6.2.1/../../../../pic32c/lib/v7e-m/fpv5/hard\libm_nano.a(lib_a-s_atan.o)
 .debug_loc     0x00000000000253a2       0x3d c:/program files/microchip/xc32/v2.50/bin/bin/../../lib/gcc/pic32c/6.2.1/../../../../pic32c/lib/v7e-m/fpv5/hard\libm_nano.a(lib_a-s_fabs.o)

.debug_aranges  0x0000000000000000     0x1c20
 .debug_aranges
                0x0000000000000000       0x78 build/sam_e70_xult/debug/_ext/957281314/drv_i2c.o
 .debug_aranges
                0x0000000000000078       0x20 build/sam_e70_xult/debug/_ext/1565510230/drv_sdmmc_file_system.o
 .debug_aranges
                0x0000000000000098       0xb0 build/sam_e70_xult/debug/_ext/1565510230/drv_sdmmc.o
 .debug_aranges
                0x0000000000000148       0x80 build/sam_e70_xult/debug/_ext/716655881/drv_usart.o
 .debug_aranges
                0x00000000000001c8       0x90 build/sam_e70_xult/debug/_ext/1613695899/osal_freertos.o
 .debug_aranges
                0x0000000000000258       0x20 build/sam_e70_xult/debug/_ext/1055500827/plib_clk.o
 .debug_aranges
                0x0000000000000278       0x60 build/sam_e70_xult/debug/_ext/1055499099/plib_efc.o
 .debug_aranges
                0x00000000000002d8       0x98 build/sam_e70_xult/debug/_ext/719181653/plib_hsmci.o
 .debug_aranges
                0x0000000000000370       0x38 build/sam_e70_xult/debug/_ext/1639550079/plib_nvic.o
 .debug_aranges
                0x00000000000003a8       0x88 build/sam_e70_xult/debug/_ext/1055488423/plib_pio.o
 .debug_aranges
                0x0000000000000430       0x88 build/sam_e70_xult/debug/_ext/1055487991/plib_pwm0.o
 .debug_aranges
                0x00000000000004b8       0x68 build/sam_e70_xult/debug/_ext/865331892/plib_tc3.o
 .debug_aranges
                0x0000000000000520       0x70 build/sam_e70_xult/debug/_ext/1539215101/plib_twihs0_master.o
 .debug_aranges
                0x0000000000000590       0x88 build/sam_e70_xult/debug/_ext/707186936/plib_usart1.o
 .debug_aranges
                0x0000000000000618       0x88 build/sam_e70_xult/debug/_ext/707186936/plib_usart0.o
 .debug_aranges
                0x00000000000006a0       0x88 build/sam_e70_xult/debug/_ext/707186936/plib_usart2.o
 .debug_aranges
                0x0000000000000728       0x70 build/sam_e70_xult/debug/_ext/704852250/plib_xdmac.o
 .debug_aranges
                0x0000000000000798       0x80 build/sam_e70_xult/debug/_ext/876653320/sys_cache.o
 .debug_aranges
                0x0000000000000818       0x28 build/sam_e70_xult/debug/_ext/984150034/sys_dma.o
 .debug_aranges
                0x0000000000000840      0x220 build/sam_e70_xult/debug/_ext/1043829778/ff.o
 .debug_aranges
                0x0000000000000a60       0x30 build/sam_e70_xult/debug/_ext/1043829778/ffunicode.o
 .debug_aranges
                0x0000000000000a90       0x58 build/sam_e70_xult/debug/_ext/1893760823/diskio.o
 .debug_aranges
                0x0000000000000ae8      0x170 build/sam_e70_xult/debug/_ext/1305476372/sys_fs.o
 .debug_aranges
                0x0000000000000c58       0x98 build/sam_e70_xult/debug/_ext/1305476372/sys_fs_media_manager.o
 .debug_aranges
                0x0000000000000cf0      0x130 build/sam_e70_xult/debug/_ext/1305476372/sys_fs_fat_interface.o
 .debug_aranges
                0x0000000000000e20       0x40 build/sam_e70_xult/debug/_ext/766002106/sys_int.o
 .debug_aranges
                0x0000000000000e60      0x130 build/sam_e70_xult/debug/_ext/327803284/sys_time.o
 .debug_aranges
                0x0000000000000f90       0x20 build/sam_e70_xult/debug/_ext/1728594169/initialization.o
 .debug_aranges
                0x0000000000000fb0       0x20 build/sam_e70_xult/debug/_ext/1728594169/interrupts.o
 .debug_aranges
                0x0000000000000fd0       0x48 build/sam_e70_xult/debug/_ext/1728594169/exceptions.o
 .debug_aranges
                0x0000000000001018       0x28 build/sam_e70_xult/debug/_ext/1728594169/startup_xc32.o
 .debug_aranges
                0x0000000000001040       0x40 build/sam_e70_xult/debug/_ext/1728594169/freertos_hooks.o
 .debug_aranges
                0x0000000000001080       0x68 build/sam_e70_xult/debug/_ext/1728594169/tasks.o
 .debug_aranges
                0x00000000000010e8       0x78 build/sam_e70_xult/debug/_ext/977623654/port.o
 .debug_aranges
                0x0000000000001160       0x38 build/sam_e70_xult/debug/_ext/1665200909/heap_1.o
 .debug_aranges
                0x0000000000001198       0x40 build/sam_e70_xult/debug/_ext/404212886/list.o
 .debug_aranges
                0x00000000000011d8       0xc8 build/sam_e70_xult/debug/_ext/404212886/queue.o
 .debug_aranges
                0x00000000000012a0      0x178 build/sam_e70_xult/debug/_ext/404212886/FreeRTOS_tasks.o
 .debug_aranges
                0x0000000000001418       0x20 build/sam_e70_xult/debug/_ext/1360937237/main.o
 .debug_aranges
                0x0000000000001438       0x30 build/sam_e70_xult/debug/_ext/1360937237/app_communication.o
 .debug_aranges
                0x0000000000001468       0x48 build/sam_e70_xult/debug/_ext/1360937237/app_mast_control.o
 .debug_aranges
                0x00000000000014b0       0x38 build/sam_e70_xult/debug/_ext/1360937237/app_course_algorithm.o
 .debug_aranges
                0x00000000000014e8       0x28 build/sam_e70_xult/debug/_ext/1360937237/app_rudder_control.o
 .debug_aranges
                0x0000000000001510       0x40 build/sam_e70_xult/debug/_ext/1360937237/app_anemometer.o
 .debug_aranges
                0x0000000000001550       0x60 build/sam_e70_xult/debug/_ext/1360937237/app_gps.o
 .debug_aranges
                0x00000000000015b0       0x28 build/sam_e70_xult/debug/_ext/1360937237/radio.o
 .debug_aranges
                0x00000000000015d8       0x38 build/sam_e70_xult/debug/_ext/1360937237/app_imu.o
 .debug_aranges
                0x0000000000001610       0x20 c:/program files/microchip/xc32/v2.50/bin/bin/../../lib/gcc/pic32c/6.2.1/../../../../pic32c/lib/v7e-m/fpv5/hard\libpic32c.a(data_init.o)
 .debug_aranges
                0x0000000000001630       0x20 c:/program files/microchip/xc32/v2.50/bin/bin/../../lib/gcc/pic32c/6.2.1/v7e-m/fpv5/hard\libgcc.a(_aeabi_uldivmod.o)
 .debug_aranges
                0x0000000000001650       0x20 c:/program files/microchip/xc32/v2.50/bin/bin/../../lib/gcc/pic32c/6.2.1/v7e-m/fpv5/hard\libgcc.a(_udivmoddi4.o)
 .debug_aranges
                0x0000000000001670       0x20 c:/program files/microchip/xc32/v2.50/bin/bin/../../lib/gcc/pic32c/6.2.1/v7e-m/fpv5/hard\libgcc.a(_dvmd_tls.o)
 .debug_aranges
                0x0000000000001690       0x20 c:/program files/microchip/xc32/v2.50/bin/bin/../../lib/gcc/pic32c/6.2.1/../../../../pic32c/lib/v7e-m/fpv5/hard\libg_nano.a(lib_a-atof.o)
 .debug_aranges
                0x00000000000016b0       0x28 c:/program files/microchip/xc32/v2.50/bin/bin/../../lib/gcc/pic32c/6.2.1/../../../../pic32c/lib/v7e-m/fpv5/hard\libg_nano.a(lib_a-atoi.o)
 .debug_aranges
                0x00000000000016d8       0x20 c:/program files/microchip/xc32/v2.50/bin/bin/../../lib/gcc/pic32c/6.2.1/../../../../pic32c/lib/v7e-m/fpv5/hard\libg_nano.a(lib_a-init.o)
 .debug_aranges
                0x00000000000016f8       0x28 c:/program files/microchip/xc32/v2.50/bin/bin/../../lib/gcc/pic32c/6.2.1/../../../../pic32c/lib/v7e-m/fpv5/hard\libg_nano.a(lib_a-itoa.o)
 .debug_aranges
                0x0000000000001720       0x40 c:/program files/microchip/xc32/v2.50/bin/bin/../../lib/gcc/pic32c/6.2.1/../../../../pic32c/lib/v7e-m/fpv5/hard\libg_nano.a(lib_a-locale.o)
 .debug_aranges
                0x0000000000001760       0x28 c:/program files/microchip/xc32/v2.50/bin/bin/../../lib/gcc/pic32c/6.2.1/../../../../pic32c/lib/v7e-m/fpv5/hard\libg_nano.a(lib_a-malloc.o)
 .debug_aranges
                0x0000000000001788       0x28 c:/program files/microchip/xc32/v2.50/bin/bin/../../lib/gcc/pic32c/6.2.1/../../../../pic32c/lib/v7e-m/fpv5/hard\libg_nano.a(lib_a-mbtowc_r.o)
 .debug_aranges
                0x00000000000017b0       0x20 c:/program files/microchip/xc32/v2.50/bin/bin/../../lib/gcc/pic32c/6.2.1/../../../../pic32c/lib/v7e-m/fpv5/hard\libg_nano.a(lib_a-memcpy-stub.o)
 .debug_aranges
                0x00000000000017d0       0x20 c:/program files/microchip/xc32/v2.50/bin/bin/../../lib/gcc/pic32c/6.2.1/../../../../pic32c/lib/v7e-m/fpv5/hard\libg_nano.a(lib_a-memset.o)
 .debug_aranges
                0x00000000000017f0       0x20 c:/program files/microchip/xc32/v2.50/bin/bin/../../lib/gcc/pic32c/6.2.1/../../../../pic32c/lib/v7e-m/fpv5/hard\libg_nano.a(lib_a-nano-mallocr.o)
 .debug_aranges
                0x0000000000001810       0x20 c:/program files/microchip/xc32/v2.50/bin/bin/../../lib/gcc/pic32c/6.2.1/../../../../pic32c/lib/v7e-m/fpv5/hard\libg_nano.a(lib_a-sbrkr.o)
 .debug_aranges
                0x0000000000001830       0x20 c:/program files/microchip/xc32/v2.50/bin/bin/../../lib/gcc/pic32c/6.2.1/../../../../pic32c/lib/v7e-m/fpv5/hard\libg_nano.a(lib_a-strchr.o)
 .debug_aranges
                0x0000000000001850       0x20 c:/program files/microchip/xc32/v2.50/bin/bin/../../lib/gcc/pic32c/6.2.1/../../../../pic32c/lib/v7e-m/fpv5/hard\libg_nano.a(lib_a-strcpy.o)
 .debug_aranges
                0x0000000000001870       0x20 c:/program files/microchip/xc32/v2.50/bin/bin/../../lib/gcc/pic32c/6.2.1/../../../../pic32c/lib/v7e-m/fpv5/hard\libg_nano.a(lib_a-strlen.o)
 .debug_aranges
                0x0000000000001890       0x20 c:/program files/microchip/xc32/v2.50/bin/bin/../../lib/gcc/pic32c/6.2.1/../../../../pic32c/lib/v7e-m/fpv5/hard\libg_nano.a(lib_a-strncmp.o)
 .debug_aranges
                0x00000000000018b0       0x20 c:/program files/microchip/xc32/v2.50/bin/bin/../../lib/gcc/pic32c/6.2.1/../../../../pic32c/lib/v7e-m/fpv5/hard\libg_nano.a(lib_a-strncpy.o)
 .debug_aranges
                0x00000000000018d0       0x50 c:/program files/microchip/xc32/v2.50/bin/bin/../../lib/gcc/pic32c/6.2.1/../../../../pic32c/lib/v7e-m/fpv5/hard\libg_nano.a(lib_a-strtod.o)
 .debug_aranges
                0x0000000000001920       0x38 c:/program files/microchip/xc32/v2.50/bin/bin/../../lib/gcc/pic32c/6.2.1/../../../../pic32c/lib/v7e-m/fpv5/hard\libg_nano.a(lib_a-strtol.o)
 .debug_aranges
                0x0000000000001958       0x28 c:/program files/microchip/xc32/v2.50/bin/bin/../../lib/gcc/pic32c/6.2.1/../../../../pic32c/lib/v7e-m/fpv5/hard\libg_nano.a(lib_a-utoa.o)
 .debug_aranges
                0x0000000000001980       0x28 c:/program files/microchip/xc32/v2.50/bin/bin/../../lib/gcc/pic32c/6.2.1/../../../../pic32c/lib/v7e-m/fpv5/hard\libg_nano.a(lib_a-wctomb_r.o)
 .debug_aranges
                0x00000000000019a8       0x18 c:/program files/microchip/xc32/v2.50/bin/bin/../../lib/gcc/pic32c/6.2.1/../../../../pic32c/lib/v7e-m/fpv5/hard\libg_nano.a(lib_a-ctype_.o)
 .debug_aranges
                0x00000000000019c0       0x30 c:/program files/microchip/xc32/v2.50/bin/bin/../../lib/gcc/pic32c/6.2.1/../../../../pic32c/lib/v7e-m/fpv5/hard\libg_nano.a(lib_a-gdtoa-gethex.o)
 .debug_aranges
                0x00000000000019f0       0x30 c:/program files/microchip/xc32/v2.50/bin/bin/../../lib/gcc/pic32c/6.2.1/../../../../pic32c/lib/v7e-m/fpv5/hard\libg_nano.a(lib_a-gdtoa-hexnan.o)
 .debug_aranges
                0x0000000000001a20       0x18 c:/program files/microchip/xc32/v2.50/bin/bin/../../lib/gcc/pic32c/6.2.1/../../../../pic32c/lib/v7e-m/fpv5/hard\libg_nano.a(lib_a-impure.o)
 .debug_aranges
                0x0000000000001a38       0x30 c:/program files/microchip/xc32/v2.50/bin/bin/../../lib/gcc/pic32c/6.2.1/../../../../pic32c/lib/v7e-m/fpv5/hard\libg_nano.a(lib_a-localeconv.o)
 .debug_aranges
                0x0000000000001a68       0x20 c:/program files/microchip/xc32/v2.50/bin/bin/../../lib/gcc/pic32c/6.2.1/../../../../pic32c/lib/v7e-m/fpv5/hard\libg_nano.a(lib_a-mlock.o)
 .debug_aranges
                0x0000000000001a88       0xb0 c:/program files/microchip/xc32/v2.50/bin/bin/../../lib/gcc/pic32c/6.2.1/../../../../pic32c/lib/v7e-m/fpv5/hard\libg_nano.a(lib_a-mprec.o)
 .debug_aranges
                0x0000000000001b38       0x20 c:/program files/microchip/xc32/v2.50/bin/bin/../../lib/gcc/pic32c/6.2.1/../../../../pic32c/lib/v7e-m/fpv5/hard\libg_nano.a(lib_a-nano-callocr.o)
 .debug_aranges
                0x0000000000001b58       0x28 c:/program files/microchip/xc32/v2.50/bin/bin/../../lib/gcc/pic32c/6.2.1/../../../../pic32c/lib/v7e-m/fpv5/hard\libg_nano.a(lib_a-reent.o)
 .debug_aranges
                0x0000000000001b80       0x20 c:/program files/microchip/xc32/v2.50/bin/bin/../../lib/gcc/pic32c/6.2.1/../../../../pic32c/lib/v7e-m/fpv5/hard\libm_nano.a(lib_a-w_atan2.o)
 .debug_aranges
                0x0000000000001ba0       0x20 c:/program files/microchip/xc32/v2.50/bin/bin/../../lib/gcc/pic32c/6.2.1/../../../../pic32c/lib/v7e-m/fpv5/hard\libm_nano.a(lib_a-e_atan2.o)
 .debug_aranges
                0x0000000000001bc0       0x20 c:/program files/microchip/xc32/v2.50/bin/bin/../../lib/gcc/pic32c/6.2.1/../../../../pic32c/lib/v7e-m/fpv5/hard\libm_nano.a(lib_a-s_atan.o)
 .debug_aranges
                0x0000000000001be0       0x20 c:/program files/microchip/xc32/v2.50/bin/bin/../../lib/gcc/pic32c/6.2.1/../../../../pic32c/lib/v7e-m/fpv5/hard\libm_nano.a(lib_a-s_fabs.o)
 .debug_aranges
                0x0000000000001c00       0x20 c:/program files/microchip/xc32/v2.50/bin/bin/../../lib/gcc/pic32c/6.2.1/../../../../pic32c/lib/v7e-m/fpv5/hard\libpic32c.a(sbrk.o)

.debug_ranges   0x0000000000000000     0x1db0
 .debug_ranges  0x0000000000000000       0x68 build/sam_e70_xult/debug/_ext/957281314/drv_i2c.o
 .debug_ranges  0x0000000000000068       0x10 build/sam_e70_xult/debug/_ext/1565510230/drv_sdmmc_file_system.o
 .debug_ranges  0x0000000000000078      0x100 build/sam_e70_xult/debug/_ext/1565510230/drv_sdmmc.o
 .debug_ranges  0x0000000000000178       0x88 build/sam_e70_xult/debug/_ext/716655881/drv_usart.o
 .debug_ranges  0x0000000000000200       0x80 build/sam_e70_xult/debug/_ext/1613695899/osal_freertos.o
 .debug_ranges  0x0000000000000280       0x10 build/sam_e70_xult/debug/_ext/1055500827/plib_clk.o
 .debug_ranges  0x0000000000000290       0x50 build/sam_e70_xult/debug/_ext/1055499099/plib_efc.o
 .debug_ranges  0x00000000000002e0       0x88 build/sam_e70_xult/debug/_ext/719181653/plib_hsmci.o
 .debug_ranges  0x0000000000000368       0x28 build/sam_e70_xult/debug/_ext/1639550079/plib_nvic.o
 .debug_ranges  0x0000000000000390       0x78 build/sam_e70_xult/debug/_ext/1055488423/plib_pio.o
 .debug_ranges  0x0000000000000408       0x78 build/sam_e70_xult/debug/_ext/1055487991/plib_pwm0.o
 .debug_ranges  0x0000000000000480       0x58 build/sam_e70_xult/debug/_ext/865331892/plib_tc3.o
 .debug_ranges  0x00000000000004d8       0x60 build/sam_e70_xult/debug/_ext/1539215101/plib_twihs0_master.o
 .debug_ranges  0x0000000000000538       0x78 build/sam_e70_xult/debug/_ext/707186936/plib_usart1.o
 .debug_ranges  0x00000000000005b0       0x78 build/sam_e70_xult/debug/_ext/707186936/plib_usart0.o
 .debug_ranges  0x0000000000000628       0x78 build/sam_e70_xult/debug/_ext/707186936/plib_usart2.o
 .debug_ranges  0x00000000000006a0       0x60 build/sam_e70_xult/debug/_ext/704852250/plib_xdmac.o
 .debug_ranges  0x0000000000000700       0xa0 build/sam_e70_xult/debug/_ext/876653320/sys_cache.o
 .debug_ranges  0x00000000000007a0       0x18 build/sam_e70_xult/debug/_ext/984150034/sys_dma.o
 .debug_ranges  0x00000000000007b8      0x3a8 build/sam_e70_xult/debug/_ext/1043829778/ff.o
 .debug_ranges  0x0000000000000b60       0x20 build/sam_e70_xult/debug/_ext/1043829778/ffunicode.o
 .debug_ranges  0x0000000000000b80       0x60 build/sam_e70_xult/debug/_ext/1893760823/diskio.o
 .debug_ranges  0x0000000000000be0      0x160 build/sam_e70_xult/debug/_ext/1305476372/sys_fs.o
 .debug_ranges  0x0000000000000d40      0x108 build/sam_e70_xult/debug/_ext/1305476372/sys_fs_media_manager.o
 .debug_ranges  0x0000000000000e48      0x120 build/sam_e70_xult/debug/_ext/1305476372/sys_fs_fat_interface.o
 .debug_ranges  0x0000000000000f68       0x30 build/sam_e70_xult/debug/_ext/766002106/sys_int.o
 .debug_ranges  0x0000000000000f98      0x168 build/sam_e70_xult/debug/_ext/327803284/sys_time.o
 .debug_ranges  0x0000000000001100       0x10 build/sam_e70_xult/debug/_ext/1728594169/initialization.o
 .debug_ranges  0x0000000000001110       0x10 build/sam_e70_xult/debug/_ext/1728594169/interrupts.o
 .debug_ranges  0x0000000000001120       0x38 build/sam_e70_xult/debug/_ext/1728594169/exceptions.o
 .debug_ranges  0x0000000000001158       0x18 build/sam_e70_xult/debug/_ext/1728594169/startup_xc32.o
 .debug_ranges  0x0000000000001170       0x30 build/sam_e70_xult/debug/_ext/1728594169/freertos_hooks.o
 .debug_ranges  0x00000000000011a0       0x58 build/sam_e70_xult/debug/_ext/1728594169/tasks.o
 .debug_ranges  0x00000000000011f8       0x68 build/sam_e70_xult/debug/_ext/977623654/port.o
 .debug_ranges  0x0000000000001260       0x28 build/sam_e70_xult/debug/_ext/1665200909/heap_1.o
 .debug_ranges  0x0000000000001288       0x30 build/sam_e70_xult/debug/_ext/404212886/list.o
 .debug_ranges  0x00000000000012b8      0x1b8 build/sam_e70_xult/debug/_ext/404212886/queue.o
 .debug_ranges  0x0000000000001470      0x288 build/sam_e70_xult/debug/_ext/404212886/FreeRTOS_tasks.o
 .debug_ranges  0x00000000000016f8       0x10 build/sam_e70_xult/debug/_ext/1360937237/main.o
 .debug_ranges  0x0000000000001708       0x20 build/sam_e70_xult/debug/_ext/1360937237/app_communication.o
 .debug_ranges  0x0000000000001728       0x38 build/sam_e70_xult/debug/_ext/1360937237/app_mast_control.o
 .debug_ranges  0x0000000000001760       0x28 build/sam_e70_xult/debug/_ext/1360937237/app_course_algorithm.o
 .debug_ranges  0x0000000000001788       0x18 build/sam_e70_xult/debug/_ext/1360937237/app_rudder_control.o
 .debug_ranges  0x00000000000017a0       0x30 build/sam_e70_xult/debug/_ext/1360937237/app_anemometer.o
 .debug_ranges  0x00000000000017d0       0x50 build/sam_e70_xult/debug/_ext/1360937237/app_gps.o
 .debug_ranges  0x0000000000001820       0x18 build/sam_e70_xult/debug/_ext/1360937237/radio.o
 .debug_ranges  0x0000000000001838       0x28 build/sam_e70_xult/debug/_ext/1360937237/app_imu.o
 .debug_ranges  0x0000000000001860       0x10 c:/program files/microchip/xc32/v2.50/bin/bin/../../lib/gcc/pic32c/6.2.1/../../../../pic32c/lib/v7e-m/fpv5/hard\libpic32c.a(data_init.o)
 .debug_ranges  0x0000000000001870       0xa8 c:/program files/microchip/xc32/v2.50/bin/bin/../../lib/gcc/pic32c/6.2.1/v7e-m/fpv5/hard\libgcc.a(_udivmoddi4.o)
 .debug_ranges  0x0000000000001918       0x10 c:/program files/microchip/xc32/v2.50/bin/bin/../../lib/gcc/pic32c/6.2.1/../../../../pic32c/lib/v7e-m/fpv5/hard\libg_nano.a(lib_a-atof.o)
 .debug_ranges  0x0000000000001928       0x18 c:/program files/microchip/xc32/v2.50/bin/bin/../../lib/gcc/pic32c/6.2.1/../../../../pic32c/lib/v7e-m/fpv5/hard\libg_nano.a(lib_a-atoi.o)
 .debug_ranges  0x0000000000001940       0x10 c:/program files/microchip/xc32/v2.50/bin/bin/../../lib/gcc/pic32c/6.2.1/../../../../pic32c/lib/v7e-m/fpv5/hard\libg_nano.a(lib_a-init.o)
 .debug_ranges  0x0000000000001950       0x18 c:/program files/microchip/xc32/v2.50/bin/bin/../../lib/gcc/pic32c/6.2.1/../../../../pic32c/lib/v7e-m/fpv5/hard\libg_nano.a(lib_a-itoa.o)
 .debug_ranges  0x0000000000001968       0x30 c:/program files/microchip/xc32/v2.50/bin/bin/../../lib/gcc/pic32c/6.2.1/../../../../pic32c/lib/v7e-m/fpv5/hard\libg_nano.a(lib_a-locale.o)
 .debug_ranges  0x0000000000001998       0x18 c:/program files/microchip/xc32/v2.50/bin/bin/../../lib/gcc/pic32c/6.2.1/../../../../pic32c/lib/v7e-m/fpv5/hard\libg_nano.a(lib_a-malloc.o)
 .debug_ranges  0x00000000000019b0       0x18 c:/program files/microchip/xc32/v2.50/bin/bin/../../lib/gcc/pic32c/6.2.1/../../../../pic32c/lib/v7e-m/fpv5/hard\libg_nano.a(lib_a-mbtowc_r.o)
 .debug_ranges  0x00000000000019c8       0x10 c:/program files/microchip/xc32/v2.50/bin/bin/../../lib/gcc/pic32c/6.2.1/../../../../pic32c/lib/v7e-m/fpv5/hard\libg_nano.a(lib_a-memcpy-stub.o)
 .debug_ranges  0x00000000000019d8       0x10 c:/program files/microchip/xc32/v2.50/bin/bin/../../lib/gcc/pic32c/6.2.1/../../../../pic32c/lib/v7e-m/fpv5/hard\libg_nano.a(lib_a-memset.o)
 .debug_ranges  0x00000000000019e8       0x58 c:/program files/microchip/xc32/v2.50/bin/bin/../../lib/gcc/pic32c/6.2.1/../../../../pic32c/lib/v7e-m/fpv5/hard\libg_nano.a(lib_a-nano-mallocr.o)
 .debug_ranges  0x0000000000001a40       0x10 c:/program files/microchip/xc32/v2.50/bin/bin/../../lib/gcc/pic32c/6.2.1/../../../../pic32c/lib/v7e-m/fpv5/hard\libg_nano.a(lib_a-sbrkr.o)
 .debug_ranges  0x0000000000001a50       0x10 c:/program files/microchip/xc32/v2.50/bin/bin/../../lib/gcc/pic32c/6.2.1/../../../../pic32c/lib/v7e-m/fpv5/hard\libg_nano.a(lib_a-strchr.o)
 .debug_ranges  0x0000000000001a60       0x10 c:/program files/microchip/xc32/v2.50/bin/bin/../../lib/gcc/pic32c/6.2.1/../../../../pic32c/lib/v7e-m/fpv5/hard\libg_nano.a(lib_a-strcpy.o)
 .debug_ranges  0x0000000000001a70       0x10 c:/program files/microchip/xc32/v2.50/bin/bin/../../lib/gcc/pic32c/6.2.1/../../../../pic32c/lib/v7e-m/fpv5/hard\libg_nano.a(lib_a-strncmp.o)
 .debug_ranges  0x0000000000001a80       0x10 c:/program files/microchip/xc32/v2.50/bin/bin/../../lib/gcc/pic32c/6.2.1/../../../../pic32c/lib/v7e-m/fpv5/hard\libg_nano.a(lib_a-strncpy.o)
 .debug_ranges  0x0000000000001a90       0x98 c:/program files/microchip/xc32/v2.50/bin/bin/../../lib/gcc/pic32c/6.2.1/../../../../pic32c/lib/v7e-m/fpv5/hard\libg_nano.a(lib_a-strtod.o)