Archive member included to satisfy reference by file (symbol)

c:/program files/microchip/xc32/v3.01/bin/bin/../../lib/gcc/pic32c/8.3.1/../../../../pic32c/lib/thumb/v7e-m+dp/hard\libpic32c.a(data_init.o)
                              build/sam_e70_xult/debug/_ext/1728594169/startup_xc32.o (__pic32c_data_initialization)
c:/program files/microchip/xc32/v3.01/bin/bin/../../lib/gcc/pic32c/8.3.1/thumb/v7e-m+dp/hard\libgcc.a(_aeabi_uldivmod.o)
                              build/sam_e70_xult/debug/_ext/327803284/sys_time.o (__aeabi_uldivmod)
c:/program files/microchip/xc32/v3.01/bin/bin/../../lib/gcc/pic32c/8.3.1/thumb/v7e-m+dp/hard\libgcc.a(_udivmoddi4.o)
                              c:/program files/microchip/xc32/v3.01/bin/bin/../../lib/gcc/pic32c/8.3.1/thumb/v7e-m+dp/hard\libgcc.a(_aeabi_uldivmod.o) (__udivmoddi4)
c:/program files/microchip/xc32/v3.01/bin/bin/../../lib/gcc/pic32c/8.3.1/thumb/v7e-m+dp/hard\libgcc.a(_dvmd_tls.o)
                              c:/program files/microchip/xc32/v3.01/bin/bin/../../lib/gcc/pic32c/8.3.1/thumb/v7e-m+dp/hard\libgcc.a(_aeabi_uldivmod.o) (__aeabi_ldiv0)
c:/program files/microchip/xc32/v3.01/bin/bin/../../lib/gcc/pic32c/8.3.1/../../../../pic32c/lib/thumb/v7e-m+dp/hard\libg_nano.a(lib_a-atof.o)
                              build/sam_e70_xult/debug/_ext/1360937237/app_gps.o (atof)
c:/program files/microchip/xc32/v3.01/bin/bin/../../lib/gcc/pic32c/8.3.1/../../../../pic32c/lib/thumb/v7e-m+dp/hard\libg_nano.a(lib_a-atoi.o)
                              build/sam_e70_xult/debug/_ext/1360937237/app_gps.o (atoi)
c:/program files/microchip/xc32/v3.01/bin/bin/../../lib/gcc/pic32c/8.3.1/../../../../pic32c/lib/thumb/v7e-m+dp/hard\libg_nano.a(lib_a-ctype_.o)
                              build/sam_e70_xult/debug/_ext/1360937237/app_anemometer.o (_ctype_)
c:/program files/microchip/xc32/v3.01/bin/bin/../../lib/gcc/pic32c/8.3.1/../../../../pic32c/lib/thumb/v7e-m+dp/hard\libg_nano.a(lib_a-init.o)
                              build/sam_e70_xult/debug/_ext/1728594169/startup_xc32.o (__libc_init_array)
c:/program files/microchip/xc32/v3.01/bin/bin/../../lib/gcc/pic32c/8.3.1/../../../../pic32c/lib/thumb/v7e-m+dp/hard\libg_nano.a(lib_a-itoa.o)
                              build/sam_e70_xult/debug/_ext/1360937237/app_rudder_control.o (itoa)
c:/program files/microchip/xc32/v3.01/bin/bin/../../lib/gcc/pic32c/8.3.1/../../../../pic32c/lib/thumb/v7e-m+dp/hard\libg_nano.a(lib_a-malloc.o)
                              build/sam_e70_xult/debug/_ext/1360937237/app_gps.o (malloc)
c:/program files/microchip/xc32/v3.01/bin/bin/../../lib/gcc/pic32c/8.3.1/../../../../pic32c/lib/thumb/v7e-m+dp/hard\libg_nano.a(lib_a-memcpy-stub.o)
                              build/sam_e70_xult/debug/_ext/1055499099/plib_efc.o (memcpy)
c:/program files/microchip/xc32/v3.01/bin/bin/../../lib/gcc/pic32c/8.3.1/../../../../pic32c/lib/thumb/v7e-m+dp/hard\libg_nano.a(lib_a-memmove.o)
                              build/sam_e70_xult/debug/_ext/719181653/plib_hsmci.o (memmove)
c:/program files/microchip/xc32/v3.01/bin/bin/../../lib/gcc/pic32c/8.3.1/../../../../pic32c/lib/thumb/v7e-m+dp/hard\libg_nano.a(lib_a-memset.o)
                              build/sam_e70_xult/debug/_ext/1565510230/drv_sdmmc.o (memset)
c:/program files/microchip/xc32/v3.01/bin/bin/../../lib/gcc/pic32c/8.3.1/../../../../pic32c/lib/thumb/v7e-m+dp/hard\libg_nano.a(lib_a-nano-freer.o)
                              c:/program files/microchip/xc32/v3.01/bin/bin/../../lib/gcc/pic32c/8.3.1/../../../../pic32c/lib/thumb/v7e-m+dp/hard\libg_nano.a(lib_a-malloc.o) (_free_r)
c:/program files/microchip/xc32/v3.01/bin/bin/../../lib/gcc/pic32c/8.3.1/../../../../pic32c/lib/thumb/v7e-m+dp/hard\libg_nano.a(lib_a-nano-mallocr.o)
                              c:/program files/microchip/xc32/v3.01/bin/bin/../../lib/gcc/pic32c/8.3.1/../../../../pic32c/lib/thumb/v7e-m+dp/hard\libg_nano.a(lib_a-malloc.o) (_malloc_r)
c:/program files/microchip/xc32/v3.01/bin/bin/../../lib/gcc/pic32c/8.3.1/../../../../pic32c/lib/thumb/v7e-m+dp/hard\libg_nano.a(lib_a-sbrkr.o)
                              c:/program files/microchip/xc32/v3.01/bin/bin/../../lib/gcc/pic32c/8.3.1/../../../../pic32c/lib/thumb/v7e-m+dp/hard\libg_nano.a(lib_a-nano-mallocr.o) (_sbrk_r)
c:/program files/microchip/xc32/v3.01/bin/bin/../../lib/gcc/pic32c/8.3.1/../../../../pic32c/lib/thumb/v7e-m+dp/hard\libg_nano.a(lib_a-strchr.o)
                              build/sam_e70_xult/debug/_ext/1360937237/app_gps.o (strchr)
c:/program files/microchip/xc32/v3.01/bin/bin/../../lib/gcc/pic32c/8.3.1/../../../../pic32c/lib/thumb/v7e-m+dp/hard\libg_nano.a(lib_a-strcmp.o)
                              build/sam_e70_xult/debug/_ext/1305476372/sys_fs_media_manager.o (strcmp)
c:/program files/microchip/xc32/v3.01/bin/bin/../../lib/gcc/pic32c/8.3.1/../../../../pic32c/lib/thumb/v7e-m+dp/hard\libg_nano.a(lib_a-strcpy.o)
                              build/sam_e70_xult/debug/_ext/1305476372/sys_fs.o (strcpy)
[...]
Memory Configuration

Name             Origin             Length             Attributes
rom              0x00400000         0x00200000         xrl
ram              0x20400000         0x00060000         xw !r
itcm             0x00000000         0x00000000         xw
dtcm             0x20000000         0x00000000         xw !r
config_D0000000  0xd0000000         0x00000004
config_D0000008  0xd0000008         0x00000004
config_D0000004  0xd0000004         0x00000004
config_D000000C  0xd000000c         0x00000004
config_D0000010  0xd0000010         0x00000004
*default*        0x00000000         0xffffffff

Linker script and memory map

LOAD c:/program files/microchip/xc32/v3.01/bin/bin/../../lib/gcc/pic32c/8.3.1/thumb/v7e-m+dp/hard/crti.o
LOAD c:/program files/microchip/xc32/v3.01/bin/bin/../../lib/gcc/pic32c/8.3.1/thumb/v7e-m+dp/hard/crtbegin.o
LOAD build/sam_e70_xult/debug/_ext/957281314/drv_i2c.o
LOAD build/sam_e70_xult/debug/_ext/1565510230/drv_sdmmc_file_system.o
LOAD build/sam_e70_xult/debug/_ext/1565510230/drv_sdmmc.o
LOAD build/sam_e70_xult/debug/_ext/716655881/drv_usart.o
LOAD build/sam_e70_xult/debug/_ext/1613695899/osal_freertos.o
LOAD build/sam_e70_xult/debug/_ext/1055500827/plib_clk.o
LOAD build/sam_e70_xult/debug/_ext/1055499099/plib_efc.o
LOAD build/sam_e70_xult/debug/_ext/719181653/plib_hsmci.o
LOAD build/sam_e70_xult/debug/_ext/1639550079/plib_nvic.o
LOAD build/sam_e70_xult/debug/_ext/1055488423/plib_pio.o
LOAD build/sam_e70_xult/debug/_ext/1055487991/plib_pwm0.o
LOAD build/sam_e70_xult/debug/_ext/865331892/plib_tc3.o
LOAD build/sam_e70_xult/debug/_ext/1539215101/plib_twihs0_master.o
LOAD build/sam_e70_xult/debug/_ext/707186936/plib_usart1.o
LOAD build/sam_e70_xult/debug/_ext/707186936/plib_usart0.o
LOAD build/sam_e70_xult/debug/_ext/707186936/plib_usart2.o
LOAD build/sam_e70_xult/debug/_ext/704852250/plib_xdmac.o
LOAD build/sam_e70_xult/debug/_ext/1518761459/xc32_monitor.o
LOAD build/sam_e70_xult/debug/_ext/876653320/sys_cache.o
LOAD build/sam_e70_xult/debug/_ext/984150034/sys_dma.o
LOAD build/sam_e70_xult/debug/_ext/1043829778/ff.o
LOAD build/sam_e70_xult/debug/_ext/1043829778/ffunicode.o
LOAD build/sam_e70_xult/debug/_ext/1893760823/diskio.o
LOAD build/sam_e70_xult/debug/_ext/1305476372/sys_fs.o
LOAD build/sam_e70_xult/debug/_ext/1305476372/sys_fs_media_manager.o
LOAD build/sam_e70_xult/debug/_ext/1305476372/sys_fs_fat_interface.o
LOAD build/sam_e70_xult/debug/_ext/766002106/sys_int.o
LOAD build/sam_e70_xult/debug/_ext/327803284/sys_time.o
LOAD build/sam_e70_xult/debug/_ext/1728594169/initialization.o
LOAD build/sam_e70_xult/debug/_ext/1728594169/interrupts.o
LOAD build/sam_e70_xult/debug/_ext/1728594169/exceptions.o
LOAD build/sam_e70_xult/debug/_ext/1728594169/startup_xc32.o
LOAD build/sam_e70_xult/debug/_ext/1728594169/libc_syscalls.o
LOAD build/sam_e70_xult/debug/_ext/1728594169/freertos_hooks.o
LOAD build/sam_e70_xult/debug/_ext/1728594169/tasks.o
LOAD build/sam_e70_xult/debug/_ext/977623654/port.o
LOAD build/sam_e70_xult/debug/_ext/1665200909/heap_1.o
LOAD build/sam_e70_xult/debug/_ext/404212886/croutine.o
LOAD build/sam_e70_xult/debug/_ext/404212886/list.o
LOAD build/sam_e70_xult/debug/_ext/404212886/queue.o
LOAD build/sam_e70_xult/debug/_ext/404212886/FreeRTOS_tasks.o
LOAD build/sam_e70_xult/debug/_ext/404212886/timers.o
LOAD build/sam_e70_xult/debug/_ext/404212886/event_groups.o
LOAD build/sam_e70_xult/debug/_ext/404212886/stream_buffer.o
LOAD build/sam_e70_xult/debug/_ext/1360937237/main.o
LOAD build/sam_e70_xult/debug/_ext/1360937237/app_communication.o
LOAD build/sam_e70_xult/debug/_ext/1360937237/app_mast_control.o
LOAD build/sam_e70_xult/debug/_ext/1360937237/app_course_algorithm.o
LOAD build/sam_e70_xult/debug/_ext/1360937237/app_rudder_control.o
LOAD build/sam_e70_xult/debug/_ext/1360937237/app_anemometer.o
LOAD build/sam_e70_xult/debug/_ext/1360937237/app_gps.o
LOAD build/sam_e70_xult/debug/_ext/1360937237/app_imu.o
                0x00000001                __MPLAB_BUILD = 0x1
                0x00600000                __rom_end = (ORIGIN (rom) + LENGTH (rom))
                0x20460000                __ram_end = (ORIGIN (ram) + LENGTH (ram))

.config_D0000000
                0xd0000000        0x4
 *(.config_D0000000)
 .config_D0000000
                0xd0000000        0x4 build/sam_e70_xult/debug/_ext/1728594169/initialization.o
                0xd0000000                __config_D0000000

.config_D0000008
 *(.config_D0000008)

.config_D0000004
 *(.config_D0000004)

.config_D000000C
 *(.config_D000000C)

.config_D0000010
 *(.config_D0000010)

.vectors        0x00400000      0x168
                0x00400000                . = ALIGN (0x4)
                0x00400000                _sfixed = .
 *(.vectors .vectors.* .vectors_default .vectors_default.*)
 .vectors       0x00400000      0x168 build/sam_e70_xult/debug/_ext/1728594169/interrupts.o
                0x00400000                exception_table
 *(.isr_vector)
 *(.reset*)
 *(.after_vectors)

.text           0x00400168       0x20
                0x00400168                . = ALIGN (0x4)
 *(.glue_7t)
 .glue_7t       0x00400168        0x0 linker stubs
 *(.glue_7)
 .glue_7        0x00400168        0x0 linker stubs
 *(.gnu.linkonce.r.*)
 *(.ARM.extab* .gnu.linkonce.armextab.*)
                0x00400168                . = ALIGN (0x4)
 *(.init)
 .init          0x00400168        0x4 c:/program files/microchip/xc32/v3.01/bin/bin/../../lib/gcc/pic32c/8.3.1/thumb/v7e-m+dp/hard/crti.o
                0x00400168                _init
 .init          0x0040016c        0x8 c:/program files/microchip/xc32/v3.01/bin/bin/../../lib/gcc/pic32c/8.3.1/thumb/v7e-m+dp/hard/crtn.o
                0x00400174                . = ALIGN (0x4)
                0x00400174                __preinit_array_start = .
 *(.preinit_array)
                0x00400174                __preinit_array_end = .
                0x00400174                . = ALIGN (0x4)
                0x00400174                __init_array_start = .
 *(SORT_BY_NAME(.init_array.*))
 *(.init_array)
 .init_array    0x00400174        0x4 c:/program files/microchip/xc32/v3.01/bin/bin/../../lib/gcc/pic32c/8.3.1/thumb/v7e-m+dp/hard/crtbegin.o
                0x00400178                __init_array_end = .
                0x00400178                . = ALIGN (0x4)
 *crtbegin.o(.ctors)
 *(EXCLUDE_FILE(*crtend.o) .ctors)
 *(SORT_BY_NAME(.ctors.*))
 *crtend.o(.ctors)
                0x00400178                . = ALIGN (0x4)
 *(.fini)
 .fini          0x00400178        0x4 c:/program files/microchip/xc32/v3.01/bin/bin/../../lib/gcc/pic32c/8.3.1/thumb/v7e-m+dp/hard/crti.o
                0x00400178                _fini
 .fini          0x0040017c        0x8 c:/program files/microchip/xc32/v3.01/bin/bin/../../lib/gcc/pic32c/8.3.1/thumb/v7e-m+dp/hard/crtn.o
                0x00400184                . = ALIGN (0x4)
                0x00400184                __fini_array_start = .
 *(.fini_array)
 .fini_array    0x00400184        0x4 c:/program files/microchip/xc32/v3.01/bin/bin/../../lib/gcc/pic32c/8.3.1/thumb/v7e-m+dp/hard/crtbegin.o
 *(SORT_BY_NAME(.fini_array.*))
                0x00400188                __fini_array_end = .
 *crtbegin.o(.dtors)
 *(EXCLUDE_FILE(*crtend.o) .dtors)
 *(SORT_BY_NAME(.dtors.*))
 *crtend.o(.dtors)
                0x00400188                . = ALIGN (0x4)
                0x00400188                _efixed = .
                [!provide]                PROVIDE (__exidx_start = .)

.ARM.exidx      0x00400188        0x8
 *(.ARM.exidx* .gnu.linkonce.armexidx.*)
 .ARM.exidx     0x00400188        0x8 c:/program files/microchip/xc32/v3.01/bin/bin/../../lib/gcc/pic32c/8.3.1/thumb/v7e-m+dp/hard\libgcc.a(_udivmoddi4.o)
                [!provide]                PROVIDE (__exidx_end = .)
                0x00400190                . = ALIGN (0x4)
                0x00400190                _etext = .

.bss            0x20400000      0x89c
                0x20400000                . = ALIGN (0x4)
                0x20400000                __bss_start__ = .
                0x20400000                _sbss = .
                0x20400000                _szero = .
 *(COMMON)
 COMMON         0x20400000       0x30 build/sam_e70_xult/debug/_ext/1055488423/plib_pio.o
                0x20400000                portPinCbObj
 COMMON         0x20400030        0x8 build/sam_e70_xult/debug/_ext/1055487991/plib_pwm0.o
                0x20400030                PWM0_CallbackObj
 COMMON         0x20400038        0x8 build/sam_e70_xult/debug/_ext/865331892/plib_tc3.o
                0x20400038                TC3_CH0_CallbackObj
 COMMON         0x20400040       0x30 build/sam_e70_xult/debug/_ext/707186936/plib_usart1.o
                0x20400040                usart1Obj
 COMMON         0x20400070       0x30 build/sam_e70_xult/debug/_ext/707186936/plib_usart0.o
                0x20400070                usart0Obj
 COMMON         0x204000a0       0x30 build/sam_e70_xult/debug/_ext/707186936/plib_usart2.o
                0x204000a0                usart2Obj
 COMMON         0x204000d0       0x10 build/sam_e70_xult/debug/_ext/704852250/plib_xdmac.o
                0x204000d0                xdmacChannelObj
 COMMON         0x204000e0      0x178 build/sam_e70_xult/debug/_ext/1305476372/sys_fs.o
                0x204000e0                gSysFsMutex
                0x20400100                gSYSFSFileObj
                0x20400220                gSYSFSDirObj
                0x20400230                gSYSFSCurrentMountPoint
                0x20400238                gSYSFSObj
                0x20400240                errorValue
                0x20400244                gSYSFSMountPoint
 *fill*         0x20400258        0x8 
 COMMON         0x20400260      0x25c build/sam_e70_xult/debug/_ext/1305476372/sys_fs_media_manager.o
                0x20400260                gSYSFSMediaObject
                0x20400288                VolToPart
                0x204002a0                gSYSFSMediaBuffer
                0x204004a0                gSYSFSVolumeObject
 COMMON         0x204004bc       0x18 build/sam_e70_xult/debug/_ext/1728594169/initialization.o
                0x204004bc                sysObj
 COMMON         0x204004d4       0x1c build/sam_e70_xult/debug/_ext/1728594169/tasks.o
                0x204004d4                xAPP_RUDDER_CONTROL_Tasks
                0x204004d8                xAPP_COURSE_ALGORITHM_Tasks
                0x204004dc                xAPP_ANEMOMETER_Tasks
                0x204004e0                xAPP_MAST_CONTROL_Tasks
                0x204004e4                xAPP_COMMUNICATION_Tasks
                0x204004e8                xAPP_GPS_Tasks
                0x204004ec                xAPP_IMU_Tasks
 COMMON         0x204004f0       0x50 build/sam_e70_xult/debug/_ext/1360937237/app_communication.o
                0x204004f0                message_ptr
                0x204004f4                destination
                0x20400508                app_communicationData
 COMMON         0x20400540        0x1 build/sam_e70_xult/debug/_ext/1360937237/app_mast_control.o
                0x20400540                app_mast_controlData
 *fill*         0x20400541        0x3 
 COMMON         0x20400544       0xdf build/sam_e70_xult/debug/_ext/1360937237/app_course_algorithm.o
                0x20400544                IMU_info
                0x20400548                confirmation_year
                0x2040054c                GPS_info
                0x20400550                Anemometer_info
                0x20400554                app_course_algorithmData
                0x20400618                date
 *fill*         0x20400623        0x1 
 COMMON         0x20400624       0x3c build/sam_e70_xult/debug/_ext/1360937237/app_rudder_control.o
                0x20400624                angles
                0x2040062c                app_rudder_controlData
 COMMON         0x20400660       0xc0 build/sam_e70_xult/debug/_ext/1360937237/app_anemometer.o
                0x20400660                sdir
                0x20400668                Anemometer_values
                0x204006e8                app_anemometerData
 COMMON         0x20400720       0xb8 build/sam_e70_xult/debug/_ext/1360937237/app_gps.o
                0x20400720                app_gpsData
                0x20400758                buf
 COMMON         0x204007d8       0xc0 build/sam_e70_xult/debug/_ext/1360937237/app_imu.o
                0x204007d8                IMU_values
                0x20400858                sheading
                0x20400860                app_imuData
 COMMON         0x20400898        0x4 c:/program files/microchip/xc32/v3.01/bin/bin/../../lib/gcc/pic32c/8.3.1/../../../../pic32c/lib/thumb/v7e-m+dp/hard\libg_nano.a(lib_a-reent.o)
                0x20400898                errno
                0x2040089c                . = ALIGN (0x4)
                0x2040089c                __bss_end__ = .
                0x2040089c                _ebss = .
                0x2040089c                _ezero = .
                0x2040089c                . = ALIGN (0x4)
                0x2040089c                _end = .
                0x2045ffff                _ram_end_ = ((ORIGIN (ram) + LENGTH (ram)) - 0x1)
                0x00000001                __ICD2RAM = 0x1
                0x00000001                __MPLAB_DEBUG = 0x1
                0x00000001                __DEBUG = 0x1
                0x00000200                _min_heap_size = 0x200
START GROUP
LOAD c:/program files/microchip/xc32/v3.01/bin/bin/../../lib/gcc/pic32c/8.3.1/../../../../pic32c/lib/thumb/v7e-m+dp/hard\libpic32c.a
LOAD c:/program files/microchip/xc32/v3.01/bin/bin/../../lib/gcc/pic32c/8.3.1/thumb/v7e-m+dp/hard\libgcc.a
LOAD c:/program files/microchip/xc32/v3.01/bin/bin/../../lib/gcc/pic32c/8.3.1/../../../../pic32c/lib/thumb/v7e-m+dp/hard\libg_nano.a
LOAD c:/program files/microchip/xc32/v3.01/bin/bin/../../lib/gcc/pic32c/8.3.1/../../../../pic32c/lib/thumb/v7e-m+dp/hard\libm_nano.a
LOAD c:/program files/microchip/xc32/v3.01/bin/bin/../../lib/gcc/pic32c/8.3.1/../../../../pic32c/lib/thumb/v7e-m+dp/hard\libc_nano.a
END GROUP
LOAD c:/program files/microchip/xc32/v3.01/bin/bin/../../lib/gcc/pic32c/8.3.1/thumb/v7e-m+dp/hard/crtend.o
LOAD c:/program files/microchip/xc32/v3.01/bin/bin/../../lib/gcc/pic32c/8.3.1/thumb/v7e-m+dp/hard/crtn.o
OUTPUT(dist/sam_e70_xult/debug/SailBoatProgram.X.debug.elf elf32-littlearm)
LOAD stack
LOAD data_init

.ARM.attributes
                0x00000000       0x2e
 .ARM.attributes
                0x00000000       0x1e c:/program files/microchip/xc32/v3.01/bin/bin/../../lib/gcc/pic32c/8.3.1/thumb/v7e-m+dp/hard/crti.o
 .ARM.attributes
                0x0000001e       0x32 c:/program files/microchip/xc32/v3.01/bin/bin/../../lib/gcc/pic32c/8.3.1/thumb/v7e-m+dp/hard/crtbegin.o
 .ARM.attributes
                0x00000050       0x32 build/sam_e70_xult/debug/_ext/957281314/drv_i2c.o
 .ARM.attributes
                0x00000082       0x32 build/sam_e70_xult/debug/_ext/1565510230/drv_sdmmc_file_system.o
 .ARM.attributes
                0x000000b4       0x32 build/sam_e70_xult/debug/_ext/1565510230/drv_sdmmc.o
 .ARM.attributes
                0x000000e6       0x32 build/sam_e70_xult/debug/_ext/716655881/drv_usart.o
 .ARM.attributes
                0x00000118       0x32 build/sam_e70_xult/debug/_ext/1613695899/osal_freertos.o
 .ARM.attributes
                0x0000014a       0x32 build/sam_e70_xult/debug/_ext/1055500827/plib_clk.o
 .ARM.attributes
                0x0000017c       0x32 build/sam_e70_xult/debug/_ext/1055499099/plib_efc.o
 .ARM.attributes
                0x000001ae       0x32 build/sam_e70_xult/debug/_ext/719181653/plib_hsmci.o
 .ARM.attributes
                0x000001e0       0x32 build/sam_e70_xult/debug/_ext/1639550079/plib_nvic.o
 .ARM.attributes
                0x00000212       0x32 build/sam_e70_xult/debug/_ext/1055488423/plib_pio.o
 .ARM.attributes
                0x00000244       0x32 build/sam_e70_xult/debug/_ext/1055487991/plib_pwm0.o
 .ARM.attributes
                0x00000276       0x32 build/sam_e70_xult/debug/_ext/865331892/plib_tc3.o
 .ARM.attributes
                0x000002a8       0x32 build/sam_e70_xult/debug/_ext/1539215101/plib_twihs0_master.o
 .ARM.attributes
                0x000002da       0x32 build/sam_e70_xult/debug/_ext/707186936/plib_usart1.o
 .ARM.attributes
                0x0000030c       0x32 build/sam_e70_xult/debug/_ext/707186936/plib_usart0.o
 .ARM.attributes
                0x0000033e       0x32 build/sam_e70_xult/debug/_ext/707186936/plib_usart2.o
 .ARM.attributes
                0x00000370       0x32 build/sam_e70_xult/debug/_ext/704852250/plib_xdmac.o
 .ARM.attributes
                0x000003a2       0x32 build/sam_e70_xult/debug/_ext/876653320/sys_cache.o
 .ARM.attributes
                0x000003d4       0x32 build/sam_e70_xult/debug/_ext/1043829778/ff.o
 .ARM.attributes
                0x00000406       0x32 build/sam_e70_xult/debug/_ext/1043829778/ffunicode.o
 .ARM.attributes
                0x00000438       0x32 build/sam_e70_xult/debug/_ext/1893760823/diskio.o
 .ARM.attributes
                0x0000046a       0x32 build/sam_e70_xult/debug/_ext/1305476372/sys_fs.o
 .ARM.attributes
                0x0000049c       0x32 build/sam_e70_xult/debug/_ext/1305476372/sys_fs_media_manager.o
 .ARM.attributes
                0x000004ce       0x32 build/sam_e70_xult/debug/_ext/1305476372/sys_fs_fat_interface.o
 .ARM.attributes
                0x00000500       0x32 build/sam_e70_xult/debug/_ext/766002106/sys_int.o
 .ARM.attributes
                0x00000532       0x32 build/sam_e70_xult/debug/_ext/327803284/sys_time.o
 .ARM.attributes
                0x00000564       0x32 build/sam_e70_xult/debug/_ext/1728594169/initialization.o
 .ARM.attributes
                0x00000596       0x32 build/sam_e70_xult/debug/_ext/1728594169/interrupts.o
 .ARM.attributes
                0x000005c8       0x32 build/sam_e70_xult/debug/_ext/1728594169/exceptions.o
 .ARM.attributes
                0x000005fa       0x32 build/sam_e70_xult/debug/_ext/1728594169/startup_xc32.o
 .ARM.attributes
                0x0000062c       0x32 build/sam_e70_xult/debug/_ext/1728594169/freertos_hooks.o
 .ARM.attributes
                0x0000065e       0x32 build/sam_e70_xult/debug/_ext/1728594169/tasks.o
 .ARM.attributes
                0x00000690       0x32 build/sam_e70_xult/debug/_ext/977623654/port.o
 .ARM.attributes
                0x000006c2       0x32 build/sam_e70_xult/debug/_ext/1665200909/heap_1.o
 .ARM.attributes
                0x000006f4       0x32 build/sam_e70_xult/debug/_ext/404212886/list.o
 .ARM.attributes
                0x00000726       0x32 build/sam_e70_xult/debug/_ext/404212886/queue.o
 .ARM.attributes
                0x00000758       0x32 build/sam_e70_xult/debug/_ext/404212886/FreeRTOS_tasks.o
 .ARM.attributes
                0x0000078a       0x32 build/sam_e70_xult/debug/_ext/1360937237/main.o
 .ARM.attributes
                0x000007bc       0x32 build/sam_e70_xult/debug/_ext/1360937237/app_communication.o
 .ARM.attributes
                0x000007ee       0x32 build/sam_e70_xult/debug/_ext/1360937237/app_mast_control.o
 .ARM.attributes
                0x00000820       0x32 build/sam_e70_xult/debug/_ext/1360937237/app_course_algorithm.o
 .ARM.attributes
                0x00000852       0x32 build/sam_e70_xult/debug/_ext/1360937237/app_rudder_control.o
 .ARM.attributes
                0x00000884       0x32 build/sam_e70_xult/debug/_ext/1360937237/app_anemometer.o
 .ARM.attributes
                0x000008b6       0x32 build/sam_e70_xult/debug/_ext/1360937237/app_gps.o
 .ARM.attributes
                0x000008e8       0x32 build/sam_e70_xult/debug/_ext/1360937237/app_imu.o
 .ARM.attributes
                0x0000091a       0x32 c:/program files/microchip/xc32/v3.01/bin/bin/../../lib/gcc/pic32c/8.3.1/../../../../pic32c/lib/thumb/v7e-m+dp/hard\libpic32c.a(data_init.o)
 .ARM.attributes
                0x0000094c       0x1e c:/program files/microchip/xc32/v3.01/bin/bin/../../lib/gcc/pic32c/8.3.1/thumb/v7e-m+dp/hard\libgcc.a(_aeabi_uldivmod.o)
 .ARM.attributes
                0x0000096a       0x32 c:/program files/microchip/xc32/v3.01/bin/bin/../../lib/gcc/pic32c/8.3.1/thumb/v7e-m+dp/hard\libgcc.a(_udivmoddi4.o)
 .ARM.attributes
                0x0000099c       0x1e c:/program files/microchip/xc32/v3.01/bin/bin/../../lib/gcc/pic32c/8.3.1/thumb/v7e-m+dp/hard\libgcc.a(_dvmd_tls.o)
 .ARM.attributes
                0x000009ba       0x32 c:/program files/microchip/xc32/v3.01/bin/bin/../../lib/gcc/pic32c/8.3.1/../../../../pic32c/lib/thumb/v7e-m+dp/hard\libg_nano.a(lib_a-atof.o)
 .ARM.attributes
                0x000009ec       0x32 c:/program files/microchip/xc32/v3.01/bin/bin/../../lib/gcc/pic32c/8.3.1/../../../../pic32c/lib/thumb/v7e-m+dp/hard\libg_nano.a(lib_a-atoi.o)
 .ARM.attributes
                0x00000a1e       0x30 c:/program files/microchip/xc32/v3.01/bin/bin/../../lib/gcc/pic32c/8.3.1/../../../../pic32c/lib/thumb/v7e-m+dp/hard\libg_nano.a(lib_a-ctype_.o)
 .ARM.attributes
                0x00000a4e       0x32 c:/program files/microchip/xc32/v3.01/bin/bin/../../lib/gcc/pic32c/8.3.1/../../../../pic32c/lib/thumb/v7e-m+dp/hard\libg_nano.a(lib_a-init.o)
 .ARM.attributes
                0x00000a80       0x32 c:/program files/microchip/xc32/v3.01/bin/bin/../../lib/gcc/pic32c/8.3.1/../../../../pic32c/lib/thumb/v7e-m+dp/hard\libg_nano.a(lib_a-itoa.o)
 .ARM.attributes
                0x00000ab2       0x32 c:/program files/microchip/xc32/v3.01/bin/bin/../../lib/gcc/pic32c/8.3.1/../../../../pic32c/lib/thumb/v7e-m+dp/hard\libg_nano.a(lib_a-malloc.o)
 .ARM.attributes
                0x00000ae4       0x32 c:/program files/microchip/xc32/v3.01/bin/bin/../../lib/gcc/pic32c/8.3.1/../../../../pic32c/lib/thumb/v7e-m+dp/hard\libg_nano.a(lib_a-memcpy-stub.o)
 .ARM.attributes
                0x00000b16       0x32 c:/program files/microchip/xc32/v3.01/bin/bin/../../lib/gcc/pic32c/8.3.1/../../../../pic32c/lib/thumb/v7e-m+dp/hard\libg_nano.a(lib_a-memmove.o)
 .ARM.attributes
                0x00000b48       0x32 c:/program files/microchip/xc32/v3.01/bin/bin/../../lib/gcc/pic32c/8.3.1/../../../../pic32c/lib/thumb/v7e-m+dp/hard\libg_nano.a(lib_a-memset.o)
 .ARM.attributes
                0x00000b7a       0x32 c:/program files/microchip/xc32/v3.01/bin/bin/../../lib/gcc/pic32c/8.3.1/../../../../pic32c/lib/thumb/v7e-m+dp/hard\libg_nano.a(lib_a-nano-mallocr.o)
 .ARM.attributes
                0x00000bac       0x32 c:/program files/microchip/xc32/v3.01/bin/bin/../../lib/gcc/pic32c/8.3.1/../../../../pic32c/lib/thumb/v7e-m+dp/hard\libg_nano.a(lib_a-sbrkr.o)
 .ARM.attributes
                0x00000bde       0x32 c:/program files/microchip/xc32/v3.01/bin/bin/../../lib/gcc/pic32c/8.3.1/../../../../pic32c/lib/thumb/v7e-m+dp/hard\libg_nano.a(lib_a-strchr.o)
 .ARM.attributes
                0x00000c10       0x32 c:/program files/microchip/xc32/v3.01/bin/bin/../../lib/gcc/pic32c/8.3.1/../../../../pic32c/lib/thumb/v7e-m+dp/hard\libg_nano.a(lib_a-strcpy.o)
 .ARM.attributes
                0x00000c42       0x17 c:/program files/microchip/xc32/v3.01/bin/bin/../../lib/gcc/pic32c/8.3.1/../../../../pic32c/lib/thumb/v7e-m+dp/hard\libg_nano.a(lib_a-strlen.o)
 .ARM.attributes
                0x00000c59       0x32 c:/program files/microchip/xc32/v3.01/bin/bin/../../lib/gcc/pic32c/8.3.1/../../../../pic32c/lib/thumb/v7e-m+dp/hard\libg_nano.a(lib_a-strncmp.o)
 .ARM.attributes
                0x00000c8b       0x32 c:/program files/microchip/xc32/v3.01/bin/bin/../../lib/gcc/pic32c/8.3.1/../../../../pic32c/lib/thumb/v7e-m+dp/hard\libg_nano.a(lib_a-strncpy.o)
 .ARM.attributes
                0x00000cbd       0x32 c:/program files/microchip/xc32/v3.01/bin/bin/../../lib/gcc/pic32c/8.3.1/../../../../pic32c/lib/thumb/v7e-m+dp/hard\libg_nano.a(lib_a-strtod.o)
 .ARM.attributes
                0x00000cef       0x32 c:/program files/microchip/xc32/v3.01/bin/bin/../../lib/gcc/pic32c/8.3.1/../../../../pic32c/lib/thumb/v7e-m+dp/hard\libg_nano.a(lib_a-strtol.o)
 .ARM.attributes
                0x00000d21       0x32 c:/program files/microchip/xc32/v3.01/bin/bin/../../lib/gcc/pic32c/8.3.1/../../../../pic32c/lib/thumb/v7e-m+dp/hard\libg_nano.a(lib_a-utoa.o)
 .ARM.attributes
                0x00000d53       0x32 c:/program files/microchip/xc32/v3.01/bin/bin/../../lib/gcc/pic32c/8.3.1/../../../../pic32c/lib/thumb/v7e-m+dp/hard\libg_nano.a(lib_a-gdtoa-gethex.o)
 .ARM.attributes
                0x00000d85       0x32 c:/program files/microchip/xc32/v3.01/bin/bin/../../lib/gcc/pic32c/8.3.1/../../../../pic32c/lib/thumb/v7e-m+dp/hard\libg_nano.a(lib_a-gdtoa-hexnan.o)
 .ARM.attributes
                0x00000db7       0x30 c:/program files/microchip/xc32/v3.01/bin/bin/../../lib/gcc/pic32c/8.3.1/../../../../pic32c/lib/thumb/v7e-m+dp/hard\libg_nano.a(lib_a-impure.o)
 .ARM.attributes
                0x00000de7       0x32 c:/program files/microchip/xc32/v3.01/bin/bin/../../lib/gcc/pic32c/8.3.1/../../../../pic32c/lib/thumb/v7e-m+dp/hard\libg_nano.a(lib_a-lnumeric.o)
 .ARM.attributes
                0x00000e19       0x32 c:/program files/microchip/xc32/v3.01/bin/bin/../../lib/gcc/pic32c/8.3.1/../../../../pic32c/lib/thumb/v7e-m+dp/hard\libg_nano.a(lib_a-locale.o)
 .ARM.attributes
                0x00000e4b       0x32 c:/program files/microchip/xc32/v3.01/bin/bin/../../lib/gcc/pic32c/8.3.1/../../../../pic32c/lib/thumb/v7e-m+dp/hard\libg_nano.a(lib_a-mbtowc_r.o)
 .ARM.attributes
                0x00000e7d       0x32 c:/program files/microchip/xc32/v3.01/bin/bin/../../lib/gcc/pic32c/8.3.1/../../../../pic32c/lib/thumb/v7e-m+dp/hard\libg_nano.a(lib_a-mlock.o)
 .ARM.attributes
                0x00000eaf       0x32 c:/program files/microchip/xc32/v3.01/bin/bin/../../lib/gcc/pic32c/8.3.1/../../../../pic32c/lib/thumb/v7e-m+dp/hard\libg_nano.a(lib_a-mprec.o)
 .ARM.attributes
                0x00000ee1       0x32 c:/program files/microchip/xc32/v3.01/bin/bin/../../lib/gcc/pic32c/8.3.1/../../../../pic32c/lib/thumb/v7e-m+dp/hard\libg_nano.a(lib_a-nano-callocr.o)
 .ARM.attributes
                0x00000f13       0x32 c:/program files/microchip/xc32/v3.01/bin/bin/../../lib/gcc/pic32c/8.3.1/../../../../pic32c/lib/thumb/v7e-m+dp/hard\libg_nano.a(lib_a-reent.o)
 .ARM.attributes
                0x00000f45       0x32 c:/program files/microchip/xc32/v3.01/bin/bin/../../lib/gcc/pic32c/8.3.1/../../../../pic32c/lib/thumb/v7e-m+dp/hard\libg_nano.a(lib_a-s_nan.o)
 .ARM.attributes
                0x00000f77       0x32 c:/program files/microchip/xc32/v3.01/bin/bin/../../lib/gcc/pic32c/8.3.1/../../../../pic32c/lib/thumb/v7e-m+dp/hard\libg_nano.a(lib_a-wctomb_r.o)
 .ARM.attributes
                0x00000fa9       0x32 c:/program files/microchip/xc32/v3.01/bin/bin/../../lib/gcc/pic32c/8.3.1/../../../../pic32c/lib/thumb/v7e-m+dp/hard\libm_nano.a(lib_a-s_cos.o)
 .ARM.attributes
                0x00000fdb       0x32 c:/program files/microchip/xc32/v3.01/bin/bin/../../lib/gcc/pic32c/8.3.1/../../../../pic32c/lib/thumb/v7e-m+dp/hard\libm_nano.a(lib_a-s_sin.o)
 .ARM.attributes
                0x0000100d       0x32 c:/program files/microchip/xc32/v3.01/bin/bin/../../lib/gcc/pic32c/8.3.1/../../../../pic32c/lib/thumb/v7e-m+dp/hard\libm_nano.a(lib_a-w_atan2.o)
 .ARM.attributes
                0x0000103f       0x32 c:/program files/microchip/xc32/v3.01/bin/bin/../../lib/gcc/pic32c/8.3.1/../../../../pic32c/lib/thumb/v7e-m+dp/hard\libm_nano.a(lib_a-w_sqrt.o)
 .ARM.attributes
                0x00001071       0x32 c:/program files/microchip/xc32/v3.01/bin/bin/../../lib/gcc/pic32c/8.3.1/../../../../pic32c/lib/thumb/v7e-m+dp/hard\libm_nano.a(lib_a-e_atan2.o)
 .ARM.attributes
                0x000010a3       0x32 c:/program files/microchip/xc32/v3.01/bin/bin/../../lib/gcc/pic32c/8.3.1/../../../../pic32c/lib/thumb/v7e-m+dp/hard\libm_nano.a(lib_a-e_rem_pio2.o)
 .ARM.attributes
                0x000010d5       0x32 c:/program files/microchip/xc32/v3.01/bin/bin/../../lib/gcc/pic32c/8.3.1/../../../../pic32c/lib/thumb/v7e-m+dp/hard\libm_nano.a(lib_a-e_sqrt.o)
 .ARM.attributes
                0x00001107       0x32 c:/program files/microchip/xc32/v3.01/bin/bin/../../lib/gcc/pic32c/8.3.1/../../../../pic32c/lib/thumb/v7e-m+dp/hard\libm_nano.a(lib_a-k_cos.o)
 .ARM.attributes
                0x00001139       0x32 c:/program files/microchip/xc32/v3.01/bin/bin/../../lib/gcc/pic32c/8.3.1/../../../../pic32c/lib/thumb/v7e-m+dp/hard\libm_nano.a(lib_a-k_rem_pio2.o)
 .ARM.attributes
                0x0000116b       0x32 c:/program files/microchip/xc32/v3.01/bin/bin/../../lib/gcc/pic32c/8.3.1/../../../../pic32c/lib/thumb/v7e-m+dp/hard\libm_nano.a(lib_a-k_sin.o)
 .ARM.attributes
                0x0000119d       0x32 c:/program files/microchip/xc32/v3.01/bin/bin/../../lib/gcc/pic32c/8.3.1/../../../../pic32c/lib/thumb/v7e-m+dp/hard\libm_nano.a(lib_a-s_atan.o)
 .ARM.attributes
                0x000011cf       0x32 c:/program files/microchip/xc32/v3.01/bin/bin/../../lib/gcc/pic32c/8.3.1/../../../../pic32c/lib/thumb/v7e-m+dp/hard\libm_nano.a(lib_a-s_fabs.o)
 .ARM.attributes
                0x00001201       0x32 c:/program files/microchip/xc32/v3.01/bin/bin/../../lib/gcc/pic32c/8.3.1/../../../../pic32c/lib/thumb/v7e-m+dp/hard\libm_nano.a(lib_a-s_floor.o)
 .ARM.attributes
                0x00001233       0x30 c:/program files/microchip/xc32/v3.01/bin/bin/../../lib/gcc/pic32c/8.3.1/../../../../pic32c/lib/thumb/v7e-m+dp/hard\libm_nano.a(lib_a-s_lib_ver.o)
 .ARM.attributes
                0x00001263       0x32 c:/program files/microchip/xc32/v3.01/bin/bin/../../lib/gcc/pic32c/8.3.1/../../../../pic32c/lib/thumb/v7e-m+dp/hard\libm_nano.a(lib_a-s_scalbn.o)
 .ARM.attributes
                0x00001295       0x32 c:/program files/microchip/xc32/v3.01/bin/bin/../../lib/gcc/pic32c/8.3.1/../../../../pic32c/lib/thumb/v7e-m+dp/hard\libc_nano.a(lib_a-errno.o)
 .ARM.attributes
                0x000012c7       0x32 c:/program files/microchip/xc32/v3.01/bin/bin/../../lib/gcc/pic32c/8.3.1/../../../../pic32c/lib/thumb/v7e-m+dp/hard\libpic32c.a(sbrk.o)
 .ARM.attributes
                0x000012f9       0x1e c:/program files/microchip/xc32/v3.01/bin/bin/../../lib/gcc/pic32c/8.3.1/thumb/v7e-m+dp/hard\libgcc.a(_arm_addsubdf3.o)
 .ARM.attributes
                0x00001317       0x32 c:/program files/microchip/xc32/v3.01/bin/bin/../../lib/gcc/pic32c/8.3.1/thumb/v7e-m+dp/hard\libgcc.a(_fixdfdi.o)
 .ARM.attributes
                0x00001349       0x32 c:/program files/microchip/xc32/v3.01/bin/bin/../../lib/gcc/pic32c/8.3.1/thumb/v7e-m+dp/hard\libgcc.a(_fixunsdfdi.o)
 .ARM.attributes
                0x0000137b       0x1e c:/program files/microchip/xc32/v3.01/bin/bin/../../lib/gcc/pic32c/8.3.1/thumb/v7e-m+dp/hard/crtn.o

.comment        0x00000000       0x53
 .comment       0x00000000       0x53 c:/program files/microchip/xc32/v3.01/bin/bin/../../lib/gcc/pic32c/8.3.1/thumb/v7e-m+dp/hard/crtbegin.o
                                 0x54 (size before relaxing)
 .comment       0x00000053       0x54 build/sam_e70_xult/debug/_ext/957281314/drv_i2c.o
 .comment       0x00000053       0x54 build/sam_e70_xult/debug/_ext/1565510230/drv_sdmmc_file_system.o
 .comment       0x00000053       0x54 build/sam_e70_xult/debug/_ext/1565510230/drv_sdmmc.o
 .comment       0x00000053       0x54 build/sam_e70_xult/debug/_ext/716655881/drv_usart.o
 .comment       0x00000053       0x54 build/sam_e70_xult/debug/_ext/1613695899/osal_freertos.o
 .comment       0x00000053       0x54 build/sam_e70_xult/debug/_ext/1055500827/plib_clk.o
 .comment       0x00000053       0x54 build/sam_e70_xult/debug/_ext/1055499099/plib_efc.o
 .comment       0x00000053       0x54 build/sam_e70_xult/debug/_ext/719181653/plib_hsmci.o
 .comment       0x00000053       0x54 build/sam_e70_xult/debug/_ext/1639550079/plib_nvic.o
 .comment       0x00000053       0x54 build/sam_e70_xult/debug/_ext/1055488423/plib_pio.o
 .comment       0x00000053       0x54 build/sam_e70_xult/debug/_ext/1055487991/plib_pwm0.o
 .comment       0x00000053       0x54 build/sam_e70_xult/debug/_ext/865331892/plib_tc3.o
 .comment       0x00000053       0x54 build/sam_e70_xult/debug/_ext/1539215101/plib_twihs0_master.o
 .comment       0x00000053       0x54 build/sam_e70_xult/debug/_ext/707186936/plib_usart1.o
 .comment       0x00000053       0x54 build/sam_e70_xult/debug/_ext/707186936/plib_usart0.o
 .comment       0x00000053       0x54 build/sam_e70_xult/debug/_ext/707186936/plib_usart2.o
 .comment       0x00000053       0x54 build/sam_e70_xult/debug/_ext/704852250/plib_xdmac.o
 .comment       0x00000053       0x54 build/sam_e70_xult/debug/_ext/876653320/sys_cache.o
 .comment       0x00000053       0x54 build/sam_e70_xult/debug/_ext/1043829778/ff.o
 .comment       0x00000053       0x54 build/sam_e70_xult/debug/_ext/1043829778/ffunicode.o
 .comment       0x00000053       0x54 build/sam_e70_xult/debug/_ext/1893760823/diskio.o
 .comment       0x00000053       0x54 build/sam_e70_xult/debug/_ext/1305476372/sys_fs.o
 .comment       0x00000053       0x54 build/sam_e70_xult/debug/_ext/1305476372/sys_fs_media_manager.o
 .comment       0x00000053       0x54 build/sam_e70_xult/debug/_ext/1305476372/sys_fs_fat_interface.o
 .comment       0x00000053       0x54 build/sam_e70_xult/debug/_ext/766002106/sys_int.o
 .comment       0x00000053       0x54 build/sam_e70_xult/debug/_ext/327803284/sys_time.o
 .comment       0x00000053       0x54 build/sam_e70_xult/debug/_ext/1728594169/initialization.o
 .comment       0x00000053       0x54 build/sam_e70_xult/debug/_ext/1728594169/interrupts.o
 .comment       0x00000053       0x54 build/sam_e70_xult/debug/_ext/1728594169/exceptions.o
 .comment       0x00000053       0x54 build/sam_e70_xult/debug/_ext/1728594169/startup_xc32.o
 .comment       0x00000053       0x54 build/sam_e70_xult/debug/_ext/1728594169/freertos_hooks.o
 .comment       0x00000053       0x54 build/sam_e70_xult/debug/_ext/1728594169/tasks.o
 .comment       0x00000053       0x54 build/sam_e70_xult/debug/_ext/977623654/port.o
 .comment       0x00000053       0x54 build/sam_e70_xult/debug/_ext/1665200909/heap_1.o
 .comment       0x00000053       0x54 build/sam_e70_xult/debug/_ext/404212886/list.o
 .comment       0x00000053       0x54 build/sam_e70_xult/debug/_ext/404212886/queue.o
 .comment       0x00000053       0x54 build/sam_e70_xult/debug/_ext/404212886/FreeRTOS_tasks.o
 .comment       0x00000053       0x54 build/sam_e70_xult/debug/_ext/1360937237/main.o
 .comment       0x00000053       0x54 build/sam_e70_xult/debug/_ext/1360937237/app_communication.o
 .comment       0x00000053       0x54 build/sam_e70_xult/debug/_ext/1360937237/app_mast_control.o
 .comment       0x00000053       0x54 build/sam_e70_xult/debug/_ext/1360937237/app_course_algorithm.o
 .comment       0x00000053       0x54 build/sam_e70_xult/debug/_ext/1360937237/app_rudder_control.o
 .comment       0x00000053       0x54 build/sam_e70_xult/debug/_ext/1360937237/app_anemometer.o
 .comment       0x00000053       0x54 build/sam_e70_xult/debug/_ext/1360937237/app_gps.o
 .comment       0x00000053       0x54 build/sam_e70_xult/debug/_ext/1360937237/app_imu.o
 .comment       0x00000053       0x54 c:/program files/microchip/xc32/v3.01/bin/bin/../../lib/gcc/pic32c/8.3.1/../../../../pic32c/lib/thumb/v7e-m+dp/hard\libpic32c.a(data_init.o)
 .comment       0x00000053       0x54 c:/program files/microchip/xc32/v3.01/bin/bin/../../lib/gcc/pic32c/8.3.1/thumb/v7e-m+dp/hard\libgcc.a(_udivmoddi4.o)
 .comment       0x00000053       0x54 c:/program files/microchip/xc32/v3.01/bin/bin/../../lib/gcc/pic32c/8.3.1/../../../../pic32c/lib/thumb/v7e-m+dp/hard\libg_nano.a(lib_a-atof.o)
 .comment       0x00000053       0x54 c:/program files/microchip/xc32/v3.01/bin/bin/../../lib/gcc/pic32c/8.3.1/../../../../pic32c/lib/thumb/v7e-m+dp/hard\libg_nano.a(lib_a-atoi.o)
 .comment       0x00000053       0x54 c:/program files/microchip/xc32/v3.01/bin/bin/../../lib/gcc/pic32c/8.3.1/../../../../pic32c/lib/thumb/v7e-m+dp/hard\libg_nano.a(lib_a-ctype_.o)
 .comment       0x00000053       0x54 c:/program files/microchip/xc32/v3.01/bin/bin/../../lib/gcc/pic32c/8.3.1/../../../../pic32c/lib/thumb/v7e-m+dp/hard\libg_nano.a(lib_a-init.o)
 .comment       0x00000053       0x54 c:/program files/microchip/xc32/v3.01/bin/bin/../../lib/gcc/pic32c/8.3.1/../../../../pic32c/lib/thumb/v7e-m+dp/hard\libg_nano.a(lib_a-itoa.o)
 .comment       0x00000053       0x54 c:/program files/microchip/xc32/v3.01/bin/bin/../../lib/gcc/pic32c/8.3.1/../../../../pic32c/lib/thumb/v7e-m+dp/hard\libg_nano.a(lib_a-malloc.o)
 .comment       0x00000053       0x54 c:/program files/microchip/xc32/v3.01/bin/bin/../../lib/gcc/pic32c/8.3.1/../../../../pic32c/lib/thumb/v7e-m+dp/hard\libg_nano.a(lib_a-memcpy-stub.o)
 .comment       0x00000053       0x54 c:/program files/microchip/xc32/v3.01/bin/bin/../../lib/gcc/pic32c/8.3.1/../../../../pic32c/lib/thumb/v7e-m+dp/hard\libg_nano.a(lib_a-memmove.o)
 .comment       0x00000053       0x54 c:/program files/microchip/xc32/v3.01/bin/bin/../../lib/gcc/pic32c/8.3.1/../../../../pic32c/lib/thumb/v7e-m+dp/hard\libg_nano.a(lib_a-memset.o)
 .comment       0x00000053       0x54 c:/program files/microchip/xc32/v3.01/bin/bin/../../lib/gcc/pic32c/8.3.1/../../../../pic32c/lib/thumb/v7e-m+dp/hard\libg_nano.a(lib_a-nano-mallocr.o)
 .comment       0x00000053       0x54 c:/program files/microchip/xc32/v3.01/bin/bin/../../lib/gcc/pic32c/8.3.1/../../../../pic32c/lib/thumb/v7e-m+dp/hard\libg_nano.a(lib_a-sbrkr.o)
 .comment       0x00000053       0x54 c:/program files/microchip/xc32/v3.01/bin/bin/../../lib/gcc/pic32c/8.3.1/../../../../pic32c/lib/thumb/v7e-m+dp/hard\libg_nano.a(lib_a-strchr.o)
 .comment       0x00000053       0x54 c:/program files/microchip/xc32/v3.01/bin/bin/../../lib/gcc/pic32c/8.3.1/../../../../pic32c/lib/thumb/v7e-m+dp/hard\libg_nano.a(lib_a-strcpy.o)
 .comment       0x00000053       0x54 c:/program files/microchip/xc32/v3.01/bin/bin/../../lib/gcc/pic32c/8.3.1/../../../../pic32c/lib/thumb/v7e-m+dp/hard\libg_nano.a(lib_a-strncmp.o)
 .comment       0x00000053       0x54 c:/program files/microchip/xc32/v3.01/bin/bin/../../lib/gcc/pic32c/8.3.1/../../../../pic32c/lib/thumb/v7e-m+dp/hard\libg_nano.a(lib_a-strncpy.o)
 .comment       0x00000053       0x54 c:/program files/microchip/xc32/v3.01/bin/bin/../../lib/gcc/pic32c/8.3.1/../../../../pic32c/lib/thumb/v7e-m+dp/hard\libg_nano.a(lib_a-strtod.o)
 .comment       0x00000053       0x54 c:/program files/microchip/xc32/v3.01/bin/bin/../../lib/gcc/pic32c/8.3.1/../../../../pic32c/lib/thumb/v7e-m+dp/hard\libg_nano.a(lib_a-strtol.o)
 .comment       0x00000053       0x54 c:/program files/microchip/xc32/v3.01/bin/bin/../../lib/gcc/pic32c/8.3.1/../../../../pic32c/lib/thumb/v7e-m+dp/hard\libg_nano.a(lib_a-utoa.o)
 .comment       0x00000053       0x54 c:/program files/microchip/xc32/v3.01/bin/bin/../../lib/gcc/pic32c/8.3.1/../../../../pic32c/lib/thumb/v7e-m+dp/hard\libg_nano.a(lib_a-gdtoa-gethex.o)
 .comment       0x00000053       0x54 c:/program files/microchip/xc32/v3.01/bin/bin/../../lib/gcc/pic32c/8.3.1/../../../../pic32c/lib/thumb/v7e-m+dp/hard\libg_nano.a(lib_a-gdtoa-hexnan.o)
 .comment       0x00000053       0x54 c:/program files/microchip/xc32/v3.01/bin/bin/../../lib/gcc/pic32c/8.3.1/../../../../pic32c/lib/thumb/v7e-m+dp/hard\libg_nano.a(lib_a-impure.o)
 .comment       0x00000053       0x54 c:/program files/microchip/xc32/v3.01/bin/bin/../../lib/gcc/pic32c/8.3.1/../../../../pic32c/lib/thumb/v7e-m+dp/hard\libg_nano.a(lib_a-lnumeric.o)
 .comment       0x00000053       0x54 c:/program files/microchip/xc32/v3.01/bin/bin/../../lib/gcc/pic32c/8.3.1/../../../../pic32c/lib/thumb/v7e-m+dp/hard\libg_nano.a(lib_a-locale.o)
 .comment       0x00000053       0x54 c:/program files/microchip/xc32/v3.01/bin/bin/../../lib/gcc/pic32c/8.3.1/../../../../pic32c/lib/thumb/v7e-m+dp/hard\libg_nano.a(lib_a-mbtowc_r.o)
 .comment       0x00000053       0x54 c:/program files/microchip/xc32/v3.01/bin/bin/../../lib/gcc/pic32c/8.3.1/../../../../pic32c/lib/thumb/v7e-m+dp/hard\libg_nano.a(lib_a-mlock.o)
 .comment       0x00000053       0x54 c:/program files/microchip/xc32/v3.01/bin/bin/../../lib/gcc/pic32c/8.3.1/../../../../pic32c/lib/thumb/v7e-m+dp/hard\libg_nano.a(lib_a-mprec.o)
 .comment       0x00000053       0x54 c:/program files/microchip/xc32/v3.01/bin/bin/../../lib/gcc/pic32c/8.3.1/../../../../pic32c/lib/thumb/v7e-m+dp/hard\libg_nano.a(lib_a-nano-callocr.o)
 .comment       0x00000053       0x54 c:/program files/microchip/xc32/v3.01/bin/bin/../../lib/gcc/pic32c/8.3.1/../../../../pic32c/lib/thumb/v7e-m+dp/hard\libg_nano.a(lib_a-reent.o)
 .comment       0x00000053       0x54 c:/program files/microchip/xc32/v3.01/bin/bin/../../lib/gcc/pic32c/8.3.1/../../../../pic32c/lib/thumb/v7e-m+dp/hard\libg_nano.a(lib_a-s_nan.o)
 .comment       0x00000053       0x54 c:/program files/microchip/xc32/v3.01/bin/bin/../../lib/gcc/pic32c/8.3.1/../../../../pic32c/lib/thumb/v7e-m+dp/hard\libg_nano.a(lib_a-wctomb_r.o)
 .comment       0x00000053       0x54 c:/program files/microchip/xc32/v3.01/bin/bin/../../lib/gcc/pic32c/8.3.1/../../../../pic32c/lib/thumb/v7e-m+dp/hard\libm_nano.a(lib_a-s_cos.o)
 .comment       0x00000053       0x54 c:/program files/microchip/xc32/v3.01/bin/bin/../../lib/gcc/pic32c/8.3.1/../../../../pic32c/lib/thumb/v7e-m+dp/hard\libm_nano.a(lib_a-s_sin.o)
 .comment       0x00000053       0x54 c:/program files/microchip/xc32/v3.01/bin/bin/../../lib/gcc/pic32c/8.3.1/../../../../pic32c/lib/thumb/v7e-m+dp/hard\libm_nano.a(lib_a-w_atan2.o)
 .comment       0x00000053       0x54 c:/program files/microchip/xc32/v3.01/bin/bin/../../lib/gcc/pic32c/8.3.1/../../../../pic32c/lib/thumb/v7e-m+dp/hard\libm_nano.a(lib_a-w_sqrt.o)
 .comment       0x00000053       0x54 c:/program files/microchip/xc32/v3.01/bin/bin/../../lib/gcc/pic32c/8.3.1/../../../../pic32c/lib/thumb/v7e-m+dp/hard\libm_nano.a(lib_a-e_atan2.o)
 .comment       0x00000053       0x54 c:/program files/microchip/xc32/v3.01/bin/bin/../../lib/gcc/pic32c/8.3.1/../../../../pic32c/lib/thumb/v7e-m+dp/hard\libm_nano.a(lib_a-e_rem_pio2.o)
 .comment       0x00000053       0x54 c:/program files/microchip/xc32/v3.01/bin/bin/../../lib/gcc/pic32c/8.3.1/../../../../pic32c/lib/thumb/v7e-m+dp/hard\libm_nano.a(lib_a-e_sqrt.o)
 .comment       0x00000053       0x54 c:/program files/microchip/xc32/v3.01/bin/bin/../../lib/gcc/pic32c/8.3.1/../../../../pic32c/lib/thumb/v7e-m+dp/hard\libm_nano.a(lib_a-k_cos.o)
 .comment       0x00000053       0x54 c:/program files/microchip/xc32/v3.01/bin/bin/../../lib/gcc/pic32c/8.3.1/../../../../pic32c/lib/thumb/v7e-m+dp/hard\libm_nano.a(lib_a-k_rem_pio2.o)
 .comment       0x00000053       0x54 c:/program files/microchip/xc32/v3.01/bin/bin/../../lib/gcc/pic32c/8.3.1/../../../../pic32c/lib/thumb/v7e-m+dp/hard\libm_nano.a(lib_a-k_sin.o)
 .comment       0x00000053       0x54 c:/program files/microchip/xc32/v3.01/bin/bin/../../lib/gcc/pic32c/8.3.1/../../../../pic32c/lib/thumb/v7e-m+dp/hard\libm_nano.a(lib_a-s_atan.o)
 .comment       0x00000053       0x54 c:/program files/microchip/xc32/v3.01/bin/bin/../../lib/gcc/pic32c/8.3.1/../../../../pic32c/lib/thumb/v7e-m+dp/hard\libm_nano.a(lib_a-s_fabs.o)
 .comment       0x00000053       0x54 c:/program files/microchip/xc32/v3.01/bin/bin/../../lib/gcc/pic32c/8.3.1/../../../../pic32c/lib/thumb/v7e-m+dp/hard\libm_nano.a(lib_a-s_floor.o)
 .comment       0x00000053       0x54 c:/program files/microchip/xc32/v3.01/bin/bin/../../lib/gcc/pic32c/8.3.1/../../../../pic32c/lib/thumb/v7e-m+dp/hard\libm_nano.a(lib_a-s_lib_ver.o)
 .comment       0x00000053       0x54 c:/program files/microchip/xc32/v3.01/bin/bin/../../lib/gcc/pic32c/8.3.1/../../../../pic32c/lib/thumb/v7e-m+dp/hard\libm_nano.a(lib_a-s_scalbn.o)
 .comment       0x00000053       0x54 c:/program files/microchip/xc32/v3.01/bin/bin/../../lib/gcc/pic32c/8.3.1/../../../../pic32c/lib/thumb/v7e-m+dp/hard\libc_nano.a(lib_a-errno.o)
 .comment       0x00000053       0x54 c:/program files/microchip/xc32/v3.01/bin/bin/../../lib/gcc/pic32c/8.3.1/../../../../pic32c/lib/thumb/v7e-m+dp/hard\libpic32c.a(sbrk.o)
 .comment       0x00000053       0x54 c:/program files/microchip/xc32/v3.01/bin/bin/../../lib/gcc/pic32c/8.3.1/thumb/v7e-m+dp/hard\libgcc.a(_fixdfdi.o)
 .comment       0x00000053       0x54 c:/program files/microchip/xc32/v3.01/bin/bin/../../lib/gcc/pic32c/8.3.1/thumb/v7e-m+dp/hard\libgcc.a(_fixunsdfdi.o)

.debug_info     0x00000000    0x5fc3d
 .debug_info    0x00000000     0x1969 build/sam_e70_xult/debug/_ext/957281314/drv_i2c.o
 .debug_info    0x00001969      0xce6 build/sam_e70_xult/debug/_ext/1565510230/drv_sdmmc_file_system.o
 .debug_info    0x0000264f     0x5922 build/sam_e70_xult/debug/_ext/1565510230/drv_sdmmc.o
 .debug_info    0x00007f71     0x1cb5 build/sam_e70_xult/debug/_ext/716655881/drv_usart.o
 .debug_info    0x00009c26      0xc6d build/sam_e70_xult/debug/_ext/1613695899/osal_freertos.o
 .debug_info    0x0000a893      0x909 build/sam_e70_xult/debug/_ext/1055500827/plib_clk.o
 .debug_info    0x0000b19c     0x1577 build/sam_e70_xult/debug/_ext/1055499099/plib_efc.o
 .debug_info    0x0000c713     0x1eaf build/sam_e70_xult/debug/_ext/719181653/plib_hsmci.o
 .debug_info    0x0000e5c2     0x15c5 build/sam_e70_xult/debug/_ext/1639550079/plib_nvic.o
 .debug_info    0x0000fb87     0x1a43 build/sam_e70_xult/debug/_ext/1055488423/plib_pio.o
 .debug_info    0x000115ca     0x1287 build/sam_e70_xult/debug/_ext/1055487991/plib_pwm0.o
 .debug_info    0x00012851      0x9fb build/sam_e70_xult/debug/_ext/865331892/plib_tc3.o
 .debug_info    0x0001324c      0xde3 build/sam_e70_xult/debug/_ext/1539215101/plib_twihs0_master.o
 .debug_info    0x0001402f     0x10b9 build/sam_e70_xult/debug/_ext/707186936/plib_usart1.o
 .debug_info    0x000150e8     0x10b9 build/sam_e70_xult/debug/_ext/707186936/plib_usart0.o
 .debug_info    0x000161a1     0x10b9 build/sam_e70_xult/debug/_ext/707186936/plib_usart2.o
 .debug_info    0x0001725a      0xe1c build/sam_e70_xult/debug/_ext/704852250/plib_xdmac.o
 .debug_info    0x00018076     0x16a0 build/sam_e70_xult/debug/_ext/876653320/sys_cache.o
 .debug_info    0x00019716     0x6a8c build/sam_e70_xult/debug/_ext/1043829778/ff.o
 .debug_info    0x000201a2      0x684 build/sam_e70_xult/debug/_ext/1043829778/ffunicode.o
 .debug_info    0x00020826     0x1e82 build/sam_e70_xult/debug/_ext/1893760823/diskio.o
 .debug_info    0x000226a8     0x4ead build/sam_e70_xult/debug/_ext/1305476372/sys_fs.o
 .debug_info    0x00027555     0x3138 build/sam_e70_xult/debug/_ext/1305476372/sys_fs_media_manager.o
 .debug_info    0x0002a68d     0x2577 build/sam_e70_xult/debug/_ext/1305476372/sys_fs_fat_interface.o
 .debug_info    0x0002cc04      0xd44 build/sam_e70_xult/debug/_ext/766002106/sys_int.o
 .debug_info    0x0002d948     0x399a build/sam_e70_xult/debug/_ext/327803284/sys_time.o
 .debug_info    0x000312e2     0x58fc build/sam_e70_xult/debug/_ext/1728594169/initialization.o
 .debug_info    0x00036bde     0x293f build/sam_e70_xult/debug/_ext/1728594169/interrupts.o
 .debug_info    0x0003951d     0x1d62 build/sam_e70_xult/debug/_ext/1728594169/exceptions.o
 .debug_info    0x0003b27f      0xe91 build/sam_e70_xult/debug/_ext/1728594169/startup_xc32.o
 .debug_info    0x0003c110      0x598 build/sam_e70_xult/debug/_ext/1728594169/freertos_hooks.o
 .debug_info    0x0003c6a8     0x2575 build/sam_e70_xult/debug/_ext/1728594169/tasks.o
 .debug_info    0x0003ec1d      0x7e8 build/sam_e70_xult/debug/_ext/977623654/port.o
 .debug_info    0x0003f405     0x112d build/sam_e70_xult/debug/_ext/1665200909/heap_1.o
 .debug_info    0x00040532     0x1250 build/sam_e70_xult/debug/_ext/404212886/list.o
 .debug_info    0x00041782     0x2d7d build/sam_e70_xult/debug/_ext/404212886/queue.o
 .debug_info    0x000444ff     0x3a95 build/sam_e70_xult/debug/_ext/404212886/FreeRTOS_tasks.o
 .debug_info    0x00047f94     0x1cb4 build/sam_e70_xult/debug/_ext/1360937237/main.o
 .debug_info    0x00049c48     0x1c3e build/sam_e70_xult/debug/_ext/1360937237/app_communication.o
 .debug_info    0x0004b886     0x3910 build/sam_e70_xult/debug/_ext/1360937237/app_mast_control.o
 .debug_info    0x0004f196     0x21e4 build/sam_e70_xult/debug/_ext/1360937237/app_course_algorithm.o
 .debug_info    0x0005137a     0x3a3e build/sam_e70_xult/debug/_ext/1360937237/app_rudder_control.o
 .debug_info    0x00054db8     0x1b41 build/sam_e70_xult/debug/_ext/1360937237/app_anemometer.o
 .debug_info    0x000568f9     0x1dcf build/sam_e70_xult/debug/_ext/1360937237/app_gps.o
 .debug_info    0x000586c8     0x185e build/sam_e70_xult/debug/_ext/1360937237/app_imu.o
 .debug_info    0x00059f26      0x2d3 c:/program files/microchip/xc32/v3.01/bin/bin/../../lib/gcc/pic32c/8.3.1/../../../../pic32c/lib/thumb/v7e-m+dp/hard\libpic32c.a(data_init.o)
 .debug_info    0x0005a1f9       0x26 c:/program files/microchip/xc32/v3.01/bin/bin/../../lib/gcc/pic32c/8.3.1/thumb/v7e-m+dp/hard\libgcc.a(_aeabi_uldivmod.o)
 .debug_info    0x0005a21f     0x1fe2 c:/program files/microchip/xc32/v3.01/bin/bin/../../lib/gcc/pic32c/8.3.1/thumb/v7e-m+dp/hard\libgcc.a(_udivmoddi4.o)
 .debug_info    0x0005c201       0x26 c:/program files/microchip/xc32/v3.01/bin/bin/../../lib/gcc/pic32c/8.3.1/thumb/v7e-m+dp/hard\libgcc.a(_dvmd_tls.o)
 .debug_info    0x0005c227      0x2b6 c:/program files/microchip/xc32/v3.01/bin/bin/../../lib/gcc/pic32c/8.3.1/../../../../pic32c/lib/thumb/v7e-m+dp/hard\libpic32c.a(sbrk.o)
 .debug_info    0x0005c4dd       0x26 c:/program files/microchip/xc32/v3.01/bin/bin/../../lib/gcc/pic32c/8.3.1/thumb/v7e-m+dp/hard\libgcc.a(_arm_addsubdf3.o)
 .debug_info    0x0005c503     0x1ba7 c:/program files/microchip/xc32/v3.01/bin/bin/../../lib/gcc/pic32c/8.3.1/thumb/v7e-m+dp/hard\libgcc.a(_fixdfdi.o)
 .debug_info    0x0005e0aa     0x1b93 c:/program files/microchip/xc32/v3.01/bin/bin/../../lib/gcc/pic32c/8.3.1/thumb/v7e-m+dp/hard\libgcc.a(_fixunsdfdi.o)

.debug_abbrev   0x00000000     0x8e73
 .debug_abbrev  0x00000000      0x3ac build/sam_e70_xult/debug/_ext/957281314/drv_i2c.o
 .debug_abbrev  0x000003ac      0x176 build/sam_e70_xult/debug/_ext/1565510230/drv_sdmmc_file_system.o
 .debug_abbrev  0x00000522      0x680 build/sam_e70_xult/debug/_ext/1565510230/drv_sdmmc.o
 .debug_abbrev  0x00000ba2      0x3ec build/sam_e70_xult/debug/_ext/716655881/drv_usart.o
 .debug_abbrev  0x00000f8e      0x1f5 build/sam_e70_xult/debug/_ext/1613695899/osal_freertos.o
 .debug_abbrev  0x00001183       0xd5 build/sam_e70_xult/debug/_ext/1055500827/plib_clk.o
 .debug_abbrev  0x00001258      0x30e build/sam_e70_xult/debug/_ext/1055499099/plib_efc.o
 .debug_abbrev  0x00001566      0x3ac build/sam_e70_xult/debug/_ext/719181653/plib_hsmci.o
 .debug_abbrev  0x00001912      0x1f7 build/sam_e70_xult/debug/_ext/1639550079/plib_nvic.o
 .debug_abbrev  0x00001b09      0x285 build/sam_e70_xult/debug/_ext/1055488423/plib_pio.o
 .debug_abbrev  0x00001d8e      0x216 build/sam_e70_xult/debug/_ext/1055487991/plib_pwm0.o
 .debug_abbrev  0x00001fa4      0x1a7 build/sam_e70_xult/debug/_ext/865331892/plib_tc3.o
 .debug_abbrev  0x0000214b      0x2ec build/sam_e70_xult/debug/_ext/1539215101/plib_twihs0_master.o
 .debug_abbrev  0x00002437      0x31f build/sam_e70_xult/debug/_ext/707186936/plib_usart1.o
 .debug_abbrev  0x00002756      0x31f build/sam_e70_xult/debug/_ext/707186936/plib_usart0.o
 .debug_abbrev  0x00002a75      0x31f build/sam_e70_xult/debug/_ext/707186936/plib_usart2.o
 .debug_abbrev  0x00002d94      0x29e build/sam_e70_xult/debug/_ext/704852250/plib_xdmac.o
 .debug_abbrev  0x00003032      0x248 build/sam_e70_xult/debug/_ext/876653320/sys_cache.o
 .debug_abbrev  0x0000327a      0x3f3 build/sam_e70_xult/debug/_ext/1043829778/ff.o
 .debug_abbrev  0x0000366d      0x146 build/sam_e70_xult/debug/_ext/1043829778/ffunicode.o
 .debug_abbrev  0x000037b3      0x445 build/sam_e70_xult/debug/_ext/1893760823/diskio.o
 .debug_abbrev  0x00003bf8      0x554 build/sam_e70_xult/debug/_ext/1305476372/sys_fs.o
 .debug_abbrev  0x0000414c      0x57f build/sam_e70_xult/debug/_ext/1305476372/sys_fs_media_manager.o
 .debug_abbrev  0x000046cb      0x335 build/sam_e70_xult/debug/_ext/1305476372/sys_fs_fat_interface.o
 .debug_abbrev  0x00004a00      0x267 build/sam_e70_xult/debug/_ext/766002106/sys_int.o
 .debug_abbrev  0x00004c67      0x664 build/sam_e70_xult/debug/_ext/327803284/sys_time.o
 .debug_abbrev  0x000052cb      0x377 build/sam_e70_xult/debug/_ext/1728594169/initialization.o
 .debug_abbrev  0x00005642      0x20b build/sam_e70_xult/debug/_ext/1728594169/interrupts.o
 .debug_abbrev  0x0000584d      0x1fe build/sam_e70_xult/debug/_ext/1728594169/exceptions.o
 .debug_abbrev  0x00005a4b      0x24f build/sam_e70_xult/debug/_ext/1728594169/startup_xc32.o
 .debug_abbrev  0x00005c9a      0x13f build/sam_e70_xult/debug/_ext/1728594169/freertos_hooks.o
 .debug_abbrev  0x00005dd9      0x27b build/sam_e70_xult/debug/_ext/1728594169/tasks.o
 .debug_abbrev  0x00006054      0x22f build/sam_e70_xult/debug/_ext/977623654/port.o
 .debug_abbrev  0x00006283      0x2af build/sam_e70_xult/debug/_ext/1665200909/heap_1.o
 .debug_abbrev  0x00006532      0x270 build/sam_e70_xult/debug/_ext/404212886/list.o
 .debug_abbrev  0x000067a2      0x484 build/sam_e70_xult/debug/_ext/404212886/queue.o
 .debug_abbrev  0x00006c26      0x545 build/sam_e70_xult/debug/_ext/404212886/FreeRTOS_tasks.o
 .debug_abbrev  0x0000716b      0x237 build/sam_e70_xult/debug/_ext/1360937237/main.o
 .debug_abbrev  0x000073a2      0x2cb build/sam_e70_xult/debug/_ext/1360937237/app_communication.o
 .debug_abbrev  0x0000766d      0x37f build/sam_e70_xult/debug/_ext/1360937237/app_mast_control.o
 .debug_abbrev  0x000079ec      0x2f5 build/sam_e70_xult/debug/_ext/1360937237/app_course_algorithm.o
 .debug_abbrev  0x00007ce1      0x35c build/sam_e70_xult/debug/_ext/1360937237/app_rudder_control.o
 .debug_abbrev  0x0000803d      0x30e build/sam_e70_xult/debug/_ext/1360937237/app_anemometer.o
 .debug_abbrev  0x0000834b      0x330 build/sam_e70_xult/debug/_ext/1360937237/app_gps.o
 .debug_abbrev  0x0000867b      0x30e build/sam_e70_xult/debug/_ext/1360937237/app_imu.o
 .debug_abbrev  0x00008989       0x2e c:/program files/microchip/xc32/v3.01/bin/bin/../../lib/gcc/pic32c/8.3.1/../../../../pic32c/lib/thumb/v7e-m+dp/hard\libpic32c.a(data_init.o)
 .debug_abbrev  0x000089b7       0x14 c:/program files/microchip/xc32/v3.01/bin/bin/../../lib/gcc/pic32c/8.3.1/thumb/v7e-m+dp/hard\libgcc.a(_aeabi_uldivmod.o)
 .debug_abbrev  0x000089cb      0x192 c:/program files/microchip/xc32/v3.01/bin/bin/../../lib/gcc/pic32c/8.3.1/thumb/v7e-m+dp/hard\libgcc.a(_udivmoddi4.o)
 .debug_abbrev  0x00008b5d       0x14 c:/program files/microchip/xc32/v3.01/bin/bin/../../lib/gcc/pic32c/8.3.1/thumb/v7e-m+dp/hard\libgcc.a(_dvmd_tls.o)
 .debug_abbrev  0x00008b71       0x2e c:/program files/microchip/xc32/v3.01/bin/bin/../../lib/gcc/pic32c/8.3.1/../../../../pic32c/lib/thumb/v7e-m+dp/hard\libpic32c.a(sbrk.o)
 .debug_abbrev  0x00008b9f       0x14 c:/program files/microchip/xc32/v3.01/bin/bin/../../lib/gcc/pic32c/8.3.1/thumb/v7e-m+dp/hard\libgcc.a(_arm_addsubdf3.o)
 .debug_abbrev  0x00008bb3      0x16d c:/program files/microchip/xc32/v3.01/bin/bin/../../lib/gcc/pic32c/8.3.1/thumb/v7e-m+dp/hard\libgcc.a(_fixdfdi.o)
 .debug_abbrev  0x00008d20      0x153 c:/program files/microchip/xc32/v3.01/bin/bin/../../lib/gcc/pic32c/8.3.1/thumb/v7e-m+dp/hard\libgcc.a(_fixunsdfdi.o)

.debug_loc      0x00000000    0x23b40
 .debug_loc     0x00000000      0xbcf build/sam_e70_xult/debug/_ext/957281314/drv_i2c.o
 .debug_loc     0x00000bcf       0x45 build/sam_e70_xult/debug/_ext/1565510230/drv_sdmmc_file_system.o
 .debug_loc     0x00000c14     0x22e1 build/sam_e70_xult/debug/_ext/1565510230/drv_sdmmc.o
 .debug_loc     0x00002ef5      0xca0 build/sam_e70_xult/debug/_ext/716655881/drv_usart.o
 .debug_loc     0x00003b95      0x727 build/sam_e70_xult/debug/_ext/1613695899/osal_freertos.o
 .debug_loc     0x000042bc      0x611 build/sam_e70_xult/debug/_ext/1055499099/plib_efc.o
 .debug_loc     0x000048cd      0x51f build/sam_e70_xult/debug/_ext/719181653/plib_hsmci.o
 .debug_loc     0x00004dec      0x37a build/sam_e70_xult/debug/_ext/1639550079/plib_nvic.o
 .debug_loc     0x00005166      0x33e build/sam_e70_xult/debug/_ext/1055488423/plib_pio.o
 .debug_loc     0x000054a4      0x197 build/sam_e70_xult/debug/_ext/1055487991/plib_pwm0.o
 .debug_loc     0x0000563b       0x46 build/sam_e70_xult/debug/_ext/865331892/plib_tc3.o
 .debug_loc     0x00005681      0x6b3 build/sam_e70_xult/debug/_ext/1539215101/plib_twihs0_master.o
 .debug_loc     0x00005d34      0x631 build/sam_e70_xult/debug/_ext/707186936/plib_usart1.o
 .debug_loc     0x00006365      0x631 build/sam_e70_xult/debug/_ext/707186936/plib_usart0.o
 .debug_loc     0x00006996      0x631 build/sam_e70_xult/debug/_ext/707186936/plib_usart2.o
 .debug_loc     0x00006fc7      0x38b build/sam_e70_xult/debug/_ext/704852250/plib_xdmac.o
 .debug_loc     0x00007352      0x6bb build/sam_e70_xult/debug/_ext/876653320/sys_cache.o
 .debug_loc     0x00007a0d     0xa0a1 build/sam_e70_xult/debug/_ext/1043829778/ff.o
 .debug_loc     0x00011aae      0x52d build/sam_e70_xult/debug/_ext/1043829778/ffunicode.o
 .debug_loc     0x00011fdb      0x99b build/sam_e70_xult/debug/_ext/1893760823/diskio.o
 .debug_loc     0x00012976     0x4bf4 build/sam_e70_xult/debug/_ext/1305476372/sys_fs.o
 .debug_loc     0x0001756a     0x16a5 build/sam_e70_xult/debug/_ext/1305476372/sys_fs_media_manager.o
 .debug_loc     0x00018c0f     0x1c7a build/sam_e70_xult/debug/_ext/1305476372/sys_fs_fat_interface.o
 .debug_loc     0x0001a889      0x182 build/sam_e70_xult/debug/_ext/766002106/sys_int.o
 .debug_loc     0x0001aa0b     0x22b8 build/sam_e70_xult/debug/_ext/327803284/sys_time.o
 .debug_loc     0x0001ccc3       0x45 build/sam_e70_xult/debug/_ext/1728594169/initialization.o
 .debug_loc     0x0001cd08       0xa7 build/sam_e70_xult/debug/_ext/1728594169/startup_xc32.o
 .debug_loc     0x0001cdaf       0x82 build/sam_e70_xult/debug/_ext/1728594169/freertos_hooks.o
 .debug_loc     0x0001ce31      0x2a5 build/sam_e70_xult/debug/_ext/1728594169/tasks.o
 .debug_loc     0x0001d0d6      0x13a build/sam_e70_xult/debug/_ext/977623654/port.o
 .debug_loc     0x0001d210       0x80 build/sam_e70_xult/debug/_ext/1665200909/heap_1.o
 .debug_loc     0x0001d290       0xbf build/sam_e70_xult/debug/_ext/404212886/list.o
 .debug_loc     0x0001d34f     0x16e4 build/sam_e70_xult/debug/_ext/404212886/queue.o
 .debug_loc     0x0001ea33     0x211d build/sam_e70_xult/debug/_ext/404212886/FreeRTOS_tasks.o
 .debug_loc     0x00020b50       0x20 build/sam_e70_xult/debug/_ext/1360937237/main.o
 .debug_loc     0x00020b70      0x29a build/sam_e70_xult/debug/_ext/1360937237/app_communication.o
 .debug_loc     0x00020e0a       0xdb build/sam_e70_xult/debug/_ext/1360937237/app_mast_control.o
 .debug_loc     0x00020ee5      0x7db build/sam_e70_xult/debug/_ext/1360937237/app_course_algorithm.o
 .debug_loc     0x000216c0      0x160 build/sam_e70_xult/debug/_ext/1360937237/app_rudder_control.o
 .debug_loc     0x00021820      0x84c build/sam_e70_xult/debug/_ext/1360937237/app_anemometer.o
 .debug_loc     0x0002206c      0x6dd build/sam_e70_xult/debug/_ext/1360937237/app_gps.o
 .debug_loc     0x00022749      0x2ed build/sam_e70_xult/debug/_ext/1360937237/app_imu.o
 .debug_loc     0x00022a36       0x14 c:/program files/microchip/xc32/v3.01/bin/bin/../../lib/gcc/pic32c/8.3.1/../../../../pic32c/lib/thumb/v7e-m+dp/hard\libpic32c.a(data_init.o)
 .debug_loc     0x00022a4a     0x1041 c:/program files/microchip/xc32/v3.01/bin/bin/../../lib/gcc/pic32c/8.3.1/thumb/v7e-m+dp/hard\libgcc.a(_udivmoddi4.o)
 .debug_loc     0x00023a8b       0x72 c:/program files/microchip/xc32/v3.01/bin/bin/../../lib/gcc/pic32c/8.3.1/thumb/v7e-m+dp/hard\libgcc.a(_fixdfdi.o)
 .debug_loc     0x00023afd       0x43 c:/program files/microchip/xc32/v3.01/bin/bin/../../lib/gcc/pic32c/8.3.1/thumb/v7e-m+dp/hard\libgcc.a(_fixunsdfdi.o)

.debug_aranges  0x00000000     0x1708
 .debug_aranges
                0x00000000       0x78 build/sam_e70_xult/debug/_ext/957281314/drv_i2c.o
 .debug_aranges
                0x00000078       0x20 build/sam_e70_xult/debug/_ext/1565510230/drv_sdmmc_file_system.o
 .debug_aranges
                0x00000098       0xb0 build/sam_e70_xult/debug/_ext/1565510230/drv_sdmmc.o
 .debug_aranges
                0x00000148       0x70 build/sam_e70_xult/debug/_ext/716655881/drv_usart.o
 .debug_aranges
                0x000001b8       0x90 build/sam_e70_xult/debug/_ext/1613695899/osal_freertos.o
 .debug_aranges
                0x00000248       0x20 build/sam_e70_xult/debug/_ext/1055500827/plib_clk.o
 .debug_aranges
                0x00000268       0x70 build/sam_e70_xult/debug/_ext/1055499099/plib_efc.o
 .debug_aranges
                0x000002d8       0x98 build/sam_e70_xult/debug/_ext/719181653/plib_hsmci.o
 .debug_aranges
                0x00000370       0x38 build/sam_e70_xult/debug/_ext/1639550079/plib_nvic.o
 .debug_aranges
                0x000003a8       0x98 build/sam_e70_xult/debug/_ext/1055488423/plib_pio.o
 .debug_aranges
                0x00000440       0x90 build/sam_e70_xult/debug/_ext/1055487991/plib_pwm0.o
 .debug_aranges
                0x000004d0       0x68 build/sam_e70_xult/debug/_ext/865331892/plib_tc3.o
 .debug_aranges
                0x00000538       0x70 build/sam_e70_xult/debug/_ext/1539215101/plib_twihs0_master.o
 .debug_aranges
                0x000005a8       0x88 build/sam_e70_xult/debug/_ext/707186936/plib_usart1.o
 .debug_aranges
                0x00000630       0x88 build/sam_e70_xult/debug/_ext/707186936/plib_usart0.o
 .debug_aranges
                0x000006b8       0x88 build/sam_e70_xult/debug/_ext/707186936/plib_usart2.o
 .debug_aranges
                0x00000740       0x78 build/sam_e70_xult/debug/_ext/704852250/plib_xdmac.o
 .debug_aranges
                0x000007b8       0x80 build/sam_e70_xult/debug/_ext/876653320/sys_cache.o
 .debug_aranges
                0x00000838      0x220 build/sam_e70_xult/debug/_ext/1043829778/ff.o
 .debug_aranges
                0x00000a58       0x30 build/sam_e70_xult/debug/_ext/1043829778/ffunicode.o
 .debug_aranges
                0x00000a88       0x60 build/sam_e70_xult/debug/_ext/1893760823/diskio.o
 .debug_aranges
                0x00000ae8      0x170 build/sam_e70_xult/debug/_ext/1305476372/sys_fs.o
 .debug_aranges
                0x00000c58       0x98 build/sam_e70_xult/debug/_ext/1305476372/sys_fs_media_manager.o
 .debug_aranges
                0x00000cf0      0x130 build/sam_e70_xult/debug/_ext/1305476372/sys_fs_fat_interface.o
 .debug_aranges
                0x00000e20       0x40 build/sam_e70_xult/debug/_ext/766002106/sys_int.o
 .debug_aranges
                0x00000e60      0x130 build/sam_e70_xult/debug/_ext/327803284/sys_time.o
 .debug_aranges
                0x00000f90       0x20 build/sam_e70_xult/debug/_ext/1728594169/initialization.o
 .debug_aranges
                0x00000fb0       0x20 build/sam_e70_xult/debug/_ext/1728594169/interrupts.o
 .debug_aranges
                0x00000fd0       0x48 build/sam_e70_xult/debug/_ext/1728594169/exceptions.o
 .debug_aranges
                0x00001018       0x28 build/sam_e70_xult/debug/_ext/1728594169/startup_xc32.o
 .debug_aranges
                0x00001040       0x40 build/sam_e70_xult/debug/_ext/1728594169/freertos_hooks.o
 .debug_aranges
                0x00001080       0x68 build/sam_e70_xult/debug/_ext/1728594169/tasks.o
 .debug_aranges
                0x000010e8       0x78 build/sam_e70_xult/debug/_ext/977623654/port.o
 .debug_aranges
                0x00001160       0x38 build/sam_e70_xult/debug/_ext/1665200909/heap_1.o
 .debug_aranges
                0x00001198       0x40 build/sam_e70_xult/debug/_ext/404212886/list.o
 .debug_aranges
                0x000011d8       0xc8 build/sam_e70_xult/debug/_ext/404212886/queue.o
 .debug_aranges
                0x000012a0      0x178 build/sam_e70_xult/debug/_ext/404212886/FreeRTOS_tasks.o
 .debug_aranges
                0x00001418       0x20 build/sam_e70_xult/debug/_ext/1360937237/main.o
 .debug_aranges
                0x00001438       0x40 build/sam_e70_xult/debug/_ext/1360937237/app_communication.o
 .debug_aranges
                0x00001478       0x48 build/sam_e70_xult/debug/_ext/1360937237/app_mast_control.o
 .debug_aranges
                0x000014c0       0x38 build/sam_e70_xult/debug/_ext/1360937237/app_course_algorithm.o
 .debug_aranges
                0x000014f8       0x38 build/sam_e70_xult/debug/_ext/1360937237/app_rudder_control.o
 .debug_aranges
                0x00001530       0x40 build/sam_e70_xult/debug/_ext/1360937237/app_anemometer.o
 .debug_aranges
                0x00001570       0x60 build/sam_e70_xult/debug/_ext/1360937237/app_gps.o
 .debug_aranges
                0x000015d0       0x38 build/sam_e70_xult/debug/_ext/1360937237/app_imu.o
 .debug_aranges
                0x00001608       0x20 c:/program files/microchip/xc32/v3.01/bin/bin/../../lib/gcc/pic32c/8.3.1/../../../../pic32c/lib/thumb/v7e-m+dp/hard\libpic32c.a(data_init.o)
 .debug_aranges
                0x00001628       0x20 c:/program files/microchip/xc32/v3.01/bin/bin/../../lib/gcc/pic32c/8.3.1/thumb/v7e-m+dp/hard\libgcc.a(_aeabi_uldivmod.o)
 .debug_aranges
                0x00001648       0x20 c:/program files/microchip/xc32/v3.01/bin/bin/../../lib/gcc/pic32c/8.3.1/thumb/v7e-m+dp/hard\libgcc.a(_udivmoddi4.o)
 .debug_aranges
                0x00001668       0x20 c:/program files/microchip/xc32/v3.01/bin/bin/../../lib/gcc/pic32c/8.3.1/thumb/v7e-m+dp/hard\libgcc.a(_dvmd_tls.o)
 .debug_aranges
                0x00001688       0x20 c:/program files/microchip/xc32/v3.01/bin/bin/../../lib/gcc/pic32c/8.3.1/../../../../pic32c/lib/thumb/v7e-m+dp/hard\libpic32c.a(sbrk.o)
 .debug_aranges
                0x000016a8       0x20 c:/program files/microchip/xc32/v3.01/bin/bin/../../lib/gcc/pic32c/8.3.1/thumb/v7e-m+dp/hard\libgcc.a(_arm_addsubdf3.o)
 .debug_aranges
                0x000016c8       0x20 c:/program files/microchip/xc32/v3.01/bin/bin/../../lib/gcc/pic32c/8.3.1/thumb/v7e-m+dp/hard\libgcc.a(_fixdfdi.o)
 .debug_aranges
                0x000016e8       0x20 c:/program files/microchip/xc32/v3.01/bin/bin/../../lib/gcc/pic32c/8.3.1/thumb/v7e-m+dp/hard\libgcc.a(_fixunsdfdi.o)

.debug_ranges   0x00000000     0x1ae8
 .debug_ranges  0x00000000       0x68 build/sam_e70_xult/debug/_ext/957281314/drv_i2c.o
 .debug_ranges  0x00000068       0x10 build/sam_e70_xult/debug/_ext/1565510230/drv_sdmmc_file_system.o
 .debug_ranges  0x00000078       0xe8 build/sam_e70_xult/debug/_ext/1565510230/drv_sdmmc.o
 .debug_ranges  0x00000160       0x78 build/sam_e70_xult/debug/_ext/716655881/drv_usart.o
 .debug_ranges  0x000001d8       0x80 build/sam_e70_xult/debug/_ext/1613695899/osal_freertos.o
 .debug_ranges  0x00000258       0x10 build/sam_e70_xult/debug/_ext/1055500827/plib_clk.o
 .debug_ranges  0x00000268       0x90 build/sam_e70_xult/debug/_ext/1055499099/plib_efc.o
 .debug_ranges  0x000002f8       0x88 build/sam_e70_xult/debug/_ext/719181653/plib_hsmci.o
 .debug_ranges  0x00000380       0x28 build/sam_e70_xult/debug/_ext/1639550079/plib_nvic.o
 .debug_ranges  0x000003a8       0x88 build/sam_e70_xult/debug/_ext/1055488423/plib_pio.o
 .debug_ranges  0x00000430       0x80 build/sam_e70_xult/debug/_ext/1055487991/plib_pwm0.o
 .debug_ranges  0x000004b0       0x58 build/sam_e70_xult/debug/_ext/865331892/plib_tc3.o
 .debug_ranges  0x00000508       0x60 build/sam_e70_xult/debug/_ext/1539215101/plib_twihs0_master.o
 .debug_ranges  0x00000568       0x78 build/sam_e70_xult/debug/_ext/707186936/plib_usart1.o
 .debug_ranges  0x000005e0       0x78 build/sam_e70_xult/debug/_ext/707186936/plib_usart0.o
 .debug_ranges  0x00000658       0x78 build/sam_e70_xult/debug/_ext/707186936/plib_usart2.o
 .debug_ranges  0x000006d0       0x68 build/sam_e70_xult/debug/_ext/704852250/plib_xdmac.o
 .debug_ranges  0x00000738       0xe8 build/sam_e70_xult/debug/_ext/876653320/sys_cache.o
 .debug_ranges  0x00000820      0x430 build/sam_e70_xult/debug/_ext/1043829778/ff.o
 .debug_ranges  0x00000c50       0x20 build/sam_e70_xult/debug/_ext/1043829778/ffunicode.o
 .debug_ranges  0x00000c70       0x68 build/sam_e70_xult/debug/_ext/1893760823/diskio.o
 .debug_ranges  0x00000cd8      0x160 build/sam_e70_xult/debug/_ext/1305476372/sys_fs.o
 .debug_ranges  0x00000e38      0x110 build/sam_e70_xult/debug/_ext/1305476372/sys_fs_media_manager.o
 .debug_ranges  0x00000f48      0x150 build/sam_e70_xult/debug/_ext/1305476372/sys_fs_fat_interface.o
 .debug_ranges  0x00001098       0x48 build/sam_e70_xult/debug/_ext/766002106/sys_int.o
 .debug_ranges  0x000010e0      0x168 build/sam_e70_xult/debug/_ext/327803284/sys_time.o
 .debug_ranges  0x00001248       0x10 build/sam_e70_xult/debug/_ext/1728594169/initialization.o
 .debug_ranges  0x00001258       0x10 build/sam_e70_xult/debug/_ext/1728594169/interrupts.o
 .debug_ranges  0x00001268       0x38 build/sam_e70_xult/debug/_ext/1728594169/exceptions.o
 .debug_ranges  0x000012a0       0x48 build/sam_e70_xult/debug/_ext/1728594169/startup_xc32.o
 .debug_ranges  0x000012e8       0x30 build/sam_e70_xult/debug/_ext/1728594169/freertos_hooks.o
 .debug_ranges  0x00001318       0x58 build/sam_e70_xult/debug/_ext/1728594169/tasks.o
 .debug_ranges  0x00001370       0x68 build/sam_e70_xult/debug/_ext/977623654/port.o
 .debug_ranges  0x000013d8       0x28 build/sam_e70_xult/debug/_ext/1665200909/heap_1.o
 .debug_ranges  0x00001400       0x30 build/sam_e70_xult/debug/_ext/404212886/list.o
 .debug_ranges  0x00001430      0x180 build/sam_e70_xult/debug/_ext/404212886/queue.o
 .debug_ranges  0x000015b0      0x288 build/sam_e70_xult/debug/_ext/404212886/FreeRTOS_tasks.o
 .debug_ranges  0x00001838       0x10 build/sam_e70_xult/debug/_ext/1360937237/main.o
 .debug_ranges  0x00001848       0x30 build/sam_e70_xult/debug/_ext/1360937237/app_communication.o
 .debug_ranges  0x00001878       0x38 build/sam_e70_xult/debug/_ext/1360937237/app_mast_control.o
 .debug_ranges  0x000018b0       0x28 build/sam_e70_xult/debug/_ext/1360937237/app_course_algorithm.o
 .debug_ranges  0x000018d8       0x70 build/sam_e70_xult/debug/_ext/1360937237/app_rudder_control.o
 .debug_ranges  0x00001948       0x30 build/sam_e70_xult/debug/_ext/1360937237/app_anemometer.o
 .debug_ranges  0x00001978       0x50 build/sam_e70_xult/debug/_ext/1360937237/app_gps.o
 .debug_ranges  0x000019c8       0x28 build/sam_e70_xult/debug/_ext/1360937237/app_imu.o
 .debug_ranges  0x000019f0       0x10 c:/program files/microchip/xc32/v3.01/bin/bin/../../lib/gcc/pic32c/8.3.1/../../../../pic32c/lib/thumb/v7e-m+dp/hard\libpic32c.a(data_init.o)
 .debug_ranges  0x00001a00       0xd8 c:/program files/microchip/xc32/v3.01/bin/bin/../../lib/gcc/pic32c/8.3.1/thumb/v7e-m+dp/hard\libgcc.a(_udivmoddi4.o)
 .debug_ranges  0x00001ad8       0x10 c:/program files/microchip/xc32/v3.01/bin/bin/../../lib/gcc/pic32c/8.3.1/../../../../pic32c/lib/thumb/v7e-m+dp/hard\libpic32c.a(sbrk.o)

.debug_line     0x00000000    0x1c2ab
 .debug_line    0x00000000      0x851 build/sam_e70_xult/debug/_ext/957281314/drv_i2c.o
 .debug_line    0x00000851      0x206 build/sam_e70_xult/debug/_ext/1565510230/drv_sdmmc_file_system.o
 .debug_line    0x00000a57     0x1ea0 build/sam_e70_xult/debug/_ext/1565510230/drv_sdmmc.o
 .debug_line    0x000028f7      0x8e9 build/sam_e70_xult/debug/_ext/716655881/drv_usart.o
 .debug_line    0x000031e0      0x4e1 build/sam_e70_xult/debug/_ext/1613695899/osal_freertos.o
 .debug_line    0x000036c1      0x208 build/sam_e70_xult/debug/_ext/1055500827/plib_clk.o
 .debug_line    0x000038c9      0x49a build/sam_e70_xult/debug/_ext/1055499099/plib_efc.o
 .debug_line    0x00003d63      0x825 build/sam_e70_xult/debug/_ext/719181653/plib_hsmci.o
 .debug_line    0x00004588      0x57d build/sam_e70_xult/debug/_ext/1639550079/plib_nvic.o
 .debug_line    0x00004b05      0x626 build/sam_e70_xult/debug/_ext/1055488423/plib_pio.o
 .debug_line    0x0000512b      0x3b6 build/sam_e70_xult/debug/_ext/1055487991/plib_pwm0.o
 .debug_line    0x000054e1      0x2b4 build/sam_e70_xult/debug/_ext/865331892/plib_tc3.o
 .debug_line    0x00005795      0x827 build/sam_e70_xult/debug/_ext/1539215101/plib_twihs0_master.o
 .debug_line    0x00005fbc      0x730 build/sam_e70_xult/debug/_ext/707186936/plib_usart1.o
 .debug_line    0x000066ec      0x730 build/sam_e70_xult/debug/_ext/707186936/plib_usart0.o
 .debug_line    0x00006e1c      0x730 build/sam_e70_xult/debug/_ext/707186936/plib_usart2.o
 .debug_line    0x0000754c      0x4bf build/sam_e70_xult/debug/_ext/704852250/plib_xdmac.o
 .debug_line    0x00007a0b      0xb33 build/sam_e70_xult/debug/_ext/876653320/sys_cache.o
 .debug_line    0x0000853e     0x4d60 build/sam_e70_xult/debug/_ext/1043829778/ff.o
 .debug_line    0x0000d29e      0x323 build/sam_e70_xult/debug/_ext/1043829778/ffunicode.o
 .debug_line    0x0000d5c1      0x5f0 build/sam_e70_xult/debug/_ext/1893760823/diskio.o
 .debug_line    0x0000dbb1     0x274a build/sam_e70_xult/debug/_ext/1305476372/sys_fs.o
 .debug_line    0x000102fb      0xeba build/sam_e70_xult/debug/_ext/1305476372/sys_fs_media_manager.o
 .debug_line    0x000111b5      0xa3d build/sam_e70_xult/debug/_ext/1305476372/sys_fs_fat_interface.o
 .debug_line    0x00011bf2      0x31d build/sam_e70_xult/debug/_ext/766002106/sys_int.o
 .debug_line    0x00011f0f     0x12a4 build/sam_e70_xult/debug/_ext/327803284/sys_time.o
 .debug_line    0x000131b3      0x9f2 build/sam_e70_xult/debug/_ext/1728594169/initialization.o
 .debug_line    0x00013ba5      0x39c build/sam_e70_xult/debug/_ext/1728594169/interrupts.o
 .debug_line    0x00013f41      0x3e8 build/sam_e70_xult/debug/_ext/1728594169/exceptions.o
 .debug_line    0x00014329      0x4b9 build/sam_e70_xult/debug/_ext/1728594169/startup_xc32.o
 .debug_line    0x000147e2      0x22d build/sam_e70_xult/debug/_ext/1728594169/freertos_hooks.o
 .debug_line    0x00014a0f      0x589 build/sam_e70_xult/debug/_ext/1728594169/tasks.o
 .debug_line    0x00014f98      0x3a9 build/sam_e70_xult/debug/_ext/977623654/port.o
 .debug_line    0x00015341      0x2d8 build/sam_e70_xult/debug/_ext/1665200909/heap_1.o
 .debug_line    0x00015619      0x3cf build/sam_e70_xult/debug/_ext/404212886/list.o
 .debug_line    0x000159e8      0xf83 build/sam_e70_xult/debug/_ext/404212886/queue.o
 .debug_line    0x0001696b     0x1813 build/sam_e70_xult/debug/_ext/404212886/FreeRTOS_tasks.o
 .debug_line    0x0001817e      0x371 build/sam_e70_xult/debug/_ext/1360937237/main.o
 .debug_line    0x000184ef      0x716 build/sam_e70_xult/debug/_ext/1360937237/app_communication.o
 .debug_line    0x00018c05      0x635 build/sam_e70_xult/debug/_ext/1360937237/app_mast_control.o
 .debug_line    0x0001923a      0x5ab build/sam_e70_xult/debug/_ext/1360937237/app_course_algorithm.o
 .debug_line    0x000197e5      0x6dd build/sam_e70_xult/debug/_ext/1360937237/app_rudder_control.o
 .debug_line    0x00019ec2      0x69f build/sam_e70_xult/debug/_ext/1360937237/app_anemometer.o
 .debug_line    0x0001a561      0x7b3 build/sam_e70_xult/debug/_ext/1360937237/app_gps.o
 .debug_line    0x0001ad14      0x5db build/sam_e70_xult/debug/_ext/1360937237/app_imu.o
 .debug_line    0x0001b2ef      0x110 c:/program files/microchip/xc32/v3.01/bin/bin/../../lib/gcc/pic32c/8.3.1/../../../../pic32c/lib/thumb/v7e-m+dp/hard\libpic32c.a(data_init.o)
 .debug_line    0x0001b3ff       0x9c c:/program files/microchip/xc32/v3.01/bin/bin/../../lib/gcc/pic32c/8.3.1/thumb/v7e-m+dp/hard\libgcc.a(_aeabi_uldivmod.o)
 .debug_line    0x0001b49b      0x57e c:/program files/microchip/xc32/v3.01/bin/bin/../../lib/gcc/pic32c/8.3.1/thumb/v7e-m+dp/hard\libgcc.a(_udivmoddi4.o)
 .debug_line    0x0001ba19       0x9c c:/program files/microchip/xc32/v3.01/bin/bin/../../lib/gcc/pic32c/8.3.1/thumb/v7e-m+dp/hard\libgcc.a(_dvmd_tls.o)
 .debug_line    0x0001bab5       0xb5 c:/program files/microchip/xc32/v3.01/bin/bin/../../lib/gcc/pic32c/8.3.1/../../../../pic32c/lib/thumb/v7e-m+dp/hard\libpic32c.a(sbrk.o)
 .debug_line    0x0001bb6a      0x1c1 c:/program files/microchip/xc32/v3.01/bin/bin/../../lib/gcc/pic32c/8.3.1/thumb/v7e-m+dp/hard\libgcc.a(_arm_addsubdf3.o)
 .debug_line    0x0001bd2b      0x2c0 c:/program files/microchip/xc32/v3.01/bin/bin/../../lib/gcc/pic32c/8.3.1/thumb/v7e-m+dp/hard\libgcc.a(_fixdfdi.o)
 .debug_line    0x0001bfeb      0x2c0 c:/program files/microchip/xc32/v3.01/bin/bin/../../lib/gcc/pic32c/8.3.1/thumb/v7e-m+dp/hard\libgcc.a(_fixunsdfdi.o)

.debug_str      0x00000000     0x20ef
 .debug_str     0x00000000       0xdf build/sam_e70_xult/debug/_ext/957281314/drv_i2c.o
 .debug_str     0x000000df       0x1e build/sam_e70_xult/debug/_ext/1565510230/drv_sdmmc_file_system.o
 .debug_str     0x000000fd      0x288 build/sam_e70_xult/debug/_ext/1565510230/drv_sdmmc.o
 .debug_str     0x00000385      0x116 build/sam_e70_xult/debug/_ext/716655881/drv_usart.o
 .debug_str     0x0000049b      0x13b build/sam_e70_xult/debug/_ext/1613695899/osal_freertos.o
 .debug_str     0x000005d6        0x0 build/sam_e70_xult/debug/_ext/1055500827/plib_clk.o
 .debug_str     0x000005d6       0x22 build/sam_e70_xult/debug/_ext/1055499099/plib_efc.o
 .debug_str     0x000005f8       0x65 build/sam_e70_xult/debug/_ext/719181653/plib_hsmci.o
 .debug_str     0x0000065d       0x28 build/sam_e70_xult/debug/_ext/1639550079/plib_nvic.o
 .debug_str     0x00000685       0x59 build/sam_e70_xult/debug/_ext/1055488423/plib_pio.o
 .debug_str     0x000006de       0x14 build/sam_e70_xult/debug/_ext/1055487991/plib_pwm0.o
 .debug_str     0x000006f2        0xa build/sam_e70_xult/debug/_ext/865331892/plib_tc3.o
 .debug_str     0x000006fc       0x11 build/sam_e70_xult/debug/_ext/1539215101/plib_twihs0_master.o
 .debug_str     0x0000070d       0x1c build/sam_e70_xult/debug/_ext/707186936/plib_usart1.o
 .debug_str     0x00000729       0x1c build/sam_e70_xult/debug/_ext/707186936/plib_usart0.o
 .debug_str     0x00000745       0x1c build/sam_e70_xult/debug/_ext/707186936/plib_usart2.o
 .debug_str     0x00000761       0x2b build/sam_e70_xult/debug/_ext/704852250/plib_xdmac.o
 .debug_str     0x0000078c       0x1c build/sam_e70_xult/debug/_ext/876653320/sys_cache.o
 .debug_str     0x000007a8       0x80 build/sam_e70_xult/debug/_ext/1043829778/ff.o
 .debug_str     0x00000828        0x0 build/sam_e70_xult/debug/_ext/1043829778/ffunicode.o
 .debug_str     0x00000828       0xfb build/sam_e70_xult/debug/_ext/1893760823/diskio.o
 .debug_str     0x00000923      0x161 build/sam_e70_xult/debug/_ext/1305476372/sys_fs.o
 .debug_str     0x00000a84       0xe0 build/sam_e70_xult/debug/_ext/1305476372/sys_fs_media_manager.o
 .debug_str     0x00000b64       0x96 build/sam_e70_xult/debug/_ext/1305476372/sys_fs_fat_interface.o
 .debug_str     0x00000bfa       0x32 build/sam_e70_xult/debug/_ext/766002106/sys_int.o
 .debug_str     0x00000c2c      0x16e build/sam_e70_xult/debug/_ext/327803284/sys_time.o
 .debug_str     0x00000d9a      0x34f build/sam_e70_xult/debug/_ext/1728594169/initialization.o
 .debug_str     0x000010e9       0x64 build/sam_e70_xult/debug/_ext/1728594169/interrupts.o
 .debug_str     0x0000114d       0x64 build/sam_e70_xult/debug/_ext/1728594169/exceptions.o
 .debug_str     0x000011b1       0x2f build/sam_e70_xult/debug/_ext/1728594169/startup_xc32.o
 .debug_str     0x000011e0       0x25 build/sam_e70_xult/debug/_ext/1728594169/freertos_hooks.o
 .debug_str     0x00001205      0x14d build/sam_e70_xult/debug/_ext/1728594169/tasks.o
 .debug_str     0x00001352       0x26 build/sam_e70_xult/debug/_ext/977623654/port.o
 .debug_str     0x00001378       0x4a build/sam_e70_xult/debug/_ext/1665200909/heap_1.o
 .debug_str     0x000013c2       0x39 build/sam_e70_xult/debug/_ext/404212886/list.o
 .debug_str     0x000013fb      0x28d build/sam_e70_xult/debug/_ext/404212886/queue.o
 .debug_str     0x00001688      0x283 build/sam_e70_xult/debug/_ext/404212886/FreeRTOS_tasks.o
 .debug_str     0x0000190b       0x7d build/sam_e70_xult/debug/_ext/1360937237/main.o
 .debug_str     0x00001988       0x85 build/sam_e70_xult/debug/_ext/1360937237/app_communication.o
 .debug_str     0x00001a0d      0x136 build/sam_e70_xult/debug/_ext/1360937237/app_mast_control.o
 .debug_str     0x00001b43       0x78 build/sam_e70_xult/debug/_ext/1360937237/app_course_algorithm.o
 .debug_str     0x00001bbb      0x149 build/sam_e70_xult/debug/_ext/1360937237/app_rudder_control.o
 .debug_str     0x00001d04       0x62 build/sam_e70_xult/debug/_ext/1360937237/app_anemometer.o
 .debug_str     0x00001d66       0x5a build/sam_e70_xult/debug/_ext/1360937237/app_gps.o
 .debug_str     0x00001dc0       0x5c build/sam_e70_xult/debug/_ext/1360937237/app_imu.o
 .debug_str     0x00001e1c        0x0 c:/program files/microchip/xc32/v3.01/bin/bin/../../lib/gcc/pic32c/8.3.1/../../../../pic32c/lib/thumb/v7e-m+dp/hard\libpic32c.a(data_init.o)
 .debug_str     0x00001e1c       0xee c:/program files/microchip/xc32/v3.01/bin/bin/../../lib/gcc/pic32c/8.3.1/thumb/v7e-m+dp/hard\libgcc.a(_aeabi_uldivmod.o)
 .debug_str     0x00001f0a        0x0 c:/program files/microchip/xc32/v3.01/bin/bin/../../lib/gcc/pic32c/8.3.1/thumb/v7e-m+dp/hard\libgcc.a(_udivmoddi4.o)
 .debug_str     0x00001f0a       0xf2 c:/program files/microchip/xc32/v3.01/bin/bin/../../lib/gcc/pic32c/8.3.1/thumb/v7e-m+dp/hard\libgcc.a(_dvmd_tls.o)
 .debug_str     0x00001ffc        0x0 c:/program files/microchip/xc32/v3.01/bin/bin/../../lib/gcc/pic32c/8.3.1/../../../../pic32c/lib/thumb/v7e-m+dp/hard\libpic32c.a(sbrk.o)
 .debug_str     0x00001ffc       0xf3 c:/program files/microchip/xc32/v3.01/bin/bin/../../lib/gcc/pic32c/8.3.1/thumb/v7e-m+dp/hard\libgcc.a(_arm_addsubdf3.o)
 .debug_str     0x000020ef        0x0 c:/program files/microchip/xc32/v3.01/bin/bin/../../lib/gcc/pic32c/8.3.1/thumb/v7e-m+dp/hard\libgcc.a(_fixdfdi.o)
 .debug_str     0x000020ef        0x0 c:/program files/microchip/xc32/v3.01/bin/bin/../../lib/gcc/pic32c/8.3.1/thumb/v7e-m+dp/hard\libgcc.a(_fixunsdfdi.o)

.debug_frame    0x00000000     0x4000
 .debug_frame   0x00000000      0x188 build/sam_e70_xult/debug/_ext/957281314/drv_i2c.o
 .debug_frame   0x00000188       0x28 build/sam_e70_xult/debug/_ext/1565510230/drv_sdmmc_file_system.o
 .debug_frame   0x000001b0      0x254 build/sam_e70_xult/debug/_ext/1565510230/drv_sdmmc.o
 .debug_frame   0x00000404      0x180 build/sam_e70_xult/debug/_ext/716655881/drv_usart.o
 .debug_frame   0x00000584      0x180 build/sam_e70_xult/debug/_ext/1613695899/osal_freertos.o
 .debug_frame   0x00000704       0x20 build/sam_e70_xult/debug/_ext/1055500827/plib_clk.o
 .debug_frame   0x00000724       0xec build/sam_e70_xult/debug/_ext/1055499099/plib_efc.o
 .debug_frame   0x00000810      0x150 build/sam_e70_xult/debug/_ext/719181653/plib_hsmci.o
 .debug_frame   0x00000960       0x50 build/sam_e70_xult/debug/_ext/1639550079/plib_nvic.o
 .debug_frame   0x000009b0      0x154 build/sam_e70_xult/debug/_ext/1055488423/plib_pio.o
 .debug_frame   0x00000b04      0x12c build/sam_e70_xult/debug/_ext/1055487991/plib_pwm0.o
 .debug_frame   0x00000c30       0xb8 build/sam_e70_xult/debug/_ext/865331892/plib_tc3.o
 .debug_frame   0x00000ce8       0xf8 build/sam_e70_xult/debug/_ext/1539215101/plib_twihs0_master.o
 .debug_frame   0x00000de0      0x14c build/sam_e70_xult/debug/_ext/707186936/plib_usart1.o
 .debug_frame   0x00000f2c      0x14c build/sam_e70_xult/debug/_ext/707186936/plib_usart0.o
 .debug_frame   0x00001078      0x14c build/sam_e70_xult/debug/_ext/707186936/plib_usart2.o
 .debug_frame   0x000011c4      0x108 build/sam_e70_xult/debug/_ext/704852250/plib_xdmac.o
 .debug_frame   0x000012cc      0x150 build/sam_e70_xult/debug/_ext/876653320/sys_cache.o
 .debug_frame   0x0000141c      0x8f0 build/sam_e70_xult/debug/_ext/1043829778/ff.o
 .debug_frame   0x00001d0c       0x5c build/sam_e70_xult/debug/_ext/1043829778/ffunicode.o
 .debug_frame   0x00001d68       0xfc build/sam_e70_xult/debug/_ext/1893760823/diskio.o
 .debug_frame   0x00001e64      0x5ac build/sam_e70_xult/debug/_ext/1305476372/sys_fs.o
 .debug_frame   0x00002410      0x1e0 build/sam_e70_xult/debug/_ext/1305476372/sys_fs_media_manager.o
 .debug_frame   0x000025f0      0x36c build/sam_e70_xult/debug/_ext/1305476372/sys_fs_fat_interface.o
 .debug_frame   0x0000295c       0x84 build/sam_e70_xult/debug/_ext/766002106/sys_int.o
 .debug_frame   0x000029e0      0x3e4 build/sam_e70_xult/debug/_ext/327803284/sys_time.o
 .debug_frame   0x00002dc4       0x28 build/sam_e70_xult/debug/_ext/1728594169/initialization.o
 .debug_frame   0x00002dec       0x20 build/sam_e70_xult/debug/_ext/1728594169/interrupts.o
 .debug_frame   0x00002e0c       0x70 build/sam_e70_xult/debug/_ext/1728594169/exceptions.o
 .debug_frame   0x00002e7c       0x38 build/sam_e70_xult/debug/_ext/1728594169/startup_xc32.o
 .debug_frame   0x00002eb4       0x6c build/sam_e70_xult/debug/_ext/1728594169/freertos_hooks.o
 .debug_frame   0x00002f20      0x10c build/sam_e70_xult/debug/_ext/1728594169/tasks.o
 .debug_frame   0x0000302c       0xe8 build/sam_e70_xult/debug/_ext/977623654/port.o
 .debug_frame   0x00003114       0x5c build/sam_e70_xult/debug/_ext/1665200909/heap_1.o
 .debug_frame   0x00003170       0x6c build/sam_e70_xult/debug/_ext/404212886/list.o
 .debug_frame   0x000031dc      0x280 build/sam_e70_xult/debug/_ext/404212886/queue.o
 .debug_frame   0x0000345c      0x46c build/sam_e70_xult/debug/_ext/404212886/FreeRTOS_tasks.o
 .debug_frame   0x000038c8       0x28 build/sam_e70_xult/debug/_ext/1360937237/main.o
 .debug_frame   0x000038f0       0x94 build/sam_e70_xult/debug/_ext/1360937237/app_communication.o
 .debug_frame   0x00003984       0x7c build/sam_e70_xult/debug/_ext/1360937237/app_mast_control.o
 .debug_frame   0x00003a00      0x124 build/sam_e70_xult/debug/_ext/1360937237/app_course_algorithm.o
 .debug_frame   0x00003b24       0x64 build/sam_e70_xult/debug/_ext/1360937237/app_rudder_control.o
 .debug_frame   0x00003b88      0x104 build/sam_e70_xult/debug/_ext/1360937237/app_anemometer.o
 .debug_frame   0x00003c8c      0x14c build/sam_e70_xult/debug/_ext/1360937237/app_gps.o
 .debug_frame   0x00003dd8       0x7c build/sam_e70_xult/debug/_ext/1360937237/app_imu.o
 .debug_frame   0x00003e54       0x38 c:/program files/microchip/xc32/v3.01/bin/bin/../../lib/gcc/pic32c/8.3.1/../../../../pic32c/lib/thumb/v7e-m+dp/hard\libpic32c.a(data_init.o)
 .debug_frame   0x00003e8c       0x2c c:/program files/microchip/xc32/v3.01/bin/bin/../../lib/gcc/pic32c/8.3.1/thumb/v7e-m+dp/hard\libgcc.a(_aeabi_uldivmod.o)
 .debug_frame   0x00003eb8       0x34 c:/program files/microchip/xc32/v3.01/bin/bin/../../lib/gcc/pic32c/8.3.1/thumb/v7e-m+dp/hard\libgcc.a(_udivmoddi4.o)
 .debug_frame   0x00003eec       0x20 c:/program files/microchip/xc32/v3.01/bin/bin/../../lib/gcc/pic32c/8.3.1/../../../../pic32c/lib/thumb/v7e-m+dp/hard\libpic32c.a(sbrk.o)
 .debug_frame   0x00003f0c       0xac c:/program files/microchip/xc32/v3.01/bin/bin/../../lib/gcc/pic32c/8.3.1/thumb/v7e-m+dp/hard\libgcc.a(_arm_addsubdf3.o)
 .debug_frame   0x00003fb8       0x28 c:/program files/microchip/xc32/v3.01/bin/bin/../../lib/gcc/pic32c/8.3.1/thumb/v7e-m+dp/hard\libgcc.a(_fixdfdi.o)
 .debug_frame   0x00003fe0       0x20 c:/program files/microchip/xc32/v3.01/bin/bin/../../lib/gcc/pic32c/8.3.1/thumb/v7e-m+dp/hard\libgcc.a(_fixunsdfdi.o)

.stack          0x2040c770      0x100
 .stack         0x2040c770      0x100 stack

.bss.ucHeap%1   0x2040089c     0xa000
 .bss.ucHeap    0x2040089c     0xa000 build/sam_e70_xult/debug/_ext/1665200909/heap_1.o

.bss.gSYSFSMediaBlockBuffer%2
                0x2040a8a0      0x800
 .bss.gSYSFSMediaBlockBuffer
                0x2040a8a0      0x800 build/sam_e70_xult/debug/_ext/1305476372/sys_fs_media_manager.o
                0x2040a8a0                gSYSFSMediaBlockBuffer

.bss.gDrvSDMMCObj%3
                0x2040b0a0      0x340
 .bss.gDrvSDMMCObj
                0x2040b0a0      0x340 build/sam_e70_xult/debug/_ext/1565510230/drv_sdmmc.o

.bss.FATFSFileObject%4
                0x2040b3e0      0x260
 .bss.FATFSFileObject
                0x2040b3e0      0x260 build/sam_e70_xult/debug/_ext/1305476372/sys_fs_fat_interface.o

.bss.FATFSVolume%5
                0x2040b640      0x260
 .bss.FATFSVolume
                0x2040b640      0x260 build/sam_e70_xult/debug/_ext/1305476372/sys_fs_fat_interface.o

.bss.gSysFsDiskData%6
                0x2040b8a0      0x220
 .bss.gSysFsDiskData
                0x2040b8a0      0x220 build/sam_e70_xult/debug/_ext/1893760823/diskio.o

.bss.LfnBuf%7   0x2040bac0      0x200
 .bss.LfnBuf    0x2040bac0      0x200 build/sam_e70_xult/debug/_ext/1043829778/ff.o

.data.__global_locale%8
                0x2040bcc0      0x16c
 .data.__global_locale
                0x2040bcc0      0x16c c:/program files/microchip/xc32/v3.01/bin/bin/../../lib/gcc/pic32c/8.3.1/../../../../pic32c/lib/thumb/v7e-m+dp/hard\libg_nano.a(lib_a-locale.o)
                0x2040bcc0                __global_locale

.bss.gDrvUSARTObj%9
                0x2040be2c       0xf0
 .bss.gDrvUSARTObj
                0x2040be2c       0xf0 build/sam_e70_xult/debug/_ext/716655881/drv_usart.o

.bss.timers%10  0x2040bf1c       0xa0
 .bss.timers    0x2040bf1c       0xa0 build/sam_e70_xult/debug/_ext/327803284/sys_time.o

.bss.pxReadyTasksLists%11
                0x2040bfbc       0x64
 .bss.pxReadyTasksLists
                0x2040bfbc       0x64 build/sam_e70_xult/debug/_ext/404212886/FreeRTOS_tasks.o

.bss.drvUSART1ClientObjPool%12
                0x2040c020       0x60
 .bss.drvUSART1ClientObjPool
                0x2040c020       0x60 build/sam_e70_xult/debug/_ext/1728594169/initialization.o

.data.impure_data%13
                0x2040c080       0x60
 .data.impure_data
                0x2040c080       0x60 c:/program files/microchip/xc32/v3.01/bin/bin/../../lib/gcc/pic32c/8.3.1/../../../../pic32c/lib/thumb/v7e-m+dp/hard\libg_nano.a(lib_a-impure.o)

.bss.decoded%14
                0x2040c0e0       0x57
 .bss.decoded   0x2040c0e0       0x57 build/sam_e70_xult/debug/_ext/1360937237/app_communication.o
                0x2040c0e0                decoded

.bss.recbuffer%15
                0x2040c138       0x57
 .bss.recbuffer
                0x2040c138       0x57 build/sam_e70_xult/debug/_ext/1360937237/app_communication.o
                0x2040c138                recbuffer

.bss.sendbuffer%16
                0x2040c190       0x57
 .bss.sendbuffer
                0x2040c190       0x57 build/sam_e70_xult/debug/_ext/1360937237/app_communication.o
                0x2040c190                sendbuffer

.bss.drvSDMMC0BufferObjPool%17
                0x2040c1e8       0x48
 .bss.drvSDMMC0BufferObjPool
                0x2040c1e8       0x48 build/sam_e70_xult/debug/_ext/1728594169/initialization.o

.bss.gDrvI2CObj%18
                0x2040c230       0x38
 .bss.gDrvI2CObj
                0x2040c230       0x38 build/sam_e70_xult/debug/_ext/957281314/drv_i2c.o

.bss.FATFSDirObject%19
                0x2040c280       0x38
 .bss.FATFSDirObject
                0x2040c280       0x38 build/sam_e70_xult/debug/_ext/1305476372/sys_fs_fat_interface.o

.bss.gSystemCounterObj%20
                0x2040c2b8       0x38
 .bss.gSystemCounterObj
                0x2040c2b8       0x38 build/sam_e70_xult/debug/_ext/327803284/sys_time.o

.bss.drvUSART0ClientObjPool%21
                0x2040c2f0       0x30
 .bss.drvUSART0ClientObjPool
                0x2040c2f0       0x30 build/sam_e70_xult/debug/_ext/1728594169/initialization.o

.bss.twihs0Obj%22
                0x2040c320       0x28
 .bss.twihs0Obj
                0x2040c320       0x28 build/sam_e70_xult/debug/_ext/1539215101/plib_twihs0_master.o

.bss.drvI2C0ClientObjPool%23
                0x2040c348       0x20
 .bss.drvI2C0ClientObjPool
                0x2040c348       0x20 build/sam_e70_xult/debug/_ext/1728594169/initialization.o

.bss%24         0x2040c368       0x1c
 .bss           0x2040c368       0x1c c:/program files/microchip/xc32/v3.01/bin/bin/../../lib/gcc/pic32c/8.3.1/thumb/v7e-m+dp/hard/crtbegin.o

.data.gSYSFSMediaManagerObj%25
                0x2040c268       0x18
 .data.gSYSFSMediaManagerObj
                0x2040c268       0x18 build/sam_e70_xult/debug/_ext/1305476372/sys_fs_media_manager.o
                0x2040c268                gSYSFSMediaManagerObj

.bss.hsmciObj%26
                0x2040c384       0x14
 .bss.hsmciObj  0x2040c384       0x14 build/sam_e70_xult/debug/_ext/719181653/plib_hsmci.o

.data.gSYSFSVolumeName%27
                0x2040c398       0x14
 .data.gSYSFSVolumeName
                0x2040c398       0x14 build/sam_e70_xult/debug/_ext/1305476372/sys_fs_media_manager.o
                0x2040c398                gSYSFSVolumeName

.bss.xDelayedTaskList1%28
                0x2040c3ac       0x14
 .bss.xDelayedTaskList1
                0x2040c3ac       0x14 build/sam_e70_xult/debug/_ext/404212886/FreeRTOS_tasks.o

.bss.xDelayedTaskList2%29
                0x2040c3c0       0x14
 .bss.xDelayedTaskList2
                0x2040c3c0       0x14 build/sam_e70_xult/debug/_ext/404212886/FreeRTOS_tasks.o

.bss.xPendingReadyList%30
                0x2040c3d4       0x14
 .bss.xPendingReadyList
                0x2040c3d4       0x14 build/sam_e70_xult/debug/_ext/404212886/FreeRTOS_tasks.o

.bss.xSuspendedTaskList%31
                0x2040c3e8       0x14
 .bss.xSuspendedTaskList
                0x2040c3e8       0x14 build/sam_e70_xult/debug/_ext/404212886/FreeRTOS_tasks.o

.bss.xTasksWaitingTermination%32
                0x2040c3fc       0x14
 .bss.xTasksWaitingTermination
                0x2040c3fc       0x14 build/sam_e70_xult/debug/_ext/404212886/FreeRTOS_tasks.o

.data.signal_confirmed%33
                0x2040c410       0x12
 .data.signal_confirmed
                0x2040c410       0x12 build/sam_e70_xult/debug/_ext/1360937237/app_communication.o
                0x2040c410                signal_confirmed

.bss.Files%34   0x2040c424       0x10
 .bss.Files     0x2040c424       0x10 build/sam_e70_xult/debug/_ext/1043829778/ff.o

.bss.drvSDMMC0ClientObjPool%35
                0x2040c434       0x10
 .bss.drvSDMMC0ClientObjPool
                0x2040c434       0x10 build/sam_e70_xult/debug/_ext/1728594169/initialization.o

.bss.drvUSART2ClientObjPool%36
                0x2040c444       0x10
 .bss.drvUSART2ClientObjPool
                0x2040c444       0x10 build/sam_e70_xult/debug/_ext/1728594169/initialization.o

.bss.sysfsMountTable%37
                0x2040c454        0xc
 .bss.sysfsMountTable
                0x2040c454        0xc build/sam_e70_xult/debug/_ext/1728594169/initialization.o
                0x2040c454                sysfsMountTable

.data.confirmed%38
                0x2040c460        0xb
 .data.confirmed
                0x2040c460        0xb build/sam_e70_xult/debug/_ext/1360937237/app_communication.o
                0x2040c460                confirmed

.bss.value%39   0x2040c470        0x8
 .bss.value     0x2040c470        0x8 build/sam_e70_xult/debug/_ext/1360937237/app_communication.o
                0x2040c470                value

.data.portNumCb%40
                0x2040c478        0x6
 .data.portNumCb
                0x2040c478        0x6 build/sam_e70_xult/debug/_ext/1055488423/plib_pio.o
                0x2040c478                portNumCb

.bss.FatFs%41   0x2040a89c        0x4