Archive member included to satisfy reference by file (symbol)

c:/program files/microchip/xc32/v2.50/bin/bin/../../lib/gcc/pic32c/6.2.1/../../../../pic32c/lib/v7e-m/fpv5/hard\libpic32c.a(data_init.o)
                              build/sam_e70_xult/production/_ext/1728594169/startup_xc32.o (__pic32c_data_initialization)
c:/program files/microchip/xc32/v2.50/bin/bin/../../lib/gcc/pic32c/6.2.1/../../../../pic32c/lib/v7e-m/fpv5/hard\libc_nano.a(lib_a-init.o)
                              build/sam_e70_xult/production/_ext/1728594169/startup_xc32.o (__libc_init_array)
c:/program files/microchip/xc32/v2.50/bin/bin/../../lib/gcc/pic32c/6.2.1/../../../../pic32c/lib/v7e-m/fpv5/hard\libc_nano.a(lib_a-locale.o)
                              build/sam_e70_xult/production/_ext/1360937237/anemometer.o (__locale_ctype_ptr)
c:/program files/microchip/xc32/v2.50/bin/bin/../../lib/gcc/pic32c/6.2.1/../../../../pic32c/lib/v7e-m/fpv5/hard\libc_nano.a(lib_a-mbtowc_r.o)
                              c:/program files/microchip/xc32/v2.50/bin/bin/../../lib/gcc/pic32c/6.2.1/../../../../pic32c/lib/v7e-m/fpv5/hard\libc_nano.a(lib_a-locale.o) (__ascii_mbtowc)
c:/program files/microchip/xc32/v2.50/bin/bin/../../lib/gcc/pic32c/6.2.1/../../../../pic32c/lib/v7e-m/fpv5/hard\libc_nano.a(lib_a-memcpy-stub.o)
                              build/sam_e70_xult/production/_ext/1055499099/plib_efc.o (memcpy)
c:/program files/microchip/xc32/v2.50/bin/bin/../../lib/gcc/pic32c/6.2.1/../../../../pic32c/lib/v7e-m/fpv5/hard\libc_nano.a(lib_a-memset.o)
                              build/sam_e70_xult/production/_ext/404212886/FreeRTOS_tasks.o (memset)
c:/program files/microchip/xc32/v2.50/bin/bin/../../lib/gcc/pic32c/6.2.1/../../../../pic32c/lib/v7e-m/fpv5/hard\libc_nano.a(lib_a-strchr.o)
                              build/sam_e70_xult/production/_ext/1360937237/IMU.o (strchr)
c:/program files/microchip/xc32/v2.50/bin/bin/../../lib/gcc/pic32c/6.2.1/../../../../pic32c/lib/v7e-m/fpv5/hard\libc_nano.a(lib_a-strcmp.o)
                              c:/program files/microchip/xc32/v2.50/bin/bin/../../lib/gcc/pic32c/6.2.1/../../../../pic32c/lib/v7e-m/fpv5/hard\libc_nano.a(lib_a-locale.o) (strcmp)
c:/program files/microchip/xc32/v2.50/bin/bin/../../lib/gcc/pic32c/6.2.1/../../../../pic32c/lib/v7e-m/fpv5/hard\libc_nano.a(lib_a-strncpy.o)
                              build/sam_e70_xult/production/_ext/1360937237/IMU.o (strncpy)
c:/program files/microchip/xc32/v2.50/bin/bin/../../lib/gcc/pic32c/6.2.1/../../../../pic32c/lib/v7e-m/fpv5/hard\libc_nano.a(lib_a-strtod.o)
                              build/sam_e70_xult/production/_ext/1360937237/anemometer.o (strtod)
c:/program files/microchip/xc32/v2.50/bin/bin/../../lib/gcc/pic32c/6.2.1/../../../../pic32c/lib/v7e-m/fpv5/hard\libc_nano.a(lib_a-wctomb_r.o)
                              c:/program files/microchip/xc32/v2.50/bin/bin/../../lib/gcc/pic32c/6.2.1/../../../../pic32c/lib/v7e-m/fpv5/hard\libc_nano.a(lib_a-locale.o) (__ascii_wctomb)
c:/program files/microchip/xc32/v2.50/bin/bin/../../lib/gcc/pic32c/6.2.1/../../../../pic32c/lib/v7e-m/fpv5/hard\libc_nano.a(lib_a-ctype_.o)
                              c:/program files/microchip/xc32/v2.50/bin/bin/../../lib/gcc/pic32c/6.2.1/../../../../pic32c/lib/v7e-m/fpv5/hard\libc_nano.a(lib_a-locale.o) (_ctype_)
c:/program files/microchip/xc32/v2.50/bin/bin/../../lib/gcc/pic32c/6.2.1/../../../../pic32c/lib/v7e-m/fpv5/hard\libc_nano.a(lib_a-gdtoa-gethex.o)
                              c:/program files/microchip/xc32/v2.50/bin/bin/../../lib/gcc/pic32c/6.2.1/../../../../pic32c/lib/v7e-m/fpv5/hard\libc_nano.a(lib_a-strtod.o) (__gethex)
c:/program files/microchip/xc32/v2.50/bin/bin/../../lib/gcc/pic32c/6.2.1/../../../../pic32c/lib/v7e-m/fpv5/hard\libc_nano.a(lib_a-gdtoa-hexnan.o)
                              c:/program files/microchip/xc32/v2.50/bin/bin/../../lib/gcc/pic32c/6.2.1/../../../../pic32c/lib/v7e-m/fpv5/hard\libc_nano.a(lib_a-strtod.o) (__match)
c:/program files/microchip/xc32/v2.50/bin/bin/../../lib/gcc/pic32c/6.2.1/../../../../pic32c/lib/v7e-m/fpv5/hard\libc_nano.a(lib_a-impure.o)
                              c:/program files/microchip/xc32/v2.50/bin/bin/../../lib/gcc/pic32c/6.2.1/../../../../pic32c/lib/v7e-m/fpv5/hard\libc_nano.a(lib_a-locale.o) (_impure_ptr)
c:/program files/microchip/xc32/v2.50/bin/bin/../../lib/gcc/pic32c/6.2.1/../../../../pic32c/lib/v7e-m/fpv5/hard\libc_nano.a(lib_a-localeconv.o)
                              c:/program files/microchip/xc32/v2.50/bin/bin/../../lib/gcc/pic32c/6.2.1/../../../../pic32c/lib/v7e-m/fpv5/hard\libc_nano.a(lib_a-strtod.o) (__localeconv_l)
c:/program files/microchip/xc32/v2.50/bin/bin/../../lib/gcc/pic32c/6.2.1/../../../../pic32c/lib/v7e-m/fpv5/hard\libc_nano.a(lib_a-mprec.o)
                              c:/program files/microchip/xc32/v2.50/bin/bin/../../lib/gcc/pic32c/6.2.1/../../../../pic32c/lib/v7e-m/fpv5/hard\libc_nano.a(lib_a-strtod.o) (_Balloc)
[...]
Memory Configuration

Name             Origin             Length             Attributes
rom              0x0000000000400000 0x0000000000200000 xrl
ram              0x0000000020400000 0x0000000000060000 xw !r
config_D0000000  0x00000000d0000000 0x0000000000000004
config_D0000008  0x00000000d0000008 0x0000000000000004
config_D0000004  0x00000000d0000004 0x0000000000000004
config_D000000C  0x00000000d000000c 0x0000000000000004
config_D0000010  0x00000000d0000010 0x0000000000000004
*default*        0x0000000000000000 0xffffffffffffffff

Linker script and memory map

LOAD c:/program files/microchip/xc32/v2.50/bin/bin/../../lib/gcc/pic32c/6.2.1/v7e-m/fpv5/hard/crti.o
LOAD c:/program files/microchip/xc32/v2.50/bin/bin/../../lib/gcc/pic32c/6.2.1/v7e-m/fpv5/hard/crtbegin.o
LOAD build/sam_e70_xult/production/_ext/716655881/drv_usart.o
LOAD build/sam_e70_xult/production/_ext/1613695899/osal_freertos.o
LOAD build/sam_e70_xult/production/_ext/1055500827/plib_clk.o
LOAD build/sam_e70_xult/production/_ext/1055499099/plib_efc.o
LOAD build/sam_e70_xult/production/_ext/1639550079/plib_nvic.o
LOAD build/sam_e70_xult/production/_ext/1055488423/plib_pio.o
LOAD build/sam_e70_xult/production/_ext/1055487991/plib_pwm0.o
LOAD build/sam_e70_xult/production/_ext/707186936/plib_usart1.o
LOAD build/sam_e70_xult/production/_ext/707186936/plib_usart0.o
LOAD build/sam_e70_xult/production/_ext/707186936/plib_usart2.o
LOAD build/sam_e70_xult/production/_ext/1518761459/xc32_monitor.o
LOAD build/sam_e70_xult/production/_ext/876653320/sys_cache.o
LOAD build/sam_e70_xult/production/_ext/984150034/sys_dma.o
LOAD build/sam_e70_xult/production/_ext/766002106/sys_int.o
LOAD build/sam_e70_xult/production/_ext/1728594169/initialization.o
LOAD build/sam_e70_xult/production/_ext/1728594169/interrupts.o
LOAD build/sam_e70_xult/production/_ext/1728594169/exceptions.o
LOAD build/sam_e70_xult/production/_ext/1728594169/startup_xc32.o
LOAD build/sam_e70_xult/production/_ext/1728594169/libc_syscalls.o
LOAD build/sam_e70_xult/production/_ext/1728594169/freertos_hooks.o
LOAD build/sam_e70_xult/production/_ext/1728594169/tasks.o
LOAD build/sam_e70_xult/production/_ext/977623654/port.o
LOAD build/sam_e70_xult/production/_ext/1665200909/heap_1.o
LOAD build/sam_e70_xult/production/_ext/404212886/croutine.o
LOAD build/sam_e70_xult/production/_ext/404212886/list.o
LOAD build/sam_e70_xult/production/_ext/404212886/queue.o
LOAD build/sam_e70_xult/production/_ext/404212886/FreeRTOS_tasks.o
LOAD build/sam_e70_xult/production/_ext/404212886/timers.o
LOAD build/sam_e70_xult/production/_ext/404212886/event_groups.o
LOAD build/sam_e70_xult/production/_ext/404212886/stream_buffer.o
LOAD build/sam_e70_xult/production/_ext/1360937237/main.o
LOAD build/sam_e70_xult/production/_ext/1360937237/anemometer.o
LOAD build/sam_e70_xult/production/_ext/1360937237/IMU.o
LOAD build/sam_e70_xult/production/_ext/1360937237/app_communication.o
LOAD build/sam_e70_xult/production/_ext/1360937237/app_mast_control.o
LOAD build/sam_e70_xult/production/_ext/1360937237/app_course_algorithm.o
LOAD build/sam_e70_xult/production/_ext/1360937237/app_rudder_control.o
LOAD build/sam_e70_xult/production/_ext/1360937237/app_anemometer.o
LOAD build/sam_e70_xult/production/_ext/1360937237/app_gps.o
LOAD build/sam_e70_xult/production/_ext/1360937237/radio.o
                0x0000000000000001                __MPLAB_BUILD = 0x1
                0x0000000000600000                __rom_end = (ORIGIN (rom) + LENGTH (rom))
                0x0000000020460000                __ram_end = (ORIGIN (ram) + LENGTH (ram))

.config_D0000000
                0x00000000d0000000        0x4
 *(.config_D0000000)
 .config_D0000000
                0x00000000d0000000        0x4 build/sam_e70_xult/production/_ext/1728594169/initialization.o

.config_D0000008
 *(.config_D0000008)

.config_D0000004
 *(.config_D0000004)

.config_D000000C
 *(.config_D000000C)

.config_D0000010
 *(.config_D0000010)

.vectors        0x0000000000400000      0x168
                0x0000000000400000                . = ALIGN (0x4)
                0x0000000000400000                _sfixed = .
 *(.vectors .vectors.* .vectors_default .vectors_default.*)
 .vectors       0x0000000000400000      0x168 build/sam_e70_xult/production/_ext/1728594169/interrupts.o
                0x0000000000400000                exception_table
 *(.isr_vector)
 *(.reset*)
 *(.after_vectors)

.text           0x0000000000400168       0x20
                0x0000000000400168                . = ALIGN (0x4)
 *(.glue_7t)
 .glue_7t       0x0000000000400168        0x0 linker stubs
 *(.glue_7)
 .glue_7        0x0000000000400168        0x0 linker stubs
 *(.gnu.linkonce.r.*)
 *(.ARM.extab* .gnu.linkonce.armextab.*)
                0x0000000000400168                . = ALIGN (0x4)
 *(.init)
 .init          0x0000000000400168        0x4 c:/program files/microchip/xc32/v2.50/bin/bin/../../lib/gcc/pic32c/6.2.1/v7e-m/fpv5/hard/crti.o
                0x0000000000400168                _init
 .init          0x000000000040016c        0x8 c:/program files/microchip/xc32/v2.50/bin/bin/../../lib/gcc/pic32c/6.2.1/v7e-m/fpv5/hard/crtn.o
                0x0000000000400174                . = ALIGN (0x4)
                0x0000000000400174                __preinit_array_start = .
 *(.preinit_array)
                0x0000000000400174                __preinit_array_end = .
                0x0000000000400174                . = ALIGN (0x4)
                0x0000000000400174                __init_array_start = .
 *(SORT(.init_array.*))
 *(.init_array)
 .init_array    0x0000000000400174        0x4 c:/program files/microchip/xc32/v2.50/bin/bin/../../lib/gcc/pic32c/6.2.1/v7e-m/fpv5/hard/crtbegin.o
                0x0000000000400178                __init_array_end = .
                0x0000000000400178                . = ALIGN (0x4)
 *crtbegin.o(.ctors)
 *(EXCLUDE_FILE(*crtend.o) .ctors)
 *(SORT(.ctors.*))
 *crtend.o(.ctors)
                0x0000000000400178                . = ALIGN (0x4)
 *(.fini)
 .fini          0x0000000000400178        0x4 c:/program files/microchip/xc32/v2.50/bin/bin/../../lib/gcc/pic32c/6.2.1/v7e-m/fpv5/hard/crti.o
                0x0000000000400178                _fini
 .fini          0x000000000040017c        0x8 c:/program files/microchip/xc32/v2.50/bin/bin/../../lib/gcc/pic32c/6.2.1/v7e-m/fpv5/hard/crtn.o
                0x0000000000400184                . = ALIGN (0x4)
                0x0000000000400184                __fini_array_start = .
 *(.fini_array)
 .fini_array    0x0000000000400184        0x4 c:/program files/microchip/xc32/v2.50/bin/bin/../../lib/gcc/pic32c/6.2.1/v7e-m/fpv5/hard/crtbegin.o
 *(SORT(.fini_array.*))
                0x0000000000400188                __fini_array_end = .
 *crtbegin.o(.dtors)
 *(EXCLUDE_FILE(*crtend.o) .dtors)
 *(SORT(.dtors.*))
 *crtend.o(.dtors)
                0x0000000000400188                . = ALIGN (0x4)
                0x0000000000400188                _efixed = .
                [!provide]                        PROVIDE (__exidx_start, .)

.ARM.exidx
 *(.ARM.exidx* .gnu.linkonce.armexidx.*)
                [!provide]                        PROVIDE (__exidx_end, .)
                0x0000000000400188                . = ALIGN (0x4)
                0x0000000000400188                _etext = .

.bss            0x0000000020400000      0x21c
                0x0000000020400000                . = ALIGN (0x4)
                0x0000000020400000                __bss_start__ = .
                0x0000000020400000                _sbss = .
                0x0000000020400000                _szero = .
 *(COMMON)
 COMMON         0x0000000020400000       0x18 build/sam_e70_xult/production/_ext/1055488423/plib_pio.o
                0x0000000020400000                portPinCbObj
 COMMON         0x0000000020400018       0x30 build/sam_e70_xult/production/_ext/707186936/plib_usart1.o
                0x0000000020400018                usart1Obj
 COMMON         0x0000000020400048       0x30 build/sam_e70_xult/production/_ext/707186936/plib_usart0.o
                0x0000000020400048                usart0Obj
 COMMON         0x0000000020400078       0x30 build/sam_e70_xult/production/_ext/707186936/plib_usart2.o
                0x0000000020400078                usart2Obj
 COMMON         0x00000000204000a8       0x1c build/sam_e70_xult/production/_ext/1728594169/initialization.o
                0x00000000204000a8                destination
                0x00000000204000b8                sysObj
 COMMON         0x00000000204000c4       0x18 build/sam_e70_xult/production/_ext/1728594169/tasks.o
                0x00000000204000c4                xAPP_RUDDER_CONTROL_Tasks
                0x00000000204000c8                xAPP_COURSE_ALGORITHM_Tasks
                0x00000000204000cc                xAPP_ANEMOMETER_Tasks
                0x00000000204000d0                xAPP_MAST_CONTROL_Tasks
                0x00000000204000d4                xAPP_COMMUNICATION_Tasks
                0x00000000204000d8                xAPP_GPS_Tasks
 COMMON         0x00000000204000dc       0x38 build/sam_e70_xult/production/_ext/1360937237/app_communication.o
                0x00000000204000dc                app_communicationData
 COMMON         0x0000000020400114        0x1 build/sam_e70_xult/production/_ext/1360937237/app_mast_control.o
                0x0000000020400114                app_mast_controlData
 *fill*         0x0000000020400115        0x3 
 COMMON         0x0000000020400118       0xc4 build/sam_e70_xult/production/_ext/1360937237/app_course_algorithm.o
                0x0000000020400118                app_course_algorithmData
 COMMON         0x00000000204001dc        0x1 build/sam_e70_xult/production/_ext/1360937237/app_rudder_control.o
                0x00000000204001dc                app_rudder_controlData
 *fill*         0x00000000204001dd        0x3 
 COMMON         0x00000000204001e0       0x34 build/sam_e70_xult/production/_ext/1360937237/app_anemometer.o
                0x00000000204001e0                app_anemometerData
 COMMON         0x0000000020400214        0x1 build/sam_e70_xult/production/_ext/1360937237/app_gps.o
                0x0000000020400214                app_gpsData
 *fill*         0x0000000020400215        0x3 
 COMMON         0x0000000020400218        0x4 c:/program files/microchip/xc32/v2.50/bin/bin/../../lib/gcc/pic32c/6.2.1/../../../../pic32c/lib/v7e-m/fpv5/hard\libc_nano.a(lib_a-reent.o)
                0x0000000020400218                errno
                0x000000002040021c                . = ALIGN (0x4)
                0x000000002040021c                __bss_end__ = .
                0x000000002040021c                _ebss = .
                0x000000002040021c                _ezero = .
                0x000000002040021c                . = ALIGN (0x4)
                0x000000002040021c                _end = .
                0x000000002045ffff                _ram_end_ = ((ORIGIN (ram) + LENGTH (ram)) - 0x1)
                0x0000000000000200                _min_heap_size = 0x200
START GROUP
LOAD c:/program files/microchip/xc32/v2.50/bin/bin/../../lib/gcc/pic32c/6.2.1/../../../../pic32c/lib/v7e-m/fpv5/hard\libpic32c.a
LOAD c:/program files/microchip/xc32/v2.50/bin/bin/../../lib/gcc/pic32c/6.2.1/v7e-m/fpv5/hard\libgcc.a
LOAD c:/program files/microchip/xc32/v2.50/bin/bin/../../lib/gcc/pic32c/6.2.1/../../../../pic32c/lib/v7e-m/fpv5/hard\libm_nano.a
LOAD c:/program files/microchip/xc32/v2.50/bin/bin/../../lib/gcc/pic32c/6.2.1/../../../../pic32c/lib/v7e-m/fpv5/hard\libc_nano.a
END GROUP
LOAD c:/program files/microchip/xc32/v2.50/bin/bin/../../lib/gcc/pic32c/6.2.1/v7e-m/fpv5/hard/crtend.o
LOAD c:/program files/microchip/xc32/v2.50/bin/bin/../../lib/gcc/pic32c/6.2.1/v7e-m/fpv5/hard/crtn.o
OUTPUT(dist/sam_e70_xult/production/SailBoatProgramOld.X.production.elf elf32-littlearm)
LOAD stack
LOAD data_init

.ARM.attributes
                0x0000000000000000       0x2e
 .ARM.attributes
                0x0000000000000000       0x20 c:/program files/microchip/xc32/v2.50/bin/bin/../../lib/gcc/pic32c/6.2.1/v7e-m/fpv5/hard/crti.o
 .ARM.attributes
                0x0000000000000020       0x32 c:/program files/microchip/xc32/v2.50/bin/bin/../../lib/gcc/pic32c/6.2.1/v7e-m/fpv5/hard/crtbegin.o
 .ARM.attributes
                0x0000000000000052       0x37 build/sam_e70_xult/production/_ext/716655881/drv_usart.o
 .ARM.attributes
                0x0000000000000089       0x37 build/sam_e70_xult/production/_ext/1613695899/osal_freertos.o
 .ARM.attributes
                0x00000000000000c0       0x37 build/sam_e70_xult/production/_ext/1055500827/plib_clk.o
 .ARM.attributes
                0x00000000000000f7       0x37 build/sam_e70_xult/production/_ext/1055499099/plib_efc.o
 .ARM.attributes
                0x000000000000012e       0x37 build/sam_e70_xult/production/_ext/1639550079/plib_nvic.o
 .ARM.attributes
                0x0000000000000165       0x37 build/sam_e70_xult/production/_ext/1055488423/plib_pio.o
 .ARM.attributes
                0x000000000000019c       0x37 build/sam_e70_xult/production/_ext/1055487991/plib_pwm0.o
 .ARM.attributes
                0x00000000000001d3       0x37 build/sam_e70_xult/production/_ext/707186936/plib_usart1.o
 .ARM.attributes
                0x000000000000020a       0x37 build/sam_e70_xult/production/_ext/707186936/plib_usart0.o
 .ARM.attributes
                0x0000000000000241       0x37 build/sam_e70_xult/production/_ext/707186936/plib_usart2.o
 .ARM.attributes
                0x0000000000000278       0x37 build/sam_e70_xult/production/_ext/876653320/sys_cache.o
 .ARM.attributes
                0x00000000000002af       0x37 build/sam_e70_xult/production/_ext/984150034/sys_dma.o
 .ARM.attributes
                0x00000000000002e6       0x37 build/sam_e70_xult/production/_ext/1728594169/initialization.o
 .ARM.attributes
                0x000000000000031d       0x37 build/sam_e70_xult/production/_ext/1728594169/interrupts.o
 .ARM.attributes
                0x0000000000000354       0x37 build/sam_e70_xult/production/_ext/1728594169/exceptions.o
 .ARM.attributes
                0x000000000000038b       0x37 build/sam_e70_xult/production/_ext/1728594169/startup_xc32.o
 .ARM.attributes
                0x00000000000003c2       0x37 build/sam_e70_xult/production/_ext/1728594169/freertos_hooks.o
 .ARM.attributes
                0x00000000000003f9       0x37 build/sam_e70_xult/production/_ext/1728594169/tasks.o
 .ARM.attributes
                0x0000000000000430       0x37 build/sam_e70_xult/production/_ext/977623654/port.o
 .ARM.attributes
                0x0000000000000467       0x37 build/sam_e70_xult/production/_ext/1665200909/heap_1.o
 .ARM.attributes
                0x000000000000049e       0x37 build/sam_e70_xult/production/_ext/404212886/list.o
 .ARM.attributes
                0x00000000000004d5       0x37 build/sam_e70_xult/production/_ext/404212886/queue.o
 .ARM.attributes
                0x000000000000050c       0x37 build/sam_e70_xult/production/_ext/404212886/FreeRTOS_tasks.o
 .ARM.attributes
                0x0000000000000543       0x37 build/sam_e70_xult/production/_ext/1360937237/main.o
 .ARM.attributes
                0x000000000000057a       0x37 build/sam_e70_xult/production/_ext/1360937237/app_communication.o
 .ARM.attributes
                0x00000000000005b1       0x37 build/sam_e70_xult/production/_ext/1360937237/app_mast_control.o
 .ARM.attributes
                0x00000000000005e8       0x37 build/sam_e70_xult/production/_ext/1360937237/app_course_algorithm.o
 .ARM.attributes
                0x000000000000061f       0x37 build/sam_e70_xult/production/_ext/1360937237/app_rudder_control.o
 .ARM.attributes
                0x0000000000000656       0x37 build/sam_e70_xult/production/_ext/1360937237/app_anemometer.o
 .ARM.attributes
                0x000000000000068d       0x37 build/sam_e70_xult/production/_ext/1360937237/app_gps.o
 .ARM.attributes
                0x00000000000006c4       0x37 build/sam_e70_xult/production/_ext/1360937237/radio.o
 .ARM.attributes
                0x00000000000006fb       0x32 c:/program files/microchip/xc32/v2.50/bin/bin/../../lib/gcc/pic32c/6.2.1/../../../../pic32c/lib/v7e-m/fpv5/hard\libpic32c.a(data_init.o)
 .ARM.attributes
                0x000000000000072d       0x32 c:/program files/microchip/xc32/v2.50/bin/bin/../../lib/gcc/pic32c/6.2.1/../../../../pic32c/lib/v7e-m/fpv5/hard\libc_nano.a(lib_a-init.o)
 .ARM.attributes
                0x000000000000075f       0x32 c:/program files/microchip/xc32/v2.50/bin/bin/../../lib/gcc/pic32c/6.2.1/../../../../pic32c/lib/v7e-m/fpv5/hard\libc_nano.a(lib_a-locale.o)
 .ARM.attributes
                0x0000000000000791       0x32 c:/program files/microchip/xc32/v2.50/bin/bin/../../lib/gcc/pic32c/6.2.1/../../../../pic32c/lib/v7e-m/fpv5/hard\libc_nano.a(lib_a-mbtowc_r.o)
 .ARM.attributes
                0x00000000000007c3       0x32 c:/program files/microchip/xc32/v2.50/bin/bin/../../lib/gcc/pic32c/6.2.1/../../../../pic32c/lib/v7e-m/fpv5/hard\libc_nano.a(lib_a-memcpy-stub.o)
 .ARM.attributes
                0x00000000000007f5       0x32 c:/program files/microchip/xc32/v2.50/bin/bin/../../lib/gcc/pic32c/6.2.1/../../../../pic32c/lib/v7e-m/fpv5/hard\libc_nano.a(lib_a-memset.o)
 .ARM.attributes
                0x0000000000000827       0x32 c:/program files/microchip/xc32/v2.50/bin/bin/../../lib/gcc/pic32c/6.2.1/../../../../pic32c/lib/v7e-m/fpv5/hard\libc_nano.a(lib_a-strtod.o)
 .ARM.attributes
                0x0000000000000859       0x32 c:/program files/microchip/xc32/v2.50/bin/bin/../../lib/gcc/pic32c/6.2.1/../../../../pic32c/lib/v7e-m/fpv5/hard\libc_nano.a(lib_a-wctomb_r.o)
 .ARM.attributes
                0x000000000000088b       0x32 c:/program files/microchip/xc32/v2.50/bin/bin/../../lib/gcc/pic32c/6.2.1/../../../../pic32c/lib/v7e-m/fpv5/hard\libc_nano.a(lib_a-ctype_.o)
 .ARM.attributes
                0x00000000000008bd       0x32 c:/program files/microchip/xc32/v2.50/bin/bin/../../lib/gcc/pic32c/6.2.1/../../../../pic32c/lib/v7e-m/fpv5/hard\libc_nano.a(lib_a-gdtoa-gethex.o)
 .ARM.attributes
                0x00000000000008ef       0x32 c:/program files/microchip/xc32/v2.50/bin/bin/../../lib/gcc/pic32c/6.2.1/../../../../pic32c/lib/v7e-m/fpv5/hard\libc_nano.a(lib_a-gdtoa-hexnan.o)
 .ARM.attributes
                0x0000000000000921       0x32 c:/program files/microchip/xc32/v2.50/bin/bin/../../lib/gcc/pic32c/6.2.1/../../../../pic32c/lib/v7e-m/fpv5/hard\libc_nano.a(lib_a-impure.o)
 .ARM.attributes
                0x0000000000000953       0x32 c:/program files/microchip/xc32/v2.50/bin/bin/../../lib/gcc/pic32c/6.2.1/../../../../pic32c/lib/v7e-m/fpv5/hard\libc_nano.a(lib_a-localeconv.o)
 .ARM.attributes
                0x0000000000000985       0x32 c:/program files/microchip/xc32/v2.50/bin/bin/../../lib/gcc/pic32c/6.2.1/../../../../pic32c/lib/v7e-m/fpv5/hard\libc_nano.a(lib_a-mprec.o)
 .ARM.attributes
                0x00000000000009b7       0x32 c:/program files/microchip/xc32/v2.50/bin/bin/../../lib/gcc/pic32c/6.2.1/../../../../pic32c/lib/v7e-m/fpv5/hard\libc_nano.a(lib_a-nano-callocr.o)
 .ARM.attributes
                0x00000000000009e9       0x32 c:/program files/microchip/xc32/v2.50/bin/bin/../../lib/gcc/pic32c/6.2.1/../../../../pic32c/lib/v7e-m/fpv5/hard\libc_nano.a(lib_a-nano-mallocr.o)
 .ARM.attributes
                0x0000000000000a1b       0x32 c:/program files/microchip/xc32/v2.50/bin/bin/../../lib/gcc/pic32c/6.2.1/../../../../pic32c/lib/v7e-m/fpv5/hard\libc_nano.a(lib_a-sbrkr.o)
 .ARM.attributes
                0x0000000000000a4d       0x19 c:/program files/microchip/xc32/v2.50/bin/bin/../../lib/gcc/pic32c/6.2.1/../../../../pic32c/lib/v7e-m/fpv5/hard\libc_nano.a(lib_a-strlen.o)
 .ARM.attributes
                0x0000000000000a66       0x32 c:/program files/microchip/xc32/v2.50/bin/bin/../../lib/gcc/pic32c/6.2.1/../../../../pic32c/lib/v7e-m/fpv5/hard\libc_nano.a(lib_a-strncmp.o)
 .ARM.attributes
                0x0000000000000a98       0x32 c:/program files/microchip/xc32/v2.50/bin/bin/../../lib/gcc/pic32c/6.2.1/../../../../pic32c/lib/v7e-m/fpv5/hard\libc_nano.a(lib_a-malloc.o)
 .ARM.attributes
                0x0000000000000aca       0x32 c:/program files/microchip/xc32/v2.50/bin/bin/../../lib/gcc/pic32c/6.2.1/../../../../pic32c/lib/v7e-m/fpv5/hard\libc_nano.a(lib_a-mlock.o)
 .ARM.attributes
                0x0000000000000afc       0x32 c:/program files/microchip/xc32/v2.50/bin/bin/../../lib/gcc/pic32c/6.2.1/../../../../pic32c/lib/v7e-m/fpv5/hard\libc_nano.a(lib_a-reent.o)
 .ARM.attributes
                0x0000000000000b2e       0x32 c:/program files/microchip/xc32/v2.50/bin/bin/../../lib/gcc/pic32c/6.2.1/../../../../pic32c/lib/v7e-m/fpv5/hard\libpic32c.a(sbrk.o)
 .ARM.attributes
                0x0000000000000b60       0x20 c:/program files/microchip/xc32/v2.50/bin/bin/../../lib/gcc/pic32c/6.2.1/v7e-m/fpv5/hard/crtn.o

.comment        0x0000000000000000       0x3c
 .comment       0x0000000000000000       0x3c c:/program files/microchip/xc32/v2.50/bin/bin/../../lib/gcc/pic32c/6.2.1/v7e-m/fpv5/hard/crtbegin.o
                                         0x3d (size before relaxing)
 .comment       0x000000000000003c       0x3d build/sam_e70_xult/production/_ext/716655881/drv_usart.o
 .comment       0x000000000000003c       0x3d build/sam_e70_xult/production/_ext/1613695899/osal_freertos.o
 .comment       0x000000000000003c       0x3d build/sam_e70_xult/production/_ext/1055500827/plib_clk.o
 .comment       0x000000000000003c       0x3d build/sam_e70_xult/production/_ext/1055499099/plib_efc.o
 .comment       0x000000000000003c       0x3d build/sam_e70_xult/production/_ext/1639550079/plib_nvic.o
 .comment       0x000000000000003c       0x3d build/sam_e70_xult/production/_ext/1055488423/plib_pio.o
 .comment       0x000000000000003c       0x3d build/sam_e70_xult/production/_ext/1055487991/plib_pwm0.o
 .comment       0x000000000000003c       0x3d build/sam_e70_xult/production/_ext/707186936/plib_usart1.o
 .comment       0x000000000000003c       0x3d build/sam_e70_xult/production/_ext/707186936/plib_usart0.o
 .comment       0x000000000000003c       0x3d build/sam_e70_xult/production/_ext/707186936/plib_usart2.o
 .comment       0x000000000000003c       0x3d build/sam_e70_xult/production/_ext/876653320/sys_cache.o
 .comment       0x000000000000003c       0x3d build/sam_e70_xult/production/_ext/984150034/sys_dma.o
 .comment       0x000000000000003c       0x3d build/sam_e70_xult/production/_ext/1728594169/initialization.o
 .comment       0x000000000000003c       0x3d build/sam_e70_xult/production/_ext/1728594169/interrupts.o
 .comment       0x000000000000003c       0x3d build/sam_e70_xult/production/_ext/1728594169/exceptions.o
 .comment       0x000000000000003c       0x3d build/sam_e70_xult/production/_ext/1728594169/startup_xc32.o
 .comment       0x000000000000003c       0x3d build/sam_e70_xult/production/_ext/1728594169/freertos_hooks.o
 .comment       0x000000000000003c       0x3d build/sam_e70_xult/production/_ext/1728594169/tasks.o
 .comment       0x000000000000003c       0x3d build/sam_e70_xult/production/_ext/977623654/port.o
 .comment       0x000000000000003c       0x3d build/sam_e70_xult/production/_ext/1665200909/heap_1.o
 .comment       0x000000000000003c       0x3d build/sam_e70_xult/production/_ext/404212886/list.o
 .comment       0x000000000000003c       0x3d build/sam_e70_xult/production/_ext/404212886/queue.o
 .comment       0x000000000000003c       0x3d build/sam_e70_xult/production/_ext/404212886/FreeRTOS_tasks.o
 .comment       0x000000000000003c       0x3d build/sam_e70_xult/production/_ext/1360937237/main.o
 .comment       0x000000000000003c       0x3d build/sam_e70_xult/production/_ext/1360937237/app_communication.o
 .comment       0x000000000000003c       0x3d build/sam_e70_xult/production/_ext/1360937237/app_mast_control.o
 .comment       0x000000000000003c       0x3d build/sam_e70_xult/production/_ext/1360937237/app_course_algorithm.o
 .comment       0x000000000000003c       0x3d build/sam_e70_xult/production/_ext/1360937237/app_rudder_control.o
 .comment       0x000000000000003c       0x3d build/sam_e70_xult/production/_ext/1360937237/app_anemometer.o
 .comment       0x000000000000003c       0x3d build/sam_e70_xult/production/_ext/1360937237/app_gps.o
 .comment       0x000000000000003c       0x3d build/sam_e70_xult/production/_ext/1360937237/radio.o
 .comment       0x000000000000003c       0x3d c:/program files/microchip/xc32/v2.50/bin/bin/../../lib/gcc/pic32c/6.2.1/../../../../pic32c/lib/v7e-m/fpv5/hard\libpic32c.a(data_init.o)
 .comment       0x000000000000003c       0x3d c:/program files/microchip/xc32/v2.50/bin/bin/../../lib/gcc/pic32c/6.2.1/../../../../pic32c/lib/v7e-m/fpv5/hard\libc_nano.a(lib_a-init.o)
 .comment       0x000000000000003c       0x3d c:/program files/microchip/xc32/v2.50/bin/bin/../../lib/gcc/pic32c/6.2.1/../../../../pic32c/lib/v7e-m/fpv5/hard\libc_nano.a(lib_a-locale.o)
 .comment       0x000000000000003c       0x3d c:/program files/microchip/xc32/v2.50/bin/bin/../../lib/gcc/pic32c/6.2.1/../../../../pic32c/lib/v7e-m/fpv5/hard\libc_nano.a(lib_a-mbtowc_r.o)
 .comment       0x000000000000003c       0x3d c:/program files/microchip/xc32/v2.50/bin/bin/../../lib/gcc/pic32c/6.2.1/../../../../pic32c/lib/v7e-m/fpv5/hard\libc_nano.a(lib_a-memcpy-stub.o)
 .comment       0x000000000000003c       0x3d c:/program files/microchip/xc32/v2.50/bin/bin/../../lib/gcc/pic32c/6.2.1/../../../../pic32c/lib/v7e-m/fpv5/hard\libc_nano.a(lib_a-memset.o)
 .comment       0x000000000000003c       0x3d c:/program files/microchip/xc32/v2.50/bin/bin/../../lib/gcc/pic32c/6.2.1/../../../../pic32c/lib/v7e-m/fpv5/hard\libc_nano.a(lib_a-strtod.o)
 .comment       0x000000000000003c       0x3d c:/program files/microchip/xc32/v2.50/bin/bin/../../lib/gcc/pic32c/6.2.1/../../../../pic32c/lib/v7e-m/fpv5/hard\libc_nano.a(lib_a-wctomb_r.o)
 .comment       0x000000000000003c       0x3d c:/program files/microchip/xc32/v2.50/bin/bin/../../lib/gcc/pic32c/6.2.1/../../../../pic32c/lib/v7e-m/fpv5/hard\libc_nano.a(lib_a-ctype_.o)
 .comment       0x000000000000003c       0x3d c:/program files/microchip/xc32/v2.50/bin/bin/../../lib/gcc/pic32c/6.2.1/../../../../pic32c/lib/v7e-m/fpv5/hard\libc_nano.a(lib_a-gdtoa-gethex.o)
 .comment       0x000000000000003c       0x3d c:/program files/microchip/xc32/v2.50/bin/bin/../../lib/gcc/pic32c/6.2.1/../../../../pic32c/lib/v7e-m/fpv5/hard\libc_nano.a(lib_a-gdtoa-hexnan.o)
 .comment       0x000000000000003c       0x3d c:/program files/microchip/xc32/v2.50/bin/bin/../../lib/gcc/pic32c/6.2.1/../../../../pic32c/lib/v7e-m/fpv5/hard\libc_nano.a(lib_a-impure.o)
 .comment       0x000000000000003c       0x3d c:/program files/microchip/xc32/v2.50/bin/bin/../../lib/gcc/pic32c/6.2.1/../../../../pic32c/lib/v7e-m/fpv5/hard\libc_nano.a(lib_a-localeconv.o)
 .comment       0x000000000000003c       0x3d c:/program files/microchip/xc32/v2.50/bin/bin/../../lib/gcc/pic32c/6.2.1/../../../../pic32c/lib/v7e-m/fpv5/hard\libc_nano.a(lib_a-mprec.o)
 .comment       0x000000000000003c       0x3d c:/program files/microchip/xc32/v2.50/bin/bin/../../lib/gcc/pic32c/6.2.1/../../../../pic32c/lib/v7e-m/fpv5/hard\libc_nano.a(lib_a-nano-callocr.o)
 .comment       0x000000000000003c       0x3d c:/program files/microchip/xc32/v2.50/bin/bin/../../lib/gcc/pic32c/6.2.1/../../../../pic32c/lib/v7e-m/fpv5/hard\libc_nano.a(lib_a-nano-mallocr.o)
 .comment       0x000000000000003c       0x3d c:/program files/microchip/xc32/v2.50/bin/bin/../../lib/gcc/pic32c/6.2.1/../../../../pic32c/lib/v7e-m/fpv5/hard\libc_nano.a(lib_a-sbrkr.o)
 .comment       0x000000000000003c       0x3d c:/program files/microchip/xc32/v2.50/bin/bin/../../lib/gcc/pic32c/6.2.1/../../../../pic32c/lib/v7e-m/fpv5/hard\libc_nano.a(lib_a-strncmp.o)
 .comment       0x000000000000003c       0x3d c:/program files/microchip/xc32/v2.50/bin/bin/../../lib/gcc/pic32c/6.2.1/../../../../pic32c/lib/v7e-m/fpv5/hard\libc_nano.a(lib_a-malloc.o)
 .comment       0x000000000000003c       0x3d c:/program files/microchip/xc32/v2.50/bin/bin/../../lib/gcc/pic32c/6.2.1/../../../../pic32c/lib/v7e-m/fpv5/hard\libc_nano.a(lib_a-mlock.o)
 .comment       0x000000000000003c       0x3d c:/program files/microchip/xc32/v2.50/bin/bin/../../lib/gcc/pic32c/6.2.1/../../../../pic32c/lib/v7e-m/fpv5/hard\libc_nano.a(lib_a-reent.o)
 .comment       0x000000000000003c       0x3d c:/program files/microchip/xc32/v2.50/bin/bin/../../lib/gcc/pic32c/6.2.1/../../../../pic32c/lib/v7e-m/fpv5/hard\libpic32c.a(sbrk.o)

.debug_info     0x0000000000000000    0x427b4
 .debug_info    0x0000000000000000     0x1f10 build/sam_e70_xult/production/_ext/716655881/drv_usart.o
 .debug_info    0x0000000000001f10      0xb7d build/sam_e70_xult/production/_ext/1613695899/osal_freertos.o
 .debug_info    0x0000000000002a8d      0x881 build/sam_e70_xult/production/_ext/1055500827/plib_clk.o
 .debug_info    0x000000000000330e     0x12ea build/sam_e70_xult/production/_ext/1055499099/plib_efc.o
 .debug_info    0x00000000000045f8     0x11c3 build/sam_e70_xult/production/_ext/1639550079/plib_nvic.o
 .debug_info    0x00000000000057bb     0x18a6 build/sam_e70_xult/production/_ext/1055488423/plib_pio.o
 .debug_info    0x0000000000007061     0x10be build/sam_e70_xult/production/_ext/1055487991/plib_pwm0.o
 .debug_info    0x000000000000811f      0xfa5 build/sam_e70_xult/production/_ext/707186936/plib_usart1.o
 .debug_info    0x00000000000090c4      0xfa5 build/sam_e70_xult/production/_ext/707186936/plib_usart0.o
 .debug_info    0x000000000000a069      0xfa5 build/sam_e70_xult/production/_ext/707186936/plib_usart2.o
 .debug_info    0x000000000000b00e     0x1383 build/sam_e70_xult/production/_ext/876653320/sys_cache.o
 .debug_info    0x000000000000c391      0x7c8 build/sam_e70_xult/production/_ext/984150034/sys_dma.o
 .debug_info    0x000000000000cb59     0x27e9 build/sam_e70_xult/production/_ext/1728594169/initialization.o
 .debug_info    0x000000000000f342     0x1d20 build/sam_e70_xult/production/_ext/1728594169/interrupts.o
 .debug_info    0x0000000000011062     0x136e build/sam_e70_xult/production/_ext/1728594169/exceptions.o
 .debug_info    0x00000000000123d0      0xd30 build/sam_e70_xult/production/_ext/1728594169/startup_xc32.o
 .debug_info    0x0000000000013100      0x52f build/sam_e70_xult/production/_ext/1728594169/freertos_hooks.o
 .debug_info    0x000000000001362f     0x1753 build/sam_e70_xult/production/_ext/1728594169/tasks.o
 .debug_info    0x0000000000014d82      0x758 build/sam_e70_xult/production/_ext/977623654/port.o
 .debug_info    0x00000000000154da     0x102b build/sam_e70_xult/production/_ext/1665200909/heap_1.o
 .debug_info    0x0000000000016505     0x1150 build/sam_e70_xult/production/_ext/404212886/list.o
 .debug_info    0x0000000000017655     0x2992 build/sam_e70_xult/production/_ext/404212886/queue.o
 .debug_info    0x0000000000019fe7     0x35e1 build/sam_e70_xult/production/_ext/404212886/FreeRTOS_tasks.o
 .debug_info    0x000000000001d5c8     0x12c3 build/sam_e70_xult/production/_ext/1360937237/main.o
 .debug_info    0x000000000001e88b     0x1698 build/sam_e70_xult/production/_ext/1360937237/app_communication.o
 .debug_info    0x000000000001ff23     0x2be4 build/sam_e70_xult/production/_ext/1360937237/app_mast_control.o
 .debug_info    0x0000000000022b07     0x11fd build/sam_e70_xult/production/_ext/1360937237/app_course_algorithm.o
 .debug_info    0x0000000000023d04      0xf7d build/sam_e70_xult/production/_ext/1360937237/app_rudder_control.o
 .debug_info    0x0000000000024c81     0x164a build/sam_e70_xult/production/_ext/1360937237/app_anemometer.o
 .debug_info    0x00000000000262cb      0xf25 build/sam_e70_xult/production/_ext/1360937237/app_gps.o
 .debug_info    0x00000000000271f0     0x13a5 build/sam_e70_xult/production/_ext/1360937237/radio.o
 .debug_info    0x0000000000028595      0x296 c:/program files/microchip/xc32/v2.50/bin/bin/../../lib/gcc/pic32c/6.2.1/../../../../pic32c/lib/v7e-m/fpv5/hard\libpic32c.a(data_init.o)
 .debug_info    0x000000000002882b      0x421 c:/program files/microchip/xc32/v2.50/bin/bin/../../lib/gcc/pic32c/6.2.1/../../../../pic32c/lib/v7e-m/fpv5/hard\libc_nano.a(lib_a-init.o)
 .debug_info    0x0000000000028c4c     0x18a0 c:/program files/microchip/xc32/v2.50/bin/bin/../../lib/gcc/pic32c/6.2.1/../../../../pic32c/lib/v7e-m/fpv5/hard\libc_nano.a(lib_a-locale.o)
 .debug_info    0x000000000002a4ec     0x1784 c:/program files/microchip/xc32/v2.50/bin/bin/../../lib/gcc/pic32c/6.2.1/../../../../pic32c/lib/v7e-m/fpv5/hard\libc_nano.a(lib_a-mbtowc_r.o)
 .debug_info    0x000000000002bc70      0xe6d c:/program files/microchip/xc32/v2.50/bin/bin/../../lib/gcc/pic32c/6.2.1/../../../../pic32c/lib/v7e-m/fpv5/hard\libc_nano.a(lib_a-memcpy-stub.o)
 .debug_info    0x000000000002cadd     0x15b0 c:/program files/microchip/xc32/v2.50/bin/bin/../../lib/gcc/pic32c/6.2.1/../../../../pic32c/lib/v7e-m/fpv5/hard\libc_nano.a(lib_a-memset.o)
 .debug_info    0x000000000002e08d     0x2660 c:/program files/microchip/xc32/v2.50/bin/bin/../../lib/gcc/pic32c/6.2.1/../../../../pic32c/lib/v7e-m/fpv5/hard\libc_nano.a(lib_a-strtod.o)
 .debug_info    0x00000000000306ed     0x174f c:/program files/microchip/xc32/v2.50/bin/bin/../../lib/gcc/pic32c/6.2.1/../../../../pic32c/lib/v7e-m/fpv5/hard\libc_nano.a(lib_a-wctomb_r.o)
 .debug_info    0x0000000000031e3c     0x1581 c:/program files/microchip/xc32/v2.50/bin/bin/../../lib/gcc/pic32c/6.2.1/../../../../pic32c/lib/v7e-m/fpv5/hard\libc_nano.a(lib_a-ctype_.o)
 .debug_info    0x00000000000333bd     0x1f21 c:/program files/microchip/xc32/v2.50/bin/bin/../../lib/gcc/pic32c/6.2.1/../../../../pic32c/lib/v7e-m/fpv5/hard\libc_nano.a(lib_a-gdtoa-gethex.o)
 .debug_info    0x00000000000352de     0x1a03 c:/program files/microchip/xc32/v2.50/bin/bin/../../lib/gcc/pic32c/6.2.1/../../../../pic32c/lib/v7e-m/fpv5/hard\libc_nano.a(lib_a-gdtoa-hexnan.o)
 .debug_info    0x0000000000036ce1      0xdf4 c:/program files/microchip/xc32/v2.50/bin/bin/../../lib/gcc/pic32c/6.2.1/../../../../pic32c/lib/v7e-m/fpv5/hard\libc_nano.a(lib_a-impure.o)
 .debug_info    0x0000000000037ad5     0x16b5 c:/program files/microchip/xc32/v2.50/bin/bin/../../lib/gcc/pic32c/6.2.1/../../../../pic32c/lib/v7e-m/fpv5/hard\libc_nano.a(lib_a-localeconv.o)
 .debug_info    0x000000000003918a     0x258a c:/program files/microchip/xc32/v2.50/bin/bin/../../lib/gcc/pic32c/6.2.1/../../../../pic32c/lib/v7e-m/fpv5/hard\libc_nano.a(lib_a-mprec.o)
 .debug_info    0x000000000003b714     0x10e3 c:/program files/microchip/xc32/v2.50/bin/bin/../../lib/gcc/pic32c/6.2.1/../../../../pic32c/lib/v7e-m/fpv5/hard\libc_nano.a(lib_a-nano-callocr.o)
 .debug_info    0x000000000003c7f7     0x125b c:/program files/microchip/xc32/v2.50/bin/bin/../../lib/gcc/pic32c/6.2.1/../../../../pic32c/lib/v7e-m/fpv5/hard\libc_nano.a(lib_a-nano-mallocr.o)
 .debug_info    0x000000000003da52      0xee4 c:/program files/microchip/xc32/v2.50/bin/bin/../../lib/gcc/pic32c/6.2.1/../../../../pic32c/lib/v7e-m/fpv5/hard\libc_nano.a(lib_a-sbrkr.o)
 .debug_info    0x000000000003e936      0x127 c:/program files/microchip/xc32/v2.50/bin/bin/../../lib/gcc/pic32c/6.2.1/../../../../pic32c/lib/v7e-m/fpv5/hard\libc_nano.a(lib_a-strlen.o)
 .debug_info    0x000000000003ea5d      0xe29 c:/program files/microchip/xc32/v2.50/bin/bin/../../lib/gcc/pic32c/6.2.1/../../../../pic32c/lib/v7e-m/fpv5/hard\libc_nano.a(lib_a-strncmp.o)
 .debug_info    0x000000000003f886      0xe97 c:/program files/microchip/xc32/v2.50/bin/bin/../../lib/gcc/pic32c/6.2.1/../../../../pic32c/lib/v7e-m/fpv5/hard\libc_nano.a(lib_a-malloc.o)
 .debug_info    0x000000000004071d      0xe31 c:/program files/microchip/xc32/v2.50/bin/bin/../../lib/gcc/pic32c/6.2.1/../../../../pic32c/lib/v7e-m/fpv5/hard\libc_nano.a(lib_a-mlock.o)
 .debug_info    0x000000000004154e      0xfec c:/program files/microchip/xc32/v2.50/bin/bin/../../lib/gcc/pic32c/6.2.1/../../../../pic32c/lib/v7e-m/fpv5/hard\libc_nano.a(lib_a-reent.o)
 .debug_info    0x000000000004253a      0x27a c:/program files/microchip/xc32/v2.50/bin/bin/../../lib/gcc/pic32c/6.2.1/../../../../pic32c/lib/v7e-m/fpv5/hard\libpic32c.a(sbrk.o)

.debug_abbrev   0x0000000000000000     0x6b23
 .debug_abbrev  0x0000000000000000      0x3a7 build/sam_e70_xult/production/_ext/716655881/drv_usart.o
 .debug_abbrev  0x00000000000003a7      0x1c2 build/sam_e70_xult/production/_ext/1613695899/osal_freertos.o
 .debug_abbrev  0x0000000000000569       0xc0 build/sam_e70_xult/production/_ext/1055500827/plib_clk.o
 .debug_abbrev  0x0000000000000629      0x2b4 build/sam_e70_xult/production/_ext/1055499099/plib_efc.o
 .debug_abbrev  0x00000000000008dd      0x1cd build/sam_e70_xult/production/_ext/1639550079/plib_nvic.o
 .debug_abbrev  0x0000000000000aaa      0x25d build/sam_e70_xult/production/_ext/1055488423/plib_pio.o
 .debug_abbrev  0x0000000000000d07      0x169 build/sam_e70_xult/production/_ext/1055487991/plib_pwm0.o
 .debug_abbrev  0x0000000000000e70      0x2cf build/sam_e70_xult/production/_ext/707186936/plib_usart1.o
 .debug_abbrev  0x000000000000113f      0x2cf build/sam_e70_xult/production/_ext/707186936/plib_usart0.o
 .debug_abbrev  0x000000000000140e      0x2cf build/sam_e70_xult/production/_ext/707186936/plib_usart2.o
 .debug_abbrev  0x00000000000016dd      0x1ec build/sam_e70_xult/production/_ext/876653320/sys_cache.o
 .debug_abbrev  0x00000000000018c9       0xa2 build/sam_e70_xult/production/_ext/984150034/sys_dma.o
 .debug_abbrev  0x000000000000196b      0x291 build/sam_e70_xult/production/_ext/1728594169/initialization.o
 .debug_abbrev  0x0000000000001bfc      0x1cd build/sam_e70_xult/production/_ext/1728594169/interrupts.o
 .debug_abbrev  0x0000000000001dc9      0x1c2 build/sam_e70_xult/production/_ext/1728594169/exceptions.o
 .debug_abbrev  0x0000000000001f8b      0x1fd build/sam_e70_xult/production/_ext/1728594169/startup_xc32.o
 .debug_abbrev  0x0000000000002188      0x121 build/sam_e70_xult/production/_ext/1728594169/freertos_hooks.o
 .debug_abbrev  0x00000000000022a9      0x218 build/sam_e70_xult/production/_ext/1728594169/tasks.o
 .debug_abbrev  0x00000000000024c1      0x1f2 build/sam_e70_xult/production/_ext/977623654/port.o
 .debug_abbrev  0x00000000000026b3      0x26f build/sam_e70_xult/production/_ext/1665200909/heap_1.o
 .debug_abbrev  0x0000000000002922      0x231 build/sam_e70_xult/production/_ext/404212886/list.o
 .debug_abbrev  0x0000000000002b53      0x400 build/sam_e70_xult/production/_ext/404212886/queue.o
 .debug_abbrev  0x0000000000002f53      0x49e build/sam_e70_xult/production/_ext/404212886/FreeRTOS_tasks.o
 .debug_abbrev  0x00000000000033f1      0x1f9 build/sam_e70_xult/production/_ext/1360937237/main.o
 .debug_abbrev  0x00000000000035ea      0x287 build/sam_e70_xult/production/_ext/1360937237/app_communication.o
 .debug_abbrev  0x0000000000003871      0x344 build/sam_e70_xult/production/_ext/1360937237/app_mast_control.o
 .debug_abbrev  0x0000000000003bb5      0x1fe build/sam_e70_xult/production/_ext/1360937237/app_course_algorithm.o
 .debug_abbrev  0x0000000000003db3      0x1ea build/sam_e70_xult/production/_ext/1360937237/app_rudder_control.o
 .debug_abbrev  0x0000000000003f9d      0x23b build/sam_e70_xult/production/_ext/1360937237/app_anemometer.o
 .debug_abbrev  0x00000000000041d8      0x1ea build/sam_e70_xult/production/_ext/1360937237/app_gps.o
 .debug_abbrev  0x00000000000043c2      0x215 build/sam_e70_xult/production/_ext/1360937237/radio.o
 .debug_abbrev  0x00000000000045d7       0x2a c:/program files/microchip/xc32/v2.50/bin/bin/../../lib/gcc/pic32c/6.2.1/../../../../pic32c/lib/v7e-m/fpv5/hard\libpic32c.a(data_init.o)
 .debug_abbrev  0x0000000000004601       0xa3 c:/program files/microchip/xc32/v2.50/bin/bin/../../lib/gcc/pic32c/6.2.1/../../../../pic32c/lib/v7e-m/fpv5/hard\libc_nano.a(lib_a-init.o)
 .debug_abbrev  0x00000000000046a4      0x256 c:/program files/microchip/xc32/v2.50/bin/bin/../../lib/gcc/pic32c/6.2.1/../../../../pic32c/lib/v7e-m/fpv5/hard\libc_nano.a(lib_a-locale.o)
 .debug_abbrev  0x00000000000048fa      0x1be c:/program files/microchip/xc32/v2.50/bin/bin/../../lib/gcc/pic32c/6.2.1/../../../../pic32c/lib/v7e-m/fpv5/hard\libc_nano.a(lib_a-mbtowc_r.o)
 .debug_abbrev  0x0000000000004ab8      0x17c c:/program files/microchip/xc32/v2.50/bin/bin/../../lib/gcc/pic32c/6.2.1/../../../../pic32c/lib/v7e-m/fpv5/hard\libc_nano.a(lib_a-memcpy-stub.o)
 .debug_abbrev  0x0000000000004c34      0x170 c:/program files/microchip/xc32/v2.50/bin/bin/../../lib/gcc/pic32c/6.2.1/../../../../pic32c/lib/v7e-m/fpv5/hard\libc_nano.a(lib_a-memset.o)
 .debug_abbrev  0x0000000000004da4      0x32c c:/program files/microchip/xc32/v2.50/bin/bin/../../lib/gcc/pic32c/6.2.1/../../../../pic32c/lib/v7e-m/fpv5/hard\libc_nano.a(lib_a-strtod.o)
 .debug_abbrev  0x00000000000050d0      0x1da c:/program files/microchip/xc32/v2.50/bin/bin/../../lib/gcc/pic32c/6.2.1/../../../../pic32c/lib/v7e-m/fpv5/hard\libc_nano.a(lib_a-wctomb_r.o)
 .debug_abbrev  0x00000000000052aa      0x131 c:/program files/microchip/xc32/v2.50/bin/bin/../../lib/gcc/pic32c/6.2.1/../../../../pic32c/lib/v7e-m/fpv5/hard\libc_nano.a(lib_a-ctype_.o)
 .debug_abbrev  0x00000000000053db      0x2df c:/program files/microchip/xc32/v2.50/bin/bin/../../lib/gcc/pic32c/6.2.1/../../../../pic32c/lib/v7e-m/fpv5/hard\libc_nano.a(lib_a-gdtoa-gethex.o)
 .debug_abbrev  0x00000000000056ba      0x206 c:/program files/microchip/xc32/v2.50/bin/bin/../../lib/gcc/pic32c/6.2.1/../../../../pic32c/lib/v7e-m/fpv5/hard\libc_nano.a(lib_a-gdtoa-hexnan.o)
 .debug_abbrev  0x00000000000058c0      0x131 c:/program files/microchip/xc32/v2.50/bin/bin/../../lib/gcc/pic32c/6.2.1/../../../../pic32c/lib/v7e-m/fpv5/hard\libc_nano.a(lib_a-impure.o)
 .debug_abbrev  0x00000000000059f1      0x1d6 c:/program files/microchip/xc32/v2.50/bin/bin/../../lib/gcc/pic32c/6.2.1/../../../../pic32c/lib/v7e-m/fpv5/hard\libc_nano.a(lib_a-localeconv.o)
 .debug_abbrev  0x0000000000005bc7      0x2e4 c:/program files/microchip/xc32/v2.50/bin/bin/../../lib/gcc/pic32c/6.2.1/../../../../pic32c/lib/v7e-m/fpv5/hard\libc_nano.a(lib_a-mprec.o)
 .debug_abbrev  0x0000000000005eab      0x1b9 c:/program files/microchip/xc32/v2.50/bin/bin/../../lib/gcc/pic32c/6.2.1/../../../../pic32c/lib/v7e-m/fpv5/hard\libc_nano.a(lib_a-nano-callocr.o)
 .debug_abbrev  0x0000000000006064      0x281 c:/program files/microchip/xc32/v2.50/bin/bin/../../lib/gcc/pic32c/6.2.1/../../../../pic32c/lib/v7e-m/fpv5/hard\libc_nano.a(lib_a-nano-mallocr.o)
 .debug_abbrev  0x00000000000062e5      0x1a8 c:/program files/microchip/xc32/v2.50/bin/bin/../../lib/gcc/pic32c/6.2.1/../../../../pic32c/lib/v7e-m/fpv5/hard\libc_nano.a(lib_a-sbrkr.o)
 .debug_abbrev  0x000000000000648d       0x14 c:/program files/microchip/xc32/v2.50/bin/bin/../../lib/gcc/pic32c/6.2.1/../../../../pic32c/lib/v7e-m/fpv5/hard\libc_nano.a(lib_a-strlen.o)
 .debug_abbrev  0x00000000000064a1      0x148 c:/program files/microchip/xc32/v2.50/bin/bin/../../lib/gcc/pic32c/6.2.1/../../../../pic32c/lib/v7e-m/fpv5/hard\libc_nano.a(lib_a-strncmp.o)
 .debug_abbrev  0x00000000000065e9      0x1b3 c:/program files/microchip/xc32/v2.50/bin/bin/../../lib/gcc/pic32c/6.2.1/../../../../pic32c/lib/v7e-m/fpv5/hard\libc_nano.a(lib_a-malloc.o)
 .debug_abbrev  0x000000000000679c      0x165 c:/program files/microchip/xc32/v2.50/bin/bin/../../lib/gcc/pic32c/6.2.1/../../../../pic32c/lib/v7e-m/fpv5/hard\libc_nano.a(lib_a-mlock.o)
 .debug_abbrev  0x0000000000006901      0x1f8 c:/program files/microchip/xc32/v2.50/bin/bin/../../lib/gcc/pic32c/6.2.1/../../../../pic32c/lib/v7e-m/fpv5/hard\libc_nano.a(lib_a-reent.o)
 .debug_abbrev  0x0000000000006af9       0x2a c:/program files/microchip/xc32/v2.50/bin/bin/../../lib/gcc/pic32c/6.2.1/../../../../pic32c/lib/v7e-m/fpv5/hard\libpic32c.a(sbrk.o)

.debug_loc      0x0000000000000000     0xba75
 .debug_loc     0x0000000000000000      0xa0f build/sam_e70_xult/production/_ext/716655881/drv_usart.o
 .debug_loc     0x0000000000000a0f      0x636 build/sam_e70_xult/production/_ext/1613695899/osal_freertos.o
 .debug_loc     0x0000000000001045      0x33e build/sam_e70_xult/production/_ext/1055499099/plib_efc.o
 .debug_loc     0x0000000000001383      0x16d build/sam_e70_xult/production/_ext/1639550079/plib_nvic.o
 .debug_loc     0x00000000000014f0      0x2ac build/sam_e70_xult/production/_ext/1055488423/plib_pio.o
 .debug_loc     0x000000000000179c      0x1b4 build/sam_e70_xult/production/_ext/1055487991/plib_pwm0.o
 .debug_loc     0x0000000000001950      0x4e4 build/sam_e70_xult/production/_ext/707186936/plib_usart1.o
 .debug_loc     0x0000000000001e34      0x4e4 build/sam_e70_xult/production/_ext/707186936/plib_usart0.o
 .debug_loc     0x0000000000002318      0x4e4 build/sam_e70_xult/production/_ext/707186936/plib_usart2.o
 .debug_loc     0x00000000000027fc      0x503 build/sam_e70_xult/production/_ext/876653320/sys_cache.o
 .debug_loc     0x0000000000002cff       0x41 build/sam_e70_xult/production/_ext/1728594169/initialization.o
 .debug_loc     0x0000000000002d40       0x6d build/sam_e70_xult/production/_ext/1728594169/startup_xc32.o
 .debug_loc     0x0000000000002dad       0x7a build/sam_e70_xult/production/_ext/1728594169/freertos_hooks.o
 .debug_loc     0x0000000000002e27      0x1be build/sam_e70_xult/production/_ext/1728594169/tasks.o
 .debug_loc     0x0000000000002fe5      0x122 build/sam_e70_xult/production/_ext/977623654/port.o
 .debug_loc     0x0000000000003107       0x74 build/sam_e70_xult/production/_ext/1665200909/heap_1.o
 .debug_loc     0x000000000000317b       0x9c build/sam_e70_xult/production/_ext/404212886/list.o
 .debug_loc     0x0000000000003217     0x1335 build/sam_e70_xult/production/_ext/404212886/queue.o
 .debug_loc     0x000000000000454c     0x1cdf build/sam_e70_xult/production/_ext/404212886/FreeRTOS_tasks.o
 .debug_loc     0x000000000000622b       0x20 build/sam_e70_xult/production/_ext/1360937237/main.o
 .debug_loc     0x000000000000624b       0xd8 build/sam_e70_xult/production/_ext/1360937237/app_communication.o
 .debug_loc     0x0000000000006323       0xe0 build/sam_e70_xult/production/_ext/1360937237/app_mast_control.o
 .debug_loc     0x0000000000006403       0x14 build/sam_e70_xult/production/_ext/1360937237/app_course_algorithm.o
 .debug_loc     0x0000000000006417       0x14 build/sam_e70_xult/production/_ext/1360937237/app_rudder_control.o
 .debug_loc     0x000000000000642b       0x34 build/sam_e70_xult/production/_ext/1360937237/app_anemometer.o
 .debug_loc     0x000000000000645f       0x14 build/sam_e70_xult/production/_ext/1360937237/app_gps.o
 .debug_loc     0x0000000000006473      0x185 build/sam_e70_xult/production/_ext/1360937237/radio.o
 .debug_loc     0x00000000000065f8       0x74 c:/program files/microchip/xc32/v2.50/bin/bin/../../lib/gcc/pic32c/6.2.1/../../../../pic32c/lib/v7e-m/fpv5/hard\libc_nano.a(lib_a-init.o)
 .debug_loc     0x000000000000666c      0x17b c:/program files/microchip/xc32/v2.50/bin/bin/../../lib/gcc/pic32c/6.2.1/../../../../pic32c/lib/v7e-m/fpv5/hard\libc_nano.a(lib_a-locale.o)
 .debug_loc     0x00000000000067e7      0x229 c:/program files/microchip/xc32/v2.50/bin/bin/../../lib/gcc/pic32c/6.2.1/../../../../pic32c/lib/v7e-m/fpv5/hard\libc_nano.a(lib_a-mbtowc_r.o)
 .debug_loc     0x0000000000006a10       0xb2 c:/program files/microchip/xc32/v2.50/bin/bin/../../lib/gcc/pic32c/6.2.1/../../../../pic32c/lib/v7e-m/fpv5/hard\libc_nano.a(lib_a-memcpy-stub.o)
 .debug_loc     0x0000000000006ac2       0x4c c:/program files/microchip/xc32/v2.50/bin/bin/../../lib/gcc/pic32c/6.2.1/../../../../pic32c/lib/v7e-m/fpv5/hard\libc_nano.a(lib_a-memset.o)
 .debug_loc     0x0000000000006b0e     0x19b2 c:/program files/microchip/xc32/v2.50/bin/bin/../../lib/gcc/pic32c/6.2.1/../../../../pic32c/lib/v7e-m/fpv5/hard\libc_nano.a(lib_a-strtod.o)
 .debug_loc     0x00000000000084c0      0x116 c:/program files/microchip/xc32/v2.50/bin/bin/../../lib/gcc/pic32c/6.2.1/../../../../pic32c/lib/v7e-m/fpv5/hard\libc_nano.a(lib_a-wctomb_r.o)
 .debug_loc     0x00000000000085d6      0xc70 c:/program files/microchip/xc32/v2.50/bin/bin/../../lib/gcc/pic32c/6.2.1/../../../../pic32c/lib/v7e-m/fpv5/hard\libc_nano.a(lib_a-gdtoa-gethex.o)
 .debug_loc     0x0000000000009246      0x47b c:/program files/microchip/xc32/v2.50/bin/bin/../../lib/gcc/pic32c/6.2.1/../../../../pic32c/lib/v7e-m/fpv5/hard\libc_nano.a(lib_a-gdtoa-hexnan.o)
 .debug_loc     0x00000000000096c1       0x63 c:/program files/microchip/xc32/v2.50/bin/bin/../../lib/gcc/pic32c/6.2.1/../../../../pic32c/lib/v7e-m/fpv5/hard\libc_nano.a(lib_a-localeconv.o)
 .debug_loc     0x0000000000009724     0x1c64 c:/program files/microchip/xc32/v2.50/bin/bin/../../lib/gcc/pic32c/6.2.1/../../../../pic32c/lib/v7e-m/fpv5/hard\libc_nano.a(lib_a-mprec.o)
 .debug_loc     0x000000000000b388       0xa1 c:/program files/microchip/xc32/v2.50/bin/bin/../../lib/gcc/pic32c/6.2.1/../../../../pic32c/lib/v7e-m/fpv5/hard\libc_nano.a(lib_a-nano-callocr.o)
 .debug_loc     0x000000000000b429      0x326 c:/program files/microchip/xc32/v2.50/bin/bin/../../lib/gcc/pic32c/6.2.1/../../../../pic32c/lib/v7e-m/fpv5/hard\libc_nano.a(lib_a-nano-mallocr.o)
 .debug_loc     0x000000000000b74f       0x6d c:/program files/microchip/xc32/v2.50/bin/bin/../../lib/gcc/pic32c/6.2.1/../../../../pic32c/lib/v7e-m/fpv5/hard\libc_nano.a(lib_a-sbrkr.o)
 .debug_loc     0x000000000000b7bc      0x103 c:/program files/microchip/xc32/v2.50/bin/bin/../../lib/gcc/pic32c/6.2.1/../../../../pic32c/lib/v7e-m/fpv5/hard\libc_nano.a(lib_a-strncmp.o)
 .debug_loc     0x000000000000b8bf       0x58 c:/program files/microchip/xc32/v2.50/bin/bin/../../lib/gcc/pic32c/6.2.1/../../../../pic32c/lib/v7e-m/fpv5/hard\libc_nano.a(lib_a-malloc.o)
 .debug_loc     0x000000000000b917      0x15e c:/program files/microchip/xc32/v2.50/bin/bin/../../lib/gcc/pic32c/6.2.1/../../../../pic32c/lib/v7e-m/fpv5/hard\libc_nano.a(lib_a-reent.o)

.debug_aranges  0x0000000000000000      0xed8
 .debug_aranges
                0x0000000000000000       0x70 build/sam_e70_xult/production/_ext/716655881/drv_usart.o
 .debug_aranges
                0x0000000000000070       0x90 build/sam_e70_xult/production/_ext/1613695899/osal_freertos.o
 .debug_aranges
                0x0000000000000100       0x20 build/sam_e70_xult/production/_ext/1055500827/plib_clk.o
 .debug_aranges
                0x0000000000000120       0x60 build/sam_e70_xult/production/_ext/1055499099/plib_efc.o
 .debug_aranges
                0x0000000000000180       0x38 build/sam_e70_xult/production/_ext/1639550079/plib_nvic.o
 .debug_aranges
                0x00000000000001b8       0x88 build/sam_e70_xult/production/_ext/1055488423/plib_pio.o
 .debug_aranges
                0x0000000000000240       0x88 build/sam_e70_xult/production/_ext/1055487991/plib_pwm0.o
 .debug_aranges
                0x00000000000002c8       0x88 build/sam_e70_xult/production/_ext/707186936/plib_usart1.o
 .debug_aranges
                0x0000000000000350       0x88 build/sam_e70_xult/production/_ext/707186936/plib_usart0.o
 .debug_aranges
                0x00000000000003d8       0x88 build/sam_e70_xult/production/_ext/707186936/plib_usart2.o
 .debug_aranges
                0x0000000000000460       0x80 build/sam_e70_xult/production/_ext/876653320/sys_cache.o
 .debug_aranges
                0x00000000000004e0       0x28 build/sam_e70_xult/production/_ext/984150034/sys_dma.o
 .debug_aranges
                0x0000000000000508       0x20 build/sam_e70_xult/production/_ext/1728594169/initialization.o
 .debug_aranges
                0x0000000000000528       0x20 build/sam_e70_xult/production/_ext/1728594169/interrupts.o
 .debug_aranges
                0x0000000000000548       0x48 build/sam_e70_xult/production/_ext/1728594169/exceptions.o
 .debug_aranges
                0x0000000000000590       0x28 build/sam_e70_xult/production/_ext/1728594169/startup_xc32.o
 .debug_aranges
                0x00000000000005b8       0x40 build/sam_e70_xult/production/_ext/1728594169/freertos_hooks.o
 .debug_aranges
                0x00000000000005f8       0x50 build/sam_e70_xult/production/_ext/1728594169/tasks.o
 .debug_aranges
                0x0000000000000648       0x78 build/sam_e70_xult/production/_ext/977623654/port.o
 .debug_aranges
                0x00000000000006c0       0x38 build/sam_e70_xult/production/_ext/1665200909/heap_1.o
 .debug_aranges
                0x00000000000006f8       0x40 build/sam_e70_xult/production/_ext/404212886/list.o
 .debug_aranges
                0x0000000000000738       0xc8 build/sam_e70_xult/production/_ext/404212886/queue.o
 .debug_aranges
                0x0000000000000800      0x178 build/sam_e70_xult/production/_ext/404212886/FreeRTOS_tasks.o
 .debug_aranges
                0x0000000000000978       0x20 build/sam_e70_xult/production/_ext/1360937237/main.o
 .debug_aranges
                0x0000000000000998       0x30 build/sam_e70_xult/production/_ext/1360937237/app_communication.o
 .debug_aranges
                0x00000000000009c8       0x48 build/sam_e70_xult/production/_ext/1360937237/app_mast_control.o
 .debug_aranges
                0x0000000000000a10       0x28 build/sam_e70_xult/production/_ext/1360937237/app_course_algorithm.o
 .debug_aranges
                0x0000000000000a38       0x28 build/sam_e70_xult/production/_ext/1360937237/app_rudder_control.o
 .debug_aranges
                0x0000000000000a60       0x28 build/sam_e70_xult/production/_ext/1360937237/app_anemometer.o
 .debug_aranges
                0x0000000000000a88       0x28 build/sam_e70_xult/production/_ext/1360937237/app_gps.o
 .debug_aranges
                0x0000000000000ab0       0x28 build/sam_e70_xult/production/_ext/1360937237/radio.o
 .debug_aranges
                0x0000000000000ad8       0x20 c:/program files/microchip/xc32/v2.50/bin/bin/../../lib/gcc/pic32c/6.2.1/../../../../pic32c/lib/v7e-m/fpv5/hard\libpic32c.a(data_init.o)
 .debug_aranges
                0x0000000000000af8       0x20 c:/program files/microchip/xc32/v2.50/bin/bin/../../lib/gcc/pic32c/6.2.1/../../../../pic32c/lib/v7e-m/fpv5/hard\libc_nano.a(lib_a-init.o)
 .debug_aranges
                0x0000000000000b18       0x40 c:/program files/microchip/xc32/v2.50/bin/bin/../../lib/gcc/pic32c/6.2.1/../../../../pic32c/lib/v7e-m/fpv5/hard\libc_nano.a(lib_a-locale.o)
 .debug_aranges
                0x0000000000000b58       0x28 c:/program files/microchip/xc32/v2.50/bin/bin/../../lib/gcc/pic32c/6.2.1/../../../../pic32c/lib/v7e-m/fpv5/hard\libc_nano.a(lib_a-mbtowc_r.o)
 .debug_aranges
                0x0000000000000b80       0x20 c:/program files/microchip/xc32/v2.50/bin/bin/../../lib/gcc/pic32c/6.2.1/../../../../pic32c/lib/v7e-m/fpv5/hard\libc_nano.a(lib_a-memcpy-stub.o)
 .debug_aranges
                0x0000000000000ba0       0x20 c:/program files/microchip/xc32/v2.50/bin/bin/../../lib/gcc/pic32c/6.2.1/../../../../pic32c/lib/v7e-m/fpv5/hard\libc_nano.a(lib_a-memset.o)
 .debug_aranges
                0x0000000000000bc0       0x50 c:/program files/microchip/xc32/v2.50/bin/bin/../../lib/gcc/pic32c/6.2.1/../../../../pic32c/lib/v7e-m/fpv5/hard\libc_nano.a(lib_a-strtod.o)
 .debug_aranges
                0x0000000000000c10       0x28 c:/program files/microchip/xc32/v2.50/bin/bin/../../lib/gcc/pic32c/6.2.1/../../../../pic32c/lib/v7e-m/fpv5/hard\libc_nano.a(lib_a-wctomb_r.o)
 .debug_aranges
                0x0000000000000c38       0x18 c:/program files/microchip/xc32/v2.50/bin/bin/../../lib/gcc/pic32c/6.2.1/../../../../pic32c/lib/v7e-m/fpv5/hard\libc_nano.a(lib_a-ctype_.o)
 .debug_aranges
                0x0000000000000c50       0x30 c:/program files/microchip/xc32/v2.50/bin/bin/../../lib/gcc/pic32c/6.2.1/../../../../pic32c/lib/v7e-m/fpv5/hard\libc_nano.a(lib_a-gdtoa-gethex.o)
 .debug_aranges
                0x0000000000000c80       0x30 c:/program files/microchip/xc32/v2.50/bin/bin/../../lib/gcc/pic32c/6.2.1/../../../../pic32c/lib/v7e-m/fpv5/hard\libc_nano.a(lib_a-gdtoa-hexnan.o)
 .debug_aranges
                0x0000000000000cb0       0x18 c:/program files/microchip/xc32/v2.50/bin/bin/../../lib/gcc/pic32c/6.2.1/../../../../pic32c/lib/v7e-m/fpv5/hard\libc_nano.a(lib_a-impure.o)
 .debug_aranges
                0x0000000000000cc8       0x30 c:/program files/microchip/xc32/v2.50/bin/bin/../../lib/gcc/pic32c/6.2.1/../../../../pic32c/lib/v7e-m/fpv5/hard\libc_nano.a(lib_a-localeconv.o)
 .debug_aranges
                0x0000000000000cf8       0xb0 c:/program files/microchip/xc32/v2.50/bin/bin/../../lib/gcc/pic32c/6.2.1/../../../../pic32c/lib/v7e-m/fpv5/hard\libc_nano.a(lib_a-mprec.o)
 .debug_aranges
                0x0000000000000da8       0x20 c:/program files/microchip/xc32/v2.50/bin/bin/../../lib/gcc/pic32c/6.2.1/../../../../pic32c/lib/v7e-m/fpv5/hard\libc_nano.a(lib_a-nano-callocr.o)
 .debug_aranges
                0x0000000000000dc8       0x20 c:/program files/microchip/xc32/v2.50/bin/bin/../../lib/gcc/pic32c/6.2.1/../../../../pic32c/lib/v7e-m/fpv5/hard\libc_nano.a(lib_a-nano-mallocr.o)
 .debug_aranges
                0x0000000000000de8       0x20 c:/program files/microchip/xc32/v2.50/bin/bin/../../lib/gcc/pic32c/6.2.1/../../../../pic32c/lib/v7e-m/fpv5/hard\libc_nano.a(lib_a-sbrkr.o)
 .debug_aranges
                0x0000000000000e08       0x20 c:/program files/microchip/xc32/v2.50/bin/bin/../../lib/gcc/pic32c/6.2.1/../../../../pic32c/lib/v7e-m/fpv5/hard\libc_nano.a(lib_a-strlen.o)
 .debug_aranges
                0x0000000000000e28       0x20 c:/program files/microchip/xc32/v2.50/bin/bin/../../lib/gcc/pic32c/6.2.1/../../../../pic32c/lib/v7e-m/fpv5/hard\libc_nano.a(lib_a-strncmp.o)
 .debug_aranges
                0x0000000000000e48       0x28 c:/program files/microchip/xc32/v2.50/bin/bin/../../lib/gcc/pic32c/6.2.1/../../../../pic32c/lib/v7e-m/fpv5/hard\libc_nano.a(lib_a-malloc.o)
 .debug_aranges
                0x0000000000000e70       0x20 c:/program files/microchip/xc32/v2.50/bin/bin/../../lib/gcc/pic32c/6.2.1/../../../../pic32c/lib/v7e-m/fpv5/hard\libc_nano.a(lib_a-mlock.o)
 .debug_aranges
                0x0000000000000e90       0x28 c:/program files/microchip/xc32/v2.50/bin/bin/../../lib/gcc/pic32c/6.2.1/../../../../pic32c/lib/v7e-m/fpv5/hard\libc_nano.a(lib_a-reent.o)
 .debug_aranges
                0x0000000000000eb8       0x20 c:/program files/microchip/xc32/v2.50/bin/bin/../../lib/gcc/pic32c/6.2.1/../../../../pic32c/lib/v7e-m/fpv5/hard\libpic32c.a(sbrk.o)

.debug_ranges   0x0000000000000000      0xef0
 .debug_ranges  0x0000000000000000       0x78 build/sam_e70_xult/production/_ext/716655881/drv_usart.o
 .debug_ranges  0x0000000000000078       0x80 build/sam_e70_xult/production/_ext/1613695899/osal_freertos.o
 .debug_ranges  0x00000000000000f8       0x10 build/sam_e70_xult/production/_ext/1055500827/plib_clk.o
 .debug_ranges  0x0000000000000108       0x50 build/sam_e70_xult/production/_ext/1055499099/plib_efc.o
 .debug_ranges  0x0000000000000158       0x28 build/sam_e70_xult/production/_ext/1639550079/plib_nvic.o
 .debug_ranges  0x0000000000000180       0x78 build/sam_e70_xult/production/_ext/1055488423/plib_pio.o
 .debug_ranges  0x00000000000001f8       0x78 build/sam_e70_xult/production/_ext/1055487991/plib_pwm0.o
 .debug_ranges  0x0000000000000270       0x78 build/sam_e70_xult/production/_ext/707186936/plib_usart1.o
 .debug_ranges  0x00000000000002e8       0x78 build/sam_e70_xult/production/_ext/707186936/plib_usart0.o
 .debug_ranges  0x0000000000000360       0x78 build/sam_e70_xult/production/_ext/707186936/plib_usart2.o
 .debug_ranges  0x00000000000003d8       0xa0 build/sam_e70_xult/production/_ext/876653320/sys_cache.o
 .debug_ranges  0x0000000000000478       0x18 build/sam_e70_xult/production/_ext/984150034/sys_dma.o
 .debug_ranges  0x0000000000000490       0x10 build/sam_e70_xult/production/_ext/1728594169/initialization.o
 .debug_ranges  0x00000000000004a0       0x10 build/sam_e70_xult/production/_ext/1728594169/interrupts.o
 .debug_ranges  0x00000000000004b0       0x38 build/sam_e70_xult/production/_ext/1728594169/exceptions.o
 .debug_ranges  0x00000000000004e8       0x18 build/sam_e70_xult/production/_ext/1728594169/startup_xc32.o
 .debug_ranges  0x0000000000000500       0x30 build/sam_e70_xult/production/_ext/1728594169/freertos_hooks.o
 .debug_ranges  0x0000000000000530       0x40 build/sam_e70_xult/production/_ext/1728594169/tasks.o
 .debug_ranges  0x0000000000000570       0x68 build/sam_e70_xult/production/_ext/977623654/port.o
 .debug_ranges  0x00000000000005d8       0x28 build/sam_e70_xult/production/_ext/1665200909/heap_1.o
 .debug_ranges  0x0000000000000600       0x30 build/sam_e70_xult/production/_ext/404212886/list.o
 .debug_ranges  0x0000000000000630      0x1b8 build/sam_e70_xult/production/_ext/404212886/queue.o
 .debug_ranges  0x00000000000007e8      0x288 build/sam_e70_xult/production/_ext/404212886/FreeRTOS_tasks.o
 .debug_ranges  0x0000000000000a70       0x10 build/sam_e70_xult/production/_ext/1360937237/main.o
 .debug_ranges  0x0000000000000a80       0x20 build/sam_e70_xult/production/_ext/1360937237/app_communication.o
 .debug_ranges  0x0000000000000aa0       0x38 build/sam_e70_xult/production/_ext/1360937237/app_mast_control.o
 .debug_ranges  0x0000000000000ad8       0x18 build/sam_e70_xult/production/_ext/1360937237/app_course_algorithm.o
 .debug_ranges  0x0000000000000af0       0x18 build/sam_e70_xult/production/_ext/1360937237/app_rudder_control.o
 .debug_ranges  0x0000000000000b08       0x18 build/sam_e70_xult/production/_ext/1360937237/app_anemometer.o
 .debug_ranges  0x0000000000000b20       0x18 build/sam_e70_xult/production/_ext/1360937237/app_gps.o
 .debug_ranges  0x0000000000000b38       0x18 build/sam_e70_xult/production/_ext/1360937237/radio.o
 .debug_ranges  0x0000000000000b50       0x10 c:/program files/microchip/xc32/v2.50/bin/bin/../../lib/gcc/pic32c/6.2.1/../../../../pic32c/lib/v7e-m/fpv5/hard\libpic32c.a(data_init.o)
 .debug_ranges  0x0000000000000b60       0x10 c:/program files/microchip/xc32/v2.50/bin/bin/../../lib/gcc/pic32c/6.2.1/../../../../pic32c/lib/v7e-m/fpv5/hard\libc_nano.a(lib_a-init.o)
 .debug_ranges  0x0000000000000b70       0x30 c:/program files/microchip/xc32/v2.50/bin/bin/../../lib/gcc/pic32c/6.2.1/../../../../pic32c/lib/v7e-m/fpv5/hard\libc_nano.a(lib_a-locale.o)
 .debug_ranges  0x0000000000000ba0       0x18 c:/program files/microchip/xc32/v2.50/bin/bin/../../lib/gcc/pic32c/6.2.1/../../../../pic32c/lib/v7e-m/fpv5/hard\libc_nano.a(lib_a-mbtowc_r.o)
 .debug_ranges  0x0000000000000bb8       0x10 c:/program files/microchip/xc32/v2.50/bin/bin/../../lib/gcc/pic32c/6.2.1/../../../../pic32c/lib/v7e-m/fpv5/hard\libc_nano.a(lib_a-memcpy-stub.o)
 .debug_ranges  0x0000000000000bc8       0x10 c:/program files/microchip/xc32/v2.50/bin/bin/../../lib/gcc/pic32c/6.2.1/../../../../pic32c/lib/v7e-m/fpv5/hard\libc_nano.a(lib_a-memset.o)
 .debug_ranges  0x0000000000000bd8       0x98 c:/program files/microchip/xc32/v2.50/bin/bin/../../lib/gcc/pic32c/6.2.1/../../../../pic32c/lib/v7e-m/fpv5/hard\libc_nano.a(lib_a-strtod.o)
 .debug_ranges  0x0000000000000c70       0x18 c:/program files/microchip/xc32/v2.50/bin/bin/../../lib/gcc/pic32c/6.2.1/../../../../pic32c/lib/v7e-m/fpv5/hard\libc_nano.a(lib_a-wctomb_r.o)
 .debug_ranges  0x0000000000000c88       0x50 c:/program files/microchip/xc32/v2.50/bin/bin/../../lib/gcc/pic32c/6.2.1/../../../../pic32c/lib/v7e-m/fpv5/hard\libc_nano.a(lib_a-gdtoa-gethex.o)
 .debug_ranges  0x0000000000000cd8       0x20 c:/program files/microchip/xc32/v2.50/bin/bin/../../lib/gcc/pic32c/6.2.1/../../../../pic32c/lib/v7e-m/fpv5/hard\libc_nano.a(lib_a-gdtoa-hexnan.o)
 .debug_ranges  0x0000000000000cf8       0x20 c:/program files/microchip/xc32/v2.50/bin/bin/../../lib/gcc/pic32c/6.2.1/../../../../pic32c/lib/v7e-m/fpv5/hard\libc_nano.a(lib_a-localeconv.o)
 .debug_ranges  0x0000000000000d18       0xd0 c:/program files/microchip/xc32/v2.50/bin/bin/../../lib/gcc/pic32c/6.2.1/../../../../pic32c/lib/v7e-m/fpv5/hard\libc_nano.a(lib_a-mprec.o)
 .debug_ranges  0x0000000000000de8       0x10 c:/program files/microchip/xc32/v2.50/bin/bin/../../lib/gcc/pic32c/6.2.1/../../../../pic32c/lib/v7e-m/fpv5/hard\libc_nano.a(lib_a-nano-callocr.o)
 .debug_ranges  0x0000000000000df8       0x58 c:/program files/microchip/xc32/v2.50/bin/bin/../../lib/gcc/pic32c/6.2.1/../../../../pic32c/lib/v7e-m/fpv5/hard\libc_nano.a(lib_a-nano-mallocr.o)
 .debug_ranges  0x0000000000000e50       0x10 c:/program files/microchip/xc32/v2.50/bin/bin/../../lib/gcc/pic32c/6.2.1/../../../../pic32c/lib/v7e-m/fpv5/hard\libc_nano.a(lib_a-sbrkr.o)
 .debug_ranges  0x0000000000000e60       0x10 c:/program files/microchip/xc32/v2.50/bin/bin/../../lib/gcc/pic32c/6.2.1/../../../../pic32c/lib/v7e-m/fpv5/hard\libc_nano.a(lib_a-strncmp.o)
 .debug_ranges  0x0000000000000e70       0x18 c:/program files/microchip/xc32/v2.50/bin/bin/../../lib/gcc/pic32c/6.2.1/../../../../pic32c/lib/v7e-m/fpv5/hard\libc_nano.a(lib_a-malloc.o)
 .debug_ranges  0x0000000000000e88       0x10 c:/program files/microchip/xc32/v2.50/bin/bin/../../lib/gcc/pic32c/6.2.1/../../../../pic32c/lib/v7e-m/fpv5/hard\libc_nano.a(lib_a-mlock.o)
 .debug_ranges  0x0000000000000e98       0x48 c:/program files/microchip/xc32/v2.50/bin/bin/../../lib/gcc/pic32c/6.2.1/../../../../pic32c/lib/v7e-m/fpv5/hard\libc_nano.a(lib_a-reent.o)
 .debug_ranges  0x0000000000000ee0       0x10 c:/program files/microchip/xc32/v2.50/bin/bin/../../lib/gcc/pic32c/6.2.1/../../../../pic32c/lib/v7e-m/fpv5/hard\libpic32c.a(sbrk.o)

.debug_line     0x0000000000000000     0x9e31
 .debug_line    0x0000000000000000      0x4ec build/sam_e70_xult/production/_ext/716655881/drv_usart.o
 .debug_line    0x00000000000004ec      0x370 build/sam_e70_xult/production/_ext/1613695899/osal_freertos.o
 .debug_line    0x000000000000085c      0x170 build/sam_e70_xult/production/_ext/1055500827/plib_clk.o
 .debug_line    0x00000000000009cc      0x29a build/sam_e70_xult/production/_ext/1055499099/plib_efc.o
 .debug_line    0x0000000000000c66      0x209 build/sam_e70_xult/production/_ext/1639550079/plib_nvic.o
 .debug_line    0x0000000000000e6f      0x2ad build/sam_e70_xult/production/_ext/1055488423/plib_pio.o
 .debug_line    0x000000000000111c      0x25d build/sam_e70_xult/production/_ext/1055487991/plib_pwm0.o
 .debug_line    0x0000000000001379      0x359 build/sam_e70_xult/production/_ext/707186936/plib_usart1.o
 .debug_line    0x00000000000016d2      0x359 build/sam_e70_xult/production/_ext/707186936/plib_usart0.o
 .debug_line    0x0000000000001a2b      0x359 build/sam_e70_xult/production/_ext/707186936/plib_usart2.o
 .debug_line    0x0000000000001d84      0x452 build/sam_e70_xult/production/_ext/876653320/sys_cache.o
 .debug_line    0x00000000000021d6       0x7c build/sam_e70_xult/production/_ext/984150034/sys_dma.o
 .debug_line    0x0000000000002252      0x61a build/sam_e70_xult/production/_ext/1728594169/initialization.o
 .debug_line    0x000000000000286c      0x2d1 build/sam_e70_xult/production/_ext/1728594169/interrupts.o
 .debug_line    0x0000000000002b3d      0x30c build/sam_e70_xult/production/_ext/1728594169/exceptions.o
 .debug_line    0x0000000000002e49      0x296 build/sam_e70_xult/production/_ext/1728594169/startup_xc32.o
 .debug_line    0x00000000000030df      0x1ca build/sam_e70_xult/production/_ext/1728594169/freertos_hooks.o
 .debug_line    0x00000000000032a9      0x3c2 build/sam_e70_xult/production/_ext/1728594169/tasks.o
 .debug_line    0x000000000000366b      0x271 build/sam_e70_xult/production/_ext/977623654/port.o
 .debug_line    0x00000000000038dc      0x23b build/sam_e70_xult/production/_ext/1665200909/heap_1.o
 .debug_line    0x0000000000003b17      0x29e build/sam_e70_xult/production/_ext/404212886/list.o
 .debug_line    0x0000000000003db5      0x65a build/sam_e70_xult/production/_ext/404212886/queue.o
 .debug_line    0x000000000000440f      0x8fb build/sam_e70_xult/production/_ext/404212886/FreeRTOS_tasks.o
 .debug_line    0x0000000000004d0a      0x2b8 build/sam_e70_xult/production/_ext/1360937237/main.o
 .debug_line    0x0000000000004fc2      0x38a build/sam_e70_xult/production/_ext/1360937237/app_communication.o
 .debug_line    0x000000000000534c      0x4a4 build/sam_e70_xult/production/_ext/1360937237/app_mast_control.o
 .debug_line    0x00000000000057f0      0x244 build/sam_e70_xult/production/_ext/1360937237/app_course_algorithm.o
 .debug_line    0x0000000000005a34      0x163 build/sam_e70_xult/production/_ext/1360937237/app_rudder_control.o
 .debug_line    0x0000000000005b97      0x399 build/sam_e70_xult/production/_ext/1360937237/app_anemometer.o
 .debug_line    0x0000000000005f30      0x14d build/sam_e70_xult/production/_ext/1360937237/app_gps.o
 .debug_line    0x000000000000607d      0x2d0 build/sam_e70_xult/production/_ext/1360937237/radio.o
 .debug_line    0x000000000000634d       0xd8 c:/program files/microchip/xc32/v2.50/bin/bin/../../lib/gcc/pic32c/6.2.1/../../../../pic32c/lib/v7e-m/fpv5/hard\libpic32c.a(data_init.o)
 .debug_line    0x0000000000006425      0x11d c:/program files/microchip/xc32/v2.50/bin/bin/../../lib/gcc/pic32c/6.2.1/../../../../pic32c/lib/v7e-m/fpv5/hard\libc_nano.a(lib_a-init.o)
 .debug_line    0x0000000000006542      0x327 c:/program files/microchip/xc32/v2.50/bin/bin/../../lib/gcc/pic32c/6.2.1/../../../../pic32c/lib/v7e-m/fpv5/hard\libc_nano.a(lib_a-locale.o)
 .debug_line    0x0000000000006869      0x2d5 c:/program files/microchip/xc32/v2.50/bin/bin/../../lib/gcc/pic32c/6.2.1/../../../../pic32c/lib/v7e-m/fpv5/hard\libc_nano.a(lib_a-mbtowc_r.o)
 .debug_line    0x0000000000006b3e      0x218 c:/program files/microchip/xc32/v2.50/bin/bin/../../lib/gcc/pic32c/6.2.1/../../../../pic32c/lib/v7e-m/fpv5/hard\libc_nano.a(lib_a-memcpy-stub.o)
 .debug_line    0x0000000000006d56      0x2ae c:/program files/microchip/xc32/v2.50/bin/bin/../../lib/gcc/pic32c/6.2.1/../../../../pic32c/lib/v7e-m/fpv5/hard\libc_nano.a(lib_a-memset.o)
 .debug_line    0x0000000000007004      0x70a c:/program files/microchip/xc32/v2.50/bin/bin/../../lib/gcc/pic32c/6.2.1/../../../../pic32c/lib/v7e-m/fpv5/hard\libc_nano.a(lib_a-strtod.o)
 .debug_line    0x000000000000770e      0x2d4 c:/program files/microchip/xc32/v2.50/bin/bin/../../lib/gcc/pic32c/6.2.1/../../../../pic32c/lib/v7e-m/fpv5/hard\libc_nano.a(lib_a-wctomb_r.o)
 .debug_line    0x00000000000079e2      0x21e c:/program files/microchip/xc32/v2.50/bin/bin/../../lib/gcc/pic32c/6.2.1/../../../../pic32c/lib/v7e-m/fpv5/hard\libc_nano.a(lib_a-ctype_.o)
 .debug_line    0x0000000000007c00      0x4a1 c:/program files/microchip/xc32/v2.50/bin/bin/../../lib/gcc/pic32c/6.2.1/../../../../pic32c/lib/v7e-m/fpv5/hard\libc_nano.a(lib_a-gdtoa-gethex.o)
 .debug_line    0x00000000000080a1      0x342 c:/program files/microchip/xc32/v2.50/bin/bin/../../lib/gcc/pic32c/6.2.1/../../../../pic32c/lib/v7e-m/fpv5/hard\libc_nano.a(lib_a-gdtoa-hexnan.o)
 .debug_line    0x00000000000083e3      0x17e c:/program files/microchip/xc32/v2.50/bin/bin/../../lib/gcc/pic32c/6.2.1/../../../../pic32c/lib/v7e-m/fpv5/hard\libc_nano.a(lib_a-impure.o)
 .debug_line    0x0000000000008561      0x261 c:/program files/microchip/xc32/v2.50/bin/bin/../../lib/gcc/pic32c/6.2.1/../../../../pic32c/lib/v7e-m/fpv5/hard\libc_nano.a(lib_a-localeconv.o)
 .debug_line    0x00000000000087c2      0x6a2 c:/program files/microchip/xc32/v2.50/bin/bin/../../lib/gcc/pic32c/6.2.1/../../../../pic32c/lib/v7e-m/fpv5/hard\libc_nano.a(lib_a-mprec.o)
 .debug_line    0x0000000000008e64      0x217 c:/program files/microchip/xc32/v2.50/bin/bin/../../lib/gcc/pic32c/6.2.1/../../../../pic32c/lib/v7e-m/fpv5/hard\libc_nano.a(lib_a-nano-callocr.o)
 .debug_line    0x000000000000907b      0x257 c:/program files/microchip/xc32/v2.50/bin/bin/../../lib/gcc/pic32c/6.2.1/../../../../pic32c/lib/v7e-m/fpv5/hard\libc_nano.a(lib_a-nano-mallocr.o)
 .debug_line    0x00000000000092d2      0x212 c:/program files/microchip/xc32/v2.50/bin/bin/../../lib/gcc/pic32c/6.2.1/../../../../pic32c/lib/v7e-m/fpv5/hard\libc_nano.a(lib_a-sbrkr.o)
 .debug_line    0x00000000000094e4       0xb1 c:/program files/microchip/xc32/v2.50/bin/bin/../../lib/gcc/pic32c/6.2.1/../../../../pic32c/lib/v7e-m/fpv5/hard\libc_nano.a(lib_a-strlen.o)
 .debug_line    0x0000000000009595      0x20e c:/program files/microchip/xc32/v2.50/bin/bin/../../lib/gcc/pic32c/6.2.1/../../../../pic32c/lib/v7e-m/fpv5/hard\libc_nano.a(lib_a-strncmp.o)
 .debug_line    0x00000000000097a3      0x21e c:/program files/microchip/xc32/v2.50/bin/bin/../../lib/gcc/pic32c/6.2.1/../../../../pic32c/lib/v7e-m/fpv5/hard\libc_nano.a(lib_a-malloc.o)
 .debug_line    0x00000000000099c1      0x18d c:/program files/microchip/xc32/v2.50/bin/bin/../../lib/gcc/pic32c/6.2.1/../../../../pic32c/lib/v7e-m/fpv5/hard\libc_nano.a(lib_a-mlock.o)
 .debug_line    0x0000000000009b4e      0x241 c:/program files/microchip/xc32/v2.50/bin/bin/../../lib/gcc/pic32c/6.2.1/../../../../pic32c/lib/v7e-m/fpv5/hard\libc_nano.a(lib_a-reent.o)
 .debug_line    0x0000000000009d8f       0xa2 c:/program files/microchip/xc32/v2.50/bin/bin/../../lib/gcc/pic32c/6.2.1/../../../../pic32c/lib/v7e-m/fpv5/hard\libpic32c.a(sbrk.o)

.debug_str      0x0000000000000000     0x1a92
 .debug_str     0x0000000000000000      0x16e build/sam_e70_xult/production/_ext/716655881/drv_usart.o
 .debug_str     0x000000000000016e      0x13b build/sam_e70_xult/production/_ext/1613695899/osal_freertos.o
 .debug_str     0x00000000000002a9        0x0 build/sam_e70_xult/production/_ext/1055500827/plib_clk.o
 .debug_str     0x00000000000002a9       0x22 build/sam_e70_xult/production/_ext/1055499099/plib_efc.o
 .debug_str     0x00000000000002cb       0x28 build/sam_e70_xult/production/_ext/1639550079/plib_nvic.o
 .debug_str     0x00000000000002f3       0x59 build/sam_e70_xult/production/_ext/1055488423/plib_pio.o
 .debug_str     0x000000000000034c       0x14 build/sam_e70_xult/production/_ext/1055487991/plib_pwm0.o
 .debug_str     0x0000000000000360       0x1c build/sam_e70_xult/production/_ext/707186936/plib_usart1.o
 .debug_str     0x000000000000037c       0x1c build/sam_e70_xult/production/_ext/707186936/plib_usart0.o
 .debug_str     0x0000000000000398       0x1c build/sam_e70_xult/production/_ext/707186936/plib_usart2.o
 .debug_str     0x00000000000003b4       0x1c build/sam_e70_xult/production/_ext/876653320/sys_cache.o
 .debug_str     0x00000000000003d0        0x0 build/sam_e70_xult/production/_ext/984150034/sys_dma.o
 .debug_str     0x00000000000003d0      0x1ba build/sam_e70_xult/production/_ext/1728594169/initialization.o
 .debug_str     0x000000000000058a        0xe build/sam_e70_xult/production/_ext/1728594169/interrupts.o
 .debug_str     0x0000000000000598        0xe build/sam_e70_xult/production/_ext/1728594169/exceptions.o
 .debug_str     0x00000000000005a6       0x2f build/sam_e70_xult/production/_ext/1728594169/startup_xc32.o
 .debug_str     0x00000000000005d5       0x25 build/sam_e70_xult/production/_ext/1728594169/freertos_hooks.o
 .debug_str     0x00000000000005fa       0xc1 build/sam_e70_xult/production/_ext/1728594169/tasks.o
 .debug_str     0x00000000000006bb       0x26 build/sam_e70_xult/production/_ext/977623654/port.o
 .debug_str     0x00000000000006e1       0x4a build/sam_e70_xult/production/_ext/1665200909/heap_1.o
 .debug_str     0x000000000000072b       0x39 build/sam_e70_xult/production/_ext/404212886/list.o
 .debug_str     0x0000000000000764      0x28d build/sam_e70_xult/production/_ext/404212886/queue.o
 .debug_str     0x00000000000009f1      0x283 build/sam_e70_xult/production/_ext/404212886/FreeRTOS_tasks.o
 .debug_str     0x0000000000000c74       0x27 build/sam_e70_xult/production/_ext/1360937237/main.o
 .debug_str     0x0000000000000c9b       0x87 build/sam_e70_xult/production/_ext/1360937237/app_communication.o
 .debug_str     0x0000000000000d22       0xeb build/sam_e70_xult/production/_ext/1360937237/app_mast_control.o
 .debug_str     0x0000000000000e0d        0xe build/sam_e70_xult/production/_ext/1360937237/app_course_algorithm.o
 .debug_str     0x0000000000000e1b        0xe build/sam_e70_xult/production/_ext/1360937237/app_rudder_control.o
 .debug_str     0x0000000000000e29       0x4b build/sam_e70_xult/production/_ext/1360937237/app_anemometer.o
 .debug_str     0x0000000000000e74        0xe build/sam_e70_xult/production/_ext/1360937237/app_gps.o
 .debug_str     0x0000000000000e82        0xe build/sam_e70_xult/production/_ext/1360937237/radio.o
 .debug_str     0x0000000000000e90        0x0 c:/program files/microchip/xc32/v2.50/bin/bin/../../lib/gcc/pic32c/6.2.1/../../../../pic32c/lib/v7e-m/fpv5/hard\libpic32c.a(data_init.o)
 .debug_str     0x0000000000000e90        0x0 c:/program files/microchip/xc32/v2.50/bin/bin/../../lib/gcc/pic32c/6.2.1/../../../../pic32c/lib/v7e-m/fpv5/hard\libc_nano.a(lib_a-init.o)
 .debug_str     0x0000000000000e90      0x134 c:/program files/microchip/xc32/v2.50/bin/bin/../../lib/gcc/pic32c/6.2.1/../../../../pic32c/lib/v7e-m/fpv5/hard\libc_nano.a(lib_a-locale.o)
 .debug_str     0x0000000000000fc4      0x114 c:/program files/microchip/xc32/v2.50/bin/bin/../../lib/gcc/pic32c/6.2.1/../../../../pic32c/lib/v7e-m/fpv5/hard\libc_nano.a(lib_a-mbtowc_r.o)
 .debug_str     0x00000000000010d8        0x9 c:/program files/microchip/xc32/v2.50/bin/bin/../../lib/gcc/pic32c/6.2.1/../../../../pic32c/lib/v7e-m/fpv5/hard\libc_nano.a(lib_a-memcpy-stub.o)
 .debug_str     0x00000000000010e1      0x114 c:/program files/microchip/xc32/v2.50/bin/bin/../../lib/gcc/pic32c/6.2.1/../../../../pic32c/lib/v7e-m/fpv5/hard\libc_nano.a(lib_a-memset.o)
 .debug_str     0x00000000000011f5      0x15f c:/program files/microchip/xc32/v2.50/bin/bin/../../lib/gcc/pic32c/6.2.1/../../../../pic32c/lib/v7e-m/fpv5/hard\libc_nano.a(lib_a-strtod.o)
 .debug_str     0x0000000000001354      0x114 c:/program files/microchip/xc32/v2.50/bin/bin/../../lib/gcc/pic32c/6.2.1/../../../../pic32c/lib/v7e-m/fpv5/hard\libc_nano.a(lib_a-wctomb_r.o)
 .debug_str     0x0000000000001468      0x114 c:/program files/microchip/xc32/v2.50/bin/bin/../../lib/gcc/pic32c/6.2.1/../../../../pic32c/lib/v7e-m/fpv5/hard\libc_nano.a(lib_a-ctype_.o)
 .debug_str     0x000000000000157c      0x13f c:/program files/microchip/xc32/v2.50/bin/bin/../../lib/gcc/pic32c/6.2.1/../../../../pic32c/lib/v7e-m/fpv5/hard\libc_nano.a(lib_a-gdtoa-gethex.o)
 .debug_str     0x00000000000016bb      0x121 c:/program files/microchip/xc32/v2.50/bin/bin/../../lib/gcc/pic32c/6.2.1/../../../../pic32c/lib/v7e-m/fpv5/hard\libc_nano.a(lib_a-gdtoa-hexnan.o)
 .debug_str     0x00000000000017dc        0x9 c:/program files/microchip/xc32/v2.50/bin/bin/../../lib/gcc/pic32c/6.2.1/../../../../pic32c/lib/v7e-m/fpv5/hard\libc_nano.a(lib_a-impure.o)
 .debug_str     0x00000000000017e5      0x114 c:/program files/microchip/xc32/v2.50/bin/bin/../../lib/gcc/pic32c/6.2.1/../../../../pic32c/lib/v7e-m/fpv5/hard\libc_nano.a(lib_a-localeconv.o)
 .debug_str     0x00000000000018f9      0x11e c:/program files/microchip/xc32/v2.50/bin/bin/../../lib/gcc/pic32c/6.2.1/../../../../pic32c/lib/v7e-m/fpv5/hard\libc_nano.a(lib_a-mprec.o)
 .debug_str     0x0000000000001a17       0x13 c:/program files/microchip/xc32/v2.50/bin/bin/../../lib/gcc/pic32c/6.2.1/../../../../pic32c/lib/v7e-m/fpv5/hard\libc_nano.a(lib_a-nano-callocr.o)
 .debug_str     0x0000000000001a2a       0x31 c:/program files/microchip/xc32/v2.50/bin/bin/../../lib/gcc/pic32c/6.2.1/../../../../pic32c/lib/v7e-m/fpv5/hard\libc_nano.a(lib_a-nano-mallocr.o)
 .debug_str     0x0000000000001a5b        0x9 c:/program files/microchip/xc32/v2.50/bin/bin/../../lib/gcc/pic32c/6.2.1/../../../../pic32c/lib/v7e-m/fpv5/hard\libc_nano.a(lib_a-sbrkr.o)
 .debug_str     0x0000000000001a64        0x9 c:/program files/microchip/xc32/v2.50/bin/bin/../../lib/gcc/pic32c/6.2.1/../../../../pic32c/lib/v7e-m/fpv5/hard\libc_nano.a(lib_a-strncmp.o)
 .debug_str     0x0000000000001a6d       0x13 c:/program files/microchip/xc32/v2.50/bin/bin/../../lib/gcc/pic32c/6.2.1/../../../../pic32c/lib/v7e-m/fpv5/hard\libc_nano.a(lib_a-malloc.o)
 .debug_str     0x0000000000001a80        0x9 c:/program files/microchip/xc32/v2.50/bin/bin/../../lib/gcc/pic32c/6.2.1/../../../../pic32c/lib/v7e-m/fpv5/hard\libc_nano.a(lib_a-mlock.o)
 .debug_str     0x0000000000001a89        0x9 c:/program files/microchip/xc32/v2.50/bin/bin/../../lib/gcc/pic32c/6.2.1/../../../../pic32c/lib/v7e-m/fpv5/hard\libc_nano.a(lib_a-reent.o)
 .debug_str     0x0000000000001a92        0x0 c:/program files/microchip/xc32/v2.50/bin/bin/../../lib/gcc/pic32c/6.2.1/../../../../pic32c/lib/v7e-m/fpv5/hard\libpic32c.a(sbrk.o)

.debug_frame    0x0000000000000000     0x2008
 .debug_frame   0x0000000000000000      0x144 build/sam_e70_xult/production/_ext/716655881/drv_usart.o
 .debug_frame   0x0000000000000144      0x180 build/sam_e70_xult/production/_ext/1613695899/osal_freertos.o
 .debug_frame   0x00000000000002c4       0x20 build/sam_e70_xult/production/_ext/1055500827/plib_clk.o
 .debug_frame   0x00000000000002e4       0xc0 build/sam_e70_xult/production/_ext/1055499099/plib_efc.o
 .debug_frame   0x00000000000003a4       0x50 build/sam_e70_xult/production/_ext/1639550079/plib_nvic.o
 .debug_frame   0x00000000000003f4      0x124 build/sam_e70_xult/production/_ext/1055488423/plib_pio.o
 .debug_frame   0x0000000000000518      0x108 build/sam_e70_xult/production/_ext/1055487991/plib_pwm0.o
 .debug_frame   0x0000000000000620      0x13c build/sam_e70_xult/production/_ext/707186936/plib_usart1.o
 .debug_frame   0x000000000000075c      0x13c build/sam_e70_xult/production/_ext/707186936/plib_usart0.o
 .debug_frame   0x0000000000000898      0x13c build/sam_e70_xult/production/_ext/707186936/plib_usart2.o
 .debug_frame   0x00000000000009d4      0x188 build/sam_e70_xult/production/_ext/876653320/sys_cache.o
 .debug_frame   0x0000000000000b5c       0x30 build/sam_e70_xult/production/_ext/984150034/sys_dma.o
 .debug_frame   0x0000000000000b8c       0x28 build/sam_e70_xult/production/_ext/1728594169/initialization.o
 .debug_frame   0x0000000000000bb4       0x20 build/sam_e70_xult/production/_ext/1728594169/interrupts.o
 .debug_frame   0x0000000000000bd4       0x70 build/sam_e70_xult/production/_ext/1728594169/exceptions.o
 .debug_frame   0x0000000000000c44       0x38 build/sam_e70_xult/production/_ext/1728594169/startup_xc32.o
 .debug_frame   0x0000000000000c7c       0x6c build/sam_e70_xult/production/_ext/1728594169/freertos_hooks.o
 .debug_frame   0x0000000000000ce8       0xc0 build/sam_e70_xult/production/_ext/1728594169/tasks.o
 .debug_frame   0x0000000000000da8       0xe8 build/sam_e70_xult/production/_ext/977623654/port.o
 .debug_frame   0x0000000000000e90       0x5c build/sam_e70_xult/production/_ext/1665200909/heap_1.o
 .debug_frame   0x0000000000000eec       0x6c build/sam_e70_xult/production/_ext/404212886/list.o
 .debug_frame   0x0000000000000f58      0x280 build/sam_e70_xult/production/_ext/404212886/queue.o
 .debug_frame   0x00000000000011d8      0x48c build/sam_e70_xult/production/_ext/404212886/FreeRTOS_tasks.o
 .debug_frame   0x0000000000001664       0x28 build/sam_e70_xult/production/_ext/1360937237/main.o
 .debug_frame   0x000000000000168c       0x60 build/sam_e70_xult/production/_ext/1360937237/app_communication.o
 .debug_frame   0x00000000000016ec       0x7c build/sam_e70_xult/production/_ext/1360937237/app_mast_control.o
 .debug_frame   0x0000000000001768       0x30 build/sam_e70_xult/production/_ext/1360937237/app_course_algorithm.o
 .debug_frame   0x0000000000001798       0x30 build/sam_e70_xult/production/_ext/1360937237/app_rudder_control.o
 .debug_frame   0x00000000000017c8       0x3c build/sam_e70_xult/production/_ext/1360937237/app_anemometer.o
 .debug_frame   0x0000000000001804       0x30 build/sam_e70_xult/production/_ext/1360937237/app_gps.o
 .debug_frame   0x0000000000001834       0x44 build/sam_e70_xult/production/_ext/1360937237/radio.o
 .debug_frame   0x0000000000001878       0x2c c:/program files/microchip/xc32/v2.50/bin/bin/../../lib/gcc/pic32c/6.2.1/../../../../pic32c/lib/v7e-m/fpv5/hard\libpic32c.a(data_init.o)
 .debug_frame   0x00000000000018a4       0x2c c:/program files/microchip/xc32/v2.50/bin/bin/../../lib/gcc/pic32c/6.2.1/../../../../pic32c/lib/v7e-m/fpv5/hard\libc_nano.a(lib_a-init.o)
 .debug_frame   0x00000000000018d0       0x68 c:/program files/microchip/xc32/v2.50/bin/bin/../../lib/gcc/pic32c/6.2.1/../../../../pic32c/lib/v7e-m/fpv5/hard\libc_nano.a(lib_a-locale.o)
 .debug_frame   0x0000000000001938       0x48 c:/program files/microchip/xc32/v2.50/bin/bin/../../lib/gcc/pic32c/6.2.1/../../../../pic32c/lib/v7e-m/fpv5/hard\libc_nano.a(lib_a-mbtowc_r.o)
 .debug_frame   0x0000000000001980       0x28 c:/program files/microchip/xc32/v2.50/bin/bin/../../lib/gcc/pic32c/6.2.1/../../../../pic32c/lib/v7e-m/fpv5/hard\libc_nano.a(lib_a-memcpy-stub.o)
 .debug_frame   0x00000000000019a8       0x20 c:/program files/microchip/xc32/v2.50/bin/bin/../../lib/gcc/pic32c/6.2.1/../../../../pic32c/lib/v7e-m/fpv5/hard\libc_nano.a(lib_a-memset.o)
 .debug_frame   0x00000000000019c8      0x128 c:/program files/microchip/xc32/v2.50/bin/bin/../../lib/gcc/pic32c/6.2.1/../../../../pic32c/lib/v7e-m/fpv5/hard\libc_nano.a(lib_a-strtod.o)
 .debug_frame   0x0000000000001af0       0x3c c:/program files/microchip/xc32/v2.50/bin/bin/../../lib/gcc/pic32c/6.2.1/../../../../pic32c/lib/v7e-m/fpv5/hard\libc_nano.a(lib_a-wctomb_r.o)
 .debug_frame   0x0000000000001b2c       0x70 c:/program files/microchip/xc32/v2.50/bin/bin/../../lib/gcc/pic32c/6.2.1/../../../../pic32c/lib/v7e-m/fpv5/hard\libc_nano.a(lib_a-gdtoa-gethex.o)
 .debug_frame   0x0000000000001b9c       0x74 c:/program files/microchip/xc32/v2.50/bin/bin/../../lib/gcc/pic32c/6.2.1/../../../../pic32c/lib/v7e-m/fpv5/hard\libc_nano.a(lib_a-gdtoa-hexnan.o)
 .debug_frame   0x0000000000001c10       0x40 c:/program files/microchip/xc32/v2.50/bin/bin/../../lib/gcc/pic32c/6.2.1/../../../../pic32c/lib/v7e-m/fpv5/hard\libc_nano.a(lib_a-localeconv.o)
 .debug_frame   0x0000000000001c50      0x230 c:/program files/microchip/xc32/v2.50/bin/bin/../../lib/gcc/pic32c/6.2.1/../../../../pic32c/lib/v7e-m/fpv5/hard\libc_nano.a(lib_a-mprec.o)
 .debug_frame   0x0000000000001e80       0x2c c:/program files/microchip/xc32/v2.50/bin/bin/../../lib/gcc/pic32c/6.2.1/../../../../pic32c/lib/v7e-m/fpv5/hard\libc_nano.a(lib_a-nano-callocr.o)
 .debug_frame   0x0000000000001eac       0x2c c:/program files/microchip/xc32/v2.50/bin/bin/../../lib/gcc/pic32c/6.2.1/../../../../pic32c/lib/v7e-m/fpv5/hard\libc_nano.a(lib_a-nano-mallocr.o)
 .debug_frame   0x0000000000001ed8       0x2c c:/program files/microchip/xc32/v2.50/bin/bin/../../lib/gcc/pic32c/6.2.1/../../../../pic32c/lib/v7e-m/fpv5/hard\libc_nano.a(lib_a-sbrkr.o)
 .debug_frame   0x0000000000001f04       0x28 c:/program files/microchip/xc32/v2.50/bin/bin/../../lib/gcc/pic32c/6.2.1/../../../../pic32c/lib/v7e-m/fpv5/hard\libc_nano.a(lib_a-strncmp.o)
 .debug_frame   0x0000000000001f2c       0x30 c:/program files/microchip/xc32/v2.50/bin/bin/../../lib/gcc/pic32c/6.2.1/../../../../pic32c/lib/v7e-m/fpv5/hard\libc_nano.a(lib_a-malloc.o)
 .debug_frame   0x0000000000001f5c       0x30 c:/program files/microchip/xc32/v2.50/bin/bin/../../lib/gcc/pic32c/6.2.1/../../../../pic32c/lib/v7e-m/fpv5/hard\libc_nano.a(lib_a-mlock.o)
 .debug_frame   0x0000000000001f8c       0x5c c:/program files/microchip/xc32/v2.50/bin/bin/../../lib/gcc/pic32c/6.2.1/../../../../pic32c/lib/v7e-m/fpv5/hard\libc_nano.a(lib_a-reent.o)
 .debug_frame   0x0000000000001fe8       0x20 c:/program files/microchip/xc32/v2.50/bin/bin/../../lib/gcc/pic32c/6.2.1/../../../../pic32c/lib/v7e-m/fpv5/hard\libpic32c.a(sbrk.o)

.stack          0x000000002040a9e0      0x100
 .stack         0x000000002040a9e0      0x100 stack

.bss.ucHeap%1   0x000000002040021c     0xa000
 .bss.ucHeap    0x000000002040021c     0xa000 build/sam_e70_xult/production/_ext/1665200909/heap_1.o

.data.__global_locale%2
                0x000000002040a21c      0x16c
 .data.__global_locale
                0x000000002040a21c      0x16c c:/program files/microchip/xc32/v2.50/bin/bin/../../lib/gcc/pic32c/6.2.1/../../../../pic32c/lib/v7e-m/fpv5/hard\libc_nano.a(lib_a-locale.o)
                0x000000002040a21c                __global_locale

.bss.gDrvUSARTObj%3
                0x000000002040a388      0x114
 .bss.gDrvUSARTObj
                0x000000002040a388      0x114 build/sam_e70_xult/production/_ext/716655881/drv_usart.o

.bss.buffer%4   0x000000002040a49c       0x7e
 .bss.buffer    0x000000002040a49c       0x7e build/sam_e70_xult/production/_ext/1360937237/app_communication.o
                0x000000002040a49c                buffer

.bss.decoded%5  0x000000002040a51c       0x7e
 .bss.decoded   0x000000002040a51c       0x7e build/sam_e70_xult/production/_ext/1360937237/app_communication.o
                0x000000002040a51c                decoded

.bss.pxReadyTasksLists%6
                0x000000002040a59c       0x64
 .bss.pxReadyTasksLists
                0x000000002040a59c       0x64 build/sam_e70_xult/production/_ext/404212886/FreeRTOS_tasks.o

.data.impure_data%7
                0x000000002040a600       0x60
 .data.impure_data
                0x000000002040a600       0x60 c:/program files/microchip/xc32/v2.50/bin/bin/../../lib/gcc/pic32c/6.2.1/../../../../pic32c/lib/v7e-m/fpv5/hard\libc_nano.a(lib_a-impure.o)

.bss.drvUSART0ClientObjPool%8
                0x000000002040a660       0x20
 .bss.drvUSART0ClientObjPool
                0x000000002040a660       0x20 build/sam_e70_xult/production/_ext/1728594169/initialization.o

.bss%9          0x000000002040a680       0x1c
 .bss           0x000000002040a680       0x1c c:/program files/microchip/xc32/v2.50/bin/bin/../../lib/gcc/pic32c/6.2.1/v7e-m/fpv5/hard/crtbegin.o

.bss.xDelayedTaskList1%10
                0x000000002040a69c       0x14
 .bss.xDelayedTaskList1
                0x000000002040a69c       0x14 build/sam_e70_xult/production/_ext/404212886/FreeRTOS_tasks.o

.bss.xDelayedTaskList2%11
                0x000000002040a6b0       0x14
 .bss.xDelayedTaskList2
                0x000000002040a6b0       0x14 build/sam_e70_xult/production/_ext/404212886/FreeRTOS_tasks.o

.bss.xPendingReadyList%12
                0x000000002040a6c4       0x14
 .bss.xPendingReadyList
                0x000000002040a6c4       0x14 build/sam_e70_xult/production/_ext/404212886/FreeRTOS_tasks.o

.bss.xSuspendedTaskList%13
                0x000000002040a6d8       0x14
 .bss.xSuspendedTaskList
                0x000000002040a6d8       0x14 build/sam_e70_xult/production/_ext/404212886/FreeRTOS_tasks.o

.bss.xTasksWaitingTermination%14
                0x000000002040a6ec       0x14
 .bss.xTasksWaitingTermination
                0x000000002040a6ec       0x14 build/sam_e70_xult/production/_ext/404212886/FreeRTOS_tasks.o

.bss.drvUSART1ClientObjPool%15
                0x000000002040a700       0x10
 .bss.drvUSART1ClientObjPool
                0x000000002040a700       0x10 build/sam_e70_xult/production/_ext/1728594169/initialization.o

.bss.drvUSART2ClientObjPool%16
                0x000000002040a710       0x10
 .bss.drvUSART2ClientObjPool
                0x000000002040a710       0x10 build/sam_e70_xult/production/_ext/1728594169/initialization.o

.bss.value%17   0x000000002040a720        0x8
 .bss.value     0x000000002040a720        0x8 build/sam_e70_xult/production/_ext/1360937237/app_communication.o
                0x000000002040a720                value

.data.portNumCb%18
                0x000000002040a728        0x6
 .data.portNumCb
                0x000000002040a728        0x6 build/sam_e70_xult/production/_ext/1055488423/plib_pio.o
                0x000000002040a728                portNumCb

.data.test%19   0x000000002040a730        0x6
 .data.test     0x000000002040a730        0x6 build/sam_e70_xult/production/_ext/1360937237/app_communication.o
                0x000000002040a730                test

.bss.cmd.7644%20
                0x000000002040a738        0x4
 .bss.cmd.7644  0x000000002040a738        0x4 build/sam_e70_xult/production/_ext/1728594169/startup_xc32.o

.data.uxCriticalNesting%21
                0x000000002040a73c        0x4
 .data.uxCriticalNesting
                0x000000002040a73c        0x4 build/sam_e70_xult/production/_ext/977623654/port.o

.bss.pucAlignedHeap.6288%22
                0x000000002040a740        0x4
 .bss.pucAlignedHeap.6288
                0x000000002040a740        0x4 build/sam_e70_xult/production/_ext/1665200909/heap_1.o

.bss.xNextFreeByte%23
                0x000000002040a744        0x4
 .bss.xNextFreeByte
                0x000000002040a744        0x4 build/sam_e70_xult/production/_ext/1665200909/heap_1.o

.bss.pxCurrentTCB%24
                0x000000002040a748        0x4
 .bss.pxCurrentTCB
                0x000000002040a748        0x4 build/sam_e70_xult/production/_ext/404212886/FreeRTOS_tasks.o
                0x000000002040a748                pxCurrentTCB

.bss.pxDelayedTaskList%25
                0x000000002040a74c        0x4
 .bss.pxDelayedTaskList
                0x000000002040a74c        0x4 build/sam_e70_xult/production/_ext/404212886/FreeRTOS_tasks.o

.bss.pxOverflowDelayedTaskList%26
                0x000000002040a750        0x4
 .bss.pxOverflowDelayedTaskList
                0x000000002040a750        0x4 build/sam_e70_xult/production/_ext/404212886/FreeRTOS_tasks.o

.bss.uxCurrentNumberOfTasks%27
                0x000000002040a754        0x4
 .bss.uxCurrentNumberOfTasks
                0x000000002040a754        0x4 build/sam_e70_xult/production/_ext/404212886/FreeRTOS_tasks.o

.bss.uxDeletedTasksWaitingCleanUp%28
                0x000000002040a758        0x4
 .bss.uxDeletedTasksWaitingCleanUp
                0x000000002040a758        0x4 build/sam_e70_xult/production/_ext/404212886/FreeRTOS_tasks.o

.bss.uxSchedulerSuspended%29
                0x000000002040a75c        0x4
 .bss.uxSchedulerSuspended
                0x000000002040a75c        0x4 build/sam_e70_xult/production/_ext/404212886/FreeRTOS_tasks.o

.bss.uxTaskNumber%30
                0x000000002040a760        0x4
 .bss.uxTaskNumber
                0x000000002040a760        0x4 build/sam_e70_xult/production/_ext/404212886/FreeRTOS_tasks.o

.bss.uxTopReadyPriority%31
                0x000000002040a764        0x4
 .bss.uxTopReadyPriority
                0x000000002040a764        0x4 build/sam_e70_xult/production/_ext/404212886/FreeRTOS_tasks.o

.bss.xIdleTaskHandle%32
                0x000000002040a768        0x4
 .bss.xIdleTaskHandle
                0x000000002040a768        0x4 build/sam_e70_xult/production/_ext/404212886/FreeRTOS_tasks.o

.bss.xNextTaskUnblockTime%33
                0x000000002040a76c        0x4
 .bss.xNextTaskUnblockTime
                0x000000002040a76c        0x4 build/sam_e70_xult/production/_ext/404212886/FreeRTOS_tasks.o

.bss.xNumOfOverflows%34
                0x000000002040a770        0x4
 .bss.xNumOfOverflows
                0x000000002040a770        0x4 build/sam_e70_xult/production/_ext/404212886/FreeRTOS_tasks.o

.bss.xPendedTicks%35
                0x000000002040a774        0x4
 .bss.xPendedTicks
                0x000000002040a774        0x4 build/sam_e70_xult/production/_ext/404212886/FreeRTOS_tasks.o

.bss.xSchedulerRunning%36
                0x000000002040a778        0x4
 .bss.xSchedulerRunning