Archive member included to satisfy reference by file (symbol)

c:/program files/microchip/xc32/v2.41/bin/bin/../../lib/gcc/pic32c/6.2.1/../../../../pic32c/lib/v7e-m/fpv5/hard\libpic32c.a(data_init.o)
                              build/default/debug/_ext/1171490990/startup_xc32.o (__pic32c_data_initialization)
c:/program files/microchip/xc32/v2.41/bin/bin/../../lib/gcc/pic32c/6.2.1/v7e-m/fpv5/hard\libgcc.a(_aeabi_uldivmod.o)
                              build/default/debug/_ext/101884895/sys_time.o (__aeabi_uldivmod)
c:/program files/microchip/xc32/v2.41/bin/bin/../../lib/gcc/pic32c/6.2.1/v7e-m/fpv5/hard\libgcc.a(_udivmoddi4.o)
                              c:/program files/microchip/xc32/v2.41/bin/bin/../../lib/gcc/pic32c/6.2.1/v7e-m/fpv5/hard\libgcc.a(_aeabi_uldivmod.o) (__udivmoddi4)
c:/program files/microchip/xc32/v2.41/bin/bin/../../lib/gcc/pic32c/6.2.1/v7e-m/fpv5/hard\libgcc.a(_dvmd_tls.o)
                              c:/program files/microchip/xc32/v2.41/bin/bin/../../lib/gcc/pic32c/6.2.1/v7e-m/fpv5/hard\libgcc.a(_aeabi_uldivmod.o) (__aeabi_ldiv0)
c:/program files/microchip/xc32/v2.41/bin/bin/../../lib/gcc/pic32c/6.2.1/../../../../pic32c/lib/v7e-m/fpv5/hard\libg_nano.a(lib_a-atoi.o)
                              build/default/debug/_ext/394022532/IridiumSBD.o (atoi)
c:/program files/microchip/xc32/v2.41/bin/bin/../../lib/gcc/pic32c/6.2.1/../../../../pic32c/lib/v7e-m/fpv5/hard\libg_nano.a(lib_a-atol.o)
                              build/default/debug/_ext/394022532/IridiumSBD.o (atol)
c:/program files/microchip/xc32/v2.41/bin/bin/../../lib/gcc/pic32c/6.2.1/../../../../pic32c/lib/v7e-m/fpv5/hard\libg_nano.a(lib_a-difftime.o)
                              build/default/debug/_ext/394022532/IridiumSBD.o (difftime)
c:/program files/microchip/xc32/v2.41/bin/bin/../../lib/gcc/pic32c/6.2.1/../../../../pic32c/lib/v7e-m/fpv5/hard\libg_nano.a(lib_a-init.o)
                              build/default/debug/_ext/1171490990/startup_xc32.o (__libc_init_array)
c:/program files/microchip/xc32/v2.41/bin/bin/../../lib/gcc/pic32c/6.2.1/../../../../pic32c/lib/v7e-m/fpv5/hard\libg_nano.a(lib_a-locale.o)
                              build/default/debug/_ext/394022532/Anemometer.o (__locale_ctype_ptr)
c:/program files/microchip/xc32/v2.41/bin/bin/../../lib/gcc/pic32c/6.2.1/../../../../pic32c/lib/v7e-m/fpv5/hard\libg_nano.a(lib_a-malloc.o)
                              build/default/debug/_ext/394022532/IridiumSBD.o (malloc)
c:/program files/microchip/xc32/v2.41/bin/bin/../../lib/gcc/pic32c/6.2.1/../../../../pic32c/lib/v7e-m/fpv5/hard\libg_nano.a(lib_a-mbtowc_r.o)
                              c:/program files/microchip/xc32/v2.41/bin/bin/../../lib/gcc/pic32c/6.2.1/../../../../pic32c/lib/v7e-m/fpv5/hard\libg_nano.a(lib_a-locale.o) (__ascii_mbtowc)
c:/program files/microchip/xc32/v2.41/bin/bin/../../lib/gcc/pic32c/6.2.1/../../../../pic32c/lib/v7e-m/fpv5/hard\libg_nano.a(lib_a-memcpy-stub.o)
                              build/default/debug/_ext/60167248/plib_efc.o (memcpy)
c:/program files/microchip/xc32/v2.41/bin/bin/../../lib/gcc/pic32c/6.2.1/../../../../pic32c/lib/v7e-m/fpv5/hard\libg_nano.a(lib_a-memset.o)
                              build/default/debug/_ext/20954303/drv_sdmmc.o (memset)
c:/program files/microchip/xc32/v2.41/bin/bin/../../lib/gcc/pic32c/6.2.1/../../../../pic32c/lib/v7e-m/fpv5/hard\libg_nano.a(lib_a-nano-freer.o)
                              c:/program files/microchip/xc32/v2.41/bin/bin/../../lib/gcc/pic32c/6.2.1/../../../../pic32c/lib/v7e-m/fpv5/hard\libg_nano.a(lib_a-malloc.o) (_free_r)
c:/program files/microchip/xc32/v2.41/bin/bin/../../lib/gcc/pic32c/6.2.1/../../../../pic32c/lib/v7e-m/fpv5/hard\libg_nano.a(lib_a-nano-mallocr.o)
                              c:/program files/microchip/xc32/v2.41/bin/bin/../../lib/gcc/pic32c/6.2.1/../../../../pic32c/lib/v7e-m/fpv5/hard\libg_nano.a(lib_a-malloc.o) (_malloc_r)
c:/program files/microchip/xc32/v2.41/bin/bin/../../lib/gcc/pic32c/6.2.1/../../../../pic32c/lib/v7e-m/fpv5/hard\libg_nano.a(lib_a-sbrkr.o)
                              c:/program files/microchip/xc32/v2.41/bin/bin/../../lib/gcc/pic32c/6.2.1/../../../../pic32c/lib/v7e-m/fpv5/hard\libg_nano.a(lib_a-nano-mallocr.o) (_sbrk_r)
c:/program files/microchip/xc32/v2.41/bin/bin/../../lib/gcc/pic32c/6.2.1/../../../../pic32c/lib/v7e-m/fpv5/hard\libg_nano.a(_lib_a-sprintf.cdnopuxX.o)
                              (_sprintf_cdnopuxX)
c:/program files/microchip/xc32/v2.41/bin/bin/../../lib/gcc/pic32c/6.2.1/../../../../pic32c/lib/v7e-m/fpv5/hard\libg_nano.a(lib_a-strchr.o)
                              build/default/debug/_ext/394022532/IridiumSBD.o (strchr)
c:/program files/microchip/xc32/v2.41/bin/bin/../../lib/gcc/pic32c/6.2.1/../../../../pic32c/lib/v7e-m/fpv5/hard\libg_nano.a(lib_a-strcmp.o)
                              build/default/debug/_ext/1269487135/sys_fs_media_manager.o (strcmp)
[...]
Memory Configuration

Name             Origin             Length             Attributes
rom              0x00400000         0x00200000         xrl
ram              0x20400000         0x00060000         xw !r
config_D0000000  0xd0000000         0x00000004
config_D0000004  0xd0000004         0x00000004
config_D0000008  0xd0000008         0x00000004
config_D000000C  0xd000000c         0x00000004
config_D0000010  0xd0000010         0x00000004
*default*        0x00000000         0xffffffff

Linker script and memory map

LOAD c:/program files/microchip/xc32/v2.41/bin/bin/../../lib/gcc/pic32c/6.2.1/v7e-m/fpv5/hard/crti.o
LOAD c:/program files/microchip/xc32/v2.41/bin/bin/../../lib/gcc/pic32c/6.2.1/v7e-m/fpv5/hard/crtbegin.o
LOAD build/default/debug/_ext/20954303/drv_sdmmc_file_system.o
LOAD build/default/debug/_ext/20954303/drv_sdmmc.o
LOAD build/default/debug/_ext/60165520/plib_clk.o
LOAD build/default/debug/_ext/60167248/plib_efc.o
LOAD build/default/debug/_ext/1989321110/plib_hsmci.o
LOAD build/default/debug/_ext/1865468468/plib_nvic.o
LOAD build/default/debug/_ext/60177924/plib_pio.o
LOAD build/default/debug/_ext/829342655/plib_tc0.o
LOAD build/default/debug/_ext/2000518847/plib_twihs0.o
LOAD build/default/debug/_ext/2001315827/plib_usart1.o
LOAD build/default/debug/_ext/2001315827/plib_usart0.o
LOAD build/default/debug/_ext/2001315827/plib_usart2.o
LOAD build/default/debug/_ext/2003650513/plib_xdmac.o
LOAD build/default/debug/_ext/163028504/xc32_monitor.o
LOAD build/default/debug/_ext/1014039709/sys_cache.o
LOAD build/default/debug/_ext/411819097/ff.o
LOAD build/default/debug/_ext/411819097/ffunicode.o
LOAD build/default/debug/_ext/565198302/diskio.o
LOAD build/default/debug/_ext/1269487135/sys_fs.o
LOAD build/default/debug/_ext/1269487135/sys_fs_media_manager.o
LOAD build/default/debug/_ext/1269487135/sys_fs_fat_interface.o
LOAD build/default/debug/_ext/1881668453/sys_int.o
LOAD build/default/debug/_ext/101884895/sys_time.o
LOAD build/default/debug/_ext/1171490990/initialization.o
LOAD build/default/debug/_ext/1171490990/interrupts.o
LOAD build/default/debug/_ext/1171490990/exceptions.o
LOAD build/default/debug/_ext/1171490990/startup_xc32.o
LOAD build/default/debug/_ext/1171490990/libc_syscalls.o
LOAD build/default/debug/_ext/1171490990/tasks.o
LOAD build/default/debug/_ext/394022532/Anemometer.o
LOAD build/default/debug/_ext/394022532/gps.o
LOAD build/default/debug/_ext/394022532/IridiumSBD.o
LOAD build/default/debug/_ext/1360937237/sdcard.o
LOAD build/default/debug/_ext/1360937237/main.o
LOAD build/default/debug/_ext/1360937237/app.o
LOAD build/default/debug/_ext/1360937237/Helper_func.o
                0x00000001                __MPLAB_BUILD = 0x1
                0x00000001                __ICD2RAM = 0x1
                0x00000001                __MPLAB_DEBUG = 0x1
                0x00000001                __DEBUG = 0x1
                0x00000200                _min_heap_size = 0x200
START GROUP
LOAD c:/program files/microchip/xc32/v2.41/bin/bin/../../lib/gcc/pic32c/6.2.1/../../../../pic32c/lib/v7e-m/fpv5/hard\libpic32c.a
LOAD c:/program files/microchip/xc32/v2.41/bin/bin/../../lib/gcc/pic32c/6.2.1/v7e-m/fpv5/hard\libgcc.a
LOAD c:/program files/microchip/xc32/v2.41/bin/bin/../../lib/gcc/pic32c/6.2.1/../../../../pic32c/lib/v7e-m/fpv5/hard\libg_nano.a
LOAD c:/program files/microchip/xc32/v2.41/bin/bin/../../lib/gcc/pic32c/6.2.1/../../../../pic32c/lib/v7e-m/fpv5/hard\libm_nano.a
LOAD c:/program files/microchip/xc32/v2.41/bin/bin/../../lib/gcc/pic32c/6.2.1/../../../../pic32c/lib/v7e-m/fpv5/hard\libc_nano.a
END GROUP
LOAD c:/program files/microchip/xc32/v2.41/bin/bin/../../lib/gcc/pic32c/6.2.1/v7e-m/fpv5/hard/crtend.o
LOAD c:/program files/microchip/xc32/v2.41/bin/bin/../../lib/gcc/pic32c/6.2.1/v7e-m/fpv5/hard/crtn.o
                0x00600000                __rom_end = (ORIGIN (rom) + LENGTH (rom))
                0x20460000                __ram_end = (ORIGIN (ram) + LENGTH (ram))

.config_D0000000
                0xd0000000        0x4
 *(.config_D0000000)
 .config_D0000000
                0xd0000000        0x4 build/default/debug/_ext/1171490990/initialization.o

.config_D0000004
 *(.config_D0000004)

.config_D0000008
 *(.config_D0000008)

.config_D000000C
 *(.config_D000000C)

.config_D0000010
 *(.config_D0000010)

.vectors        0x00400000      0x168
                0x00400000                . = ALIGN (0x4)
                0x00400000                _sfixed = .
 *(.vectors .vectors.* .vectors_default .vectors_default.*)
 .vectors       0x00400000      0x168 build/default/debug/_ext/1171490990/interrupts.o
                0x00400000                exception_table
 *(.isr_vector)
 *(.reset*)
 *(.after_vectors)

.text           0x00400168       0x20
                0x00400168                . = ALIGN (0x4)
 *(.glue_7t)
 .glue_7t       0x00400168        0x0 linker stubs
 *(.glue_7)
 .glue_7        0x00400168        0x0 linker stubs
 *(.gnu.linkonce.r.*)
 *(.ARM.extab* .gnu.linkonce.armextab.*)
                0x00400168                . = ALIGN (0x4)
 *(.init)
 .init          0x00400168        0x4 c:/program files/microchip/xc32/v2.41/bin/bin/../../lib/gcc/pic32c/6.2.1/v7e-m/fpv5/hard/crti.o
                0x00400168                _init
 .init          0x0040016c        0x8 c:/program files/microchip/xc32/v2.41/bin/bin/../../lib/gcc/pic32c/6.2.1/v7e-m/fpv5/hard/crtn.o
                0x00400174                . = ALIGN (0x4)
                0x00400174                __preinit_array_start = .
 *(.preinit_array)
                0x00400174                __preinit_array_end = .
                0x00400174                . = ALIGN (0x4)
                0x00400174                __init_array_start = .
 *(SORT(.init_array.*))
 *(.init_array)
 .init_array    0x00400174        0x4 c:/program files/microchip/xc32/v2.41/bin/bin/../../lib/gcc/pic32c/6.2.1/v7e-m/fpv5/hard/crtbegin.o
                0x00400178                __init_array_end = .
                0x00400178                . = ALIGN (0x4)
 *crtbegin.o(.ctors)
 *(EXCLUDE_FILE(*crtend.o) .ctors)
 *(SORT(.ctors.*))
 *crtend.o(.ctors)
                0x00400178                . = ALIGN (0x4)
 *(.fini)
 .fini          0x00400178        0x4 c:/program files/microchip/xc32/v2.41/bin/bin/../../lib/gcc/pic32c/6.2.1/v7e-m/fpv5/hard/crti.o
                0x00400178                _fini
 .fini          0x0040017c        0x8 c:/program files/microchip/xc32/v2.41/bin/bin/../../lib/gcc/pic32c/6.2.1/v7e-m/fpv5/hard/crtn.o
                0x00400184                . = ALIGN (0x4)
                0x00400184                __fini_array_start = .
 *(.fini_array)
 .fini_array    0x00400184        0x4 c:/program files/microchip/xc32/v2.41/bin/bin/../../lib/gcc/pic32c/6.2.1/v7e-m/fpv5/hard/crtbegin.o
 *(SORT(.fini_array.*))
                0x00400188                __fini_array_end = .
 *crtbegin.o(.dtors)
 *(EXCLUDE_FILE(*crtend.o) .dtors)
 *(SORT(.dtors.*))
 *crtend.o(.dtors)
                0x00400188                . = ALIGN (0x4)
                0x00400188                _efixed = .
                [!provide]                PROVIDE (__exidx_start, .)

.ARM.exidx      0x00400188        0x8
 *(.ARM.exidx* .gnu.linkonce.armexidx.*)
 .ARM.exidx     0x00400188        0x8 c:/program files/microchip/xc32/v2.41/bin/bin/../../lib/gcc/pic32c/6.2.1/v7e-m/fpv5/hard\libgcc.a(_udivmoddi4.o)
                [!provide]                PROVIDE (__exidx_end, .)
                0x00400190                . = ALIGN (0x4)
                0x00400190                _etext = .

.bss            0x20400000      0x4ac
                0x20400000                . = ALIGN (0x4)
                0x20400000                __bss_start__ = .
                0x20400000                _sbss = .
                0x20400000                _szero = .
 *(COMMON)
 COMMON         0x20400000        0x8 build/default/debug/_ext/829342655/plib_tc0.o
                0x20400000                TC0_CH0_CallbackObj
 COMMON         0x20400008       0x30 build/default/debug/_ext/2001315827/plib_usart1.o
                0x20400008                usart1Obj
 COMMON         0x20400038       0x30 build/default/debug/_ext/2001315827/plib_usart0.o
                0x20400038                usart0Obj
 COMMON         0x20400068       0x30 build/default/debug/_ext/2001315827/plib_usart2.o
                0x20400068                usart2Obj
 COMMON         0x20400098       0x10 build/default/debug/_ext/2003650513/plib_xdmac.o
                0x20400098                xdmacChannelObj
 *fill*         0x204000a8       0x18 
 COMMON         0x204000c0      0x174 build/default/debug/_ext/1269487135/sys_fs.o
                0x204000c0                gSysFsMutex
                0x204000e0                gSYSFSFileObj
                0x20400200                gSYSFSDirObj
                0x20400210                gSYSFSCurrentMountPoint
                0x20400218                gSYSFSObj
                0x20400220                errorValue
                0x20400224                gSYSFSMountPoint
 *fill*         0x20400234        0xc 
 COMMON         0x20400240      0x25c build/default/debug/_ext/1269487135/sys_fs_media_manager.o
                0x20400240                gSYSFSMediaObject
                0x20400268                VolToPart
                0x20400280                gSYSFSMediaBuffer
                0x20400480                gSYSFSVolumeObject
 COMMON         0x2040049c        0x8 build/default/debug/_ext/1171490990/initialization.o
                0x2040049c                sysObj
 COMMON         0x204004a4        0x1 build/default/debug/_ext/1360937237/app.o
                0x204004a4                appData
 *fill*         0x204004a5        0x3 
 COMMON         0x204004a8        0x4 c:/program files/microchip/xc32/v2.41/bin/bin/../../lib/gcc/pic32c/6.2.1/../../../../pic32c/lib/v7e-m/fpv5/hard\libg_nano.a(lib_a-reent.o)
                0x204004a8                errno
                0x204004ac                . = ALIGN (0x4)
                0x204004ac                __bss_end__ = .
                0x204004ac                _ebss = .
                0x204004ac                _ezero = .
                0x204004ac                . = ALIGN (0x4)
                0x204004ac                _end = .
                0x2045ffff                _ram_end_ = ((ORIGIN (ram) + LENGTH (ram)) - 0x1)
OUTPUT(dist/default/debug/sailboat_sam_e70.X.debug.elf elf32-littlearm)
LOAD stack
LOAD data_init

.ARM.attributes
                0x00000000       0x2e
 .ARM.attributes
                0x00000000       0x20 c:/program files/microchip/xc32/v2.41/bin/bin/../../lib/gcc/pic32c/6.2.1/v7e-m/fpv5/hard/crti.o
 .ARM.attributes
                0x00000020       0x32 c:/program files/microchip/xc32/v2.41/bin/bin/../../lib/gcc/pic32c/6.2.1/v7e-m/fpv5/hard/crtbegin.o
 .ARM.attributes
                0x00000052       0x37 build/default/debug/_ext/20954303/drv_sdmmc_file_system.o
 .ARM.attributes
                0x00000089       0x37 build/default/debug/_ext/20954303/drv_sdmmc.o
 .ARM.attributes
                0x000000c0       0x37 build/default/debug/_ext/60165520/plib_clk.o
 .ARM.attributes
                0x000000f7       0x37 build/default/debug/_ext/60167248/plib_efc.o
 .ARM.attributes
                0x0000012e       0x37 build/default/debug/_ext/1989321110/plib_hsmci.o
 .ARM.attributes
                0x00000165       0x37 build/default/debug/_ext/1865468468/plib_nvic.o
 .ARM.attributes
                0x0000019c       0x37 build/default/debug/_ext/60177924/plib_pio.o
 .ARM.attributes
                0x000001d3       0x37 build/default/debug/_ext/829342655/plib_tc0.o
 .ARM.attributes
                0x0000020a       0x37 build/default/debug/_ext/2000518847/plib_twihs0.o
 .ARM.attributes
                0x00000241       0x37 build/default/debug/_ext/2001315827/plib_usart1.o
 .ARM.attributes
                0x00000278       0x37 build/default/debug/_ext/2001315827/plib_usart0.o
 .ARM.attributes
                0x000002af       0x37 build/default/debug/_ext/2001315827/plib_usart2.o
 .ARM.attributes
                0x000002e6       0x37 build/default/debug/_ext/2003650513/plib_xdmac.o
 .ARM.attributes
                0x0000031d       0x37 build/default/debug/_ext/1014039709/sys_cache.o
 .ARM.attributes
                0x00000354       0x37 build/default/debug/_ext/411819097/ff.o
 .ARM.attributes
                0x0000038b       0x37 build/default/debug/_ext/411819097/ffunicode.o
 .ARM.attributes
                0x000003c2       0x37 build/default/debug/_ext/565198302/diskio.o
 .ARM.attributes
                0x000003f9       0x37 build/default/debug/_ext/1269487135/sys_fs.o
 .ARM.attributes
                0x00000430       0x37 build/default/debug/_ext/1269487135/sys_fs_media_manager.o
 .ARM.attributes
                0x00000467       0x37 build/default/debug/_ext/1269487135/sys_fs_fat_interface.o
 .ARM.attributes
                0x0000049e       0x37 build/default/debug/_ext/1881668453/sys_int.o
 .ARM.attributes
                0x000004d5       0x37 build/default/debug/_ext/101884895/sys_time.o
 .ARM.attributes
                0x0000050c       0x37 build/default/debug/_ext/1171490990/initialization.o
 .ARM.attributes
                0x00000543       0x37 build/default/debug/_ext/1171490990/interrupts.o
 .ARM.attributes
                0x0000057a       0x37 build/default/debug/_ext/1171490990/exceptions.o
 .ARM.attributes
                0x000005b1       0x37 build/default/debug/_ext/1171490990/startup_xc32.o
 .ARM.attributes
                0x000005e8       0x37 build/default/debug/_ext/1171490990/tasks.o
 .ARM.attributes
                0x0000061f       0x37 build/default/debug/_ext/394022532/Anemometer.o
 .ARM.attributes
                0x00000656       0x37 build/default/debug/_ext/1360937237/main.o
 .ARM.attributes
                0x0000068d       0x37 build/default/debug/_ext/1360937237/app.o
 .ARM.attributes
                0x000006c4       0x32 c:/program files/microchip/xc32/v2.41/bin/bin/../../lib/gcc/pic32c/6.2.1/../../../../pic32c/lib/v7e-m/fpv5/hard\libpic32c.a(data_init.o)
 .ARM.attributes
                0x000006f6       0x20 c:/program files/microchip/xc32/v2.41/bin/bin/../../lib/gcc/pic32c/6.2.1/v7e-m/fpv5/hard\libgcc.a(_aeabi_uldivmod.o)
 .ARM.attributes
                0x00000716       0x32 c:/program files/microchip/xc32/v2.41/bin/bin/../../lib/gcc/pic32c/6.2.1/v7e-m/fpv5/hard\libgcc.a(_udivmoddi4.o)
 .ARM.attributes
                0x00000748       0x20 c:/program files/microchip/xc32/v2.41/bin/bin/../../lib/gcc/pic32c/6.2.1/v7e-m/fpv5/hard\libgcc.a(_dvmd_tls.o)
 .ARM.attributes
                0x00000768       0x32 c:/program files/microchip/xc32/v2.41/bin/bin/../../lib/gcc/pic32c/6.2.1/../../../../pic32c/lib/v7e-m/fpv5/hard\libg_nano.a(lib_a-init.o)
 .ARM.attributes
                0x0000079a       0x32 c:/program files/microchip/xc32/v2.41/bin/bin/../../lib/gcc/pic32c/6.2.1/../../../../pic32c/lib/v7e-m/fpv5/hard\libg_nano.a(lib_a-locale.o)
 .ARM.attributes
                0x000007cc       0x32 c:/program files/microchip/xc32/v2.41/bin/bin/../../lib/gcc/pic32c/6.2.1/../../../../pic32c/lib/v7e-m/fpv5/hard\libg_nano.a(lib_a-malloc.o)
 .ARM.attributes
                0x000007fe       0x32 c:/program files/microchip/xc32/v2.41/bin/bin/../../lib/gcc/pic32c/6.2.1/../../../../pic32c/lib/v7e-m/fpv5/hard\libg_nano.a(lib_a-mbtowc_r.o)
 .ARM.attributes
                0x00000830       0x32 c:/program files/microchip/xc32/v2.41/bin/bin/../../lib/gcc/pic32c/6.2.1/../../../../pic32c/lib/v7e-m/fpv5/hard\libg_nano.a(lib_a-memcpy-stub.o)
 .ARM.attributes
                0x00000862       0x32 c:/program files/microchip/xc32/v2.41/bin/bin/../../lib/gcc/pic32c/6.2.1/../../../../pic32c/lib/v7e-m/fpv5/hard\libg_nano.a(lib_a-memset.o)
 .ARM.attributes
                0x00000894       0x32 c:/program files/microchip/xc32/v2.41/bin/bin/../../lib/gcc/pic32c/6.2.1/../../../../pic32c/lib/v7e-m/fpv5/hard\libg_nano.a(lib_a-nano-mallocr.o)
 .ARM.attributes
                0x000008c6       0x32 c:/program files/microchip/xc32/v2.41/bin/bin/../../lib/gcc/pic32c/6.2.1/../../../../pic32c/lib/v7e-m/fpv5/hard\libg_nano.a(lib_a-sbrkr.o)
 .ARM.attributes
                0x000008f8       0x19 c:/program files/microchip/xc32/v2.41/bin/bin/../../lib/gcc/pic32c/6.2.1/../../../../pic32c/lib/v7e-m/fpv5/hard\libg_nano.a(lib_a-strlen.o)
 .ARM.attributes
                0x00000911       0x32 c:/program files/microchip/xc32/v2.41/bin/bin/../../lib/gcc/pic32c/6.2.1/../../../../pic32c/lib/v7e-m/fpv5/hard\libg_nano.a(lib_a-strncmp.o)
 .ARM.attributes
                0x00000943       0x32 c:/program files/microchip/xc32/v2.41/bin/bin/../../lib/gcc/pic32c/6.2.1/../../../../pic32c/lib/v7e-m/fpv5/hard\libg_nano.a(lib_a-strncpy.o)
 .ARM.attributes
                0x00000975       0x32 c:/program files/microchip/xc32/v2.41/bin/bin/../../lib/gcc/pic32c/6.2.1/../../../../pic32c/lib/v7e-m/fpv5/hard\libg_nano.a(lib_a-strtod.o)
 .ARM.attributes
                0x000009a7       0x32 c:/program files/microchip/xc32/v2.41/bin/bin/../../lib/gcc/pic32c/6.2.1/../../../../pic32c/lib/v7e-m/fpv5/hard\libg_nano.a(lib_a-wctomb_r.o)
 .ARM.attributes
                0x000009d9       0x32 c:/program files/microchip/xc32/v2.41/bin/bin/../../lib/gcc/pic32c/6.2.1/../../../../pic32c/lib/v7e-m/fpv5/hard\libg_nano.a(lib_a-ctype_.o)
 .ARM.attributes
                0x00000a0b       0x32 c:/program files/microchip/xc32/v2.41/bin/bin/../../lib/gcc/pic32c/6.2.1/../../../../pic32c/lib/v7e-m/fpv5/hard\libg_nano.a(lib_a-gdtoa-gethex.o)
 .ARM.attributes
                0x00000a3d       0x32 c:/program files/microchip/xc32/v2.41/bin/bin/../../lib/gcc/pic32c/6.2.1/../../../../pic32c/lib/v7e-m/fpv5/hard\libg_nano.a(lib_a-gdtoa-hexnan.o)
 .ARM.attributes
                0x00000a6f       0x32 c:/program files/microchip/xc32/v2.41/bin/bin/../../lib/gcc/pic32c/6.2.1/../../../../pic32c/lib/v7e-m/fpv5/hard\libg_nano.a(lib_a-impure.o)
 .ARM.attributes
                0x00000aa1       0x32 c:/program files/microchip/xc32/v2.41/bin/bin/../../lib/gcc/pic32c/6.2.1/../../../../pic32c/lib/v7e-m/fpv5/hard\libg_nano.a(lib_a-localeconv.o)
 .ARM.attributes
                0x00000ad3       0x32 c:/program files/microchip/xc32/v2.41/bin/bin/../../lib/gcc/pic32c/6.2.1/../../../../pic32c/lib/v7e-m/fpv5/hard\libg_nano.a(lib_a-mlock.o)
 .ARM.attributes
                0x00000b05       0x32 c:/program files/microchip/xc32/v2.41/bin/bin/../../lib/gcc/pic32c/6.2.1/../../../../pic32c/lib/v7e-m/fpv5/hard\libg_nano.a(lib_a-mprec.o)
 .ARM.attributes
                0x00000b37       0x32 c:/program files/microchip/xc32/v2.41/bin/bin/../../lib/gcc/pic32c/6.2.1/../../../../pic32c/lib/v7e-m/fpv5/hard\libg_nano.a(lib_a-nano-callocr.o)
 .ARM.attributes
                0x00000b69       0x32 c:/program files/microchip/xc32/v2.41/bin/bin/../../lib/gcc/pic32c/6.2.1/../../../../pic32c/lib/v7e-m/fpv5/hard\libg_nano.a(lib_a-reent.o)
 .ARM.attributes
                0x00000b9b       0x32 c:/program files/microchip/xc32/v2.41/bin/bin/../../lib/gcc/pic32c/6.2.1/../../../../pic32c/lib/v7e-m/fpv5/hard\libg_nano.a(lib_a-findfp.o)
 .ARM.attributes
                0x00000bcd       0x32 c:/program files/microchip/xc32/v2.41/bin/bin/../../lib/gcc/pic32c/6.2.1/../../../../pic32c/lib/v7e-m/fpv5/hard\libpic32c.a(sbrk.o)
 .ARM.attributes
                0x00000bff       0x20 c:/program files/microchip/xc32/v2.41/bin/bin/../../lib/gcc/pic32c/6.2.1/v7e-m/fpv5/hard/crtn.o

.comment        0x00000000       0x3c
 .comment       0x00000000       0x3c c:/program files/microchip/xc32/v2.41/bin/bin/../../lib/gcc/pic32c/6.2.1/v7e-m/fpv5/hard/crtbegin.o
                                 0x3d (size before relaxing)
 .comment       0x0000003c       0x3d build/default/debug/_ext/20954303/drv_sdmmc_file_system.o
 .comment       0x0000003c       0x3d build/default/debug/_ext/20954303/drv_sdmmc.o
 .comment       0x0000003c       0x3d build/default/debug/_ext/60165520/plib_clk.o
 .comment       0x0000003c       0x3d build/default/debug/_ext/60167248/plib_efc.o
 .comment       0x0000003c       0x3d build/default/debug/_ext/1989321110/plib_hsmci.o
 .comment       0x0000003c       0x3d build/default/debug/_ext/1865468468/plib_nvic.o
 .comment       0x0000003c       0x3d build/default/debug/_ext/60177924/plib_pio.o
 .comment       0x0000003c       0x3d build/default/debug/_ext/829342655/plib_tc0.o
 .comment       0x0000003c       0x3d build/default/debug/_ext/2000518847/plib_twihs0.o
 .comment       0x0000003c       0x3d build/default/debug/_ext/2001315827/plib_usart1.o
 .comment       0x0000003c       0x3d build/default/debug/_ext/2001315827/plib_usart0.o
 .comment       0x0000003c       0x3d build/default/debug/_ext/2001315827/plib_usart2.o
 .comment       0x0000003c       0x3d build/default/debug/_ext/2003650513/plib_xdmac.o
 .comment       0x0000003c       0x3d build/default/debug/_ext/1014039709/sys_cache.o
 .comment       0x0000003c       0x3d build/default/debug/_ext/411819097/ff.o
 .comment       0x0000003c       0x3d build/default/debug/_ext/411819097/ffunicode.o
 .comment       0x0000003c       0x3d build/default/debug/_ext/565198302/diskio.o
 .comment       0x0000003c       0x3d build/default/debug/_ext/1269487135/sys_fs.o
 .comment       0x0000003c       0x3d build/default/debug/_ext/1269487135/sys_fs_media_manager.o
 .comment       0x0000003c       0x3d build/default/debug/_ext/1269487135/sys_fs_fat_interface.o
 .comment       0x0000003c       0x3d build/default/debug/_ext/1881668453/sys_int.o
 .comment       0x0000003c       0x3d build/default/debug/_ext/101884895/sys_time.o
 .comment       0x0000003c       0x3d build/default/debug/_ext/1171490990/initialization.o
 .comment       0x0000003c       0x3d build/default/debug/_ext/1171490990/interrupts.o
 .comment       0x0000003c       0x3d build/default/debug/_ext/1171490990/exceptions.o
 .comment       0x0000003c       0x3d build/default/debug/_ext/1171490990/startup_xc32.o
 .comment       0x0000003c       0x3d build/default/debug/_ext/1171490990/tasks.o
 .comment       0x0000003c       0x3d build/default/debug/_ext/394022532/Anemometer.o
 .comment       0x0000003c       0x3d build/default/debug/_ext/1360937237/main.o
 .comment       0x0000003c       0x3d build/default/debug/_ext/1360937237/app.o
 .comment       0x0000003c       0x3d c:/program files/microchip/xc32/v2.41/bin/bin/../../lib/gcc/pic32c/6.2.1/../../../../pic32c/lib/v7e-m/fpv5/hard\libpic32c.a(data_init.o)
 .comment       0x0000003c       0x3d c:/program files/microchip/xc32/v2.41/bin/bin/../../lib/gcc/pic32c/6.2.1/v7e-m/fpv5/hard\libgcc.a(_udivmoddi4.o)
 .comment       0x0000003c       0x3d c:/program files/microchip/xc32/v2.41/bin/bin/../../lib/gcc/pic32c/6.2.1/../../../../pic32c/lib/v7e-m/fpv5/hard\libg_nano.a(lib_a-init.o)
 .comment       0x0000003c       0x3d c:/program files/microchip/xc32/v2.41/bin/bin/../../lib/gcc/pic32c/6.2.1/../../../../pic32c/lib/v7e-m/fpv5/hard\libg_nano.a(lib_a-locale.o)
 .comment       0x0000003c       0x3d c:/program files/microchip/xc32/v2.41/bin/bin/../../lib/gcc/pic32c/6.2.1/../../../../pic32c/lib/v7e-m/fpv5/hard\libg_nano.a(lib_a-malloc.o)
 .comment       0x0000003c       0x3d c:/program files/microchip/xc32/v2.41/bin/bin/../../lib/gcc/pic32c/6.2.1/../../../../pic32c/lib/v7e-m/fpv5/hard\libg_nano.a(lib_a-mbtowc_r.o)
 .comment       0x0000003c       0x3d c:/program files/microchip/xc32/v2.41/bin/bin/../../lib/gcc/pic32c/6.2.1/../../../../pic32c/lib/v7e-m/fpv5/hard\libg_nano.a(lib_a-memcpy-stub.o)
 .comment       0x0000003c       0x3d c:/program files/microchip/xc32/v2.41/bin/bin/../../lib/gcc/pic32c/6.2.1/../../../../pic32c/lib/v7e-m/fpv5/hard\libg_nano.a(lib_a-memset.o)
 .comment       0x0000003c       0x3d c:/program files/microchip/xc32/v2.41/bin/bin/../../lib/gcc/pic32c/6.2.1/../../../../pic32c/lib/v7e-m/fpv5/hard\libg_nano.a(lib_a-nano-mallocr.o)
 .comment       0x0000003c       0x3d c:/program files/microchip/xc32/v2.41/bin/bin/../../lib/gcc/pic32c/6.2.1/../../../../pic32c/lib/v7e-m/fpv5/hard\libg_nano.a(lib_a-sbrkr.o)
 .comment       0x0000003c       0x3d c:/program files/microchip/xc32/v2.41/bin/bin/../../lib/gcc/pic32c/6.2.1/../../../../pic32c/lib/v7e-m/fpv5/hard\libg_nano.a(lib_a-strncmp.o)
 .comment       0x0000003c       0x3d c:/program files/microchip/xc32/v2.41/bin/bin/../../lib/gcc/pic32c/6.2.1/../../../../pic32c/lib/v7e-m/fpv5/hard\libg_nano.a(lib_a-strncpy.o)
 .comment       0x0000003c       0x3d c:/program files/microchip/xc32/v2.41/bin/bin/../../lib/gcc/pic32c/6.2.1/../../../../pic32c/lib/v7e-m/fpv5/hard\libg_nano.a(lib_a-strtod.o)
 .comment       0x0000003c       0x3d c:/program files/microchip/xc32/v2.41/bin/bin/../../lib/gcc/pic32c/6.2.1/../../../../pic32c/lib/v7e-m/fpv5/hard\libg_nano.a(lib_a-wctomb_r.o)
 .comment       0x0000003c       0x3d c:/program files/microchip/xc32/v2.41/bin/bin/../../lib/gcc/pic32c/6.2.1/../../../../pic32c/lib/v7e-m/fpv5/hard\libg_nano.a(lib_a-ctype_.o)
 .comment       0x0000003c       0x3d c:/program files/microchip/xc32/v2.41/bin/bin/../../lib/gcc/pic32c/6.2.1/../../../../pic32c/lib/v7e-m/fpv5/hard\libg_nano.a(lib_a-gdtoa-gethex.o)
 .comment       0x0000003c       0x3d c:/program files/microchip/xc32/v2.41/bin/bin/../../lib/gcc/pic32c/6.2.1/../../../../pic32c/lib/v7e-m/fpv5/hard\libg_nano.a(lib_a-gdtoa-hexnan.o)
 .comment       0x0000003c       0x3d c:/program files/microchip/xc32/v2.41/bin/bin/../../lib/gcc/pic32c/6.2.1/../../../../pic32c/lib/v7e-m/fpv5/hard\libg_nano.a(lib_a-impure.o)
 .comment       0x0000003c       0x3d c:/program files/microchip/xc32/v2.41/bin/bin/../../lib/gcc/pic32c/6.2.1/../../../../pic32c/lib/v7e-m/fpv5/hard\libg_nano.a(lib_a-localeconv.o)
 .comment       0x0000003c       0x3d c:/program files/microchip/xc32/v2.41/bin/bin/../../lib/gcc/pic32c/6.2.1/../../../../pic32c/lib/v7e-m/fpv5/hard\libg_nano.a(lib_a-mlock.o)
 .comment       0x0000003c       0x3d c:/program files/microchip/xc32/v2.41/bin/bin/../../lib/gcc/pic32c/6.2.1/../../../../pic32c/lib/v7e-m/fpv5/hard\libg_nano.a(lib_a-mprec.o)
 .comment       0x0000003c       0x3d c:/program files/microchip/xc32/v2.41/bin/bin/../../lib/gcc/pic32c/6.2.1/../../../../pic32c/lib/v7e-m/fpv5/hard\libg_nano.a(lib_a-nano-callocr.o)
 .comment       0x0000003c       0x3d c:/program files/microchip/xc32/v2.41/bin/bin/../../lib/gcc/pic32c/6.2.1/../../../../pic32c/lib/v7e-m/fpv5/hard\libg_nano.a(lib_a-reent.o)
 .comment       0x0000003c       0x3d c:/program files/microchip/xc32/v2.41/bin/bin/../../lib/gcc/pic32c/6.2.1/../../../../pic32c/lib/v7e-m/fpv5/hard\libg_nano.a(lib_a-findfp.o)
 .comment       0x0000003c       0x3d c:/program files/microchip/xc32/v2.41/bin/bin/../../lib/gcc/pic32c/6.2.1/../../../../pic32c/lib/v7e-m/fpv5/hard\libpic32c.a(sbrk.o)

.debug_info     0x00000000    0x523de
 .debug_info    0x00000000      0xc6f build/default/debug/_ext/20954303/drv_sdmmc_file_system.o
 .debug_info    0x00000c6f     0x54a8 build/default/debug/_ext/20954303/drv_sdmmc.o
 .debug_info    0x00006117      0x8c2 build/default/debug/_ext/60165520/plib_clk.o
 .debug_info    0x000069d9     0x12f7 build/default/debug/_ext/60167248/plib_efc.o
 .debug_info    0x00007cd0     0x1d01 build/default/debug/_ext/1989321110/plib_hsmci.o
 .debug_info    0x000099d1     0x10ee build/default/debug/_ext/1865468468/plib_nvic.o
 .debug_info    0x0000aabf      0xf14 build/default/debug/_ext/60177924/plib_pio.o
 .debug_info    0x0000b9d3      0x981 build/default/debug/_ext/829342655/plib_tc0.o
 .debug_info    0x0000c354      0xcdd build/default/debug/_ext/2000518847/plib_twihs0.o
 .debug_info    0x0000d031      0xf4f build/default/debug/_ext/2001315827/plib_usart1.o
 .debug_info    0x0000df80      0xf4f build/default/debug/_ext/2001315827/plib_usart0.o
 .debug_info    0x0000eecf      0xf4f build/default/debug/_ext/2001315827/plib_usart2.o
 .debug_info    0x0000fe1e      0xc23 build/default/debug/_ext/2003650513/plib_xdmac.o
 .debug_info    0x00010a41     0x13cb build/default/debug/_ext/1014039709/sys_cache.o
 .debug_info    0x00011e0c     0x5c50 build/default/debug/_ext/411819097/ff.o
 .debug_info    0x00017a5c      0x5fd build/default/debug/_ext/411819097/ffunicode.o
 .debug_info    0x00018059     0x1aba build/default/debug/_ext/565198302/diskio.o
 .debug_info    0x00019b13     0x4dea build/default/debug/_ext/1269487135/sys_fs.o
 .debug_info    0x0001e8fd     0x2df2 build/default/debug/_ext/1269487135/sys_fs_media_manager.o
 .debug_info    0x000216ef     0x2177 build/default/debug/_ext/1269487135/sys_fs_fat_interface.o
 .debug_info    0x00023866      0xd08 build/default/debug/_ext/1881668453/sys_int.o
 .debug_info    0x0002456e     0x3585 build/default/debug/_ext/101884895/sys_time.o
 .debug_info    0x00027af3     0x3808 build/default/debug/_ext/1171490990/initialization.o
 .debug_info    0x0002b2fb     0x1d8f build/default/debug/_ext/1171490990/interrupts.o
 .debug_info    0x0002d08a     0x123b build/default/debug/_ext/1171490990/exceptions.o
 .debug_info    0x0002e2c5     0x1b76 build/default/debug/_ext/1171490990/startup_xc32.o
 .debug_info    0x0002fe3b     0x11ba build/default/debug/_ext/1171490990/tasks.o
 .debug_info    0x00030ff5     0x1494 build/default/debug/_ext/394022532/Anemometer.o
 .debug_info    0x00032489     0x1389 build/default/debug/_ext/1360937237/main.o
 .debug_info    0x00033812      0xf17 build/default/debug/_ext/1360937237/app.o
 .debug_info    0x00034729      0x296 c:/program files/microchip/xc32/v2.41/bin/bin/../../lib/gcc/pic32c/6.2.1/../../../../pic32c/lib/v7e-m/fpv5/hard\libpic32c.a(data_init.o)
 .debug_info    0x000349bf       0xfa c:/program files/microchip/xc32/v2.41/bin/bin/../../lib/gcc/pic32c/6.2.1/v7e-m/fpv5/hard\libgcc.a(_aeabi_uldivmod.o)
 .debug_info    0x00034ab9     0x168d c:/program files/microchip/xc32/v2.41/bin/bin/../../lib/gcc/pic32c/6.2.1/v7e-m/fpv5/hard\libgcc.a(_udivmoddi4.o)
 .debug_info    0x00036146       0xfe c:/program files/microchip/xc32/v2.41/bin/bin/../../lib/gcc/pic32c/6.2.1/v7e-m/fpv5/hard\libgcc.a(_dvmd_tls.o)
 .debug_info    0x00036244      0x410 c:/program files/microchip/xc32/v2.41/bin/bin/../../lib/gcc/pic32c/6.2.1/../../../../pic32c/lib/v7e-m/fpv5/hard\libg_nano.a(lib_a-init.o)
 .debug_info    0x00036654     0x188f c:/program files/microchip/xc32/v2.41/bin/bin/../../lib/gcc/pic32c/6.2.1/../../../../pic32c/lib/v7e-m/fpv5/hard\libg_nano.a(lib_a-locale.o)
 .debug_info    0x00037ee3      0xe86 c:/program files/microchip/xc32/v2.41/bin/bin/../../lib/gcc/pic32c/6.2.1/../../../../pic32c/lib/v7e-m/fpv5/hard\libg_nano.a(lib_a-malloc.o)
 .debug_info    0x00038d69     0x1773 c:/program files/microchip/xc32/v2.41/bin/bin/../../lib/gcc/pic32c/6.2.1/../../../../pic32c/lib/v7e-m/fpv5/hard\libg_nano.a(lib_a-mbtowc_r.o)
 .debug_info    0x0003a4dc      0xe5c c:/program files/microchip/xc32/v2.41/bin/bin/../../lib/gcc/pic32c/6.2.1/../../../../pic32c/lib/v7e-m/fpv5/hard\libg_nano.a(lib_a-memcpy-stub.o)
 .debug_info    0x0003b338     0x159f c:/program files/microchip/xc32/v2.41/bin/bin/../../lib/gcc/pic32c/6.2.1/../../../../pic32c/lib/v7e-m/fpv5/hard\libg_nano.a(lib_a-memset.o)
 .debug_info    0x0003c8d7     0x124a c:/program files/microchip/xc32/v2.41/bin/bin/../../lib/gcc/pic32c/6.2.1/../../../../pic32c/lib/v7e-m/fpv5/hard\libg_nano.a(lib_a-nano-mallocr.o)
 .debug_info    0x0003db21      0xed3 c:/program files/microchip/xc32/v2.41/bin/bin/../../lib/gcc/pic32c/6.2.1/../../../../pic32c/lib/v7e-m/fpv5/hard\libg_nano.a(lib_a-sbrkr.o)
 .debug_info    0x0003e9f4      0x127 c:/program files/microchip/xc32/v2.41/bin/bin/../../lib/gcc/pic32c/6.2.1/../../../../pic32c/lib/v7e-m/fpv5/hard\libg_nano.a(lib_a-strlen.o)
 .debug_info    0x0003eb1b      0xe18 c:/program files/microchip/xc32/v2.41/bin/bin/../../lib/gcc/pic32c/6.2.1/../../../../pic32c/lib/v7e-m/fpv5/hard\libg_nano.a(lib_a-strncmp.o)
 .debug_info    0x0003f933      0xe40 c:/program files/microchip/xc32/v2.41/bin/bin/../../lib/gcc/pic32c/6.2.1/../../../../pic32c/lib/v7e-m/fpv5/hard\libg_nano.a(lib_a-strncpy.o)
 .debug_info    0x00040773     0x264f c:/program files/microchip/xc32/v2.41/bin/bin/../../lib/gcc/pic32c/6.2.1/../../../../pic32c/lib/v7e-m/fpv5/hard\libg_nano.a(lib_a-strtod.o)
 .debug_info    0x00042dc2     0x173e c:/program files/microchip/xc32/v2.41/bin/bin/../../lib/gcc/pic32c/6.2.1/../../../../pic32c/lib/v7e-m/fpv5/hard\libg_nano.a(lib_a-wctomb_r.o)
 .debug_info    0x00044500     0x1570 c:/program files/microchip/xc32/v2.41/bin/bin/../../lib/gcc/pic32c/6.2.1/../../../../pic32c/lib/v7e-m/fpv5/hard\libg_nano.a(lib_a-ctype_.o)
 .debug_info    0x00045a70     0x1f10 c:/program files/microchip/xc32/v2.41/bin/bin/../../lib/gcc/pic32c/6.2.1/../../../../pic32c/lib/v7e-m/fpv5/hard\libg_nano.a(lib_a-gdtoa-gethex.o)
 .debug_info    0x00047980     0x19f2 c:/program files/microchip/xc32/v2.41/bin/bin/../../lib/gcc/pic32c/6.2.1/../../../../pic32c/lib/v7e-m/fpv5/hard\libg_nano.a(lib_a-gdtoa-hexnan.o)
 .debug_info    0x00049372      0xde3 c:/program files/microchip/xc32/v2.41/bin/bin/../../lib/gcc/pic32c/6.2.1/../../../../pic32c/lib/v7e-m/fpv5/hard\libg_nano.a(lib_a-impure.o)
 .debug_info    0x0004a155     0x16a4 c:/program files/microchip/xc32/v2.41/bin/bin/../../lib/gcc/pic32c/6.2.1/../../../../pic32c/lib/v7e-m/fpv5/hard\libg_nano.a(lib_a-localeconv.o)
 .debug_info    0x0004b7f9      0xe20 c:/program files/microchip/xc32/v2.41/bin/bin/../../lib/gcc/pic32c/6.2.1/../../../../pic32c/lib/v7e-m/fpv5/hard\libg_nano.a(lib_a-mlock.o)
 .debug_info    0x0004c619     0x2579 c:/program files/microchip/xc32/v2.41/bin/bin/../../lib/gcc/pic32c/6.2.1/../../../../pic32c/lib/v7e-m/fpv5/hard\libg_nano.a(lib_a-mprec.o)
 .debug_info    0x0004eb92     0x10d2 c:/program files/microchip/xc32/v2.41/bin/bin/../../lib/gcc/pic32c/6.2.1/../../../../pic32c/lib/v7e-m/fpv5/hard\libg_nano.a(lib_a-nano-callocr.o)
 .debug_info    0x0004fc64      0xfdb c:/program files/microchip/xc32/v2.41/bin/bin/../../lib/gcc/pic32c/6.2.1/../../../../pic32c/lib/v7e-m/fpv5/hard\libg_nano.a(lib_a-reent.o)
 .debug_info    0x00050c3f     0x1525 c:/program files/microchip/xc32/v2.41/bin/bin/../../lib/gcc/pic32c/6.2.1/../../../../pic32c/lib/v7e-m/fpv5/hard\libg_nano.a(lib_a-findfp.o)
 .debug_info    0x00052164      0x27a c:/program files/microchip/xc32/v2.41/bin/bin/../../lib/gcc/pic32c/6.2.1/../../../../pic32c/lib/v7e-m/fpv5/hard\libpic32c.a(sbrk.o)

.debug_abbrev   0x00000000     0x78a0
 .debug_abbrev  0x00000000      0x155 build/default/debug/_ext/20954303/drv_sdmmc_file_system.o
 .debug_abbrev  0x00000155      0x577 build/default/debug/_ext/20954303/drv_sdmmc.o
 .debug_abbrev  0x000006cc       0xc0 build/default/debug/_ext/60165520/plib_clk.o
 .debug_abbrev  0x0000078c      0x2b4 build/default/debug/_ext/60167248/plib_efc.o
 .debug_abbrev  0x00000a40      0x32c build/default/debug/_ext/1989321110/plib_hsmci.o
 .debug_abbrev  0x00000d6c      0x179 build/default/debug/_ext/1865468468/plib_nvic.o
 .debug_abbrev  0x00000ee5      0x16f build/default/debug/_ext/60177924/plib_pio.o
 .debug_abbrev  0x00001054      0x182 build/default/debug/_ext/829342655/plib_tc0.o
 .debug_abbrev  0x000011d6      0x29c build/default/debug/_ext/2000518847/plib_twihs0.o
 .debug_abbrev  0x00001472      0x2c4 build/default/debug/_ext/2001315827/plib_usart1.o
 .debug_abbrev  0x00001736      0x2c4 build/default/debug/_ext/2001315827/plib_usart0.o
 .debug_abbrev  0x000019fa      0x2c4 build/default/debug/_ext/2001315827/plib_usart2.o
 .debug_abbrev  0x00001cbe      0x1fa build/default/debug/_ext/2003650513/plib_xdmac.o
 .debug_abbrev  0x00001eb8      0x1a3 build/default/debug/_ext/1014039709/sys_cache.o
 .debug_abbrev  0x0000205b      0x33e build/default/debug/_ext/411819097/ff.o
 .debug_abbrev  0x00002399      0x128 build/default/debug/_ext/411819097/ffunicode.o
 .debug_abbrev  0x000024c1      0x341 build/default/debug/_ext/565198302/diskio.o
 .debug_abbrev  0x00002802      0x4ad build/default/debug/_ext/1269487135/sys_fs.o
 .debug_abbrev  0x00002caf      0x4ba build/default/debug/_ext/1269487135/sys_fs_media_manager.o
 .debug_abbrev  0x00003169      0x274 build/default/debug/_ext/1269487135/sys_fs_fat_interface.o
 .debug_abbrev  0x000033dd      0x200 build/default/debug/_ext/1881668453/sys_int.o
 .debug_abbrev  0x000035dd      0x5c4 build/default/debug/_ext/101884895/sys_time.o
 .debug_abbrev  0x00003ba1      0x2ce build/default/debug/_ext/1171490990/initialization.o
 .debug_abbrev  0x00003e6f      0x1de build/default/debug/_ext/1171490990/interrupts.o
 .debug_abbrev  0x0000404d      0x1cd build/default/debug/_ext/1171490990/exceptions.o
 .debug_abbrev  0x0000421a      0x2fd build/default/debug/_ext/1171490990/startup_xc32.o
 .debug_abbrev  0x00004517      0x1fe build/default/debug/_ext/1171490990/tasks.o
 .debug_abbrev  0x00004715      0x260 build/default/debug/_ext/394022532/Anemometer.o
 .debug_abbrev  0x00004975      0x24f build/default/debug/_ext/1360937237/main.o
 .debug_abbrev  0x00004bc4      0x1ea build/default/debug/_ext/1360937237/app.o
 .debug_abbrev  0x00004dae       0x2a c:/program files/microchip/xc32/v2.41/bin/bin/../../lib/gcc/pic32c/6.2.1/../../../../pic32c/lib/v7e-m/fpv5/hard\libpic32c.a(data_init.o)
 .debug_abbrev  0x00004dd8       0x14 c:/program files/microchip/xc32/v2.41/bin/bin/../../lib/gcc/pic32c/6.2.1/v7e-m/fpv5/hard\libgcc.a(_aeabi_uldivmod.o)
 .debug_abbrev  0x00004dec      0x163 c:/program files/microchip/xc32/v2.41/bin/bin/../../lib/gcc/pic32c/6.2.1/v7e-m/fpv5/hard\libgcc.a(_udivmoddi4.o)
 .debug_abbrev  0x00004f4f       0x14 c:/program files/microchip/xc32/v2.41/bin/bin/../../lib/gcc/pic32c/6.2.1/v7e-m/fpv5/hard\libgcc.a(_dvmd_tls.o)
 .debug_abbrev  0x00004f63       0xa3 c:/program files/microchip/xc32/v2.41/bin/bin/../../lib/gcc/pic32c/6.2.1/../../../../pic32c/lib/v7e-m/fpv5/hard\libg_nano.a(lib_a-init.o)
 .debug_abbrev  0x00005006      0x256 c:/program files/microchip/xc32/v2.41/bin/bin/../../lib/gcc/pic32c/6.2.1/../../../../pic32c/lib/v7e-m/fpv5/hard\libg_nano.a(lib_a-locale.o)
 .debug_abbrev  0x0000525c      0x1b3 c:/program files/microchip/xc32/v2.41/bin/bin/../../lib/gcc/pic32c/6.2.1/../../../../pic32c/lib/v7e-m/fpv5/hard\libg_nano.a(lib_a-malloc.o)
 .debug_abbrev  0x0000540f      0x1be c:/program files/microchip/xc32/v2.41/bin/bin/../../lib/gcc/pic32c/6.2.1/../../../../pic32c/lib/v7e-m/fpv5/hard\libg_nano.a(lib_a-mbtowc_r.o)
 .debug_abbrev  0x000055cd      0x17c c:/program files/microchip/xc32/v2.41/bin/bin/../../lib/gcc/pic32c/6.2.1/../../../../pic32c/lib/v7e-m/fpv5/hard\libg_nano.a(lib_a-memcpy-stub.o)
 .debug_abbrev  0x00005749      0x170 c:/program files/microchip/xc32/v2.41/bin/bin/../../lib/gcc/pic32c/6.2.1/../../../../pic32c/lib/v7e-m/fpv5/hard\libg_nano.a(lib_a-memset.o)
 .debug_abbrev  0x000058b9      0x281 c:/program files/microchip/xc32/v2.41/bin/bin/../../lib/gcc/pic32c/6.2.1/../../../../pic32c/lib/v7e-m/fpv5/hard\libg_nano.a(lib_a-nano-mallocr.o)
 .debug_abbrev  0x00005b3a      0x1a8 c:/program files/microchip/xc32/v2.41/bin/bin/../../lib/gcc/pic32c/6.2.1/../../../../pic32c/lib/v7e-m/fpv5/hard\libg_nano.a(lib_a-sbrkr.o)
 .debug_abbrev  0x00005ce2       0x14 c:/program files/microchip/xc32/v2.41/bin/bin/../../lib/gcc/pic32c/6.2.1/../../../../pic32c/lib/v7e-m/fpv5/hard\libg_nano.a(lib_a-strlen.o)
 .debug_abbrev  0x00005cf6      0x148 c:/program files/microchip/xc32/v2.41/bin/bin/../../lib/gcc/pic32c/6.2.1/../../../../pic32c/lib/v7e-m/fpv5/hard\libg_nano.a(lib_a-strncmp.o)
 .debug_abbrev  0x00005e3e      0x166 c:/program files/microchip/xc32/v2.41/bin/bin/../../lib/gcc/pic32c/6.2.1/../../../../pic32c/lib/v7e-m/fpv5/hard\libg_nano.a(lib_a-strncpy.o)
 .debug_abbrev  0x00005fa4      0x32c c:/program files/microchip/xc32/v2.41/bin/bin/../../lib/gcc/pic32c/6.2.1/../../../../pic32c/lib/v7e-m/fpv5/hard\libg_nano.a(lib_a-strtod.o)
 .debug_abbrev  0x000062d0      0x1da c:/program files/microchip/xc32/v2.41/bin/bin/../../lib/gcc/pic32c/6.2.1/../../../../pic32c/lib/v7e-m/fpv5/hard\libg_nano.a(lib_a-wctomb_r.o)
 .debug_abbrev  0x000064aa      0x131 c:/program files/microchip/xc32/v2.41/bin/bin/../../lib/gcc/pic32c/6.2.1/../../../../pic32c/lib/v7e-m/fpv5/hard\libg_nano.a(lib_a-ctype_.o)
 .debug_abbrev  0x000065db      0x2df c:/program files/microchip/xc32/v2.41/bin/bin/../../lib/gcc/pic32c/6.2.1/../../../../pic32c/lib/v7e-m/fpv5/hard\libg_nano.a(lib_a-gdtoa-gethex.o)
 .debug_abbrev  0x000068ba      0x206 c:/program files/microchip/xc32/v2.41/bin/bin/../../lib/gcc/pic32c/6.2.1/../../../../pic32c/lib/v7e-m/fpv5/hard\libg_nano.a(lib_a-gdtoa-hexnan.o)
 .debug_abbrev  0x00006ac0      0x131 c:/program files/microchip/xc32/v2.41/bin/bin/../../lib/gcc/pic32c/6.2.1/../../../../pic32c/lib/v7e-m/fpv5/hard\libg_nano.a(lib_a-impure.o)
 .debug_abbrev  0x00006bf1      0x1d6 c:/program files/microchip/xc32/v2.41/bin/bin/../../lib/gcc/pic32c/6.2.1/../../../../pic32c/lib/v7e-m/fpv5/hard\libg_nano.a(lib_a-localeconv.o)
 .debug_abbrev  0x00006dc7      0x165 c:/program files/microchip/xc32/v2.41/bin/bin/../../lib/gcc/pic32c/6.2.1/../../../../pic32c/lib/v7e-m/fpv5/hard\libg_nano.a(lib_a-mlock.o)
 .debug_abbrev  0x00006f2c      0x2e4 c:/program files/microchip/xc32/v2.41/bin/bin/../../lib/gcc/pic32c/6.2.1/../../../../pic32c/lib/v7e-m/fpv5/hard\libg_nano.a(lib_a-mprec.o)
 .debug_abbrev  0x00007210      0x1b9 c:/program files/microchip/xc32/v2.41/bin/bin/../../lib/gcc/pic32c/6.2.1/../../../../pic32c/lib/v7e-m/fpv5/hard\libg_nano.a(lib_a-nano-callocr.o)
 .debug_abbrev  0x000073c9      0x1f8 c:/program files/microchip/xc32/v2.41/bin/bin/../../lib/gcc/pic32c/6.2.1/../../../../pic32c/lib/v7e-m/fpv5/hard\libg_nano.a(lib_a-reent.o)
 .debug_abbrev  0x000075c1      0x2b5 c:/program files/microchip/xc32/v2.41/bin/bin/../../lib/gcc/pic32c/6.2.1/../../../../pic32c/lib/v7e-m/fpv5/hard\libg_nano.a(lib_a-findfp.o)
 .debug_abbrev  0x00007876       0x2a c:/program files/microchip/xc32/v2.41/bin/bin/../../lib/gcc/pic32c/6.2.1/../../../../pic32c/lib/v7e-m/fpv5/hard\libpic32c.a(sbrk.o)

.debug_loc      0x00000000    0x1cf8f
 .debug_loc     0x00000000       0x41 build/default/debug/_ext/20954303/drv_sdmmc_file_system.o
 .debug_loc     0x00000041     0x22b6 build/default/debug/_ext/20954303/drv_sdmmc.o
 .debug_loc     0x000022f7      0x33e build/default/debug/_ext/60167248/plib_efc.o
 .debug_loc     0x00002635      0x4d0 build/default/debug/_ext/1989321110/plib_hsmci.o
 .debug_loc     0x00002b05      0x1e3 build/default/debug/_ext/1865468468/plib_nvic.o
 .debug_loc     0x00002ce8       0xb0 build/default/debug/_ext/60177924/plib_pio.o
 .debug_loc     0x00002d98       0x42 build/default/debug/_ext/829342655/plib_tc0.o
 .debug_loc     0x00002dda      0x55d build/default/debug/_ext/2000518847/plib_twihs0.o
 .debug_loc     0x00003337      0x4ea build/default/debug/_ext/2001315827/plib_usart1.o
 .debug_loc     0x00003821      0x4ea build/default/debug/_ext/2001315827/plib_usart0.o
 .debug_loc     0x00003d0b      0x4ea build/default/debug/_ext/2001315827/plib_usart2.o
 .debug_loc     0x000041f5      0x2ae build/default/debug/_ext/2003650513/plib_xdmac.o
 .debug_loc     0x000044a3      0x503 build/default/debug/_ext/1014039709/sys_cache.o
 .debug_loc     0x000049a6     0x7bf1 build/default/debug/_ext/411819097/ff.o
 .debug_loc     0x0000c597      0x477 build/default/debug/_ext/411819097/ffunicode.o
 .debug_loc     0x0000ca0e      0x5ae build/default/debug/_ext/565198302/diskio.o
 .debug_loc     0x0000cfbc     0x4cd7 build/default/debug/_ext/1269487135/sys_fs.o
 .debug_loc     0x00011c93     0x142f build/default/debug/_ext/1269487135/sys_fs_media_manager.o
 .debug_loc     0x000130c2     0x1776 build/default/debug/_ext/1269487135/sys_fs_fat_interface.o
 .debug_loc     0x00014838       0xe9 build/default/debug/_ext/1881668453/sys_int.o
 .debug_loc     0x00014921     0x1fa8 build/default/debug/_ext/101884895/sys_time.o
 .debug_loc     0x000168c9       0x41 build/default/debug/_ext/1171490990/initialization.o
 .debug_loc     0x0001690a       0x6d build/default/debug/_ext/1171490990/startup_xc32.o
 .debug_loc     0x00016977       0x20 build/default/debug/_ext/1171490990/tasks.o
 .debug_loc     0x00016997      0x1a9 build/default/debug/_ext/394022532/Anemometer.o
 .debug_loc     0x00016b40       0x4b build/default/debug/_ext/1360937237/main.o
 .debug_loc     0x00016b8b       0x14 build/default/debug/_ext/1360937237/app.o
 .debug_loc     0x00016b9f      0xc35 c:/program files/microchip/xc32/v2.41/bin/bin/../../lib/gcc/pic32c/6.2.1/v7e-m/fpv5/hard\libgcc.a(_udivmoddi4.o)
 .debug_loc     0x000177d4       0x74 c:/program files/microchip/xc32/v2.41/bin/bin/../../lib/gcc/pic32c/6.2.1/../../../../pic32c/lib/v7e-m/fpv5/hard\libg_nano.a(lib_a-init.o)
 .debug_loc     0x00017848      0x17b c:/program files/microchip/xc32/v2.41/bin/bin/../../lib/gcc/pic32c/6.2.1/../../../../pic32c/lib/v7e-m/fpv5/hard\libg_nano.a(lib_a-locale.o)
 .debug_loc     0x000179c3       0x58 c:/program files/microchip/xc32/v2.41/bin/bin/../../lib/gcc/pic32c/6.2.1/../../../../pic32c/lib/v7e-m/fpv5/hard\libg_nano.a(lib_a-malloc.o)
 .debug_loc     0x00017a1b      0x229 c:/program files/microchip/xc32/v2.41/bin/bin/../../lib/gcc/pic32c/6.2.1/../../../../pic32c/lib/v7e-m/fpv5/hard\libg_nano.a(lib_a-mbtowc_r.o)
 .debug_loc     0x00017c44       0xb2 c:/program files/microchip/xc32/v2.41/bin/bin/../../lib/gcc/pic32c/6.2.1/../../../../pic32c/lib/v7e-m/fpv5/hard\libg_nano.a(lib_a-memcpy-stub.o)
 .debug_loc     0x00017cf6       0x4c c:/program files/microchip/xc32/v2.41/bin/bin/../../lib/gcc/pic32c/6.2.1/../../../../pic32c/lib/v7e-m/fpv5/hard\libg_nano.a(lib_a-memset.o)
 .debug_loc     0x00017d42      0x326 c:/program files/microchip/xc32/v2.41/bin/bin/../../lib/gcc/pic32c/6.2.1/../../../../pic32c/lib/v7e-m/fpv5/hard\libg_nano.a(lib_a-nano-mallocr.o)
 .debug_loc     0x00018068       0x6d c:/program files/microchip/xc32/v2.41/bin/bin/../../lib/gcc/pic32c/6.2.1/../../../../pic32c/lib/v7e-m/fpv5/hard\libg_nano.a(lib_a-sbrkr.o)
 .debug_loc     0x000180d5      0x103 c:/program files/microchip/xc32/v2.41/bin/bin/../../lib/gcc/pic32c/6.2.1/../../../../pic32c/lib/v7e-m/fpv5/hard\libg_nano.a(lib_a-strncmp.o)
 .debug_loc     0x000181d8      0x116 c:/program files/microchip/xc32/v2.41/bin/bin/../../lib/gcc/pic32c/6.2.1/../../../../pic32c/lib/v7e-m/fpv5/hard\libg_nano.a(lib_a-strncpy.o)
 .debug_loc     0x000182ee     0x19b2 c:/program files/microchip/xc32/v2.41/bin/bin/../../lib/gcc/pic32c/6.2.1/../../../../pic32c/lib/v7e-m/fpv5/hard\libg_nano.a(lib_a-strtod.o)
 .debug_loc     0x00019ca0      0x116 c:/program files/microchip/xc32/v2.41/bin/bin/../../lib/gcc/pic32c/6.2.1/../../../../pic32c/lib/v7e-m/fpv5/hard\libg_nano.a(lib_a-wctomb_r.o)
 .debug_loc     0x00019db6      0xc70 c:/program files/microchip/xc32/v2.41/bin/bin/../../lib/gcc/pic32c/6.2.1/../../../../pic32c/lib/v7e-m/fpv5/hard\libg_nano.a(lib_a-gdtoa-gethex.o)
 .debug_loc     0x0001aa26      0x47b c:/program files/microchip/xc32/v2.41/bin/bin/../../lib/gcc/pic32c/6.2.1/../../../../pic32c/lib/v7e-m/fpv5/hard\libg_nano.a(lib_a-gdtoa-hexnan.o)
 .debug_loc     0x0001aea1       0x63 c:/program files/microchip/xc32/v2.41/bin/bin/../../lib/gcc/pic32c/6.2.1/../../../../pic32c/lib/v7e-m/fpv5/hard\libg_nano.a(lib_a-localeconv.o)
 .debug_loc     0x0001af04     0x1c64 c:/program files/microchip/xc32/v2.41/bin/bin/../../lib/gcc/pic32c/6.2.1/../../../../pic32c/lib/v7e-m/fpv5/hard\libg_nano.a(lib_a-mprec.o)
 .debug_loc     0x0001cb68       0xa1 c:/program files/microchip/xc32/v2.41/bin/bin/../../lib/gcc/pic32c/6.2.1/../../../../pic32c/lib/v7e-m/fpv5/hard\libg_nano.a(lib_a-nano-callocr.o)
 .debug_loc     0x0001cc09      0x15e c:/program files/microchip/xc32/v2.41/bin/bin/../../lib/gcc/pic32c/6.2.1/../../../../pic32c/lib/v7e-m/fpv5/hard\libg_nano.a(lib_a-reent.o)
 .debug_loc     0x0001cd67      0x228 c:/program files/microchip/xc32/v2.41/bin/bin/../../lib/gcc/pic32c/6.2.1/../../../../pic32c/lib/v7e-m/fpv5/hard\libg_nano.a(lib_a-findfp.o)

.debug_aranges  0x00000000     0x12e0
 .debug_aranges
                0x00000000       0x20 build/default/debug/_ext/20954303/drv_sdmmc_file_system.o
 .debug_aranges
                0x00000020       0xb0 build/default/debug/_ext/20954303/drv_sdmmc.o
 .debug_aranges
                0x000000d0       0x20 build/default/debug/_ext/60165520/plib_clk.o
 .debug_aranges
                0x000000f0       0x60 build/default/debug/_ext/60167248/plib_efc.o
 .debug_aranges
                0x00000150       0x98 build/default/debug/_ext/1989321110/plib_hsmci.o
 .debug_aranges
                0x000001e8       0x20 build/default/debug/_ext/1865468468/plib_nvic.o
 .debug_aranges
                0x00000208       0x60 build/default/debug/_ext/60177924/plib_pio.o
 .debug_aranges
                0x00000268       0x68 build/default/debug/_ext/829342655/plib_tc0.o
 .debug_aranges
                0x000002d0       0x70 build/default/debug/_ext/2000518847/plib_twihs0.o
 .debug_aranges
                0x00000340       0x78 build/default/debug/_ext/2001315827/plib_usart1.o
 .debug_aranges
                0x000003b8       0x78 build/default/debug/_ext/2001315827/plib_usart0.o
 .debug_aranges
                0x00000430       0x78 build/default/debug/_ext/2001315827/plib_usart2.o
 .debug_aranges
                0x000004a8       0x60 build/default/debug/_ext/2003650513/plib_xdmac.o
 .debug_aranges
                0x00000508       0x80 build/default/debug/_ext/1014039709/sys_cache.o
 .debug_aranges
                0x00000588      0x228 build/default/debug/_ext/411819097/ff.o
 .debug_aranges
                0x000007b0       0x30 build/default/debug/_ext/411819097/ffunicode.o
 .debug_aranges
                0x000007e0       0x58 build/default/debug/_ext/565198302/diskio.o
 .debug_aranges
                0x00000838      0x170 build/default/debug/_ext/1269487135/sys_fs.o
 .debug_aranges
                0x000009a8       0x98 build/default/debug/_ext/1269487135/sys_fs_media_manager.o
 .debug_aranges
                0x00000a40      0x130 build/default/debug/_ext/1269487135/sys_fs_fat_interface.o
 .debug_aranges
                0x00000b70       0x40 build/default/debug/_ext/1881668453/sys_int.o
 .debug_aranges
                0x00000bb0      0x130 build/default/debug/_ext/101884895/sys_time.o
 .debug_aranges
                0x00000ce0       0x20 build/default/debug/_ext/1171490990/initialization.o
 .debug_aranges
                0x00000d00       0x20 build/default/debug/_ext/1171490990/interrupts.o
 .debug_aranges
                0x00000d20       0x48 build/default/debug/_ext/1171490990/exceptions.o
 .debug_aranges
                0x00000d68       0x20 build/default/debug/_ext/1171490990/startup_xc32.o
 .debug_aranges
                0x00000d88       0x20 build/default/debug/_ext/1171490990/tasks.o
 .debug_aranges
                0x00000da8       0x28 build/default/debug/_ext/394022532/Anemometer.o
 .debug_aranges
                0x00000dd0       0x20 build/default/debug/_ext/1360937237/main.o
 .debug_aranges
                0x00000df0       0x28 build/default/debug/_ext/1360937237/app.o
 .debug_aranges
                0x00000e18       0x20 c:/program files/microchip/xc32/v2.41/bin/bin/../../lib/gcc/pic32c/6.2.1/../../../../pic32c/lib/v7e-m/fpv5/hard\libpic32c.a(data_init.o)
 .debug_aranges
                0x00000e38       0x20 c:/program files/microchip/xc32/v2.41/bin/bin/../../lib/gcc/pic32c/6.2.1/v7e-m/fpv5/hard\libgcc.a(_aeabi_uldivmod.o)
 .debug_aranges
                0x00000e58       0x20 c:/program files/microchip/xc32/v2.41/bin/bin/../../lib/gcc/pic32c/6.2.1/v7e-m/fpv5/hard\libgcc.a(_udivmoddi4.o)
 .debug_aranges
                0x00000e78       0x20 c:/program files/microchip/xc32/v2.41/bin/bin/../../lib/gcc/pic32c/6.2.1/v7e-m/fpv5/hard\libgcc.a(_dvmd_tls.o)
 .debug_aranges
                0x00000e98       0x20 c:/program files/microchip/xc32/v2.41/bin/bin/../../lib/gcc/pic32c/6.2.1/../../../../pic32c/lib/v7e-m/fpv5/hard\libg_nano.a(lib_a-init.o)
 .debug_aranges
                0x00000eb8       0x40 c:/program files/microchip/xc32/v2.41/bin/bin/../../lib/gcc/pic32c/6.2.1/../../../../pic32c/lib/v7e-m/fpv5/hard\libg_nano.a(lib_a-locale.o)
 .debug_aranges
                0x00000ef8       0x28 c:/program files/microchip/xc32/v2.41/bin/bin/../../lib/gcc/pic32c/6.2.1/../../../../pic32c/lib/v7e-m/fpv5/hard\libg_nano.a(lib_a-malloc.o)
 .debug_aranges
                0x00000f20       0x28 c:/program files/microchip/xc32/v2.41/bin/bin/../../lib/gcc/pic32c/6.2.1/../../../../pic32c/lib/v7e-m/fpv5/hard\libg_nano.a(lib_a-mbtowc_r.o)
 .debug_aranges
                0x00000f48       0x20 c:/program files/microchip/xc32/v2.41/bin/bin/../../lib/gcc/pic32c/6.2.1/../../../../pic32c/lib/v7e-m/fpv5/hard\libg_nano.a(lib_a-memcpy-stub.o)
 .debug_aranges
                0x00000f68       0x20 c:/program files/microchip/xc32/v2.41/bin/bin/../../lib/gcc/pic32c/6.2.1/../../../../pic32c/lib/v7e-m/fpv5/hard\libg_nano.a(lib_a-memset.o)
 .debug_aranges
                0x00000f88       0x20 c:/program files/microchip/xc32/v2.41/bin/bin/../../lib/gcc/pic32c/6.2.1/../../../../pic32c/lib/v7e-m/fpv5/hard\libg_nano.a(lib_a-nano-mallocr.o)
 .debug_aranges
                0x00000fa8       0x20 c:/program files/microchip/xc32/v2.41/bin/bin/../../lib/gcc/pic32c/6.2.1/../../../../pic32c/lib/v7e-m/fpv5/hard\libg_nano.a(lib_a-sbrkr.o)
 .debug_aranges
                0x00000fc8       0x20 c:/program files/microchip/xc32/v2.41/bin/bin/../../lib/gcc/pic32c/6.2.1/../../../../pic32c/lib/v7e-m/fpv5/hard\libg_nano.a(lib_a-strlen.o)
 .debug_aranges
                0x00000fe8       0x20 c:/program files/microchip/xc32/v2.41/bin/bin/../../lib/gcc/pic32c/6.2.1/../../../../pic32c/lib/v7e-m/fpv5/hard\libg_nano.a(lib_a-strncmp.o)
 .debug_aranges
                0x00001008       0x20 c:/program files/microchip/xc32/v2.41/bin/bin/../../lib/gcc/pic32c/6.2.1/../../../../pic32c/lib/v7e-m/fpv5/hard\libg_nano.a(lib_a-strncpy.o)
 .debug_aranges
                0x00001028       0x50 c:/program files/microchip/xc32/v2.41/bin/bin/../../lib/gcc/pic32c/6.2.1/../../../../pic32c/lib/v7e-m/fpv5/hard\libg_nano.a(lib_a-strtod.o)
 .debug_aranges
                0x00001078       0x28 c:/program files/microchip/xc32/v2.41/bin/bin/../../lib/gcc/pic32c/6.2.1/../../../../pic32c/lib/v7e-m/fpv5/hard\libg_nano.a(lib_a-wctomb_r.o)
 .debug_aranges
                0x000010a0       0x18 c:/program files/microchip/xc32/v2.41/bin/bin/../../lib/gcc/pic32c/6.2.1/../../../../pic32c/lib/v7e-m/fpv5/hard\libg_nano.a(lib_a-ctype_.o)
 .debug_aranges
                0x000010b8       0x30 c:/program files/microchip/xc32/v2.41/bin/bin/../../lib/gcc/pic32c/6.2.1/../../../../pic32c/lib/v7e-m/fpv5/hard\libg_nano.a(lib_a-gdtoa-gethex.o)
 .debug_aranges
                0x000010e8       0x30 c:/program files/microchip/xc32/v2.41/bin/bin/../../lib/gcc/pic32c/6.2.1/../../../../pic32c/lib/v7e-m/fpv5/hard\libg_nano.a(lib_a-gdtoa-hexnan.o)
 .debug_aranges
                0x00001118       0x18 c:/program files/microchip/xc32/v2.41/bin/bin/../../lib/gcc/pic32c/6.2.1/../../../../pic32c/lib/v7e-m/fpv5/hard\libg_nano.a(lib_a-impure.o)
 .debug_aranges
                0x00001130       0x30 c:/program files/microchip/xc32/v2.41/bin/bin/../../lib/gcc/pic32c/6.2.1/../../../../pic32c/lib/v7e-m/fpv5/hard\libg_nano.a(lib_a-localeconv.o)
 .debug_aranges
                0x00001160       0x20 c:/program files/microchip/xc32/v2.41/bin/bin/../../lib/gcc/pic32c/6.2.1/../../../../pic32c/lib/v7e-m/fpv5/hard\libg_nano.a(lib_a-mlock.o)
 .debug_aranges
                0x00001180       0xb0 c:/program files/microchip/xc32/v2.41/bin/bin/../../lib/gcc/pic32c/6.2.1/../../../../pic32c/lib/v7e-m/fpv5/hard\libg_nano.a(lib_a-mprec.o)
 .debug_aranges
                0x00001230       0x20 c:/program files/microchip/xc32/v2.41/bin/bin/../../lib/gcc/pic32c/6.2.1/../../../../pic32c/lib/v7e-m/fpv5/hard\libg_nano.a(lib_a-nano-callocr.o)
 .debug_aranges
                0x00001250       0x28 c:/program files/microchip/xc32/v2.41/bin/bin/../../lib/gcc/pic32c/6.2.1/../../../../pic32c/lib/v7e-m/fpv5/hard\libg_nano.a(lib_a-reent.o)
 .debug_aranges
                0x00001278       0x48 c:/program files/microchip/xc32/v2.41/bin/bin/../../lib/gcc/pic32c/6.2.1/../../../../pic32c/lib/v7e-m/fpv5/hard\libg_nano.a(lib_a-findfp.o)
 .debug_aranges
                0x000012c0       0x20 c:/program files/microchip/xc32/v2.41/bin/bin/../../lib/gcc/pic32c/6.2.1/../../../../pic32c/lib/v7e-m/fpv5/hard\libpic32c.a(sbrk.o)

.debug_ranges   0x00000000     0x1800
 .debug_ranges  0x00000000       0x10 build/default/debug/_ext/20954303/drv_sdmmc_file_system.o
 .debug_ranges  0x00000010      0x130 build/default/debug/_ext/20954303/drv_sdmmc.o
 .debug_ranges  0x00000140       0x10 build/default/debug/_ext/60165520/plib_clk.o
 .debug_ranges  0x00000150       0x50 build/default/debug/_ext/60167248/plib_efc.o
 .debug_ranges  0x000001a0       0x88 build/default/debug/_ext/1989321110/plib_hsmci.o
 .debug_ranges  0x00000228       0x10 build/default/debug/_ext/1865468468/plib_nvic.o
 .debug_ranges  0x00000238       0x50 build/default/debug/_ext/60177924/plib_pio.o
 .debug_ranges  0x00000288       0x58 build/default/debug/_ext/829342655/plib_tc0.o
 .debug_ranges  0x000002e0       0x60 build/default/debug/_ext/2000518847/plib_twihs0.o
 .debug_ranges  0x00000340       0x80 build/default/debug/_ext/2001315827/plib_usart1.o
 .debug_ranges  0x000003c0       0x80 build/default/debug/_ext/2001315827/plib_usart0.o
 .debug_ranges  0x00000440       0x80 build/default/debug/_ext/2001315827/plib_usart2.o
 .debug_ranges  0x000004c0       0x50 build/default/debug/_ext/2003650513/plib_xdmac.o
 .debug_ranges  0x00000510       0xa0 build/default/debug/_ext/1014039709/sys_cache.o
 .debug_ranges  0x000005b0      0x380 build/default/debug/_ext/411819097/ff.o
 .debug_ranges  0x00000930       0x20 build/default/debug/_ext/411819097/ffunicode.o
 .debug_ranges  0x00000950       0x60 build/default/debug/_ext/565198302/diskio.o
 .debug_ranges  0x000009b0      0x530 build/default/debug/_ext/1269487135/sys_fs.o
 .debug_ranges  0x00000ee0      0x108 build/default/debug/_ext/1269487135/sys_fs_media_manager.o
 .debug_ranges  0x00000fe8      0x120 build/default/debug/_ext/1269487135/sys_fs_fat_interface.o
 .debug_ranges  0x00001108       0x30 build/default/debug/_ext/1881668453/sys_int.o
 .debug_ranges  0x00001138      0x180 build/default/debug/_ext/101884895/sys_time.o
 .debug_ranges  0x000012b8       0x10 build/default/debug/_ext/1171490990/initialization.o
 .debug_ranges  0x000012c8       0x10 build/default/debug/_ext/1171490990/interrupts.o
 .debug_ranges  0x000012d8       0x38 build/default/debug/_ext/1171490990/exceptions.o
 .debug_ranges  0x00001310       0x10 build/default/debug/_ext/1171490990/startup_xc32.o
 .debug_ranges  0x00001320       0x10 build/default/debug/_ext/1171490990/tasks.o
 .debug_ranges  0x00001330       0x18 build/default/debug/_ext/394022532/Anemometer.o
 .debug_ranges  0x00001348       0x10 build/default/debug/_ext/1360937237/main.o
 .debug_ranges  0x00001358       0x18 build/default/debug/_ext/1360937237/app.o
 .debug_ranges  0x00001370       0x10 c:/program files/microchip/xc32/v2.41/bin/bin/../../lib/gcc/pic32c/6.2.1/../../../../pic32c/lib/v7e-m/fpv5/hard\libpic32c.a(data_init.o)
 .debug_ranges  0x00001380       0xa8 c:/program files/microchip/xc32/v2.41/bin/bin/../../lib/gcc/pic32c/6.2.1/v7e-m/fpv5/hard\libgcc.a(_udivmoddi4.o)
 .debug_ranges  0x00001428       0x10 c:/program files/microchip/xc32/v2.41/bin/bin/../../lib/gcc/pic32c/6.2.1/../../../../pic32c/lib/v7e-m/fpv5/hard\libg_nano.a(lib_a-init.o)
 .debug_ranges  0x00001438       0x30 c:/program files/microchip/xc32/v2.41/bin/bin/../../lib/gcc/pic32c/6.2.1/../../../../pic32c/lib/v7e-m/fpv5/hard\libg_nano.a(lib_a-locale.o)
 .debug_ranges  0x00001468       0x18 c:/program files/microchip/xc32/v2.41/bin/bin/../../lib/gcc/pic32c/6.2.1/../../../../pic32c/lib/v7e-m/fpv5/hard\libg_nano.a(lib_a-malloc.o)
 .debug_ranges  0x00001480       0x18 c:/program files/microchip/xc32/v2.41/bin/bin/../../lib/gcc/pic32c/6.2.1/../../../../pic32c/lib/v7e-m/fpv5/hard\libg_nano.a(lib_a-mbtowc_r.o)
 .debug_ranges  0x00001498       0x10 c:/program files/microchip/xc32/v2.41/bin/bin/../../lib/gcc/pic32c/6.2.1/../../../../pic32c/lib/v7e-m/fpv5/hard\libg_nano.a(lib_a-memcpy-stub.o)
 .debug_ranges  0x000014a8       0x10 c:/program files/microchip/xc32/v2.41/bin/bin/../../lib/gcc/pic32c/6.2.1/../../../../pic32c/lib/v7e-m/fpv5/hard\libg_nano.a(lib_a-memset.o)
 .debug_ranges  0x000014b8       0x58 c:/program files/microchip/xc32/v2.41/bin/bin/../../lib/gcc/pic32c/6.2.1/../../../../pic32c/lib/v7e-m/fpv5/hard\libg_nano.a(lib_a-nano-mallocr.o)
 .debug_ranges  0x00001510       0x10 c:/program files/microchip/xc32/v2.41/bin/bin/../../lib/gcc/pic32c/6.2.1/../../../../pic32c/lib/v7e-m/fpv5/hard\libg_nano.a(lib_a-sbrkr.o)
 .debug_ranges  0x00001520       0x10 c:/program files/microchip/xc32/v2.41/bin/bin/../../lib/gcc/pic32c/6.2.1/../../../../pic32c/lib/v7e-m/fpv5/hard\libg_nano.a(lib_a-strncmp.o)
 .debug_ranges  0x00001530       0x10 c:/program files/microchip/xc32/v2.41/bin/bin/../../lib/gcc/pic32c/6.2.1/../../../../pic32c/lib/v7e-m/fpv5/hard\libg_nano.a(lib_a-strncpy.o)
 .debug_ranges  0x00001540       0x98 c:/program files/microchip/xc32/v2.41/bin/bin/../../lib/gcc/pic32c/6.2.1/../../../../pic32c/lib/v7e-m/fpv5/hard\libg_nano.a(lib_a-strtod.o)
 .debug_ranges  0x000015d8       0x18 c:/program files/microchip/xc32/v2.41/bin/bin/../../lib/gcc/pic32c/6.2.1/../../../../pic32c/lib/v7e-m/fpv5/hard\libg_nano.a(lib_a-wctomb_r.o)
 .debug_ranges  0x000015f0       0x50 c:/program files/microchip/xc32/v2.41/bin/bin/../../lib/gcc/pic32c/6.2.1/../../../../pic32c/lib/v7e-m/fpv5/hard\libg_nano.a(lib_a-gdtoa-gethex.o)
 .debug_ranges  0x00001640       0x20 c:/program files/microchip/xc32/v2.41/bin/bin/../../lib/gcc/pic32c/6.2.1/../../../../pic32c/lib/v7e-m/fpv5/hard\libg_nano.a(lib_a-gdtoa-hexnan.o)
 .debug_ranges  0x00001660       0x20 c:/program files/microchip/xc32/v2.41/bin/bin/../../lib/gcc/pic32c/6.2.1/../../../../pic32c/lib/v7e-m/fpv5/hard\libg_nano.a(lib_a-localeconv.o)
 .debug_ranges  0x00001680       0x10 c:/program files/microchip/xc32/v2.41/bin/bin/../../lib/gcc/pic32c/6.2.1/../../../../pic32c/lib/v7e-m/fpv5/hard\libg_nano.a(lib_a-mlock.o)
 .debug_ranges  0x00001690       0xd0 c:/program files/microchip/xc32/v2.41/bin/bin/../../lib/gcc/pic32c/6.2.1/../../../../pic32c/lib/v7e-m/fpv5/hard\libg_nano.a(lib_a-mprec.o)
 .debug_ranges  0x00001760       0x10 c:/program files/microchip/xc32/v2.41/bin/bin/../../lib/gcc/pic32c/6.2.1/../../../../pic32c/lib/v7e-m/fpv5/hard\libg_nano.a(lib_a-nano-callocr.o)
 .debug_ranges  0x00001770       0x48 c:/program files/microchip/xc32/v2.41/bin/bin/../../lib/gcc/pic32c/6.2.1/../../../../pic32c/lib/v7e-m/fpv5/hard\libg_nano.a(lib_a-reent.o)
 .debug_ranges  0x000017b8       0x38 c:/program files/microchip/xc32/v2.41/bin/bin/../../lib/gcc/pic32c/6.2.1/../../../../pic32c/lib/v7e-m/fpv5/hard\libg_nano.a(lib_a-findfp.o)
 .debug_ranges  0x000017f0       0x10 c:/program files/microchip/xc32/v2.41/bin/bin/../../lib/gcc/pic32c/6.2.1/../../../../pic32c/lib/v7e-m/fpv5/hard\libpic32c.a(sbrk.o)

.debug_line     0x00000000     0xc867
 .debug_line    0x00000000      0x1e7 build/default/debug/_ext/20954303/drv_sdmmc_file_system.o
 .debug_line    0x000001e7      0x8f7 build/default/debug/_ext/20954303/drv_sdmmc.o
 .debug_line    0x00000ade      0x172 build/default/debug/_ext/60165520/plib_clk.o
 .debug_line    0x00000c50      0x295 build/default/debug/_ext/60167248/plib_efc.o
 .debug_line    0x00000ee5      0x3e8 build/default/debug/_ext/1989321110/plib_hsmci.o
 .debug_line    0x000012cd      0x1c6 build/default/debug/_ext/1865468468/plib_nvic.o
 .debug_line    0x00001493      0x239 build/default/debug/_ext/60177924/plib_pio.o
 .debug_line    0x000016cc      0x213 build/default/debug/_ext/829342655/plib_tc0.o
 .debug_line    0x000018df      0x360 build/default/debug/_ext/2000518847/plib_twihs0.o
 .debug_line    0x00001c3f      0x30a build/default/debug/_ext/2001315827/plib_usart1.o
 .debug_line    0x00001f49      0x30a build/default/debug/_ext/2001315827/plib_usart0.o
 .debug_line    0x00002253      0x30a build/default/debug/_ext/2001315827/plib_usart2.o
 .debug_line    0x0000255d      0x28b build/default/debug/_ext/2003650513/plib_xdmac.o
 .debug_line    0x000027e8      0x441 build/default/debug/_ext/1014039709/sys_cache.o
 .debug_line    0x00002c29     0x139f build/default/debug/_ext/411819097/ff.o
 .debug_line    0x00003fc8      0x1ae build/default/debug/_ext/411819097/ffunicode.o
 .debug_line    0x00004176      0x336 build/default/debug/_ext/565198302/diskio.o
 .debug_line    0x000044ac      0xf81 build/default/debug/_ext/1269487135/sys_fs.o
 .debug_line    0x0000542d      0x623 build/default/debug/_ext/1269487135/sys_fs_media_manager.o
 .debug_line    0x00005a50      0x4f2 build/default/debug/_ext/1269487135/sys_fs_fat_interface.o
 .debug_line    0x00005f42      0x233 build/default/debug/_ext/1881668453/sys_int.o
 .debug_line    0x00006175      0x783 build/default/debug/_ext/101884895/sys_time.o
 .debug_line    0x000068f8      0x6dc build/default/debug/_ext/1171490990/initialization.o
 .debug_line    0x00006fd4      0x2eb build/default/debug/_ext/1171490990/interrupts.o
 .debug_line    0x000072bf      0x2fd build/default/debug/_ext/1171490990/exceptions.o
 .debug_line    0x000075bc      0x3c5 build/default/debug/_ext/1171490990/startup_xc32.o
 .debug_line    0x00007981      0x316 build/default/debug/_ext/1171490990/tasks.o
 .debug_line    0x00007c97      0x31e build/default/debug/_ext/394022532/Anemometer.o
 .debug_line    0x00007fb5      0x316 build/default/debug/_ext/1360937237/main.o
 .debug_line    0x000082cb      0x145 build/default/debug/_ext/1360937237/app.o
 .debug_line    0x00008410       0xd8 c:/program files/microchip/xc32/v2.41/bin/bin/../../lib/gcc/pic32c/6.2.1/../../../../pic32c/lib/v7e-m/fpv5/hard\libpic32c.a(data_init.o)
 .debug_line    0x000084e8       0x9c c:/program files/microchip/xc32/v2.41/bin/bin/../../lib/gcc/pic32c/6.2.1/v7e-m/fpv5/hard\libgcc.a(_aeabi_uldivmod.o)
 .debug_line    0x00008584      0x32c c:/program files/microchip/xc32/v2.41/bin/bin/../../lib/gcc/pic32c/6.2.1/v7e-m/fpv5/hard\libgcc.a(_udivmoddi4.o)
 .debug_line    0x000088b0       0x9c c:/program files/microchip/xc32/v2.41/bin/bin/../../lib/gcc/pic32c/6.2.1/v7e-m/fpv5/hard\libgcc.a(_dvmd_tls.o)
 .debug_line    0x0000894c      0x11d c:/program files/microchip/xc32/v2.41/bin/bin/../../lib/gcc/pic32c/6.2.1/../../../../pic32c/lib/v7e-m/fpv5/hard\libg_nano.a(lib_a-init.o)
 .debug_line    0x00008a69      0x327 c:/program files/microchip/xc32/v2.41/bin/bin/../../lib/gcc/pic32c/6.2.1/../../../../pic32c/lib/v7e-m/fpv5/hard\libg_nano.a(lib_a-locale.o)
 .debug_line    0x00008d90      0x21e c:/program files/microchip/xc32/v2.41/bin/bin/../../lib/gcc/pic32c/6.2.1/../../../../pic32c/lib/v7e-m/fpv5/hard\libg_nano.a(lib_a-malloc.o)
 .debug_line    0x00008fae      0x2d5 c:/program files/microchip/xc32/v2.41/bin/bin/../../lib/gcc/pic32c/6.2.1/../../../../pic32c/lib/v7e-m/fpv5/hard\libg_nano.a(lib_a-mbtowc_r.o)
 .debug_line    0x00009283      0x218 c:/program files/microchip/xc32/v2.41/bin/bin/../../lib/gcc/pic32c/6.2.1/../../../../pic32c/lib/v7e-m/fpv5/hard\libg_nano.a(lib_a-memcpy-stub.o)
 .debug_line    0x0000949b      0x2ae c:/program files/microchip/xc32/v2.41/bin/bin/../../lib/gcc/pic32c/6.2.1/../../../../pic32c/lib/v7e-m/fpv5/hard\libg_nano.a(lib_a-memset.o)
 .debug_line    0x00009749      0x257 c:/program files/microchip/xc32/v2.41/bin/bin/../../lib/gcc/pic32c/6.2.1/../../../../pic32c/lib/v7e-m/fpv5/hard\libg_nano.a(lib_a-nano-mallocr.o)
 .debug_line    0x000099a0      0x212 c:/program files/microchip/xc32/v2.41/bin/bin/../../lib/gcc/pic32c/6.2.1/../../../../pic32c/lib/v7e-m/fpv5/hard\libg_nano.a(lib_a-sbrkr.o)
 .debug_line    0x00009bb2       0xb1 c:/program files/microchip/xc32/v2.41/bin/bin/../../lib/gcc/pic32c/6.2.1/../../../../pic32c/lib/v7e-m/fpv5/hard\libg_nano.a(lib_a-strlen.o)
 .debug_line    0x00009c63      0x20e c:/program files/microchip/xc32/v2.41/bin/bin/../../lib/gcc/pic32c/6.2.1/../../../../pic32c/lib/v7e-m/fpv5/hard\libg_nano.a(lib_a-strncmp.o)
 .debug_line    0x00009e71      0x20e c:/program files/microchip/xc32/v2.41/bin/bin/../../lib/gcc/pic32c/6.2.1/../../../../pic32c/lib/v7e-m/fpv5/hard\libg_nano.a(lib_a-strncpy.o)
 .debug_line    0x0000a07f      0x70a c:/program files/microchip/xc32/v2.41/bin/bin/../../lib/gcc/pic32c/6.2.1/../../../../pic32c/lib/v7e-m/fpv5/hard\libg_nano.a(lib_a-strtod.o)
 .debug_line    0x0000a789      0x2d4 c:/program files/microchip/xc32/v2.41/bin/bin/../../lib/gcc/pic32c/6.2.1/../../../../pic32c/lib/v7e-m/fpv5/hard\libg_nano.a(lib_a-wctomb_r.o)
 .debug_line    0x0000aa5d      0x21e c:/program files/microchip/xc32/v2.41/bin/bin/../../lib/gcc/pic32c/6.2.1/../../../../pic32c/lib/v7e-m/fpv5/hard\libg_nano.a(lib_a-ctype_.o)
 .debug_line    0x0000ac7b      0x4a1 c:/program files/microchip/xc32/v2.41/bin/bin/../../lib/gcc/pic32c/6.2.1/../../../../pic32c/lib/v7e-m/fpv5/hard\libg_nano.a(lib_a-gdtoa-gethex.o)
 .debug_line    0x0000b11c      0x342 c:/program files/microchip/xc32/v2.41/bin/bin/../../lib/gcc/pic32c/6.2.1/../../../../pic32c/lib/v7e-m/fpv5/hard\libg_nano.a(lib_a-gdtoa-hexnan.o)
 .debug_line    0x0000b45e      0x17e c:/program files/microchip/xc32/v2.41/bin/bin/../../lib/gcc/pic32c/6.2.1/../../../../pic32c/lib/v7e-m/fpv5/hard\libg_nano.a(lib_a-impure.o)
 .debug_line    0x0000b5dc      0x261 c:/program files/microchip/xc32/v2.41/bin/bin/../../lib/gcc/pic32c/6.2.1/../../../../pic32c/lib/v7e-m/fpv5/hard\libg_nano.a(lib_a-localeconv.o)
 .debug_line    0x0000b83d      0x18d c:/program files/microchip/xc32/v2.41/bin/bin/../../lib/gcc/pic32c/6.2.1/../../../../pic32c/lib/v7e-m/fpv5/hard\libg_nano.a(lib_a-mlock.o)
 .debug_line    0x0000b9ca      0x6a2 c:/program files/microchip/xc32/v2.41/bin/bin/../../lib/gcc/pic32c/6.2.1/../../../../pic32c/lib/v7e-m/fpv5/hard\libg_nano.a(lib_a-mprec.o)
 .debug_line    0x0000c06c      0x217 c:/program files/microchip/xc32/v2.41/bin/bin/../../lib/gcc/pic32c/6.2.1/../../../../pic32c/lib/v7e-m/fpv5/hard\libg_nano.a(lib_a-nano-callocr.o)
 .debug_line    0x0000c283      0x241 c:/program files/microchip/xc32/v2.41/bin/bin/../../lib/gcc/pic32c/6.2.1/../../../../pic32c/lib/v7e-m/fpv5/hard\libg_nano.a(lib_a-reent.o)
 .debug_line    0x0000c4c4      0x301 c:/program files/microchip/xc32/v2.41/bin/bin/../../lib/gcc/pic32c/6.2.1/../../../../pic32c/lib/v7e-m/fpv5/hard\libg_nano.a(lib_a-findfp.o)
 .debug_line    0x0000c7c5       0xa2 c:/program files/microchip/xc32/v2.41/bin/bin/../../lib/gcc/pic32c/6.2.1/../../../../pic32c/lib/v7e-m/fpv5/hard\libpic32c.a(sbrk.o)

.debug_str      0x00000000     0x182a
 .debug_str     0x00000000       0x1e build/default/debug/_ext/20954303/drv_sdmmc_file_system.o
 .debug_str     0x0000001e      0x25a build/default/debug/_ext/20954303/drv_sdmmc.o
 .debug_str     0x00000278        0x0 build/default/debug/_ext/60165520/plib_clk.o
 .debug_str     0x00000278       0x22 build/default/debug/_ext/60167248/plib_efc.o
 .debug_str     0x0000029a       0x65 build/default/debug/_ext/1989321110/plib_hsmci.o
 .debug_str     0x000002ff       0x28 build/default/debug/_ext/1865468468/plib_nvic.o
 .debug_str     0x00000327       0x46 build/default/debug/_ext/60177924/plib_pio.o
 .debug_str     0x0000036d        0xa build/default/debug/_ext/829342655/plib_tc0.o
 .debug_str     0x00000377       0x11 build/default/debug/_ext/2000518847/plib_twihs0.o
 .debug_str     0x00000388       0x10 build/default/debug/_ext/2001315827/plib_usart1.o
 .debug_str     0x00000398       0x10 build/default/debug/_ext/2001315827/plib_usart0.o
 .debug_str     0x000003a8       0x10 build/default/debug/_ext/2001315827/plib_usart2.o
 .debug_str     0x000003b8       0x1d build/default/debug/_ext/2003650513/plib_xdmac.o
 .debug_str     0x000003d5       0x1c build/default/debug/_ext/1014039709/sys_cache.o
 .debug_str     0x000003f1       0x80 build/default/debug/_ext/411819097/ff.o
 .debug_str     0x00000471        0x0 build/default/debug/_ext/411819097/ffunicode.o
 .debug_str     0x00000471       0xf4 build/default/debug/_ext/565198302/diskio.o
 .debug_str     0x00000565      0x135 build/default/debug/_ext/1269487135/sys_fs.o
 .debug_str     0x0000069a       0xe0 build/default/debug/_ext/1269487135/sys_fs_media_manager.o
 .debug_str     0x0000077a       0x96 build/default/debug/_ext/1269487135/sys_fs_fat_interface.o
 .debug_str     0x00000810       0x10 build/default/debug/_ext/1881668453/sys_int.o
 .debug_str     0x00000820      0x14e build/default/debug/_ext/101884895/sys_time.o
 .debug_str     0x0000096e      0x13b build/default/debug/_ext/1171490990/initialization.o
 .debug_str     0x00000aa9        0xe build/default/debug/_ext/1171490990/interrupts.o
 .debug_str     0x00000ab7        0xe build/default/debug/_ext/1171490990/exceptions.o
 .debug_str     0x00000ac5       0x79 build/default/debug/_ext/1171490990/startup_xc32.o
 .debug_str     0x00000b3e       0x35 build/default/debug/_ext/1171490990/tasks.o
 .debug_str     0x00000b73       0x31 build/default/debug/_ext/394022532/Anemometer.o
 .debug_str     0x00000ba4       0x4d build/default/debug/_ext/1360937237/main.o
 .debug_str     0x00000bf1        0xe build/default/debug/_ext/1360937237/app.o
 .debug_str     0x00000bff        0x0 c:/program files/microchip/xc32/v2.41/bin/bin/../../lib/gcc/pic32c/6.2.1/../../../../pic32c/lib/v7e-m/fpv5/hard\libpic32c.a(data_init.o)
 .debug_str     0x00000bff        0x0 c:/program files/microchip/xc32/v2.41/bin/bin/../../lib/gcc/pic32c/6.2.1/v7e-m/fpv5/hard\libgcc.a(_udivmoddi4.o)
 .debug_str     0x00000bff        0x0 c:/program files/microchip/xc32/v2.41/bin/bin/../../lib/gcc/pic32c/6.2.1/../../../../pic32c/lib/v7e-m/fpv5/hard\libg_nano.a(lib_a-init.o)
 .debug_str     0x00000bff      0x134 c:/program files/microchip/xc32/v2.41/bin/bin/../../lib/gcc/pic32c/6.2.1/../../../../pic32c/lib/v7e-m/fpv5/hard\libg_nano.a(lib_a-locale.o)
 .debug_str     0x00000d33       0x13 c:/program files/microchip/xc32/v2.41/bin/bin/../../lib/gcc/pic32c/6.2.1/../../../../pic32c/lib/v7e-m/fpv5/hard\libg_nano.a(lib_a-malloc.o)
 .debug_str     0x00000d46      0x114 c:/program files/microchip/xc32/v2.41/bin/bin/../../lib/gcc/pic32c/6.2.1/../../../../pic32c/lib/v7e-m/fpv5/hard\libg_nano.a(lib_a-mbtowc_r.o)
 .debug_str     0x00000e5a        0x9 c:/program files/microchip/xc32/v2.41/bin/bin/../../lib/gcc/pic32c/6.2.1/../../../../pic32c/lib/v7e-m/fpv5/hard\libg_nano.a(lib_a-memcpy-stub.o)
 .debug_str     0x00000e63      0x114 c:/program files/microchip/xc32/v2.41/bin/bin/../../lib/gcc/pic32c/6.2.1/../../../../pic32c/lib/v7e-m/fpv5/hard\libg_nano.a(lib_a-memset.o)
 .debug_str     0x00000f77       0x31 c:/program files/microchip/xc32/v2.41/bin/bin/../../lib/gcc/pic32c/6.2.1/../../../../pic32c/lib/v7e-m/fpv5/hard\libg_nano.a(lib_a-nano-mallocr.o)
 .debug_str     0x00000fa8        0x9 c:/program files/microchip/xc32/v2.41/bin/bin/../../lib/gcc/pic32c/6.2.1/../../../../pic32c/lib/v7e-m/fpv5/hard\libg_nano.a(lib_a-sbrkr.o)
 .debug_str     0x00000fb1        0x9 c:/program files/microchip/xc32/v2.41/bin/bin/../../lib/gcc/pic32c/6.2.1/../../../../pic32c/lib/v7e-m/fpv5/hard\libg_nano.a(lib_a-strncmp.o)
 .debug_str     0x00000fba        0x9 c:/program files/microchip/xc32/v2.41/bin/bin/../../lib/gcc/pic32c/6.2.1/../../../../pic32c/lib/v7e-m/fpv5/hard\libg_nano.a(lib_a-strncpy.o)
 .debug_str     0x00000fc3      0x15f c:/program files/microchip/xc32/v2.41/bin/bin/../../lib/gcc/pic32c/6.2.1/../../../../pic32c/lib/v7e-m/fpv5/hard\libg_nano.a(lib_a-strtod.o)
 .debug_str     0x00001122      0x114 c:/program files/microchip/xc32/v2.41/bin/bin/../../lib/gcc/pic32c/6.2.1/../../../../pic32c/lib/v7e-m/fpv5/hard\libg_nano.a(lib_a-wctomb_r.o)
 .debug_str     0x00001236      0x114 c:/program files/microchip/xc32/v2.41/bin/bin/../../lib/gcc/pic32c/6.2.1/../../../../pic32c/lib/v7e-m/fpv5/hard\libg_nano.a(lib_a-ctype_.o)
 .debug_str     0x0000134a      0x13f c:/program files/microchip/xc32/v2.41/bin/bin/../../lib/gcc/pic32c/6.2.1/../../../../pic32c/lib/v7e-m/fpv5/hard\libg_nano.a(lib_a-gdtoa-gethex.o)
 .debug_str     0x00001489      0x121 c:/program files/microchip/xc32/v2.41/bin/bin/../../lib/gcc/pic32c/6.2.1/../../../../pic32c/lib/v7e-m/fpv5/hard\libg_nano.a(lib_a-gdtoa-hexnan.o)
 .debug_str     0x000015aa        0x9 c:/program files/microchip/xc32/v2.41/bin/bin/../../lib/gcc/pic32c/6.2.1/../../../../pic32c/lib/v7e-m/fpv5/hard\libg_nano.a(lib_a-impure.o)
 .debug_str     0x000015b3      0x114 c:/program files/microchip/xc32/v2.41/bin/bin/../../lib/gcc/pic32c/6.2.1/../../../../pic32c/lib/v7e-m/fpv5/hard\libg_nano.a(lib_a-localeconv.o)
 .debug_str     0x000016c7        0x9 c:/program files/microchip/xc32/v2.41/bin/bin/../../lib/gcc/pic32c/6.2.1/../../../../pic32c/lib/v7e-m/fpv5/hard\libg_nano.a(lib_a-mlock.o)
 .debug_str     0x000016d0      0x11e c:/program files/microchip/xc32/v2.41/bin/bin/../../lib/gcc/pic32c/6.2.1/../../../../pic32c/lib/v7e-m/fpv5/hard\libg_nano.a(lib_a-mprec.o)
 .debug_str     0x000017ee       0x13 c:/program files/microchip/xc32/v2.41/bin/bin/../../lib/gcc/pic32c/6.2.1/../../../../pic32c/lib/v7e-m/fpv5/hard\libg_nano.a(lib_a-nano-callocr.o)
 .debug_str     0x00001801        0x9 c:/program files/microchip/xc32/v2.41/bin/bin/../../lib/gcc/pic32c/6.2.1/../../../../pic32c/lib/v7e-m/fpv5/hard\libg_nano.a(lib_a-reent.o)
 .debug_str     0x0000180a       0x20 c:/program files/microchip/xc32/v2.41/bin/bin/../../lib/gcc/pic32c/6.2.1/../../../../pic32c/lib/v7e-m/fpv5/hard\libg_nano.a(lib_a-findfp.o)
 .debug_str     0x0000182a        0x0 c:/program files/microchip/xc32/v2.41/bin/bin/../../lib/gcc/pic32c/6.2.1/../../../../pic32c/lib/v7e-m/fpv5/hard\libpic32c.a(sbrk.o)

.debug_frame    0x00000000     0x3030
 .debug_frame   0x00000000       0x28 build/default/debug/_ext/20954303/drv_sdmmc_file_system.o
 .debug_frame   0x00000028      0x238 build/default/debug/_ext/20954303/drv_sdmmc.o
 .debug_frame   0x00000260       0x20 build/default/debug/_ext/60165520/plib_clk.o
 .debug_frame   0x00000280       0xc0 build/default/debug/_ext/60167248/plib_efc.o
 .debug_frame   0x00000340      0x154 build/default/debug/_ext/1989321110/plib_hsmci.o
 .debug_frame   0x00000494       0x20 build/default/debug/_ext/1865468468/plib_nvic.o
 .debug_frame   0x000004b4       0xb0 build/default/debug/_ext/60177924/plib_pio.o
 .debug_frame   0x00000564       0xb8 build/default/debug/_ext/829342655/plib_tc0.o
 .debug_frame   0x0000061c       0xf4 build/default/debug/_ext/2000518847/plib_twihs0.o
 .debug_frame   0x00000710      0x114 build/default/debug/_ext/2001315827/plib_usart1.o
 .debug_frame   0x00000824      0x114 build/default/debug/_ext/2001315827/plib_usart0.o
 .debug_frame   0x00000938      0x114 build/default/debug/_ext/2001315827/plib_usart2.o
 .debug_frame   0x00000a4c       0xd8 build/default/debug/_ext/2003650513/plib_xdmac.o
 .debug_frame   0x00000b24      0x188 build/default/debug/_ext/1014039709/sys_cache.o
 .debug_frame   0x00000cac      0x8e8 build/default/debug/_ext/411819097/ff.o
 .debug_frame   0x00001594       0x5c build/default/debug/_ext/411819097/ffunicode.o
 .debug_frame   0x000015f0       0xd8 build/default/debug/_ext/565198302/diskio.o
 .debug_frame   0x000016c8      0x57c build/default/debug/_ext/1269487135/sys_fs.o
 .debug_frame   0x00001c44      0x1d0 build/default/debug/_ext/1269487135/sys_fs_media_manager.o
 .debug_frame   0x00001e14      0x358 build/default/debug/_ext/1269487135/sys_fs_fat_interface.o
 .debug_frame   0x0000216c       0x6c build/default/debug/_ext/1881668453/sys_int.o
 .debug_frame   0x000021d8      0x3dc build/default/debug/_ext/101884895/sys_time.o
 .debug_frame   0x000025b4       0x28 build/default/debug/_ext/1171490990/initialization.o
 .debug_frame   0x000025dc       0x20 build/default/debug/_ext/1171490990/interrupts.o
 .debug_frame   0x000025fc       0x70 build/default/debug/_ext/1171490990/exceptions.o
 .debug_frame   0x0000266c       0x30 build/default/debug/_ext/1171490990/startup_xc32.o
 .debug_frame   0x0000269c       0x28 build/default/debug/_ext/1171490990/tasks.o
 .debug_frame   0x000026c4       0x50 build/default/debug/_ext/394022532/Anemometer.o
 .debug_frame   0x00002714       0x30 build/default/debug/_ext/1360937237/main.o
 .debug_frame   0x00002744       0x30 build/default/debug/_ext/1360937237/app.o
 .debug_frame   0x00002774       0x2c c:/program files/microchip/xc32/v2.41/bin/bin/../../lib/gcc/pic32c/6.2.1/../../../../pic32c/lib/v7e-m/fpv5/hard\libpic32c.a(data_init.o)
 .debug_frame   0x000027a0       0x2c c:/program files/microchip/xc32/v2.41/bin/bin/../../lib/gcc/pic32c/6.2.1/v7e-m/fpv5/hard\libgcc.a(_aeabi_uldivmod.o)
 .debug_frame   0x000027cc       0x38 c:/program files/microchip/xc32/v2.41/bin/bin/../../lib/gcc/pic32c/6.2.1/v7e-m/fpv5/hard\libgcc.a(_udivmoddi4.o)
 .debug_frame   0x00002804       0x2c c:/program files/microchip/xc32/v2.41/bin/bin/../../lib/gcc/pic32c/6.2.1/../../../../pic32c/lib/v7e-m/fpv5/hard\libg_nano.a(lib_a-init.o)
 .debug_frame   0x00002830       0x68 c:/program files/microchip/xc32/v2.41/bin/bin/../../lib/gcc/pic32c/6.2.1/../../../../pic32c/lib/v7e-m/fpv5/hard\libg_nano.a(lib_a-locale.o)
 .debug_frame   0x00002898       0x30 c:/program files/microchip/xc32/v2.41/bin/bin/../../lib/gcc/pic32c/6.2.1/../../../../pic32c/lib/v7e-m/fpv5/hard\libg_nano.a(lib_a-malloc.o)
 .debug_frame   0x000028c8       0x48 c:/program files/microchip/xc32/v2.41/bin/bin/../../lib/gcc/pic32c/6.2.1/../../../../pic32c/lib/v7e-m/fpv5/hard\libg_nano.a(lib_a-mbtowc_r.o)
 .debug_frame   0x00002910       0x28 c:/program files/microchip/xc32/v2.41/bin/bin/../../lib/gcc/pic32c/6.2.1/../../../../pic32c/lib/v7e-m/fpv5/hard\libg_nano.a(lib_a-memcpy-stub.o)
 .debug_frame   0x00002938       0x20 c:/program files/microchip/xc32/v2.41/bin/bin/../../lib/gcc/pic32c/6.2.1/../../../../pic32c/lib/v7e-m/fpv5/hard\libg_nano.a(lib_a-memset.o)
 .debug_frame   0x00002958       0x2c c:/program files/microchip/xc32/v2.41/bin/bin/../../lib/gcc/pic32c/6.2.1/../../../../pic32c/lib/v7e-m/fpv5/hard\libg_nano.a(lib_a-nano-mallocr.o)
 .debug_frame   0x00002984       0x2c c:/program files/microchip/xc32/v2.41/bin/bin/../../lib/gcc/pic32c/6.2.1/../../../../pic32c/lib/v7e-m/fpv5/hard\libg_nano.a(lib_a-sbrkr.o)
 .debug_frame   0x000029b0       0x28 c:/program files/microchip/xc32/v2.41/bin/bin/../../lib/gcc/pic32c/6.2.1/../../../../pic32c/lib/v7e-m/fpv5/hard\libg_nano.a(lib_a-strncmp.o)
 .debug_frame   0x000029d8       0x2c c:/program files/microchip/xc32/v2.41/bin/bin/../../lib/gcc/pic32c/6.2.1/../../../../pic32c/lib/v7e-m/fpv5/hard\libg_nano.a(lib_a-strncpy.o)
 .debug_frame   0x00002a04      0x128 c:/program files/microchip/xc32/v2.41/bin/bin/../../lib/gcc/pic32c/6.2.1/../../../../pic32c/lib/v7e-m/fpv5/hard\libg_nano.a(lib_a-strtod.o)
 .debug_frame   0x00002b2c       0x3c c:/program files/microchip/xc32/v2.41/bin/bin/../../lib/gcc/pic32c/6.2.1/../../../../pic32c/lib/v7e-m/fpv5/hard\libg_nano.a(lib_a-wctomb_r.o)
 .debug_frame   0x00002b68       0x70 c:/program files/microchip/xc32/v2.41/bin/bin/../../lib/gcc/pic32c/6.2.1/../../../../pic32c/lib/v7e-m/fpv5/hard\libg_nano.a(lib_a-gdtoa-gethex.o)
 .debug_frame   0x00002bd8       0x74 c:/program files/microchip/xc32/v2.41/bin/bin/../../lib/gcc/pic32c/6.2.1/../../../../pic32c/lib/v7e-m/fpv5/hard\libg_nano.a(lib_a-gdtoa-hexnan.o)
 .debug_frame   0x00002c4c       0x40 c:/program files/microchip/xc32/v2.41/bin/bin/../../lib/gcc/pic32c/6.2.1/../../../../pic32c/lib/v7e-m/fpv5/hard\libg_nano.a(lib_a-localeconv.o)
 .debug_frame   0x00002c8c       0x30 c:/program files/microchip/xc32/v2.41/bin/bin/../../lib/gcc/pic32c/6.2.1/../../../../pic32c/lib/v7e-m/fpv5/hard\libg_nano.a(lib_a-mlock.o)
 .debug_frame   0x00002cbc      0x230 c:/program files/microchip/xc32/v2.41/bin/bin/../../lib/gcc/pic32c/6.2.1/../../../../pic32c/lib/v7e-m/fpv5/hard\libg_nano.a(lib_a-mprec.o)
 .debug_frame   0x00002eec       0x2c c:/program files/microchip/xc32/v2.41/bin/bin/../../lib/gcc/pic32c/6.2.1/../../../../pic32c/lib/v7e-m/fpv5/hard\libg_nano.a(lib_a-nano-callocr.o)
 .debug_frame   0x00002f18       0x5c c:/program files/microchip/xc32/v2.41/bin/bin/../../lib/gcc/pic32c/6.2.1/../../../../pic32c/lib/v7e-m/fpv5/hard\libg_nano.a(lib_a-reent.o)
 .debug_frame   0x00002f74       0x9c c:/program files/microchip/xc32/v2.41/bin/bin/../../lib/gcc/pic32c/6.2.1/../../../../pic32c/lib/v7e-m/fpv5/hard\libg_nano.a(lib_a-findfp.o)
 .debug_frame   0x00003010       0x20 c:/program files/microchip/xc32/v2.41/bin/bin/../../lib/gcc/pic32c/6.2.1/../../../../pic32c/lib/v7e-m/fpv5/hard\libpic32c.a(sbrk.o)

.stack          0x20401ea8      0x100
 .stack         0x20401ea8      0x100 stack

.bss.gSYSFSMediaBlockBuffer%1
                0x204004c0      0x800
 .bss.gSYSFSMediaBlockBuffer
                0x204004c0      0x800 build/default/debug/_ext/1269487135/sys_fs_media_manager.o
                0x204004c0                gSYSFSMediaBlockBuffer

.bss.gDrvSDMMCObj%2
                0x20400cc0      0x340
 .bss.gDrvSDMMCObj
                0x20400cc0      0x340 build/default/debug/_ext/20954303/drv_sdmmc.o

.bss.FATFSFileObject%3
                0x20401000      0x260
 .bss.FATFSFileObject
                0x20401000      0x260 build/default/debug/_ext/1269487135/sys_fs_fat_interface.o

.bss.FATFSVolume%4
                0x20401260      0x260
 .bss.FATFSVolume
                0x20401260      0x260 build/default/debug/_ext/1269487135/sys_fs_fat_interface.o

.bss.gSysFsDiskData%5
                0x204014c0      0x220
 .bss.gSysFsDiskData
                0x204014c0      0x220 build/default/debug/_ext/565198302/diskio.o

.bss.LfnBuf%6   0x204016e0      0x200
 .bss.LfnBuf    0x204016e0      0x200 build/default/debug/_ext/411819097/ff.o

.data.__global_locale%7
                0x204018e0      0x16c
 .data.__global_locale
                0x204018e0      0x16c c:/program files/microchip/xc32/v2.41/bin/bin/../../lib/gcc/pic32c/6.2.1/../../../../pic32c/lib/v7e-m/fpv5/hard\libg_nano.a(lib_a-locale.o)
                0x204018e0                __global_locale

.bss.timers%8   0x20401a4c       0xa0
 .bss.timers    0x20401a4c       0xa0 build/default/debug/_ext/101884895/sys_time.o

.data.impure_data%9
                0x20401aec       0x60
 .data.impure_data
                0x20401aec       0x60 c:/program files/microchip/xc32/v2.41/bin/bin/../../lib/gcc/pic32c/6.2.1/../../../../pic32c/lib/v7e-m/fpv5/hard\libg_nano.a(lib_a-impure.o)

.bss.FATFSDirObject%10
                0x20401b60       0x38
 .bss.FATFSDirObject
                0x20401b60       0x38 build/default/debug/_ext/1269487135/sys_fs_fat_interface.o

.bss.gSystemCounterObj%11
                0x20401b98       0x38
 .bss.gSystemCounterObj
                0x20401b98       0x38 build/default/debug/_ext/101884895/sys_time.o

.bss.twihs0Obj%12
                0x20401bd0       0x28
 .bss.twihs0Obj
                0x20401bd0       0x28 build/default/debug/_ext/2000518847/plib_twihs0.o

.bss.drvSDMMC0BufferObjPool%13
                0x20401bf8       0x24
 .bss.drvSDMMC0BufferObjPool
                0x20401bf8       0x24 build/default/debug/_ext/1171490990/initialization.o

.bss%14         0x20401c1c       0x1c
 .bss           0x20401c1c       0x1c c:/program files/microchip/xc32/v2.41/bin/bin/../../lib/gcc/pic32c/6.2.1/v7e-m/fpv5/hard/crtbegin.o

.data.gSYSFSMediaManagerObj%15
                0x20401c38       0x18
 .data.gSYSFSMediaManagerObj
                0x20401c38       0x18 build/default/debug/_ext/1269487135/sys_fs_media_manager.o
                0x20401c38                gSYSFSMediaManagerObj

.bss.hsmciObj%16
                0x204004ac       0x14
 .bss.hsmciObj  0x204004ac       0x14 build/default/debug/_ext/1989321110/plib_hsmci.o

.data.gSYSFSVolumeName%17
                0x20401b4c       0x14
 .data.gSYSFSVolumeName
                0x20401b4c       0x14 build/default/debug/_ext/1269487135/sys_fs_media_manager.o
                0x20401b4c                gSYSFSVolumeName

.bss.Files%18   0x20401c50       0x10
 .bss.Files     0x20401c50       0x10 build/default/debug/_ext/411819097/ff.o

.bss.drvSDMMC0ClientObjPool%19
                0x20401c60       0x10
 .bss.drvSDMMC0ClientObjPool
                0x20401c60       0x10 build/default/debug/_ext/1171490990/initialization.o

.bss.FatFs%20   0x20401c70        0x4
 .bss.FatFs     0x20401c70        0x4 build/default/debug/_ext/411819097/ff.o

.bss.cmd.12722%21
                0x20401c74        0x4
 .bss.cmd.12722
                0x20401c74        0x4 build/default/debug/_ext/1171490990/startup_xc32.o

.bss.__malloc_free_list%22
                0x20401c78        0x4
 .bss.__malloc_free_list
                0x20401c78        0x4 c:/program files/microchip/xc32/v2.41/bin/bin/../../lib/gcc/pic32c/6.2.1/../../../../pic32c/lib/v7e-m/fpv5/hard\libg_nano.a(lib_a-nano-mallocr.o)
                0x20401c78                __malloc_free_list

.bss.__malloc_sbrk_start%23
                0x20401c7c        0x4
 .bss.__malloc_sbrk_start
                0x20401c7c        0x4 c:/program files/microchip/xc32/v2.41/bin/bin/../../lib/gcc/pic32c/6.2.1/../../../../pic32c/lib/v7e-m/fpv5/hard\libg_nano.a(lib_a-nano-mallocr.o)
                0x20401c7c                __malloc_sbrk_start

.data._impure_ptr%24
                0x20401c80        0x4
 .data._impure_ptr
                0x20401c80        0x4 c:/program files/microchip/xc32/v2.41/bin/bin/../../lib/gcc/pic32c/6.2.1/../../../../pic32c/lib/v7e-m/fpv5/hard\libg_nano.a(lib_a-impure.o)
                0x20401c80                _impure_ptr

.bss%25         0x20401c84        0x4
 .bss           0x20401c84        0x4 c:/program files/microchip/xc32/v2.41/bin/bin/../../lib/gcc/pic32c/6.2.1/../../../../pic32c/lib/v7e-m/fpv5/hard\libpic32c.a(sbrk.o)

.bss.Fsid%26    0x20401c88        0x2
 .bss.Fsid      0x20401c88        0x2 build/default/debug/_ext/411819097/ff.o

.data.gSysTimeTokenCount%27
                0x20401c8a        0x2
 .data.gSysTimeTokenCount
                0x20401c8a        0x2 build/default/debug/_ext/101884895/sys_time.o

.data.cardAttached.9052%28
                0x20401c8c        0x1
 .data.cardAttached.9052
                0x20401c8c        0x1 build/default/debug/_ext/20954303/drv_sdmmc.o

.bss.CurrVol%29
                0x20401c8d        0x1
 .bss.CurrVol   0x20401c8d        0x1 build/default/debug/_ext/411819097/ff.o

.bss.startupflag%30
                0x20401c8e        0x1
 .bss.startupflag
                0x20401c8e        0x1 build/default/debug/_ext/1269487135/sys_fs_fat_interface.o

.eh_frame%z1    0x00000000        0x0
 .eh_frame      0x00000000        0x0 c:/program files/microchip/xc32/v2.41/bin/bin/../../lib/gcc/pic32c/6.2.1/v7e-m/fpv5/hard/crtbegin.o

.text.DRV_SDMMC_Tasks%31
                0x00400190     0x1844
 .text.DRV_SDMMC_Tasks
                0x00400190     0x1844 build/default/debug/_ext/20954303/drv_sdmmc.o
                0x00400190                DRV_SDMMC_Tasks

.text._strtod_l%32
                0x004019d8      0xbb0
 .text._strtod_l
                0x004019d8      0xbb0 c:/program files/microchip/xc32/v2.41/bin/bin/../../lib/gcc/pic32c/6.2.1/../../../../pic32c/lib/v7e-m/fpv5/hard\libg_nano.a(lib_a-strtod.o)
                0x004019d8                _strtod_l

.text.f_mkfs%33
                0x00402588      0x748
 .text.f_mkfs   0x00402588      0x748 build/default/debug/_ext/411819097/ff.o
                0x00402588                f_mkfs

.text.__gethex%34
                0x00402cd0      0x43c
 .text.__gethex
                0x00402cd0      0x43c c:/program files/microchip/xc32/v2.41/bin/bin/../../lib/gcc/pic32c/6.2.1/../../../../pic32c/lib/v7e-m/fpv5/hard\libg_nano.a(lib_a-gdtoa-gethex.o)
                0x00402cd0                __gethex

.dinit%35       0x0040310c      0x3f0
 .dinit         0x0040310c      0x3f0 data_init

.text.SYS_FS_MEDIA_MANAGER_Tasks%36
                0x004034fc      0x3bc
 .text.SYS_FS_MEDIA_MANAGER_Tasks
                0x004034fc      0x3bc build/default/debug/_ext/1269487135/sys_fs_media_manager.o
                0x004034fc                SYS_FS_MEDIA_MANAGER_Tasks

.text.follow_path%37
                0x004038b8      0x3a0
 .text.follow_path
                0x004038b8      0x3a0 build/default/debug/_ext/411819097/ff.o

.text.mount_volume%38
                0x00403c58      0x35c
 .text.mount_volume
                0x00403c58      0x35c build/default/debug/_ext/411819097/ff.o

.text.f_printf%39
                0x00403fb4      0x2d0
 .text.f_printf
                0x00403fb4      0x2d0 build/default/debug/_ext/411819097/ff.o
                0x00403fb4                f_printf

.text%40        0x00404284      0x2b8
 .text          0x00404284      0x2b8 c:/program files/microchip/xc32/v2.41/bin/bin/../../lib/gcc/pic32c/6.2.1/v7e-m/fpv5/hard\libgcc.a(_udivmoddi4.o)
                0x00404284                __udivmoddi4

.text.dir_register%41
                0x0040453c      0x2ac
 .text.dir_register
                0x0040453c      0x2ac build/default/debug/_ext/411819097/ff.o

.text.f_open%42
                0x004047e8      0x278
 .text.f_open   0x004047e8      0x278 build/default/debug/_ext/411819097/ff.o
                0x004047e8                f_open

.rodata.cvt1.8001%43
                0x00404a60      0x1f4
 .rodata.cvt1.8001
                0x00404a60      0x1f4 build/default/debug/_ext/411819097/ffunicode.o

.text.dir_find%44
                0x00404c54      0x1b4
 .text.dir_find
                0x00404c54      0x1b4 build/default/debug/_ext/411819097/ff.o

.text.f_write%45
                0x00404e08      0x1b0
 .text.f_write  0x00404e08      0x1b0 build/default/debug/_ext/411819097/ff.o
                0x00404e08                f_write

.text.DRV_SDMMC_SetupXfer%46
                0x00404fb8      0x1a4
 .text.DRV_SDMMC_SetupXfer
                0x00404fb8      0x1a4 build/default/debug/_ext/20954303/drv_sdmmc.o
                0x00404fb8                DRV_SDMMC_SetupXfer

.text.f_setlabel%47
                0x0040515c      0x19c
 .text.f_setlabel
                0x0040515c      0x19c build/default/debug/_ext/411819097/ff.o
                0x0040515c                f_setlabel

.text.SYS_FS_MEDIA_MANAGER_SectorWrite%48
                0x004052f8      0x19c
 .text.SYS_FS_MEDIA_MANAGER_SectorWrite
                0x004052f8      0x19c build/default/debug/_ext/1269487135/sys_fs_media_manager.o
                0x004052f8                SYS_FS_MEDIA_MANAGER_SectorWrite

.text.TWIHS0_InterruptHandler%49
                0x00405494      0x198
 .text.TWIHS0_InterruptHandler
                0x00405494      0x198 build/default/debug/_ext/2000518847/plib_twihs0.o
                0x00405494                TWIHS0_InterruptHandler

.text.Reset_Handler%50
                0x0040562c      0x18c
 .text.Reset_Handler
                0x0040562c      0x18c build/default/debug/_ext/1171490990/startup_xc32.o
                0x0040562c                Reset_Handler

.text.f_read%51
                0x004057b8      0x174
 .text.f_read   0x004057b8      0x174 build/default/debug/_ext/411819097/ff.o
                0x004057b8                f_read

.text.f_lseek%52
                0x0040592c      0x170